
=== SESIÓN 19:15-19:15 (16/06/2026) ===
RESERVA                   TELÉFONO             ESTADO       RESPUESTA                 REVIEW
-----------------------------------------------------------------------------------------------
15/6_17:30_4e             34639610397          ENVIADO      sin respuesta             -

[2026-06-16 10:10:18] POSITIVO | Fotos nuevas: 3 | Envios OK: 0 | Envios FAIL: 0 | Reviews negativas: 0 | Fotos borradas: 0

=== SESIÓN 19:15-19:15 (16/06/2026) ===
RESERVA                   TELÉFONO             ESTADO       RESPUESTA                 REVIEW
-----------------------------------------------------------------------------------------------
15/6_17:30_4e             34639610397          ENVIADO      sin respuesta             -

[2026-06-16 10:34:42] POSITIVO | Fotos nuevas: 3 | Envios OK: 0 | Envios FAIL: 0 | Reviews negativas: 0 | Fotos borradas: 0

=== SESIÓN 19:15-19:15 (16/06/2026) ===
RESERVA                   TELÉFONO             ESTADO       RESPUESTA                 REVIEW
-----------------------------------------------------------------------------------------------
15/6_17:30_4e             34639610397          ENVIADO      sin respuesta             -

[2026-06-16 10:58:02] POSITIVO | Fotos nuevas: 3 | Envios OK: 0 | Envios FAIL: 0 | Reviews negativas: 0 | Fotos borradas: 0

=== SESIÓN 19:15-19:15 (16/06/2026) ===
RESERVA                   TELÉFONO             ESTADO       RESPUESTA                 REVIEW
-----------------------------------------------------------------------------------------------
15/6_17:30_4e             34639610397          ENVIADO      sin respuesta             -

[2026-06-16 11:22:25] POSITIVO | Fotos nuevas: 3 | Envios OK: 0 | Envios FAIL: 0 | Reviews negativas: 0 | Fotos borradas: 0

=== SESIÓN 19:15-19:15 (16/06/2026) ===
RESERVA                   TELÉFONO             ESTADO       RESPUESTA                 REVIEW
-----------------------------------------------------------------------------------------------
15/6_17:30_4e             34639610397          ENVIADO      sin respuesta             -

[2026-06-16 11:46:03] POSITIVO | Fotos nuevas: 3 | Envios OK: 0 | Envios FAIL: 0 | Reviews negativas: 0 | Fotos borradas: 0

=== SESIÓN 19:15-19:15 (16/06/2026) ===
RESERVA                   TELÉFONO             ESTADO       RESPUESTA                 REVIEW
-----------------------------------------------------------------------------------------------
15/6_17:30_4e             34639610397          ENVIADO      sin respuesta             -

[2026-06-16 12:09:40] POSITIVO | Fotos nuevas: 3 | Envios OK: 0 | Envios FAIL: 0 | Reviews negativas: 0 | Fotos borradas: 0

=== SESIÓN 19:15-19:15 (16/06/2026) ===
RESERVA                   TELÉFONO             ESTADO       RESPUESTA                 REVIEW
-----------------------------------------------------------------------------------------------
15/6_17:30_4e             34639610397          ENVIADO      sin respuesta             -

[2026-06-16 12:33:30] POSITIVO | Fotos nuevas: 3 | Envios OK: 0 | Envios FAIL: 0 | Reviews negativas: 0 | Fotos borradas: 0

=== SESIÓN 19:15-19:15 (16/06/2026) ===
RESERVA                   TELÉFONO             ESTADO       RESPUESTA                 REVIEW
-----------------------------------------------------------------------------------------------
15/6_17:30_4e             34639610397          ENVIADO      sin respuesta             -

[2026-06-16 12:56:46] POSITIVO | Fotos nuevas: 3 | Envios OK: 0 | Envios FAIL: 0 | Reviews negativas: 0 | Fotos borradas: 0

=== SESIÓN 19:15-19:15 (16/06/2026) ===
RESERVA                   TELÉFONO             ESTADO       RESPUESTA                 REVIEW
-----------------------------------------------------------------------------------------------
15/6_17:30_4e             34639610397          ENVIADO      sin respuesta             -

[2026-06-16 13:21:09] POSITIVO | Fotos nuevas: 3 | Envios OK: 0 | Envios FAIL: 0 | Reviews negativas: 0 | Fotos borradas: 0

=== SESIÓN 19:15-19:15 (16/06/2026) ===
RESERVA                   TELÉFONO             ESTADO       RESPUESTA                 REVIEW
-----------------------------------------------------------------------------------------------
15/6_17:30_4e             34639610397          ENVIADO      sin respuesta             -

[2026-06-16 13:44:54] POSITIVO | Fotos nuevas: 3 | Envios OK: 0 | Envios FAIL: 0 | Reviews negativas: 0 | Fotos borradas: 0
