
=== SESIÓN 13:53-16:23 (05/06/2026) ===
RESERVA                   TELÉFONO             ESTADO       RESPUESTA                 REVIEW
-----------------------------------------------------------------------------------------------
30/5_19:00_4e             34625490565          ENVIADO      sin respuesta             -
30/5_20:30_4e             34665943110          ENVIADO      sin respuesta             -
23/5_17:30_maf            34603458949          ENVIADO      recordatorio enviado (reacción en foto) -
23/5_19:00_maf            34649814146          ENVIADO      POSITIVA                  review enviada
24/5_19:00_4e             34649515037          ENVIADO      recordatorio enviado (48h) -
24/5_16:10_csi            34635280014          ENVIADO      recordatorio enviado (48h) -
29/5_17:30_4e             34610648642          ENVIADO      recordatorio FALLIDO (send_not_confirmed) -
29/5_17:40_csi            34651560074          ENVIADO      POSITIVA                  review enviada
30/5_11:30_4e             34647357305          ENVIADO      recordatorio enviado (48h) -
30/5_14:40_csi            31657059941          ENVIADO      POSITIVA                  review enviada
30/5_20:30_4e             34665943110          ENVIADO      POSITIVA                  review enviada
23/5_16:00_4e             34635122835          ENVIADO      recordatorio FALLIDO (send_not_confirmed) -
24/5_16:10_csi            34635280014          ENVIADO      POSITIVA                  review enviada
29/5_17:30_4e             34610648642          ENVIADO      recordatorio FALLIDO (send_not_confirmed) -
30/5_19:00_4e             34625490565          ENVIADO      POSITIVA                  review enviada
23/5_16:00_4e             34635122835          ENVIADO      POSITIVA (reacción emoji en texto) review enviada
29/5_17:30_4e             34610648642          ENVIADO      recordatorio FALLIDO (send_not_confirmed) -
29/5_17:30_4e             34610648642          ENVIADO      recordatorio FALLIDO (send_not_confirmed) -
29/5_17:30_4e             34610648642          ENVIADO      recordatorio FALLIDO (send_not_confirmed) -
29/5_17:30_4e             34610648642          ENVIADO      recordatorio FALLIDO (send_not_confirmed) -
29/5_17:30_4e             34610648642          ENVIADO      recordatorio enviado (48h) -
24/5_19:00_4e             34649515037          ENVIADO      POSITIVA                  review enviada

[2026-06-05 10:02:05] POSITIVO | Fotos nuevas: 0 | Envios OK: 0 | Envios FAIL: 0 | Reviews negativas: 0 | Fotos borradas: 0

=== SESIÓN 13:53-16:23 (05/06/2026) ===
RESERVA                   TELÉFONO             ESTADO       RESPUESTA                 REVIEW
-----------------------------------------------------------------------------------------------
30/5_19:00_4e             34625490565          ENVIADO      sin respuesta             -
30/5_20:30_4e             34665943110          ENVIADO      sin respuesta             -
23/5_17:30_maf            34603458949          ENVIADO      recordatorio enviado (reacción en foto) -
23/5_19:00_maf            34649814146          ENVIADO      POSITIVA                  review enviada
24/5_19:00_4e             34649515037          ENVIADO      recordatorio enviado (48h) -
24/5_16:10_csi            34635280014          ENVIADO      recordatorio enviado (48h) -
29/5_17:30_4e             34610648642          ENVIADO      recordatorio FALLIDO (send_not_confirmed) -
29/5_17:40_csi            34651560074          ENVIADO      POSITIVA                  review enviada
30/5_11:30_4e             34647357305          ENVIADO      recordatorio enviado (48h) -
30/5_14:40_csi            31657059941          ENVIADO      POSITIVA                  review enviada
30/5_20:30_4e             34665943110          ENVIADO      POSITIVA                  review enviada
23/5_16:00_4e             34635122835          ENVIADO      recordatorio FALLIDO (send_not_confirmed) -
24/5_16:10_csi            34635280014          ENVIADO      POSITIVA                  review enviada
29/5_17:30_4e             34610648642          ENVIADO      recordatorio FALLIDO (send_not_confirmed) -
30/5_19:00_4e             34625490565          ENVIADO      POSITIVA                  review enviada
23/5_16:00_4e             34635122835          ENVIADO      POSITIVA (reacción emoji en texto) review enviada
29/5_17:30_4e             34610648642          ENVIADO      recordatorio FALLIDO (send_not_confirmed) -
29/5_17:30_4e             34610648642          ENVIADO      recordatorio FALLIDO (send_not_confirmed) -
29/5_17:30_4e             34610648642          ENVIADO      recordatorio FALLIDO (send_not_confirmed) -
29/5_17:30_4e             34610648642          ENVIADO      recordatorio FALLIDO (send_not_confirmed) -
29/5_17:30_4e             34610648642          ENVIADO      recordatorio enviado (48h) -
24/5_19:00_4e             34649515037          ENVIADO      POSITIVA                  review enviada

[2026-06-05 10:18:20] POSITIVO | Fotos nuevas: 0 | Envios OK: 0 | Envios FAIL: 0 | Reviews negativas: 0 | Fotos borradas: 0

=== SESIÓN 13:53-16:23 (05/06/2026) ===
RESERVA                   TELÉFONO             ESTADO       RESPUESTA                 REVIEW
-----------------------------------------------------------------------------------------------
30/5_19:00_4e             34625490565          ENVIADO      sin respuesta             -
30/5_20:30_4e             34665943110          ENVIADO      sin respuesta             -
23/5_17:30_maf            34603458949          ENVIADO      recordatorio enviado (reacción en foto) -
23/5_19:00_maf            34649814146          ENVIADO      POSITIVA                  review enviada
24/5_19:00_4e             34649515037          ENVIADO      recordatorio enviado (48h) -
24/5_16:10_csi            34635280014          ENVIADO      recordatorio enviado (48h) -
29/5_17:30_4e             34610648642          ENVIADO      recordatorio FALLIDO (send_not_confirmed) -
29/5_17:40_csi            34651560074          ENVIADO      POSITIVA                  review enviada
30/5_11:30_4e             34647357305          ENVIADO      recordatorio enviado (48h) -
30/5_14:40_csi            31657059941          ENVIADO      POSITIVA                  review enviada
30/5_20:30_4e             34665943110          ENVIADO      POSITIVA                  review enviada
23/5_16:00_4e             34635122835          ENVIADO      recordatorio FALLIDO (send_not_confirmed) -
24/5_16:10_csi            34635280014          ENVIADO      POSITIVA                  review enviada
29/5_17:30_4e             34610648642          ENVIADO      recordatorio FALLIDO (send_not_confirmed) -
30/5_19:00_4e             34625490565          ENVIADO      POSITIVA                  review enviada
23/5_16:00_4e             34635122835          ENVIADO      POSITIVA (reacción emoji en texto) review enviada
29/5_17:30_4e             34610648642          ENVIADO      recordatorio FALLIDO (send_not_confirmed) -
29/5_17:30_4e             34610648642          ENVIADO      recordatorio FALLIDO (send_not_confirmed) -
29/5_17:30_4e             34610648642          ENVIADO      recordatorio FALLIDO (send_not_confirmed) -
29/5_17:30_4e             34610648642          ENVIADO      recordatorio FALLIDO (send_not_confirmed) -
29/5_17:30_4e             34610648642          ENVIADO      recordatorio enviado (48h) -
24/5_19:00_4e             34649515037          ENVIADO      POSITIVA                  review enviada

[2026-06-05 10:34:35] POSITIVO | Fotos nuevas: 0 | Envios OK: 0 | Envios FAIL: 0 | Reviews negativas: 0 | Fotos borradas: 0

=== SESIÓN 13:53-16:23 (05/06/2026) ===
RESERVA                   TELÉFONO             ESTADO       RESPUESTA                 REVIEW
-----------------------------------------------------------------------------------------------
30/5_19:00_4e             34625490565          ENVIADO      sin respuesta             -
30/5_20:30_4e             34665943110          ENVIADO      sin respuesta             -
23/5_17:30_maf            34603458949          ENVIADO      recordatorio enviado (reacción en foto) -
23/5_19:00_maf            34649814146          ENVIADO      POSITIVA                  review enviada
24/5_19:00_4e             34649515037          ENVIADO      recordatorio enviado (48h) -
24/5_16:10_csi            34635280014          ENVIADO      recordatorio enviado (48h) -
29/5_17:30_4e             34610648642          ENVIADO      recordatorio FALLIDO (send_not_confirmed) -
29/5_17:40_csi            34651560074          ENVIADO      POSITIVA                  review enviada
30/5_11:30_4e             34647357305          ENVIADO      recordatorio enviado (48h) -
30/5_14:40_csi            31657059941          ENVIADO      POSITIVA                  review enviada
30/5_20:30_4e             34665943110          ENVIADO      POSITIVA                  review enviada
23/5_16:00_4e             34635122835          ENVIADO      recordatorio FALLIDO (send_not_confirmed) -
24/5_16:10_csi            34635280014          ENVIADO      POSITIVA                  review enviada
29/5_17:30_4e             34610648642          ENVIADO      recordatorio FALLIDO (send_not_confirmed) -
30/5_19:00_4e             34625490565          ENVIADO      POSITIVA                  review enviada
23/5_16:00_4e             34635122835          ENVIADO      POSITIVA (reacción emoji en texto) review enviada
29/5_17:30_4e             34610648642          ENVIADO      recordatorio FALLIDO (send_not_confirmed) -
29/5_17:30_4e             34610648642          ENVIADO      recordatorio FALLIDO (send_not_confirmed) -
29/5_17:30_4e             34610648642          ENVIADO      recordatorio FALLIDO (send_not_confirmed) -
29/5_17:30_4e             34610648642          ENVIADO      recordatorio FALLIDO (send_not_confirmed) -
29/5_17:30_4e             34610648642          ENVIADO      recordatorio enviado (48h) -
24/5_19:00_4e             34649515037          ENVIADO      POSITIVA                  review enviada

[2026-06-05 10:50:49] POSITIVO | Fotos nuevas: 0 | Envios OK: 0 | Envios FAIL: 0 | Reviews negativas: 0 | Fotos borradas: 0

=== SESIÓN 13:53-16:23 (05/06/2026) ===
RESERVA                   TELÉFONO             ESTADO       RESPUESTA                 REVIEW
-----------------------------------------------------------------------------------------------
30/5_19:00_4e             34625490565          ENVIADO      sin respuesta             -
30/5_20:30_4e             34665943110          ENVIADO      sin respuesta             -
23/5_17:30_maf            34603458949          ENVIADO      recordatorio enviado (reacción en foto) -
23/5_19:00_maf            34649814146          ENVIADO      POSITIVA                  review enviada
24/5_19:00_4e             34649515037          ENVIADO      recordatorio enviado (48h) -
24/5_16:10_csi            34635280014          ENVIADO      recordatorio enviado (48h) -
29/5_17:30_4e             34610648642          ENVIADO      recordatorio FALLIDO (send_not_confirmed) -
29/5_17:40_csi            34651560074          ENVIADO      POSITIVA                  review enviada
30/5_11:30_4e             34647357305          ENVIADO      recordatorio enviado (48h) -
30/5_14:40_csi            31657059941          ENVIADO      POSITIVA                  review enviada
30/5_20:30_4e             34665943110          ENVIADO      POSITIVA                  review enviada
23/5_16:00_4e             34635122835          ENVIADO      recordatorio FALLIDO (send_not_confirmed) -
24/5_16:10_csi            34635280014          ENVIADO      POSITIVA                  review enviada
29/5_17:30_4e             34610648642          ENVIADO      recordatorio FALLIDO (send_not_confirmed) -
30/5_19:00_4e             34625490565          ENVIADO      POSITIVA                  review enviada
23/5_16:00_4e             34635122835          ENVIADO      POSITIVA (reacción emoji en texto) review enviada
29/5_17:30_4e             34610648642          ENVIADO      recordatorio FALLIDO (send_not_confirmed) -
29/5_17:30_4e             34610648642          ENVIADO      recordatorio FALLIDO (send_not_confirmed) -
29/5_17:30_4e             34610648642          ENVIADO      recordatorio FALLIDO (send_not_confirmed) -
29/5_17:30_4e             34610648642          ENVIADO      recordatorio FALLIDO (send_not_confirmed) -
29/5_17:30_4e             34610648642          ENVIADO      recordatorio enviado (48h) -
24/5_19:00_4e             34649515037          ENVIADO      POSITIVA                  review enviada

[2026-06-05 11:07:08] POSITIVO | Fotos nuevas: 0 | Envios OK: 0 | Envios FAIL: 0 | Reviews negativas: 0 | Fotos borradas: 0

=== SESIÓN 13:53-16:23 (05/06/2026) ===
RESERVA                   TELÉFONO             ESTADO       RESPUESTA                 REVIEW
-----------------------------------------------------------------------------------------------
30/5_19:00_4e             34625490565          ENVIADO      sin respuesta             -
30/5_20:30_4e             34665943110          ENVIADO      sin respuesta             -
23/5_17:30_maf            34603458949          ENVIADO      recordatorio enviado (reacción en foto) -
23/5_19:00_maf            34649814146          ENVIADO      POSITIVA                  review enviada
24/5_19:00_4e             34649515037          ENVIADO      recordatorio enviado (48h) -
24/5_16:10_csi            34635280014          ENVIADO      recordatorio enviado (48h) -
29/5_17:30_4e             34610648642          ENVIADO      recordatorio FALLIDO (send_not_confirmed) -
29/5_17:40_csi            34651560074          ENVIADO      POSITIVA                  review enviada
30/5_11:30_4e             34647357305          ENVIADO      recordatorio enviado (48h) -
30/5_14:40_csi            31657059941          ENVIADO      POSITIVA                  review enviada
30/5_20:30_4e             34665943110          ENVIADO      POSITIVA                  review enviada
23/5_16:00_4e             34635122835          ENVIADO      recordatorio FALLIDO (send_not_confirmed) -
24/5_16:10_csi            34635280014          ENVIADO      POSITIVA                  review enviada
29/5_17:30_4e             34610648642          ENVIADO      recordatorio FALLIDO (send_not_confirmed) -
30/5_19:00_4e             34625490565          ENVIADO      POSITIVA                  review enviada
23/5_16:00_4e             34635122835          ENVIADO      POSITIVA (reacción emoji en texto) review enviada
29/5_17:30_4e             34610648642          ENVIADO      recordatorio FALLIDO (send_not_confirmed) -
29/5_17:30_4e             34610648642          ENVIADO      recordatorio FALLIDO (send_not_confirmed) -
29/5_17:30_4e             34610648642          ENVIADO      recordatorio FALLIDO (send_not_confirmed) -
29/5_17:30_4e             34610648642          ENVIADO      recordatorio FALLIDO (send_not_confirmed) -
29/5_17:30_4e             34610648642          ENVIADO      recordatorio enviado (48h) -
24/5_19:00_4e             34649515037          ENVIADO      POSITIVA                  review enviada

[2026-06-05 11:23:29] POSITIVO | Fotos nuevas: 0 | Envios OK: 0 | Envios FAIL: 0 | Reviews negativas: 0 | Fotos borradas: 0

=== SESIÓN 13:53-16:23 (05/06/2026) ===
RESERVA                   TELÉFONO             ESTADO       RESPUESTA                 REVIEW
-----------------------------------------------------------------------------------------------
30/5_19:00_4e             34625490565          ENVIADO      sin respuesta             -
30/5_20:30_4e             34665943110          ENVIADO      sin respuesta             -
23/5_17:30_maf            34603458949          ENVIADO      recordatorio enviado (reacción en foto) -
23/5_19:00_maf            34649814146          ENVIADO      POSITIVA                  review enviada
24/5_19:00_4e             34649515037          ENVIADO      recordatorio enviado (48h) -
24/5_16:10_csi            34635280014          ENVIADO      recordatorio enviado (48h) -
29/5_17:30_4e             34610648642          ENVIADO      recordatorio FALLIDO (send_not_confirmed) -
29/5_17:40_csi            34651560074          ENVIADO      POSITIVA                  review enviada
30/5_11:30_4e             34647357305          ENVIADO      recordatorio enviado (48h) -
30/5_14:40_csi            31657059941          ENVIADO      POSITIVA                  review enviada
30/5_20:30_4e             34665943110          ENVIADO      POSITIVA                  review enviada
23/5_16:00_4e             34635122835          ENVIADO      recordatorio FALLIDO (send_not_confirmed) -
24/5_16:10_csi            34635280014          ENVIADO      POSITIVA                  review enviada
29/5_17:30_4e             34610648642          ENVIADO      recordatorio FALLIDO (send_not_confirmed) -
30/5_19:00_4e             34625490565          ENVIADO      POSITIVA                  review enviada
23/5_16:00_4e             34635122835          ENVIADO      POSITIVA (reacción emoji en texto) review enviada
29/5_17:30_4e             34610648642          ENVIADO      recordatorio FALLIDO (send_not_confirmed) -
29/5_17:30_4e             34610648642          ENVIADO      recordatorio FALLIDO (send_not_confirmed) -
29/5_17:30_4e             34610648642          ENVIADO      recordatorio FALLIDO (send_not_confirmed) -
29/5_17:30_4e             34610648642          ENVIADO      recordatorio FALLIDO (send_not_confirmed) -
29/5_17:30_4e             34610648642          ENVIADO      recordatorio enviado (48h) -
24/5_19:00_4e             34649515037          ENVIADO      POSITIVA                  review enviada

[2026-06-05 11:39:45] POSITIVO | Fotos nuevas: 0 | Envios OK: 0 | Envios FAIL: 0 | Reviews negativas: 0 | Fotos borradas: 0

=== SESIÓN 13:53-16:23 (05/06/2026) ===
RESERVA                   TELÉFONO             ESTADO       RESPUESTA                 REVIEW
-----------------------------------------------------------------------------------------------
30/5_19:00_4e             34625490565          ENVIADO      sin respuesta             -
30/5_20:30_4e             34665943110          ENVIADO      sin respuesta             -
23/5_17:30_maf            34603458949          ENVIADO      recordatorio enviado (reacción en foto) -
23/5_19:00_maf            34649814146          ENVIADO      POSITIVA                  review enviada
24/5_19:00_4e             34649515037          ENVIADO      recordatorio enviado (48h) -
24/5_16:10_csi            34635280014          ENVIADO      recordatorio enviado (48h) -
29/5_17:30_4e             34610648642          ENVIADO      recordatorio FALLIDO (send_not_confirmed) -
29/5_17:40_csi            34651560074          ENVIADO      POSITIVA                  review enviada
30/5_11:30_4e             34647357305          ENVIADO      recordatorio enviado (48h) -
30/5_14:40_csi            31657059941          ENVIADO      POSITIVA                  review enviada
30/5_20:30_4e             34665943110          ENVIADO      POSITIVA                  review enviada
23/5_16:00_4e             34635122835          ENVIADO      recordatorio FALLIDO (send_not_confirmed) -
24/5_16:10_csi            34635280014          ENVIADO      POSITIVA                  review enviada
29/5_17:30_4e             34610648642          ENVIADO      recordatorio FALLIDO (send_not_confirmed) -
30/5_19:00_4e             34625490565          ENVIADO      POSITIVA                  review enviada
23/5_16:00_4e             34635122835          ENVIADO      POSITIVA (reacción emoji en texto) review enviada
29/5_17:30_4e             34610648642          ENVIADO      recordatorio FALLIDO (send_not_confirmed) -
29/5_17:30_4e             34610648642          ENVIADO      recordatorio FALLIDO (send_not_confirmed) -
29/5_17:30_4e             34610648642          ENVIADO      recordatorio FALLIDO (send_not_confirmed) -
29/5_17:30_4e             34610648642          ENVIADO      recordatorio FALLIDO (send_not_confirmed) -
29/5_17:30_4e             34610648642          ENVIADO      recordatorio enviado (48h) -
24/5_19:00_4e             34649515037          ENVIADO      POSITIVA                  review enviada

[2026-06-05 11:56:01] POSITIVO | Fotos nuevas: 0 | Envios OK: 0 | Envios FAIL: 0 | Reviews negativas: 0 | Fotos borradas: 0

=== SESIÓN 13:53-16:23 (05/06/2026) ===
RESERVA                   TELÉFONO             ESTADO       RESPUESTA                 REVIEW
-----------------------------------------------------------------------------------------------
30/5_19:00_4e             34625490565          ENVIADO      sin respuesta             -
30/5_20:30_4e             34665943110          ENVIADO      sin respuesta             -
23/5_17:30_maf            34603458949          ENVIADO      recordatorio enviado (reacción en foto) -
23/5_19:00_maf            34649814146          ENVIADO      POSITIVA                  review enviada
24/5_19:00_4e             34649515037          ENVIADO      recordatorio enviado (48h) -
24/5_16:10_csi            34635280014          ENVIADO      recordatorio enviado (48h) -
29/5_17:30_4e             34610648642          ENVIADO      recordatorio FALLIDO (send_not_confirmed) -
29/5_17:40_csi            34651560074          ENVIADO      POSITIVA                  review enviada
30/5_11:30_4e             34647357305          ENVIADO      recordatorio enviado (48h) -
30/5_14:40_csi            31657059941          ENVIADO      POSITIVA                  review enviada
30/5_20:30_4e             34665943110          ENVIADO      POSITIVA                  review enviada
23/5_16:00_4e             34635122835          ENVIADO      recordatorio FALLIDO (send_not_confirmed) -
24/5_16:10_csi            34635280014          ENVIADO      POSITIVA                  review enviada
29/5_17:30_4e             34610648642          ENVIADO      recordatorio FALLIDO (send_not_confirmed) -
30/5_19:00_4e             34625490565          ENVIADO      POSITIVA                  review enviada
23/5_16:00_4e             34635122835          ENVIADO      POSITIVA (reacción emoji en texto) review enviada
29/5_17:30_4e             34610648642          ENVIADO      recordatorio FALLIDO (send_not_confirmed) -
29/5_17:30_4e             34610648642          ENVIADO      recordatorio FALLIDO (send_not_confirmed) -
29/5_17:30_4e             34610648642          ENVIADO      recordatorio FALLIDO (send_not_confirmed) -
29/5_17:30_4e             34610648642          ENVIADO      recordatorio FALLIDO (send_not_confirmed) -
29/5_17:30_4e             34610648642          ENVIADO      recordatorio enviado (48h) -
24/5_19:00_4e             34649515037          ENVIADO      POSITIVA                  review enviada

[2026-06-05 12:12:19] POSITIVO | Fotos nuevas: 0 | Envios OK: 0 | Envios FAIL: 0 | Reviews negativas: 0 | Fotos borradas: 0

=== SESIÓN 13:53-16:23 (05/06/2026) ===
RESERVA                   TELÉFONO             ESTADO       RESPUESTA                 REVIEW
-----------------------------------------------------------------------------------------------
30/5_19:00_4e             34625490565          ENVIADO      sin respuesta             -
30/5_20:30_4e             34665943110          ENVIADO      sin respuesta             -
23/5_17:30_maf            34603458949          ENVIADO      recordatorio enviado (reacción en foto) -
23/5_19:00_maf            34649814146          ENVIADO      POSITIVA                  review enviada
24/5_19:00_4e             34649515037          ENVIADO      recordatorio enviado (48h) -
24/5_16:10_csi            34635280014          ENVIADO      recordatorio enviado (48h) -
29/5_17:30_4e             34610648642          ENVIADO      recordatorio FALLIDO (send_not_confirmed) -
29/5_17:40_csi            34651560074          ENVIADO      POSITIVA                  review enviada
30/5_11:30_4e             34647357305          ENVIADO      recordatorio enviado (48h) -
30/5_14:40_csi            31657059941          ENVIADO      POSITIVA                  review enviada
30/5_20:30_4e             34665943110          ENVIADO      POSITIVA                  review enviada
23/5_16:00_4e             34635122835          ENVIADO      recordatorio FALLIDO (send_not_confirmed) -
24/5_16:10_csi            34635280014          ENVIADO      POSITIVA                  review enviada
29/5_17:30_4e             34610648642          ENVIADO      recordatorio FALLIDO (send_not_confirmed) -
30/5_19:00_4e             34625490565          ENVIADO      POSITIVA                  review enviada
23/5_16:00_4e             34635122835          ENVIADO      POSITIVA (reacción emoji en texto) review enviada
29/5_17:30_4e             34610648642          ENVIADO      recordatorio FALLIDO (send_not_confirmed) -
29/5_17:30_4e             34610648642          ENVIADO      recordatorio FALLIDO (send_not_confirmed) -
29/5_17:30_4e             34610648642          ENVIADO      recordatorio FALLIDO (send_not_confirmed) -
29/5_17:30_4e             34610648642          ENVIADO      recordatorio FALLIDO (send_not_confirmed) -
29/5_17:30_4e             34610648642          ENVIADO      recordatorio enviado (48h) -
24/5_19:00_4e             34649515037          ENVIADO      POSITIVA                  review enviada

[2026-06-05 12:28:33] POSITIVO | Fotos nuevas: 0 | Envios OK: 0 | Envios FAIL: 0 | Reviews negativas: 0 | Fotos borradas: 0

=== SESIÓN 13:53-16:23 (05/06/2026) ===
RESERVA                   TELÉFONO             ESTADO       RESPUESTA                 REVIEW
-----------------------------------------------------------------------------------------------
30/5_19:00_4e             34625490565          ENVIADO      sin respuesta             -
30/5_20:30_4e             34665943110          ENVIADO      sin respuesta             -
23/5_17:30_maf            34603458949          ENVIADO      recordatorio enviado (reacción en foto) -
23/5_19:00_maf            34649814146          ENVIADO      POSITIVA                  review enviada
24/5_19:00_4e             34649515037          ENVIADO      recordatorio enviado (48h) -
24/5_16:10_csi            34635280014          ENVIADO      recordatorio enviado (48h) -
29/5_17:30_4e             34610648642          ENVIADO      recordatorio FALLIDO (send_not_confirmed) -
29/5_17:40_csi            34651560074          ENVIADO      POSITIVA                  review enviada
30/5_11:30_4e             34647357305          ENVIADO      recordatorio enviado (48h) -
30/5_14:40_csi            31657059941          ENVIADO      POSITIVA                  review enviada
30/5_20:30_4e             34665943110          ENVIADO      POSITIVA                  review enviada
23/5_16:00_4e             34635122835          ENVIADO      recordatorio FALLIDO (send_not_confirmed) -
24/5_16:10_csi            34635280014          ENVIADO      POSITIVA                  review enviada
29/5_17:30_4e             34610648642          ENVIADO      recordatorio FALLIDO (send_not_confirmed) -
30/5_19:00_4e             34625490565          ENVIADO      POSITIVA                  review enviada
23/5_16:00_4e             34635122835          ENVIADO      POSITIVA (reacción emoji en texto) review enviada
29/5_17:30_4e             34610648642          ENVIADO      recordatorio FALLIDO (send_not_confirmed) -
29/5_17:30_4e             34610648642          ENVIADO      recordatorio FALLIDO (send_not_confirmed) -
29/5_17:30_4e             34610648642          ENVIADO      recordatorio FALLIDO (send_not_confirmed) -
29/5_17:30_4e             34610648642          ENVIADO      recordatorio FALLIDO (send_not_confirmed) -
29/5_17:30_4e             34610648642          ENVIADO      recordatorio enviado (48h) -
24/5_19:00_4e             34649515037          ENVIADO      POSITIVA                  review enviada

[2026-06-05 12:44:47] POSITIVO | Fotos nuevas: 0 | Envios OK: 0 | Envios FAIL: 0 | Reviews negativas: 0 | Fotos borradas: 0

=== SESIÓN 13:53-16:23 (05/06/2026) ===
RESERVA                   TELÉFONO             ESTADO       RESPUESTA                 REVIEW
-----------------------------------------------------------------------------------------------
30/5_19:00_4e             34625490565          ENVIADO      sin respuesta             -
30/5_20:30_4e             34665943110          ENVIADO      sin respuesta             -
23/5_17:30_maf            34603458949          ENVIADO      recordatorio enviado (reacción en foto) -
23/5_19:00_maf            34649814146          ENVIADO      POSITIVA                  review enviada
24/5_19:00_4e             34649515037          ENVIADO      recordatorio enviado (48h) -
24/5_16:10_csi            34635280014          ENVIADO      recordatorio enviado (48h) -
29/5_17:30_4e             34610648642          ENVIADO      recordatorio FALLIDO (send_not_confirmed) -
29/5_17:40_csi            34651560074          ENVIADO      POSITIVA                  review enviada
30/5_11:30_4e             34647357305          ENVIADO      recordatorio enviado (48h) -
30/5_14:40_csi            31657059941          ENVIADO      POSITIVA                  review enviada
30/5_20:30_4e             34665943110          ENVIADO      POSITIVA                  review enviada
23/5_16:00_4e             34635122835          ENVIADO      recordatorio FALLIDO (send_not_confirmed) -
24/5_16:10_csi            34635280014          ENVIADO      POSITIVA                  review enviada
29/5_17:30_4e             34610648642          ENVIADO      recordatorio FALLIDO (send_not_confirmed) -
30/5_19:00_4e             34625490565          ENVIADO      POSITIVA                  review enviada
23/5_16:00_4e             34635122835          ENVIADO      POSITIVA (reacción emoji en texto) review enviada
29/5_17:30_4e             34610648642          ENVIADO      recordatorio FALLIDO (send_not_confirmed) -
29/5_17:30_4e             34610648642          ENVIADO      recordatorio FALLIDO (send_not_confirmed) -
29/5_17:30_4e             34610648642          ENVIADO      recordatorio FALLIDO (send_not_confirmed) -
29/5_17:30_4e             34610648642          ENVIADO      recordatorio FALLIDO (send_not_confirmed) -
29/5_17:30_4e             34610648642          ENVIADO      recordatorio enviado (48h) -
24/5_19:00_4e             34649515037          ENVIADO      POSITIVA                  review enviada

[2026-06-05 13:01:07] POSITIVO | Fotos nuevas: 0 | Envios OK: 0 | Envios FAIL: 0 | Reviews negativas: 0 | Fotos borradas: 0

=== SESIÓN 13:53-16:23 (05/06/2026) ===
RESERVA                   TELÉFONO             ESTADO       RESPUESTA                 REVIEW
-----------------------------------------------------------------------------------------------
30/5_19:00_4e             34625490565          ENVIADO      sin respuesta             -
30/5_20:30_4e             34665943110          ENVIADO      sin respuesta             -
23/5_17:30_maf            34603458949          ENVIADO      recordatorio enviado (reacción en foto) -
23/5_19:00_maf            34649814146          ENVIADO      POSITIVA                  review enviada
24/5_19:00_4e             34649515037          ENVIADO      recordatorio enviado (48h) -
24/5_16:10_csi            34635280014          ENVIADO      recordatorio enviado (48h) -
29/5_17:30_4e             34610648642          ENVIADO      recordatorio FALLIDO (send_not_confirmed) -
29/5_17:40_csi            34651560074          ENVIADO      POSITIVA                  review enviada
30/5_11:30_4e             34647357305          ENVIADO      recordatorio enviado (48h) -
30/5_14:40_csi            31657059941          ENVIADO      POSITIVA                  review enviada
30/5_20:30_4e             34665943110          ENVIADO      POSITIVA                  review enviada
23/5_16:00_4e             34635122835          ENVIADO      recordatorio FALLIDO (send_not_confirmed) -
24/5_16:10_csi            34635280014          ENVIADO      POSITIVA                  review enviada
29/5_17:30_4e             34610648642          ENVIADO      recordatorio FALLIDO (send_not_confirmed) -
30/5_19:00_4e             34625490565          ENVIADO      POSITIVA                  review enviada
23/5_16:00_4e             34635122835          ENVIADO      POSITIVA (reacción emoji en texto) review enviada
29/5_17:30_4e             34610648642          ENVIADO      recordatorio FALLIDO (send_not_confirmed) -
29/5_17:30_4e             34610648642          ENVIADO      recordatorio FALLIDO (send_not_confirmed) -
29/5_17:30_4e             34610648642          ENVIADO      recordatorio FALLIDO (send_not_confirmed) -
29/5_17:30_4e             34610648642          ENVIADO      recordatorio FALLIDO (send_not_confirmed) -
29/5_17:30_4e             34610648642          ENVIADO      recordatorio enviado (48h) -
24/5_19:00_4e             34649515037          ENVIADO      POSITIVA                  review enviada

[2026-06-05 13:17:25] POSITIVO | Fotos nuevas: 0 | Envios OK: 0 | Envios FAIL: 0 | Reviews negativas: 0 | Fotos borradas: 0

=== SESIÓN 13:53-16:23 (05/06/2026) ===
RESERVA                   TELÉFONO             ESTADO       RESPUESTA                 REVIEW
-----------------------------------------------------------------------------------------------
30/5_19:00_4e             34625490565          ENVIADO      sin respuesta             -
30/5_20:30_4e             34665943110          ENVIADO      sin respuesta             -
23/5_17:30_maf            34603458949          ENVIADO      recordatorio enviado (reacción en foto) -
23/5_19:00_maf            34649814146          ENVIADO      POSITIVA                  review enviada
24/5_19:00_4e             34649515037          ENVIADO      recordatorio enviado (48h) -
24/5_16:10_csi            34635280014          ENVIADO      recordatorio enviado (48h) -
29/5_17:30_4e             34610648642          ENVIADO      recordatorio FALLIDO (send_not_confirmed) -
29/5_17:40_csi            34651560074          ENVIADO      POSITIVA                  review enviada
30/5_11:30_4e             34647357305          ENVIADO      recordatorio enviado (48h) -
30/5_14:40_csi            31657059941          ENVIADO      POSITIVA                  review enviada
30/5_20:30_4e             34665943110          ENVIADO      POSITIVA                  review enviada
23/5_16:00_4e             34635122835          ENVIADO      recordatorio FALLIDO (send_not_confirmed) -
24/5_16:10_csi            34635280014          ENVIADO      POSITIVA                  review enviada
29/5_17:30_4e             34610648642          ENVIADO      recordatorio FALLIDO (send_not_confirmed) -
30/5_19:00_4e             34625490565          ENVIADO      POSITIVA                  review enviada
23/5_16:00_4e             34635122835          ENVIADO      POSITIVA (reacción emoji en texto) review enviada
29/5_17:30_4e             34610648642          ENVIADO      recordatorio FALLIDO (send_not_confirmed) -
29/5_17:30_4e             34610648642          ENVIADO      recordatorio FALLIDO (send_not_confirmed) -
29/5_17:30_4e             34610648642          ENVIADO      recordatorio FALLIDO (send_not_confirmed) -
29/5_17:30_4e             34610648642          ENVIADO      recordatorio FALLIDO (send_not_confirmed) -
29/5_17:30_4e             34610648642          ENVIADO      recordatorio enviado (48h) -
24/5_19:00_4e             34649515037          ENVIADO      POSITIVA                  review enviada

[2026-06-05 13:33:43] POSITIVO | Fotos nuevas: 0 | Envios OK: 0 | Envios FAIL: 0 | Reviews negativas: 0 | Fotos borradas: 0

=== SESIÓN 13:53-16:23 (05/06/2026) ===
RESERVA                   TELÉFONO             ESTADO       RESPUESTA                 REVIEW
-----------------------------------------------------------------------------------------------
30/5_19:00_4e             34625490565          ENVIADO      sin respuesta             -
30/5_20:30_4e             34665943110          ENVIADO      sin respuesta             -
23/5_17:30_maf            34603458949          ENVIADO      recordatorio enviado (reacción en foto) -
23/5_19:00_maf            34649814146          ENVIADO      POSITIVA                  review enviada
24/5_19:00_4e             34649515037          ENVIADO      recordatorio enviado (48h) -
24/5_16:10_csi            34635280014          ENVIADO      recordatorio enviado (48h) -
29/5_17:30_4e             34610648642          ENVIADO      recordatorio FALLIDO (send_not_confirmed) -
29/5_17:40_csi            34651560074          ENVIADO      POSITIVA                  review enviada
30/5_11:30_4e             34647357305          ENVIADO      recordatorio enviado (48h) -
30/5_14:40_csi            31657059941          ENVIADO      POSITIVA                  review enviada
30/5_20:30_4e             34665943110          ENVIADO      POSITIVA                  review enviada
23/5_16:00_4e             34635122835          ENVIADO      recordatorio FALLIDO (send_not_confirmed) -
24/5_16:10_csi            34635280014          ENVIADO      POSITIVA                  review enviada
29/5_17:30_4e             34610648642          ENVIADO      recordatorio FALLIDO (send_not_confirmed) -
30/5_19:00_4e             34625490565          ENVIADO      POSITIVA                  review enviada
23/5_16:00_4e             34635122835          ENVIADO      POSITIVA (reacción emoji en texto) review enviada
29/5_17:30_4e             34610648642          ENVIADO      recordatorio FALLIDO (send_not_confirmed) -
29/5_17:30_4e             34610648642          ENVIADO      recordatorio FALLIDO (send_not_confirmed) -
29/5_17:30_4e             34610648642          ENVIADO      recordatorio FALLIDO (send_not_confirmed) -
29/5_17:30_4e             34610648642          ENVIADO      recordatorio FALLIDO (send_not_confirmed) -
29/5_17:30_4e             34610648642          ENVIADO      recordatorio enviado (48h) -
24/5_19:00_4e             34649515037          ENVIADO      POSITIVA                  review enviada

[2026-06-05 13:49:58] POSITIVO | Fotos nuevas: 0 | Envios OK: 0 | Envios FAIL: 0 | Reviews negativas: 0 | Fotos borradas: 0

=== SESIÓN 13:53-16:23 (05/06/2026) ===
RESERVA                   TELÉFONO             ESTADO       RESPUESTA                 REVIEW
-----------------------------------------------------------------------------------------------
30/5_19:00_4e             34625490565          ENVIADO      sin respuesta             -
30/5_20:30_4e             34665943110          ENVIADO      sin respuesta             -
23/5_17:30_maf            34603458949          ENVIADO      recordatorio enviado (reacción en foto) -
23/5_19:00_maf            34649814146          ENVIADO      POSITIVA                  review enviada
24/5_19:00_4e             34649515037          ENVIADO      recordatorio enviado (48h) -
24/5_16:10_csi            34635280014          ENVIADO      recordatorio enviado (48h) -
29/5_17:30_4e             34610648642          ENVIADO      recordatorio FALLIDO (send_not_confirmed) -
29/5_17:40_csi            34651560074          ENVIADO      POSITIVA                  review enviada
30/5_11:30_4e             34647357305          ENVIADO      recordatorio enviado (48h) -
30/5_14:40_csi            31657059941          ENVIADO      POSITIVA                  review enviada
30/5_20:30_4e             34665943110          ENVIADO      POSITIVA                  review enviada
23/5_16:00_4e             34635122835          ENVIADO      recordatorio FALLIDO (send_not_confirmed) -
24/5_16:10_csi            34635280014          ENVIADO      POSITIVA                  review enviada
29/5_17:30_4e             34610648642          ENVIADO      recordatorio FALLIDO (send_not_confirmed) -
30/5_19:00_4e             34625490565          ENVIADO      POSITIVA                  review enviada
23/5_16:00_4e             34635122835          ENVIADO      POSITIVA (reacción emoji en texto) review enviada
29/5_17:30_4e             34610648642          ENVIADO      recordatorio FALLIDO (send_not_confirmed) -
29/5_17:30_4e             34610648642          ENVIADO      recordatorio FALLIDO (send_not_confirmed) -
29/5_17:30_4e             34610648642          ENVIADO      recordatorio FALLIDO (send_not_confirmed) -
29/5_17:30_4e             34610648642          ENVIADO      recordatorio FALLIDO (send_not_confirmed) -
29/5_17:30_4e             34610648642          ENVIADO      recordatorio enviado (48h) -
24/5_19:00_4e             34649515037          ENVIADO      POSITIVA                  review enviada

[2026-06-05 14:06:14] POSITIVO | Fotos nuevas: 0 | Envios OK: 0 | Envios FAIL: 0 | Reviews negativas: 0 | Fotos borradas: 0

=== SESIÓN 13:53-16:23 (05/06/2026) ===
RESERVA                   TELÉFONO             ESTADO       RESPUESTA                 REVIEW
-----------------------------------------------------------------------------------------------
30/5_19:00_4e             34625490565          ENVIADO      sin respuesta             -
30/5_20:30_4e             34665943110          ENVIADO      sin respuesta             -
23/5_17:30_maf            34603458949          ENVIADO      recordatorio enviado (reacción en foto) -
23/5_19:00_maf            34649814146          ENVIADO      POSITIVA                  review enviada
24/5_19:00_4e             34649515037          ENVIADO      recordatorio enviado (48h) -
24/5_16:10_csi            34635280014          ENVIADO      recordatorio enviado (48h) -
29/5_17:30_4e             34610648642          ENVIADO      recordatorio FALLIDO (send_not_confirmed) -
29/5_17:40_csi            34651560074          ENVIADO      POSITIVA                  review enviada
30/5_11:30_4e             34647357305          ENVIADO      recordatorio enviado (48h) -
30/5_14:40_csi            31657059941          ENVIADO      POSITIVA                  review enviada
30/5_20:30_4e             34665943110          ENVIADO      POSITIVA                  review enviada
23/5_16:00_4e             34635122835          ENVIADO      recordatorio FALLIDO (send_not_confirmed) -
24/5_16:10_csi            34635280014          ENVIADO      POSITIVA                  review enviada
29/5_17:30_4e             34610648642          ENVIADO      recordatorio FALLIDO (send_not_confirmed) -
30/5_19:00_4e             34625490565          ENVIADO      POSITIVA                  review enviada
23/5_16:00_4e             34635122835          ENVIADO      POSITIVA (reacción emoji en texto) review enviada
29/5_17:30_4e             34610648642          ENVIADO      recordatorio FALLIDO (send_not_confirmed) -
29/5_17:30_4e             34610648642          ENVIADO      recordatorio FALLIDO (send_not_confirmed) -
29/5_17:30_4e             34610648642          ENVIADO      recordatorio FALLIDO (send_not_confirmed) -
29/5_17:30_4e             34610648642          ENVIADO      recordatorio FALLIDO (send_not_confirmed) -
29/5_17:30_4e             34610648642          ENVIADO      recordatorio enviado (48h) -
24/5_19:00_4e             34649515037          ENVIADO      POSITIVA                  review enviada

[2026-06-05 14:22:32] POSITIVO | Fotos nuevas: 0 | Envios OK: 0 | Envios FAIL: 0 | Reviews negativas: 0 | Fotos borradas: 0

=== SESIÓN 13:53-16:23 (05/06/2026) ===
RESERVA                   TELÉFONO             ESTADO       RESPUESTA                 REVIEW
-----------------------------------------------------------------------------------------------
30/5_19:00_4e             34625490565          ENVIADO      sin respuesta             -
30/5_20:30_4e             34665943110          ENVIADO      sin respuesta             -
23/5_17:30_maf            34603458949          ENVIADO      recordatorio enviado (reacción en foto) -
23/5_19:00_maf            34649814146          ENVIADO      POSITIVA                  review enviada
24/5_19:00_4e             34649515037          ENVIADO      recordatorio enviado (48h) -
24/5_16:10_csi            34635280014          ENVIADO      recordatorio enviado (48h) -
29/5_17:30_4e             34610648642          ENVIADO      recordatorio FALLIDO (send_not_confirmed) -
29/5_17:40_csi            34651560074          ENVIADO      POSITIVA                  review enviada
30/5_11:30_4e             34647357305          ENVIADO      recordatorio enviado (48h) -
30/5_14:40_csi            31657059941          ENVIADO      POSITIVA                  review enviada
30/5_20:30_4e             34665943110          ENVIADO      POSITIVA                  review enviada
23/5_16:00_4e             34635122835          ENVIADO      recordatorio FALLIDO (send_not_confirmed) -
24/5_16:10_csi            34635280014          ENVIADO      POSITIVA                  review enviada
29/5_17:30_4e             34610648642          ENVIADO      recordatorio FALLIDO (send_not_confirmed) -
30/5_19:00_4e             34625490565          ENVIADO      POSITIVA                  review enviada
23/5_16:00_4e             34635122835          ENVIADO      POSITIVA (reacción emoji en texto) review enviada
29/5_17:30_4e             34610648642          ENVIADO      recordatorio FALLIDO (send_not_confirmed) -
29/5_17:30_4e             34610648642          ENVIADO      recordatorio FALLIDO (send_not_confirmed) -
29/5_17:30_4e             34610648642          ENVIADO      recordatorio FALLIDO (send_not_confirmed) -
29/5_17:30_4e             34610648642          ENVIADO      recordatorio FALLIDO (send_not_confirmed) -
29/5_17:30_4e             34610648642          ENVIADO      recordatorio enviado (48h) -
24/5_19:00_4e             34649515037          ENVIADO      POSITIVA                  review enviada

[2026-06-05 14:38:54] POSITIVO | Fotos nuevas: 0 | Envios OK: 0 | Envios FAIL: 0 | Reviews negativas: 0 | Fotos borradas: 0

=== SESIÓN 13:53-16:23 (05/06/2026) ===
RESERVA                   TELÉFONO             ESTADO       RESPUESTA                 REVIEW
-----------------------------------------------------------------------------------------------
30/5_19:00_4e             34625490565          ENVIADO      sin respuesta             -
30/5_20:30_4e             34665943110          ENVIADO      sin respuesta             -
23/5_17:30_maf            34603458949          ENVIADO      recordatorio enviado (reacción en foto) -
23/5_19:00_maf            34649814146          ENVIADO      POSITIVA                  review enviada
24/5_19:00_4e             34649515037          ENVIADO      recordatorio enviado (48h) -
24/5_16:10_csi            34635280014          ENVIADO      recordatorio enviado (48h) -
29/5_17:30_4e             34610648642          ENVIADO      recordatorio FALLIDO (send_not_confirmed) -
29/5_17:40_csi            34651560074          ENVIADO      POSITIVA                  review enviada
30/5_11:30_4e             34647357305          ENVIADO      recordatorio enviado (48h) -
30/5_14:40_csi            31657059941          ENVIADO      POSITIVA                  review enviada
30/5_20:30_4e             34665943110          ENVIADO      POSITIVA                  review enviada
23/5_16:00_4e             34635122835          ENVIADO      recordatorio FALLIDO (send_not_confirmed) -
24/5_16:10_csi            34635280014          ENVIADO      POSITIVA                  review enviada
29/5_17:30_4e             34610648642          ENVIADO      recordatorio FALLIDO (send_not_confirmed) -
30/5_19:00_4e             34625490565          ENVIADO      POSITIVA                  review enviada
23/5_16:00_4e             34635122835          ENVIADO      POSITIVA (reacción emoji en texto) review enviada
29/5_17:30_4e             34610648642          ENVIADO      recordatorio FALLIDO (send_not_confirmed) -
29/5_17:30_4e             34610648642          ENVIADO      recordatorio FALLIDO (send_not_confirmed) -
29/5_17:30_4e             34610648642          ENVIADO      recordatorio FALLIDO (send_not_confirmed) -
29/5_17:30_4e             34610648642          ENVIADO      recordatorio FALLIDO (send_not_confirmed) -
29/5_17:30_4e             34610648642          ENVIADO      recordatorio enviado (48h) -
24/5_19:00_4e             34649515037          ENVIADO      POSITIVA                  review enviada

[2026-06-05 14:55:11] POSITIVO | Fotos nuevas: 0 | Envios OK: 0 | Envios FAIL: 0 | Reviews negativas: 0 | Fotos borradas: 0

=== SESIÓN 13:53-16:23 (05/06/2026) ===
RESERVA                   TELÉFONO             ESTADO       RESPUESTA                 REVIEW
-----------------------------------------------------------------------------------------------
30/5_19:00_4e             34625490565          ENVIADO      sin respuesta             -
30/5_20:30_4e             34665943110          ENVIADO      sin respuesta             -
23/5_17:30_maf            34603458949          ENVIADO      recordatorio enviado (reacción en foto) -
23/5_19:00_maf            34649814146          ENVIADO      POSITIVA                  review enviada
24/5_19:00_4e             34649515037          ENVIADO      recordatorio enviado (48h) -
24/5_16:10_csi            34635280014          ENVIADO      recordatorio enviado (48h) -
29/5_17:30_4e             34610648642          ENVIADO      recordatorio FALLIDO (send_not_confirmed) -
29/5_17:40_csi            34651560074          ENVIADO      POSITIVA                  review enviada
30/5_11:30_4e             34647357305          ENVIADO      recordatorio enviado (48h) -
30/5_14:40_csi            31657059941          ENVIADO      POSITIVA                  review enviada
30/5_20:30_4e             34665943110          ENVIADO      POSITIVA                  review enviada
23/5_16:00_4e             34635122835          ENVIADO      recordatorio FALLIDO (send_not_confirmed) -
24/5_16:10_csi            34635280014          ENVIADO      POSITIVA                  review enviada
29/5_17:30_4e             34610648642          ENVIADO      recordatorio FALLIDO (send_not_confirmed) -
30/5_19:00_4e             34625490565          ENVIADO      POSITIVA                  review enviada
23/5_16:00_4e             34635122835          ENVIADO      POSITIVA (reacción emoji en texto) review enviada
29/5_17:30_4e             34610648642          ENVIADO      recordatorio FALLIDO (send_not_confirmed) -
29/5_17:30_4e             34610648642          ENVIADO      recordatorio FALLIDO (send_not_confirmed) -
29/5_17:30_4e             34610648642          ENVIADO      recordatorio FALLIDO (send_not_confirmed) -
29/5_17:30_4e             34610648642          ENVIADO      recordatorio FALLIDO (send_not_confirmed) -
29/5_17:30_4e             34610648642          ENVIADO      recordatorio enviado (48h) -
24/5_19:00_4e             34649515037          ENVIADO      POSITIVA                  review enviada

[2026-06-05 15:11:33] POSITIVO | Fotos nuevas: 0 | Envios OK: 0 | Envios FAIL: 0 | Reviews negativas: 0 | Fotos borradas: 0

=== SESIÓN 13:53-16:23 (05/06/2026) ===
RESERVA                   TELÉFONO             ESTADO       RESPUESTA                 REVIEW
-----------------------------------------------------------------------------------------------
30/5_19:00_4e             34625490565          ENVIADO      sin respuesta             -
30/5_20:30_4e             34665943110          ENVIADO      sin respuesta             -
23/5_17:30_maf            34603458949          ENVIADO      recordatorio enviado (reacción en foto) -
23/5_19:00_maf            34649814146          ENVIADO      POSITIVA                  review enviada
24/5_19:00_4e             34649515037          ENVIADO      recordatorio enviado (48h) -
24/5_16:10_csi            34635280014          ENVIADO      recordatorio enviado (48h) -
29/5_17:30_4e             34610648642          ENVIADO      recordatorio FALLIDO (send_not_confirmed) -
29/5_17:40_csi            34651560074          ENVIADO      POSITIVA                  review enviada
30/5_11:30_4e             34647357305          ENVIADO      recordatorio enviado (48h) -
30/5_14:40_csi            31657059941          ENVIADO      POSITIVA                  review enviada
30/5_20:30_4e             34665943110          ENVIADO      POSITIVA                  review enviada
23/5_16:00_4e             34635122835          ENVIADO      recordatorio FALLIDO (send_not_confirmed) -
24/5_16:10_csi            34635280014          ENVIADO      POSITIVA                  review enviada
29/5_17:30_4e             34610648642          ENVIADO      recordatorio FALLIDO (send_not_confirmed) -
30/5_19:00_4e             34625490565          ENVIADO      POSITIVA                  review enviada
23/5_16:00_4e             34635122835          ENVIADO      POSITIVA (reacción emoji en texto) review enviada
29/5_17:30_4e             34610648642          ENVIADO      recordatorio FALLIDO (send_not_confirmed) -
29/5_17:30_4e             34610648642          ENVIADO      recordatorio FALLIDO (send_not_confirmed) -
29/5_17:30_4e             34610648642          ENVIADO      recordatorio FALLIDO (send_not_confirmed) -
29/5_17:30_4e             34610648642          ENVIADO      recordatorio FALLIDO (send_not_confirmed) -
29/5_17:30_4e             34610648642          ENVIADO      recordatorio enviado (48h) -
24/5_19:00_4e             34649515037          ENVIADO      POSITIVA                  review enviada

[2026-06-05 15:28:03] POSITIVO | Fotos nuevas: 0 | Envios OK: 0 | Envios FAIL: 0 | Reviews negativas: 0 | Fotos borradas: 0

=== SESIÓN 13:53-16:23 (05/06/2026) ===
RESERVA                   TELÉFONO             ESTADO       RESPUESTA                 REVIEW
-----------------------------------------------------------------------------------------------
30/5_19:00_4e             34625490565          ENVIADO      sin respuesta             -
30/5_20:30_4e             34665943110          ENVIADO      sin respuesta             -
23/5_17:30_maf            34603458949          ENVIADO      recordatorio enviado (reacción en foto) -
23/5_19:00_maf            34649814146          ENVIADO      POSITIVA                  review enviada
24/5_19:00_4e             34649515037          ENVIADO      recordatorio enviado (48h) -
24/5_16:10_csi            34635280014          ENVIADO      recordatorio enviado (48h) -
29/5_17:30_4e             34610648642          ENVIADO      recordatorio FALLIDO (send_not_confirmed) -
29/5_17:40_csi            34651560074          ENVIADO      POSITIVA                  review enviada
30/5_11:30_4e             34647357305          ENVIADO      recordatorio enviado (48h) -
30/5_14:40_csi            31657059941          ENVIADO      POSITIVA                  review enviada
30/5_20:30_4e             34665943110          ENVIADO      POSITIVA                  review enviada
23/5_16:00_4e             34635122835          ENVIADO      recordatorio FALLIDO (send_not_confirmed) -
24/5_16:10_csi            34635280014          ENVIADO      POSITIVA                  review enviada
29/5_17:30_4e             34610648642          ENVIADO      recordatorio FALLIDO (send_not_confirmed) -
30/5_19:00_4e             34625490565          ENVIADO      POSITIVA                  review enviada
23/5_16:00_4e             34635122835          ENVIADO      POSITIVA (reacción emoji en texto) review enviada
29/5_17:30_4e             34610648642          ENVIADO      recordatorio FALLIDO (send_not_confirmed) -
29/5_17:30_4e             34610648642          ENVIADO      recordatorio FALLIDO (send_not_confirmed) -
29/5_17:30_4e             34610648642          ENVIADO      recordatorio FALLIDO (send_not_confirmed) -
29/5_17:30_4e             34610648642          ENVIADO      recordatorio FALLIDO (send_not_confirmed) -
29/5_17:30_4e             34610648642          ENVIADO      recordatorio enviado (48h) -
24/5_19:00_4e             34649515037          ENVIADO      POSITIVA                  review enviada

[2026-06-05 15:44:23] POSITIVO | Fotos nuevas: 0 | Envios OK: 0 | Envios FAIL: 0 | Reviews negativas: 0 | Fotos borradas: 0

=== SESIÓN 13:53-16:23 (05/06/2026) ===
RESERVA                   TELÉFONO             ESTADO       RESPUESTA                 REVIEW
-----------------------------------------------------------------------------------------------
30/5_19:00_4e             34625490565          ENVIADO      sin respuesta             -
30/5_20:30_4e             34665943110          ENVIADO      sin respuesta             -
23/5_17:30_maf            34603458949          ENVIADO      recordatorio enviado (reacción en foto) -
23/5_19:00_maf            34649814146          ENVIADO      POSITIVA                  review enviada
24/5_19:00_4e             34649515037          ENVIADO      recordatorio enviado (48h) -
24/5_16:10_csi            34635280014          ENVIADO      recordatorio enviado (48h) -
29/5_17:30_4e             34610648642          ENVIADO      recordatorio FALLIDO (send_not_confirmed) -
29/5_17:40_csi            34651560074          ENVIADO      POSITIVA                  review enviada
30/5_11:30_4e             34647357305          ENVIADO      recordatorio enviado (48h) -
30/5_14:40_csi            31657059941          ENVIADO      POSITIVA                  review enviada
30/5_20:30_4e             34665943110          ENVIADO      POSITIVA                  review enviada
23/5_16:00_4e             34635122835          ENVIADO      recordatorio FALLIDO (send_not_confirmed) -
24/5_16:10_csi            34635280014          ENVIADO      POSITIVA                  review enviada
29/5_17:30_4e             34610648642          ENVIADO      recordatorio FALLIDO (send_not_confirmed) -
30/5_19:00_4e             34625490565          ENVIADO      POSITIVA                  review enviada
23/5_16:00_4e             34635122835          ENVIADO      POSITIVA (reacción emoji en texto) review enviada
29/5_17:30_4e             34610648642          ENVIADO      recordatorio FALLIDO (send_not_confirmed) -
29/5_17:30_4e             34610648642          ENVIADO      recordatorio FALLIDO (send_not_confirmed) -
29/5_17:30_4e             34610648642          ENVIADO      recordatorio FALLIDO (send_not_confirmed) -
29/5_17:30_4e             34610648642          ENVIADO      recordatorio FALLIDO (send_not_confirmed) -
29/5_17:30_4e             34610648642          ENVIADO      recordatorio enviado (48h) -
24/5_19:00_4e             34649515037          ENVIADO      POSITIVA                  review enviada

[2026-06-05 16:00:50] POSITIVO | Fotos nuevas: 0 | Envios OK: 0 | Envios FAIL: 0 | Reviews negativas: 0 | Fotos borradas: 0

=== SESIÓN 13:53-16:23 (05/06/2026) ===
RESERVA                   TELÉFONO             ESTADO       RESPUESTA                 REVIEW
-----------------------------------------------------------------------------------------------
30/5_19:00_4e             34625490565          ENVIADO      sin respuesta             -
30/5_20:30_4e             34665943110          ENVIADO      sin respuesta             -
23/5_17:30_maf            34603458949          ENVIADO      recordatorio enviado (reacción en foto) -
23/5_19:00_maf            34649814146          ENVIADO      POSITIVA                  review enviada
24/5_19:00_4e             34649515037          ENVIADO      recordatorio enviado (48h) -
24/5_16:10_csi            34635280014          ENVIADO      recordatorio enviado (48h) -
29/5_17:30_4e             34610648642          ENVIADO      recordatorio FALLIDO (send_not_confirmed) -
29/5_17:40_csi            34651560074          ENVIADO      POSITIVA                  review enviada
30/5_11:30_4e             34647357305          ENVIADO      recordatorio enviado (48h) -
30/5_14:40_csi            31657059941          ENVIADO      POSITIVA                  review enviada
30/5_20:30_4e             34665943110          ENVIADO      POSITIVA                  review enviada
23/5_16:00_4e             34635122835          ENVIADO      recordatorio FALLIDO (send_not_confirmed) -
24/5_16:10_csi            34635280014          ENVIADO      POSITIVA                  review enviada
29/5_17:30_4e             34610648642          ENVIADO      recordatorio FALLIDO (send_not_confirmed) -
30/5_19:00_4e             34625490565          ENVIADO      POSITIVA                  review enviada
23/5_16:00_4e             34635122835          ENVIADO      POSITIVA (reacción emoji en texto) review enviada
29/5_17:30_4e             34610648642          ENVIADO      recordatorio FALLIDO (send_not_confirmed) -
29/5_17:30_4e             34610648642          ENVIADO      recordatorio FALLIDO (send_not_confirmed) -
29/5_17:30_4e             34610648642          ENVIADO      recordatorio FALLIDO (send_not_confirmed) -
29/5_17:30_4e             34610648642          ENVIADO      recordatorio FALLIDO (send_not_confirmed) -
29/5_17:30_4e             34610648642          ENVIADO      recordatorio enviado (48h) -
24/5_19:00_4e             34649515037          ENVIADO      POSITIVA                  review enviada

[2026-06-05 16:17:13] POSITIVO | Fotos nuevas: 0 | Envios OK: 0 | Envios FAIL: 0 | Reviews negativas: 0 | Fotos borradas: 0

=== SESIÓN 13:53-16:23 (05/06/2026) ===
RESERVA                   TELÉFONO             ESTADO       RESPUESTA                 REVIEW
-----------------------------------------------------------------------------------------------
30/5_19:00_4e             34625490565          ENVIADO      sin respuesta             -
30/5_20:30_4e             34665943110          ENVIADO      sin respuesta             -
23/5_17:30_maf            34603458949          ENVIADO      recordatorio enviado (reacción en foto) -
23/5_19:00_maf            34649814146          ENVIADO      POSITIVA                  review enviada
24/5_19:00_4e             34649515037          ENVIADO      recordatorio enviado (48h) -
24/5_16:10_csi            34635280014          ENVIADO      recordatorio enviado (48h) -
29/5_17:30_4e             34610648642          ENVIADO      recordatorio FALLIDO (send_not_confirmed) -
29/5_17:40_csi            34651560074          ENVIADO      POSITIVA                  review enviada
30/5_11:30_4e             34647357305          ENVIADO      recordatorio enviado (48h) -
30/5_14:40_csi            31657059941          ENVIADO      POSITIVA                  review enviada
30/5_20:30_4e             34665943110          ENVIADO      POSITIVA                  review enviada
23/5_16:00_4e             34635122835          ENVIADO      recordatorio FALLIDO (send_not_confirmed) -
24/5_16:10_csi            34635280014          ENVIADO      POSITIVA                  review enviada
29/5_17:30_4e             34610648642          ENVIADO      recordatorio FALLIDO (send_not_confirmed) -
30/5_19:00_4e             34625490565          ENVIADO      POSITIVA                  review enviada
23/5_16:00_4e             34635122835          ENVIADO      POSITIVA (reacción emoji en texto) review enviada
29/5_17:30_4e             34610648642          ENVIADO      recordatorio FALLIDO (send_not_confirmed) -
29/5_17:30_4e             34610648642          ENVIADO      recordatorio FALLIDO (send_not_confirmed) -
29/5_17:30_4e             34610648642          ENVIADO      recordatorio FALLIDO (send_not_confirmed) -
29/5_17:30_4e             34610648642          ENVIADO      recordatorio FALLIDO (send_not_confirmed) -
29/5_17:30_4e             34610648642          ENVIADO      recordatorio enviado (48h) -
24/5_19:00_4e             34649515037          ENVIADO      POSITIVA                  review enviada

[2026-06-05 16:33:33] POSITIVO | Fotos nuevas: 0 | Envios OK: 0 | Envios FAIL: 0 | Reviews negativas: 0 | Fotos borradas: 0

=== SESIÓN 13:53-16:23 (05/06/2026) ===
RESERVA                   TELÉFONO             ESTADO       RESPUESTA                 REVIEW
-----------------------------------------------------------------------------------------------
30/5_19:00_4e             34625490565          ENVIADO      sin respuesta             -
30/5_20:30_4e             34665943110          ENVIADO      sin respuesta             -
23/5_17:30_maf            34603458949          ENVIADO      recordatorio enviado (reacción en foto) -
23/5_19:00_maf            34649814146          ENVIADO      POSITIVA                  review enviada
24/5_19:00_4e             34649515037          ENVIADO      recordatorio enviado (48h) -
24/5_16:10_csi            34635280014          ENVIADO      recordatorio enviado (48h) -
29/5_17:30_4e             34610648642          ENVIADO      recordatorio FALLIDO (send_not_confirmed) -
29/5_17:40_csi            34651560074          ENVIADO      POSITIVA                  review enviada
30/5_11:30_4e             34647357305          ENVIADO      recordatorio enviado (48h) -
30/5_14:40_csi            31657059941          ENVIADO      POSITIVA                  review enviada
30/5_20:30_4e             34665943110          ENVIADO      POSITIVA                  review enviada
23/5_16:00_4e             34635122835          ENVIADO      recordatorio FALLIDO (send_not_confirmed) -
24/5_16:10_csi            34635280014          ENVIADO      POSITIVA                  review enviada
29/5_17:30_4e             34610648642          ENVIADO      recordatorio FALLIDO (send_not_confirmed) -
30/5_19:00_4e             34625490565          ENVIADO      POSITIVA                  review enviada
23/5_16:00_4e             34635122835          ENVIADO      POSITIVA (reacción emoji en texto) review enviada
29/5_17:30_4e             34610648642          ENVIADO      recordatorio FALLIDO (send_not_confirmed) -
29/5_17:30_4e             34610648642          ENVIADO      recordatorio FALLIDO (send_not_confirmed) -
29/5_17:30_4e             34610648642          ENVIADO      recordatorio FALLIDO (send_not_confirmed) -
29/5_17:30_4e             34610648642          ENVIADO      recordatorio FALLIDO (send_not_confirmed) -
29/5_17:30_4e             34610648642          ENVIADO      recordatorio enviado (48h) -
24/5_19:00_4e             34649515037          ENVIADO      POSITIVA                  review enviada

[2026-06-05 16:49:51] POSITIVO | Fotos nuevas: 0 | Envios OK: 0 | Envios FAIL: 0 | Reviews negativas: 0 | Fotos borradas: 0

=== SESIÓN 13:53-16:23 (05/06/2026) ===
RESERVA                   TELÉFONO             ESTADO       RESPUESTA                 REVIEW
-----------------------------------------------------------------------------------------------
30/5_19:00_4e             34625490565          ENVIADO      sin respuesta             -
30/5_20:30_4e             34665943110          ENVIADO      sin respuesta             -
23/5_17:30_maf            34603458949          ENVIADO      recordatorio enviado (reacción en foto) -
23/5_19:00_maf            34649814146          ENVIADO      POSITIVA                  review enviada
24/5_19:00_4e             34649515037          ENVIADO      recordatorio enviado (48h) -
24/5_16:10_csi            34635280014          ENVIADO      recordatorio enviado (48h) -
29/5_17:30_4e             34610648642          ENVIADO      recordatorio FALLIDO (send_not_confirmed) -
29/5_17:40_csi            34651560074          ENVIADO      POSITIVA                  review enviada
30/5_11:30_4e             34647357305          ENVIADO      recordatorio enviado (48h) -
30/5_14:40_csi            31657059941          ENVIADO      POSITIVA                  review enviada
30/5_20:30_4e             34665943110          ENVIADO      POSITIVA                  review enviada
23/5_16:00_4e             34635122835          ENVIADO      recordatorio FALLIDO (send_not_confirmed) -
24/5_16:10_csi            34635280014          ENVIADO      POSITIVA                  review enviada
29/5_17:30_4e             34610648642          ENVIADO      recordatorio FALLIDO (send_not_confirmed) -
30/5_19:00_4e             34625490565          ENVIADO      POSITIVA                  review enviada
23/5_16:00_4e             34635122835          ENVIADO      POSITIVA (reacción emoji en texto) review enviada
29/5_17:30_4e             34610648642          ENVIADO      recordatorio FALLIDO (send_not_confirmed) -
29/5_17:30_4e             34610648642          ENVIADO      recordatorio FALLIDO (send_not_confirmed) -
29/5_17:30_4e             34610648642          ENVIADO      recordatorio FALLIDO (send_not_confirmed) -
29/5_17:30_4e             34610648642          ENVIADO      recordatorio FALLIDO (send_not_confirmed) -
29/5_17:30_4e             34610648642          ENVIADO      recordatorio enviado (48h) -
24/5_19:00_4e             34649515037          ENVIADO      POSITIVA                  review enviada

[2026-06-05 17:06:10] POSITIVO | Fotos nuevas: 0 | Envios OK: 0 | Envios FAIL: 0 | Reviews negativas: 0 | Fotos borradas: 0

=== SESIÓN 13:53-16:23 (05/06/2026) ===
RESERVA                   TELÉFONO             ESTADO       RESPUESTA                 REVIEW
-----------------------------------------------------------------------------------------------
30/5_19:00_4e             34625490565          ENVIADO      sin respuesta             -
30/5_20:30_4e             34665943110          ENVIADO      sin respuesta             -
23/5_17:30_maf            34603458949          ENVIADO      recordatorio enviado (reacción en foto) -
23/5_19:00_maf            34649814146          ENVIADO      POSITIVA                  review enviada
24/5_19:00_4e             34649515037          ENVIADO      recordatorio enviado (48h) -
24/5_16:10_csi            34635280014          ENVIADO      recordatorio enviado (48h) -
29/5_17:30_4e             34610648642          ENVIADO      recordatorio FALLIDO (send_not_confirmed) -
29/5_17:40_csi            34651560074          ENVIADO      POSITIVA                  review enviada
30/5_11:30_4e             34647357305          ENVIADO      recordatorio enviado (48h) -
30/5_14:40_csi            31657059941          ENVIADO      POSITIVA                  review enviada
30/5_20:30_4e             34665943110          ENVIADO      POSITIVA                  review enviada
23/5_16:00_4e             34635122835          ENVIADO      recordatorio FALLIDO (send_not_confirmed) -
24/5_16:10_csi            34635280014          ENVIADO      POSITIVA                  review enviada
29/5_17:30_4e             34610648642          ENVIADO      recordatorio FALLIDO (send_not_confirmed) -
30/5_19:00_4e             34625490565          ENVIADO      POSITIVA                  review enviada
23/5_16:00_4e             34635122835          ENVIADO      POSITIVA (reacción emoji en texto) review enviada
29/5_17:30_4e             34610648642          ENVIADO      recordatorio FALLIDO (send_not_confirmed) -
29/5_17:30_4e             34610648642          ENVIADO      recordatorio FALLIDO (send_not_confirmed) -
29/5_17:30_4e             34610648642          ENVIADO      recordatorio FALLIDO (send_not_confirmed) -
29/5_17:30_4e             34610648642          ENVIADO      recordatorio FALLIDO (send_not_confirmed) -
29/5_17:30_4e             34610648642          ENVIADO      recordatorio enviado (48h) -
24/5_19:00_4e             34649515037          ENVIADO      POSITIVA                  review enviada

[2026-06-05 17:22:30] POSITIVO | Fotos nuevas: 0 | Envios OK: 0 | Envios FAIL: 0 | Reviews negativas: 0 | Fotos borradas: 0

=== SESIÓN 13:53-16:23 (05/06/2026) ===
RESERVA                   TELÉFONO             ESTADO       RESPUESTA                 REVIEW
-----------------------------------------------------------------------------------------------
30/5_19:00_4e             34625490565          ENVIADO      sin respuesta             -
30/5_20:30_4e             34665943110          ENVIADO      sin respuesta             -
23/5_17:30_maf            34603458949          ENVIADO      recordatorio enviado (reacción en foto) -
23/5_19:00_maf            34649814146          ENVIADO      POSITIVA                  review enviada
24/5_19:00_4e             34649515037          ENVIADO      recordatorio enviado (48h) -
24/5_16:10_csi            34635280014          ENVIADO      recordatorio enviado (48h) -
29/5_17:30_4e             34610648642          ENVIADO      recordatorio FALLIDO (send_not_confirmed) -
29/5_17:40_csi            34651560074          ENVIADO      POSITIVA                  review enviada
30/5_11:30_4e             34647357305          ENVIADO      recordatorio enviado (48h) -
30/5_14:40_csi            31657059941          ENVIADO      POSITIVA                  review enviada
30/5_20:30_4e             34665943110          ENVIADO      POSITIVA                  review enviada
23/5_16:00_4e             34635122835          ENVIADO      recordatorio FALLIDO (send_not_confirmed) -
24/5_16:10_csi            34635280014          ENVIADO      POSITIVA                  review enviada
29/5_17:30_4e             34610648642          ENVIADO      recordatorio FALLIDO (send_not_confirmed) -
30/5_19:00_4e             34625490565          ENVIADO      POSITIVA                  review enviada
23/5_16:00_4e             34635122835          ENVIADO      POSITIVA (reacción emoji en texto) review enviada
29/5_17:30_4e             34610648642          ENVIADO      recordatorio FALLIDO (send_not_confirmed) -
29/5_17:30_4e             34610648642          ENVIADO      recordatorio FALLIDO (send_not_confirmed) -
29/5_17:30_4e             34610648642          ENVIADO      recordatorio FALLIDO (send_not_confirmed) -
29/5_17:30_4e             34610648642          ENVIADO      recordatorio FALLIDO (send_not_confirmed) -
29/5_17:30_4e             34610648642          ENVIADO      recordatorio enviado (48h) -
24/5_19:00_4e             34649515037          ENVIADO      POSITIVA                  review enviada

[2026-06-05 17:38:51] POSITIVO | Fotos nuevas: 0 | Envios OK: 0 | Envios FAIL: 0 | Reviews negativas: 0 | Fotos borradas: 0

=== SESIÓN 13:53-16:23 (05/06/2026) ===
RESERVA                   TELÉFONO             ESTADO       RESPUESTA                 REVIEW
-----------------------------------------------------------------------------------------------
30/5_19:00_4e             34625490565          ENVIADO      sin respuesta             -
30/5_20:30_4e             34665943110          ENVIADO      sin respuesta             -
23/5_17:30_maf            34603458949          ENVIADO      recordatorio enviado (reacción en foto) -
23/5_19:00_maf            34649814146          ENVIADO      POSITIVA                  review enviada
24/5_19:00_4e             34649515037          ENVIADO      recordatorio enviado (48h) -
24/5_16:10_csi            34635280014          ENVIADO      recordatorio enviado (48h) -
29/5_17:30_4e             34610648642          ENVIADO      recordatorio FALLIDO (send_not_confirmed) -
29/5_17:40_csi            34651560074          ENVIADO      POSITIVA                  review enviada
30/5_11:30_4e             34647357305          ENVIADO      recordatorio enviado (48h) -
30/5_14:40_csi            31657059941          ENVIADO      POSITIVA                  review enviada
30/5_20:30_4e             34665943110          ENVIADO      POSITIVA                  review enviada
23/5_16:00_4e             34635122835          ENVIADO      recordatorio FALLIDO (send_not_confirmed) -
24/5_16:10_csi            34635280014          ENVIADO      POSITIVA                  review enviada
29/5_17:30_4e             34610648642          ENVIADO      recordatorio FALLIDO (send_not_confirmed) -
30/5_19:00_4e             34625490565          ENVIADO      POSITIVA                  review enviada
23/5_16:00_4e             34635122835          ENVIADO      POSITIVA (reacción emoji en texto) review enviada
29/5_17:30_4e             34610648642          ENVIADO      recordatorio FALLIDO (send_not_confirmed) -
29/5_17:30_4e             34610648642          ENVIADO      recordatorio FALLIDO (send_not_confirmed) -
29/5_17:30_4e             34610648642          ENVIADO      recordatorio FALLIDO (send_not_confirmed) -
29/5_17:30_4e             34610648642          ENVIADO      recordatorio FALLIDO (send_not_confirmed) -
29/5_17:30_4e             34610648642          ENVIADO      recordatorio enviado (48h) -
24/5_19:00_4e             34649515037          ENVIADO      POSITIVA                  review enviada

[2026-06-05 17:55:11] POSITIVO | Fotos nuevas: 0 | Envios OK: 0 | Envios FAIL: 0 | Reviews negativas: 0 | Fotos borradas: 0

=== SESIÓN 13:53-16:23 (05/06/2026) ===
RESERVA                   TELÉFONO             ESTADO       RESPUESTA                 REVIEW
-----------------------------------------------------------------------------------------------
30/5_19:00_4e             34625490565          ENVIADO      sin respuesta             -
30/5_20:30_4e             34665943110          ENVIADO      sin respuesta             -
23/5_17:30_maf            34603458949          ENVIADO      recordatorio enviado (reacción en foto) -
23/5_19:00_maf            34649814146          ENVIADO      POSITIVA                  review enviada
24/5_19:00_4e             34649515037          ENVIADO      recordatorio enviado (48h) -
24/5_16:10_csi            34635280014          ENVIADO      recordatorio enviado (48h) -
29/5_17:30_4e             34610648642          ENVIADO      recordatorio FALLIDO (send_not_confirmed) -
29/5_17:40_csi            34651560074          ENVIADO      POSITIVA                  review enviada
30/5_11:30_4e             34647357305          ENVIADO      recordatorio enviado (48h) -
30/5_14:40_csi            31657059941          ENVIADO      POSITIVA                  review enviada
30/5_20:30_4e             34665943110          ENVIADO      POSITIVA                  review enviada
23/5_16:00_4e             34635122835          ENVIADO      recordatorio FALLIDO (send_not_confirmed) -
24/5_16:10_csi            34635280014          ENVIADO      POSITIVA                  review enviada
29/5_17:30_4e             34610648642          ENVIADO      recordatorio FALLIDO (send_not_confirmed) -
30/5_19:00_4e             34625490565          ENVIADO      POSITIVA                  review enviada
23/5_16:00_4e             34635122835          ENVIADO      POSITIVA (reacción emoji en texto) review enviada
29/5_17:30_4e             34610648642          ENVIADO      recordatorio FALLIDO (send_not_confirmed) -
29/5_17:30_4e             34610648642          ENVIADO      recordatorio FALLIDO (send_not_confirmed) -
29/5_17:30_4e             34610648642          ENVIADO      recordatorio FALLIDO (send_not_confirmed) -
29/5_17:30_4e             34610648642          ENVIADO      recordatorio FALLIDO (send_not_confirmed) -
29/5_17:30_4e             34610648642          ENVIADO      recordatorio enviado (48h) -
24/5_19:00_4e             34649515037          ENVIADO      POSITIVA                  review enviada

[2026-06-05 18:11:37] POSITIVO | Fotos nuevas: 0 | Envios OK: 0 | Envios FAIL: 0 | Reviews negativas: 0 | Fotos borradas: 0

=== SESIÓN 13:53-16:23 (05/06/2026) ===
RESERVA                   TELÉFONO             ESTADO       RESPUESTA                 REVIEW
-----------------------------------------------------------------------------------------------
30/5_19:00_4e             34625490565          ENVIADO      sin respuesta             -
30/5_20:30_4e             34665943110          ENVIADO      sin respuesta             -
23/5_17:30_maf            34603458949          ENVIADO      recordatorio enviado (reacción en foto) -
23/5_19:00_maf            34649814146          ENVIADO      POSITIVA                  review enviada
24/5_19:00_4e             34649515037          ENVIADO      recordatorio enviado (48h) -
24/5_16:10_csi            34635280014          ENVIADO      recordatorio enviado (48h) -
29/5_17:30_4e             34610648642          ENVIADO      recordatorio FALLIDO (send_not_confirmed) -
29/5_17:40_csi            34651560074          ENVIADO      POSITIVA                  review enviada
30/5_11:30_4e             34647357305          ENVIADO      recordatorio enviado (48h) -
30/5_14:40_csi            31657059941          ENVIADO      POSITIVA                  review enviada
30/5_20:30_4e             34665943110          ENVIADO      POSITIVA                  review enviada
23/5_16:00_4e             34635122835          ENVIADO      recordatorio FALLIDO (send_not_confirmed) -
24/5_16:10_csi            34635280014          ENVIADO      POSITIVA                  review enviada
29/5_17:30_4e             34610648642          ENVIADO      recordatorio FALLIDO (send_not_confirmed) -
30/5_19:00_4e             34625490565          ENVIADO      POSITIVA                  review enviada
23/5_16:00_4e             34635122835          ENVIADO      POSITIVA (reacción emoji en texto) review enviada
29/5_17:30_4e             34610648642          ENVIADO      recordatorio FALLIDO (send_not_confirmed) -
29/5_17:30_4e             34610648642          ENVIADO      recordatorio FALLIDO (send_not_confirmed) -
29/5_17:30_4e             34610648642          ENVIADO      recordatorio FALLIDO (send_not_confirmed) -
29/5_17:30_4e             34610648642          ENVIADO      recordatorio FALLIDO (send_not_confirmed) -
29/5_17:30_4e             34610648642          ENVIADO      recordatorio enviado (48h) -
24/5_19:00_4e             34649515037          ENVIADO      POSITIVA                  review enviada

[2026-06-05 18:28:01] POSITIVO | Fotos nuevas: 0 | Envios OK: 0 | Envios FAIL: 0 | Reviews negativas: 0 | Fotos borradas: 0

=== SESIÓN 13:53-16:23 (05/06/2026) ===
RESERVA                   TELÉFONO             ESTADO       RESPUESTA                 REVIEW
-----------------------------------------------------------------------------------------------
30/5_19:00_4e             34625490565          ENVIADO      sin respuesta             -
30/5_20:30_4e             34665943110          ENVIADO      sin respuesta             -
23/5_17:30_maf            34603458949          ENVIADO      recordatorio enviado (reacción en foto) -
23/5_19:00_maf            34649814146          ENVIADO      POSITIVA                  review enviada
24/5_19:00_4e             34649515037          ENVIADO      recordatorio enviado (48h) -
24/5_16:10_csi            34635280014          ENVIADO      recordatorio enviado (48h) -
29/5_17:30_4e             34610648642          ENVIADO      recordatorio FALLIDO (send_not_confirmed) -
29/5_17:40_csi            34651560074          ENVIADO      POSITIVA                  review enviada
30/5_11:30_4e             34647357305          ENVIADO      recordatorio enviado (48h) -
30/5_14:40_csi            31657059941          ENVIADO      POSITIVA                  review enviada
30/5_20:30_4e             34665943110          ENVIADO      POSITIVA                  review enviada
23/5_16:00_4e             34635122835          ENVIADO      recordatorio FALLIDO (send_not_confirmed) -
24/5_16:10_csi            34635280014          ENVIADO      POSITIVA                  review enviada
29/5_17:30_4e             34610648642          ENVIADO      recordatorio FALLIDO (send_not_confirmed) -
30/5_19:00_4e             34625490565          ENVIADO      POSITIVA                  review enviada
23/5_16:00_4e             34635122835          ENVIADO      POSITIVA (reacción emoji en texto) review enviada
29/5_17:30_4e             34610648642          ENVIADO      recordatorio FALLIDO (send_not_confirmed) -
29/5_17:30_4e             34610648642          ENVIADO      recordatorio FALLIDO (send_not_confirmed) -
29/5_17:30_4e             34610648642          ENVIADO      recordatorio FALLIDO (send_not_confirmed) -
29/5_17:30_4e             34610648642          ENVIADO      recordatorio FALLIDO (send_not_confirmed) -
29/5_17:30_4e             34610648642          ENVIADO      recordatorio enviado (48h) -
24/5_19:00_4e             34649515037          ENVIADO      POSITIVA                  review enviada

[2026-06-05 18:44:17] POSITIVO | Fotos nuevas: 0 | Envios OK: 0 | Envios FAIL: 0 | Reviews negativas: 0 | Fotos borradas: 0

=== SESIÓN 13:53-16:23 (05/06/2026) ===
RESERVA                   TELÉFONO             ESTADO       RESPUESTA                 REVIEW
-----------------------------------------------------------------------------------------------
30/5_19:00_4e             34625490565          ENVIADO      sin respuesta             -
30/5_20:30_4e             34665943110          ENVIADO      sin respuesta             -
23/5_17:30_maf            34603458949          ENVIADO      recordatorio enviado (reacción en foto) -
23/5_19:00_maf            34649814146          ENVIADO      POSITIVA                  review enviada
24/5_19:00_4e             34649515037          ENVIADO      recordatorio enviado (48h) -
24/5_16:10_csi            34635280014          ENVIADO      recordatorio enviado (48h) -
29/5_17:30_4e             34610648642          ENVIADO      recordatorio FALLIDO (send_not_confirmed) -
29/5_17:40_csi            34651560074          ENVIADO      POSITIVA                  review enviada
30/5_11:30_4e             34647357305          ENVIADO      recordatorio enviado (48h) -
30/5_14:40_csi            31657059941          ENVIADO      POSITIVA                  review enviada
30/5_20:30_4e             34665943110          ENVIADO      POSITIVA                  review enviada
23/5_16:00_4e             34635122835          ENVIADO      recordatorio FALLIDO (send_not_confirmed) -
24/5_16:10_csi            34635280014          ENVIADO      POSITIVA                  review enviada
29/5_17:30_4e             34610648642          ENVIADO      recordatorio FALLIDO (send_not_confirmed) -
30/5_19:00_4e             34625490565          ENVIADO      POSITIVA                  review enviada
23/5_16:00_4e             34635122835          ENVIADO      POSITIVA (reacción emoji en texto) review enviada
29/5_17:30_4e             34610648642          ENVIADO      recordatorio FALLIDO (send_not_confirmed) -
29/5_17:30_4e             34610648642          ENVIADO      recordatorio FALLIDO (send_not_confirmed) -
29/5_17:30_4e             34610648642          ENVIADO      recordatorio FALLIDO (send_not_confirmed) -
29/5_17:30_4e             34610648642          ENVIADO      recordatorio FALLIDO (send_not_confirmed) -
29/5_17:30_4e             34610648642          ENVIADO      recordatorio enviado (48h) -
24/5_19:00_4e             34649515037          ENVIADO      POSITIVA                  review enviada

[2026-06-05 19:00:32] POSITIVO | Fotos nuevas: 0 | Envios OK: 0 | Envios FAIL: 0 | Reviews negativas: 0 | Fotos borradas: 0

=== SESIÓN 13:53-19:19 (05/06/2026) ===
RESERVA                   TELÉFONO             ESTADO       RESPUESTA                 REVIEW
-----------------------------------------------------------------------------------------------
30/5_19:00_4e             34625490565          ENVIADO      sin respuesta             -
30/5_20:30_4e             34665943110          ENVIADO      sin respuesta             -
23/5_17:30_maf            34603458949          ENVIADO      recordatorio enviado (reacción en foto) -
23/5_19:00_maf            34649814146          ENVIADO      POSITIVA                  review enviada
24/5_19:00_4e             34649515037          ENVIADO      recordatorio enviado (48h) -
24/5_16:10_csi            34635280014          ENVIADO      recordatorio enviado (48h) -
29/5_17:30_4e             34610648642          ENVIADO      recordatorio FALLIDO (send_not_confirmed) -
29/5_17:40_csi            34651560074          ENVIADO      POSITIVA                  review enviada
30/5_11:30_4e             34647357305          ENVIADO      recordatorio enviado (48h) -
30/5_14:40_csi            31657059941          ENVIADO      POSITIVA                  review enviada
30/5_20:30_4e             34665943110          ENVIADO      POSITIVA                  review enviada
23/5_16:00_4e             34635122835          ENVIADO      recordatorio FALLIDO (send_not_confirmed) -
24/5_16:10_csi            34635280014          ENVIADO      POSITIVA                  review enviada
29/5_17:30_4e             34610648642          ENVIADO      recordatorio FALLIDO (send_not_confirmed) -
30/5_19:00_4e             34625490565          ENVIADO      POSITIVA                  review enviada
23/5_16:00_4e             34635122835          ENVIADO      POSITIVA (reacción emoji en texto) review enviada
29/5_17:30_4e             34610648642          ENVIADO      recordatorio FALLIDO (send_not_confirmed) -
29/5_17:30_4e             34610648642          ENVIADO      recordatorio FALLIDO (send_not_confirmed) -
29/5_17:30_4e             34610648642          ENVIADO      recordatorio FALLIDO (send_not_confirmed) -
29/5_17:30_4e             34610648642          ENVIADO      recordatorio FALLIDO (send_not_confirmed) -
29/5_17:30_4e             34610648642          ENVIADO      recordatorio enviado (48h) -
24/5_19:00_4e             34649515037          ENVIADO      POSITIVA                  review enviada
5/6_17:30_4e/csi          34%C2%A0661%C2%A017%C2%A038%C2%A050%E2%80%AC FALLIDO (intento 1) -                         -

[2026-06-05 19:19:42] NEGATIVO | Fotos nuevas: 1 | Envios OK: 0 | Envios FAIL: 1 | Reviews negativas: 0 | Fotos borradas: 0

=== SESIÓN 13:53-19:19 (05/06/2026) ===
RESERVA                   TELÉFONO             ESTADO       RESPUESTA                 REVIEW
-----------------------------------------------------------------------------------------------
30/5_19:00_4e             34625490565          ENVIADO      sin respuesta             -
30/5_20:30_4e             34665943110          ENVIADO      sin respuesta             -
23/5_17:30_maf            34603458949          ENVIADO      recordatorio enviado (reacción en foto) -
23/5_19:00_maf            34649814146          ENVIADO      POSITIVA                  review enviada
24/5_19:00_4e             34649515037          ENVIADO      recordatorio enviado (48h) -
24/5_16:10_csi            34635280014          ENVIADO      recordatorio enviado (48h) -
29/5_17:30_4e             34610648642          ENVIADO      recordatorio FALLIDO (send_not_confirmed) -
29/5_17:40_csi            34651560074          ENVIADO      POSITIVA                  review enviada
30/5_11:30_4e             34647357305          ENVIADO      recordatorio enviado (48h) -
30/5_14:40_csi            31657059941          ENVIADO      POSITIVA                  review enviada
30/5_20:30_4e             34665943110          ENVIADO      POSITIVA                  review enviada
23/5_16:00_4e             34635122835          ENVIADO      recordatorio FALLIDO (send_not_confirmed) -
24/5_16:10_csi            34635280014          ENVIADO      POSITIVA                  review enviada
29/5_17:30_4e             34610648642          ENVIADO      recordatorio FALLIDO (send_not_confirmed) -
30/5_19:00_4e             34625490565          ENVIADO      POSITIVA                  review enviada
23/5_16:00_4e             34635122835          ENVIADO      POSITIVA (reacción emoji en texto) review enviada
29/5_17:30_4e             34610648642          ENVIADO      recordatorio FALLIDO (send_not_confirmed) -
29/5_17:30_4e             34610648642          ENVIADO      recordatorio FALLIDO (send_not_confirmed) -
29/5_17:30_4e             34610648642          ENVIADO      recordatorio FALLIDO (send_not_confirmed) -
29/5_17:30_4e             34610648642          ENVIADO      recordatorio FALLIDO (send_not_confirmed) -
29/5_17:30_4e             34610648642          ENVIADO      recordatorio enviado (48h) -
24/5_19:00_4e             34649515037          ENVIADO      POSITIVA                  review enviada
5/6_17:30_4e/csi          34%C2%A0661%C2%A017%C2%A038%C2%A050%E2%80%AC FALLIDO (intento 1) -                         -

[2026-06-05 19:35:58] NEGATIVO | Fotos nuevas: 0 | Envios OK: 0 | Envios FAIL: 1 | Reviews negativas: 0 | Fotos borradas: 0

=== SESIÓN 13:53-19:19 (05/06/2026) ===
RESERVA                   TELÉFONO             ESTADO       RESPUESTA                 REVIEW
-----------------------------------------------------------------------------------------------
30/5_19:00_4e             34625490565          ENVIADO      sin respuesta             -
30/5_20:30_4e             34665943110          ENVIADO      sin respuesta             -
23/5_17:30_maf            34603458949          ENVIADO      recordatorio enviado (reacción en foto) -
23/5_19:00_maf            34649814146          ENVIADO      POSITIVA                  review enviada
24/5_19:00_4e             34649515037          ENVIADO      recordatorio enviado (48h) -
24/5_16:10_csi            34635280014          ENVIADO      recordatorio enviado (48h) -
29/5_17:30_4e             34610648642          ENVIADO      recordatorio FALLIDO (send_not_confirmed) -
29/5_17:40_csi            34651560074          ENVIADO      POSITIVA                  review enviada
30/5_11:30_4e             34647357305          ENVIADO      recordatorio enviado (48h) -
30/5_14:40_csi            31657059941          ENVIADO      POSITIVA                  review enviada
30/5_20:30_4e             34665943110          ENVIADO      POSITIVA                  review enviada
23/5_16:00_4e             34635122835          ENVIADO      recordatorio FALLIDO (send_not_confirmed) -
24/5_16:10_csi            34635280014          ENVIADO      POSITIVA                  review enviada
29/5_17:30_4e             34610648642          ENVIADO      recordatorio FALLIDO (send_not_confirmed) -
30/5_19:00_4e             34625490565          ENVIADO      POSITIVA                  review enviada
23/5_16:00_4e             34635122835          ENVIADO      POSITIVA (reacción emoji en texto) review enviada
29/5_17:30_4e             34610648642          ENVIADO      recordatorio FALLIDO (send_not_confirmed) -
29/5_17:30_4e             34610648642          ENVIADO      recordatorio FALLIDO (send_not_confirmed) -
29/5_17:30_4e             34610648642          ENVIADO      recordatorio FALLIDO (send_not_confirmed) -
29/5_17:30_4e             34610648642          ENVIADO      recordatorio FALLIDO (send_not_confirmed) -
29/5_17:30_4e             34610648642          ENVIADO      recordatorio enviado (48h) -
24/5_19:00_4e             34649515037          ENVIADO      POSITIVA                  review enviada
5/6_17:30_4e/csi          34%C2%A0661%C2%A017%C2%A038%C2%A050%E2%80%AC FALLIDO (intento 1) -                         -

[2026-06-05 19:52:14] NEGATIVO | Fotos nuevas: 0 | Envios OK: 0 | Envios FAIL: 1 | Reviews negativas: 0 | Fotos borradas: 0

=== SESIÓN 13:53-19:19 (05/06/2026) ===
RESERVA                   TELÉFONO             ESTADO       RESPUESTA                 REVIEW
-----------------------------------------------------------------------------------------------
30/5_19:00_4e             34625490565          ENVIADO      sin respuesta             -
30/5_20:30_4e             34665943110          ENVIADO      sin respuesta             -
23/5_17:30_maf            34603458949          ENVIADO      recordatorio enviado (reacción en foto) -
23/5_19:00_maf            34649814146          ENVIADO      POSITIVA                  review enviada
24/5_19:00_4e             34649515037          ENVIADO      recordatorio enviado (48h) -
24/5_16:10_csi            34635280014          ENVIADO      recordatorio enviado (48h) -
29/5_17:30_4e             34610648642          ENVIADO      recordatorio FALLIDO (send_not_confirmed) -
29/5_17:40_csi            34651560074          ENVIADO      POSITIVA                  review enviada
30/5_11:30_4e             34647357305          ENVIADO      recordatorio enviado (48h) -
30/5_14:40_csi            31657059941          ENVIADO      POSITIVA                  review enviada
30/5_20:30_4e             34665943110          ENVIADO      POSITIVA                  review enviada
23/5_16:00_4e             34635122835          ENVIADO      recordatorio FALLIDO (send_not_confirmed) -
24/5_16:10_csi            34635280014          ENVIADO      POSITIVA                  review enviada
29/5_17:30_4e             34610648642          ENVIADO      recordatorio FALLIDO (send_not_confirmed) -
30/5_19:00_4e             34625490565          ENVIADO      POSITIVA                  review enviada
23/5_16:00_4e             34635122835          ENVIADO      POSITIVA (reacción emoji en texto) review enviada
29/5_17:30_4e             34610648642          ENVIADO      recordatorio FALLIDO (send_not_confirmed) -
29/5_17:30_4e             34610648642          ENVIADO      recordatorio FALLIDO (send_not_confirmed) -
29/5_17:30_4e             34610648642          ENVIADO      recordatorio FALLIDO (send_not_confirmed) -
29/5_17:30_4e             34610648642          ENVIADO      recordatorio FALLIDO (send_not_confirmed) -
29/5_17:30_4e             34610648642          ENVIADO      recordatorio enviado (48h) -
24/5_19:00_4e             34649515037          ENVIADO      POSITIVA                  review enviada
5/6_17:30_4e/csi          34%C2%A0661%C2%A017%C2%A038%C2%A050%E2%80%AC FALLIDO (intento 1) -                         -

[2026-06-05 20:08:30] NEGATIVO | Fotos nuevas: 0 | Envios OK: 0 | Envios FAIL: 1 | Reviews negativas: 0 | Fotos borradas: 0

=== SESIÓN 13:53-19:19 (05/06/2026) ===
RESERVA                   TELÉFONO             ESTADO       RESPUESTA                 REVIEW
-----------------------------------------------------------------------------------------------
30/5_19:00_4e             34625490565          ENVIADO      sin respuesta             -
30/5_20:30_4e             34665943110          ENVIADO      sin respuesta             -
23/5_17:30_maf            34603458949          ENVIADO      recordatorio enviado (reacción en foto) -
23/5_19:00_maf            34649814146          ENVIADO      POSITIVA                  review enviada
24/5_19:00_4e             34649515037          ENVIADO      recordatorio enviado (48h) -
24/5_16:10_csi            34635280014          ENVIADO      recordatorio enviado (48h) -
29/5_17:30_4e             34610648642          ENVIADO      recordatorio FALLIDO (send_not_confirmed) -
29/5_17:40_csi            34651560074          ENVIADO      POSITIVA                  review enviada
30/5_11:30_4e             34647357305          ENVIADO      recordatorio enviado (48h) -
30/5_14:40_csi            31657059941          ENVIADO      POSITIVA                  review enviada
30/5_20:30_4e             34665943110          ENVIADO      POSITIVA                  review enviada
23/5_16:00_4e             34635122835          ENVIADO      recordatorio FALLIDO (send_not_confirmed) -
24/5_16:10_csi            34635280014          ENVIADO      POSITIVA                  review enviada
29/5_17:30_4e             34610648642          ENVIADO      recordatorio FALLIDO (send_not_confirmed) -
30/5_19:00_4e             34625490565          ENVIADO      POSITIVA                  review enviada
23/5_16:00_4e             34635122835          ENVIADO      POSITIVA (reacción emoji en texto) review enviada
29/5_17:30_4e             34610648642          ENVIADO      recordatorio FALLIDO (send_not_confirmed) -
29/5_17:30_4e             34610648642          ENVIADO      recordatorio FALLIDO (send_not_confirmed) -
29/5_17:30_4e             34610648642          ENVIADO      recordatorio FALLIDO (send_not_confirmed) -
29/5_17:30_4e             34610648642          ENVIADO      recordatorio FALLIDO (send_not_confirmed) -
29/5_17:30_4e             34610648642          ENVIADO      recordatorio enviado (48h) -
24/5_19:00_4e             34649515037          ENVIADO      POSITIVA                  review enviada
5/6_17:30_4e/csi          34%C2%A0661%C2%A017%C2%A038%C2%A050%E2%80%AC FALLIDO (intento 1) -                         -

[2026-06-05 20:24:45] NEGATIVO | Fotos nuevas: 0 | Envios OK: 0 | Envios FAIL: 1 | Reviews negativas: 0 | Fotos borradas: 0
