[2026-04-17 10:02:55] POSITIVO | Fotos nuevas: 0 | Envios OK: 0 | Envios FAIL: 0 | Reviews negativas: 0 | Fotos borradas: 0
[2026-04-17 10:17:31] POSITIVO | Fotos nuevas: 0 | Envios OK: 0 | Envios FAIL: 0 | Reviews negativas: 0 | Fotos borradas: 0
[2026-04-17 10:32:34] POSITIVO | Fotos nuevas: 0 | Envios OK: 0 | Envios FAIL: 0 | Reviews negativas: 0 | Fotos borradas: 0
[2026-04-17 10:47:31] POSITIVO | Fotos nuevas: 0 | Envios OK: 0 | Envios FAIL: 0 | Reviews negativas: 0 | Fotos borradas: 0
[2026-04-17 11:02:30] POSITIVO | Fotos nuevas: 0 | Envios OK: 0 | Envios FAIL: 0 | Reviews negativas: 0 | Fotos borradas: 0
[2026-04-17 11:17:31] POSITIVO | Fotos nuevas: 0 | Envios OK: 0 | Envios FAIL: 0 | Reviews negativas: 0 | Fotos borradas: 0
[2026-04-17 11:32:31] POSITIVO | Fotos nuevas: 0 | Envios OK: 0 | Envios FAIL: 0 | Reviews negativas: 0 | Fotos borradas: 0
[2026-04-17 11:47:37] POSITIVO | Fotos nuevas: 0 | Envios OK: 0 | Envios FAIL: 0 | Reviews negativas: 0 | Fotos borradas: 0
[2026-04-17 12:02:43] POSITIVO | Fotos nuevas: 0 | Envios OK: 0 | Envios FAIL: 0 | Reviews negativas: 0 | Fotos borradas: 0
[2026-04-17 12:17:31] POSITIVO | Fotos nuevas: 0 | Envios OK: 0 | Envios FAIL: 0 | Reviews negativas: 0 | Fotos borradas: 0
[2026-04-17 12:32:30] POSITIVO | Fotos nuevas: 0 | Envios OK: 0 | Envios FAIL: 0 | Reviews negativas: 0 | Fotos borradas: 0
[2026-04-17 12:47:32] POSITIVO | Fotos nuevas: 0 | Envios OK: 0 | Envios FAIL: 0 | Reviews negativas: 0 | Fotos borradas: 0
[2026-04-17 13:02:30] POSITIVO | Fotos nuevas: 0 | Envios OK: 0 | Envios FAIL: 0 | Reviews negativas: 0 | Fotos borradas: 0
[2026-04-17 13:17:30] POSITIVO | Fotos nuevas: 0 | Envios OK: 0 | Envios FAIL: 0 | Reviews negativas: 0 | Fotos borradas: 0
[2026-04-17 13:32:36] POSITIVO | Fotos nuevas: 0 | Envios OK: 0 | Envios FAIL: 0 | Reviews negativas: 0 | Fotos borradas: 0
[2026-04-17 13:47:40] POSITIVO | Fotos nuevas: 0 | Envios OK: 0 | Envios FAIL: 0 | Reviews negativas: 0 | Fotos borradas: 0
[2026-04-17 14:02:50] POSITIVO | Fotos nuevas: 0 | Envios OK: 0 | Envios FAIL: 0 | Reviews negativas: 0 | Fotos borradas: 0
[2026-04-17 14:17:49] POSITIVO | Fotos nuevas: 0 | Envios OK: 0 | Envios FAIL: 0 | Reviews negativas: 0 | Fotos borradas: 0
[2026-04-17 14:32:54] POSITIVO | Fotos nuevas: 0 | Envios OK: 0 | Envios FAIL: 0 | Reviews negativas: 0 | Fotos borradas: 0
[2026-04-17 14:47:47] POSITIVO | Fotos nuevas: 0 | Envios OK: 0 | Envios FAIL: 0 | Reviews negativas: 0 | Fotos borradas: 0
[2026-04-17 15:03:00] POSITIVO | Fotos nuevas: 0 | Envios OK: 0 | Envios FAIL: 0 | Reviews negativas: 0 | Fotos borradas: 0
[2026-04-17 15:17:55] POSITIVO | Fotos nuevas: 0 | Envios OK: 0 | Envios FAIL: 0 | Reviews negativas: 0 | Fotos borradas: 0
[2026-04-17 15:32:48] POSITIVO | Fotos nuevas: 0 | Envios OK: 0 | Envios FAIL: 0 | Reviews negativas: 0 | Fotos borradas: 0
[2026-04-17 15:47:48] POSITIVO | Fotos nuevas: 0 | Envios OK: 0 | Envios FAIL: 0 | Reviews negativas: 0 | Fotos borradas: 0
[2026-04-17 16:02:56] POSITIVO | Fotos nuevas: 0 | Envios OK: 0 | Envios FAIL: 0 | Reviews negativas: 0 | Fotos borradas: 0
[2026-04-17 16:18:06] POSITIVO | Fotos nuevas: 0 | Envios OK: 0 | Envios FAIL: 0 | Reviews negativas: 0 | Fotos borradas: 0
[2026-04-17 16:32:52] POSITIVO | Fotos nuevas: 0 | Envios OK: 0 | Envios FAIL: 0 | Reviews negativas: 0 | Fotos borradas: 0
[2026-04-17 16:48:01] POSITIVO | Fotos nuevas: 0 | Envios OK: 0 | Envios FAIL: 0 | Reviews negativas: 0 | Fotos borradas: 0
[2026-04-17 17:02:52] POSITIVO | Fotos nuevas: 0 | Envios OK: 0 | Envios FAIL: 0 | Reviews negativas: 0 | Fotos borradas: 0
[2026-04-17 17:17:54] POSITIVO | Fotos nuevas: 0 | Envios OK: 0 | Envios FAIL: 0 | Reviews negativas: 0 | Fotos borradas: 0
[2026-04-17 17:32:50] POSITIVO | Fotos nuevas: 0 | Envios OK: 0 | Envios FAIL: 0 | Reviews negativas: 0 | Fotos borradas: 0
[2026-04-17 17:48:05] POSITIVO | Fotos nuevas: 0 | Envios OK: 0 | Envios FAIL: 0 | Reviews negativas: 0 | Fotos borradas: 0
[2026-04-17 18:02:55] POSITIVO | Fotos nuevas: 0 | Envios OK: 0 | Envios FAIL: 0 | Reviews negativas: 0 | Fotos borradas: 0
[2026-04-17 18:17:50] POSITIVO | Fotos nuevas: 0 | Envios OK: 0 | Envios FAIL: 0 | Reviews negativas: 0 | Fotos borradas: 0
[2026-04-17 18:32:52] POSITIVO | Fotos nuevas: 0 | Envios OK: 0 | Envios FAIL: 0 | Reviews negativas: 0 | Fotos borradas: 0
[2026-04-17 18:47:46] POSITIVO | Fotos nuevas: 0 | Envios OK: 0 | Envios FAIL: 0 | Reviews negativas: 0 | Fotos borradas: 0

=== SESIÓN 19:04-19:04 (17/04/2026) ===
RESERVA                   TELÉFONO             ESTADO       RESPUESTA                 REVIEW
-----------------------------------------------------------------------------------------------
17/4_17:40_csi            34%C2%A0607%C2%A098%C2%A019%C2%A068%E2%80%AC ENVIADO      sin respuesta             -

[2026-04-17 19:06:10] POSITIVO | Fotos nuevas: 1 | Envios OK: 1 | Envios FAIL: 0 | Reviews negativas: 0 | Fotos borradas: 0
[2026-04-17 19:18:08] POSITIVO | Fotos nuevas: 0 | Envios OK: 1 | Envios FAIL: 0 | Reviews negativas: 0 | Fotos borradas: 0

=== SESIÓN 19:39-19:40 (17/04/2026) ===
RESERVA                   TELÉFONO             ESTADO       RESPUESTA                 REVIEW
-----------------------------------------------------------------------------------------------
10/4_19:00_4e             34617729709          FALLIDO (intento 1) -                         -
10/4_19:10_csi            34662100781          ENVIADO      sin respuesta             -

[2026-04-17 19:42:13] NEGATIVO | Fotos nuevas: 13 | Envios OK: 2 | Envios FAIL: 1 | Reviews negativas: 0 | Fotos borradas: 1
[2026-04-17 19:48:36] NEGATIVO | Fotos nuevas: 0 | Envios OK: 2 | Envios FAIL: 1 | Reviews negativas: 0 | Fotos borradas: 0

=== SESIÓN 20:04-20:04 (17/04/2026) ===
RESERVA                   TELÉFONO             ESTADO       RESPUESTA                 REVIEW
-----------------------------------------------------------------------------------------------
17/4_19:10_csi            46720267726          ENVIADO      sin respuesta             -

[2026-04-17 20:06:27] NEGATIVO | Fotos nuevas: 1 | Envios OK: 3 | Envios FAIL: 1 | Reviews negativas: 0 | Fotos borradas: 0
[2026-04-17 20:18:49] NEGATIVO | Fotos nuevas: 0 | Envios OK: 3 | Envios FAIL: 1 | Reviews negativas: 0 | Fotos borradas: 0
[2026-04-17 20:33:40] NEGATIVO | Fotos nuevas: 0 | Envios OK: 3 | Envios FAIL: 1 | Reviews negativas: 0 | Fotos borradas: 0
[2026-04-17 20:48:30] NEGATIVO | Fotos nuevas: 0 | Envios OK: 3 | Envios FAIL: 1 | Reviews negativas: 0 | Fotos borradas: 0
[2026-04-17 21:03:30] NEGATIVO | Fotos nuevas: 0 | Envios OK: 3 | Envios FAIL: 1 | Reviews negativas: 0 | Fotos borradas: 0
[2026-04-17 21:19:34] NEGATIVO | Fotos nuevas: 1 | Envios OK: 3 | Envios FAIL: 1 | Reviews negativas: 0 | Fotos borradas: 0
[2026-04-17 21:33:56] NEGATIVO | Fotos nuevas: 0 | Envios OK: 3 | Envios FAIL: 1 | Reviews negativas: 0 | Fotos borradas: 0
[2026-04-17 21:48:55] NEGATIVO | Fotos nuevas: 0 | Envios OK: 3 | Envios FAIL: 1 | Reviews negativas: 0 | Fotos borradas: 0
[2026-04-17 22:03:53] NEGATIVO | Fotos nuevas: 0 | Envios OK: 3 | Envios FAIL: 1 | Reviews negativas: 0 | Fotos borradas: 0
