
=== SESIÓN 18:25-20:15 (01/06/2026) ===
RESERVA                   TELÉFONO             ESTADO       RESPUESTA                 REVIEW
-----------------------------------------------------------------------------------------------
31/5_16:10_csi            34%C2%A0722%C2%A080%C2%A042%C2%A083%E2%80%AC ENVIADO      sin respuesta             -
31/5_16:10_csi            34%C2%A0722%C2%A080%C2%A042%C2%A083%E2%80%AC ENVIADO      recordatorio FALLIDO reacción en foto (send_not_confirmed) -
31/5_16:10_csi            34%C2%A0722%C2%A080%C2%A042%C2%A083%E2%80%AC ENVIADO      recordatorio FALLIDO reacción en foto (send_not_confirmed) -
31/5_16:10_csi            34%C2%A0722%C2%A080%C2%A042%C2%A083%E2%80%AC ENVIADO      recordatorio FALLIDO reacción en foto (send_not_confirmed) -
31/5_16:10_csi            34%C2%A0722%C2%A080%C2%A042%C2%A083%E2%80%AC ENVIADO      recordatorio FALLIDO reacción en foto (send_not_confirmed) -
31/5_16:10_csi            34%C2%A0722%C2%A080%C2%A042%C2%A083%E2%80%AC ENVIADO      recordatorio FALLIDO reacción en foto (send_not_confirmed) -

[2026-06-01 10:04:17] POSITIVO | Fotos nuevas: 0 | Envios OK: 0 | Envios FAIL: 0 | Reviews negativas: 0 | Fotos borradas: 0

=== SESIÓN 18:25-20:15 (01/06/2026) ===
RESERVA                   TELÉFONO             ESTADO       RESPUESTA                 REVIEW
-----------------------------------------------------------------------------------------------
31/5_16:10_csi            34%C2%A0722%C2%A080%C2%A042%C2%A083%E2%80%AC ENVIADO      sin respuesta             -
31/5_16:10_csi            34%C2%A0722%C2%A080%C2%A042%C2%A083%E2%80%AC ENVIADO      recordatorio FALLIDO reacción en foto (send_not_confirmed) -
31/5_16:10_csi            34%C2%A0722%C2%A080%C2%A042%C2%A083%E2%80%AC ENVIADO      recordatorio FALLIDO reacción en foto (send_not_confirmed) -
31/5_16:10_csi            34%C2%A0722%C2%A080%C2%A042%C2%A083%E2%80%AC ENVIADO      recordatorio FALLIDO reacción en foto (send_not_confirmed) -
31/5_16:10_csi            34%C2%A0722%C2%A080%C2%A042%C2%A083%E2%80%AC ENVIADO      recordatorio FALLIDO reacción en foto (send_not_confirmed) -
31/5_16:10_csi            34%C2%A0722%C2%A080%C2%A042%C2%A083%E2%80%AC ENVIADO      recordatorio FALLIDO reacción en foto (send_not_confirmed) -

[2026-06-01 10:22:18] POSITIVO | Fotos nuevas: 0 | Envios OK: 0 | Envios FAIL: 0 | Reviews negativas: 0 | Fotos borradas: 0

=== SESIÓN 18:25-10:40 (01/06/2026) ===
RESERVA                   TELÉFONO             ESTADO       RESPUESTA                 REVIEW
-----------------------------------------------------------------------------------------------
31/5_16:10_csi            34%C2%A0722%C2%A080%C2%A042%C2%A083%E2%80%AC ENVIADO      sin respuesta             -
31/5_16:10_csi            34%C2%A0722%C2%A080%C2%A042%C2%A083%E2%80%AC ENVIADO      recordatorio FALLIDO reacción en foto (send_not_confirmed) -
31/5_16:10_csi            34%C2%A0722%C2%A080%C2%A042%C2%A083%E2%80%AC ENVIADO      recordatorio FALLIDO reacción en foto (send_not_confirmed) -
31/5_16:10_csi            34%C2%A0722%C2%A080%C2%A042%C2%A083%E2%80%AC ENVIADO      recordatorio FALLIDO reacción en foto (send_not_confirmed) -
31/5_16:10_csi            34%C2%A0722%C2%A080%C2%A042%C2%A083%E2%80%AC ENVIADO      recordatorio FALLIDO reacción en foto (send_not_confirmed) -
31/5_16:10_csi            34%C2%A0722%C2%A080%C2%A042%C2%A083%E2%80%AC ENVIADO      recordatorio FALLIDO reacción en foto (send_not_confirmed) -
31/5_16:10_csi            34%C2%A0722%C2%A080%C2%A042%C2%A083%E2%80%AC ENVIADO      POSITIVA (reacción emoji en texto) review enviada

[2026-06-01 10:40:41] POSITIVO | Fotos nuevas: 0 | Envios OK: 0 | Envios FAIL: 0 | Reviews negativas: 0 | Fotos borradas: 0

=== SESIÓN 18:25-10:40 (01/06/2026) ===
RESERVA                   TELÉFONO             ESTADO       RESPUESTA                 REVIEW
-----------------------------------------------------------------------------------------------
31/5_16:10_csi            34%C2%A0722%C2%A080%C2%A042%C2%A083%E2%80%AC ENVIADO      sin respuesta             -
31/5_16:10_csi            34%C2%A0722%C2%A080%C2%A042%C2%A083%E2%80%AC ENVIADO      recordatorio FALLIDO reacción en foto (send_not_confirmed) -
31/5_16:10_csi            34%C2%A0722%C2%A080%C2%A042%C2%A083%E2%80%AC ENVIADO      recordatorio FALLIDO reacción en foto (send_not_confirmed) -
31/5_16:10_csi            34%C2%A0722%C2%A080%C2%A042%C2%A083%E2%80%AC ENVIADO      recordatorio FALLIDO reacción en foto (send_not_confirmed) -
31/5_16:10_csi            34%C2%A0722%C2%A080%C2%A042%C2%A083%E2%80%AC ENVIADO      recordatorio FALLIDO reacción en foto (send_not_confirmed) -
31/5_16:10_csi            34%C2%A0722%C2%A080%C2%A042%C2%A083%E2%80%AC ENVIADO      recordatorio FALLIDO reacción en foto (send_not_confirmed) -
31/5_16:10_csi            34%C2%A0722%C2%A080%C2%A042%C2%A083%E2%80%AC ENVIADO      POSITIVA (reacción emoji en texto) review enviada

[2026-06-01 10:58:13] POSITIVO | Fotos nuevas: 0 | Envios OK: 0 | Envios FAIL: 0 | Reviews negativas: 0 | Fotos borradas: 0

=== SESIÓN 18:25-10:40 (01/06/2026) ===
RESERVA                   TELÉFONO             ESTADO       RESPUESTA                 REVIEW
-----------------------------------------------------------------------------------------------
31/5_16:10_csi            34%C2%A0722%C2%A080%C2%A042%C2%A083%E2%80%AC ENVIADO      sin respuesta             -
31/5_16:10_csi            34%C2%A0722%C2%A080%C2%A042%C2%A083%E2%80%AC ENVIADO      recordatorio FALLIDO reacción en foto (send_not_confirmed) -
31/5_16:10_csi            34%C2%A0722%C2%A080%C2%A042%C2%A083%E2%80%AC ENVIADO      recordatorio FALLIDO reacción en foto (send_not_confirmed) -
31/5_16:10_csi            34%C2%A0722%C2%A080%C2%A042%C2%A083%E2%80%AC ENVIADO      recordatorio FALLIDO reacción en foto (send_not_confirmed) -
31/5_16:10_csi            34%C2%A0722%C2%A080%C2%A042%C2%A083%E2%80%AC ENVIADO      recordatorio FALLIDO reacción en foto (send_not_confirmed) -
31/5_16:10_csi            34%C2%A0722%C2%A080%C2%A042%C2%A083%E2%80%AC ENVIADO      recordatorio FALLIDO reacción en foto (send_not_confirmed) -
31/5_16:10_csi            34%C2%A0722%C2%A080%C2%A042%C2%A083%E2%80%AC ENVIADO      POSITIVA (reacción emoji en texto) review enviada

[2026-06-01 11:15:52] POSITIVO | Fotos nuevas: 0 | Envios OK: 0 | Envios FAIL: 0 | Reviews negativas: 0 | Fotos borradas: 0

=== SESIÓN 18:25-10:40 (01/06/2026) ===
RESERVA                   TELÉFONO             ESTADO       RESPUESTA                 REVIEW
-----------------------------------------------------------------------------------------------
31/5_16:10_csi            34%C2%A0722%C2%A080%C2%A042%C2%A083%E2%80%AC ENVIADO      sin respuesta             -
31/5_16:10_csi            34%C2%A0722%C2%A080%C2%A042%C2%A083%E2%80%AC ENVIADO      recordatorio FALLIDO reacción en foto (send_not_confirmed) -
31/5_16:10_csi            34%C2%A0722%C2%A080%C2%A042%C2%A083%E2%80%AC ENVIADO      recordatorio FALLIDO reacción en foto (send_not_confirmed) -
31/5_16:10_csi            34%C2%A0722%C2%A080%C2%A042%C2%A083%E2%80%AC ENVIADO      recordatorio FALLIDO reacción en foto (send_not_confirmed) -
31/5_16:10_csi            34%C2%A0722%C2%A080%C2%A042%C2%A083%E2%80%AC ENVIADO      recordatorio FALLIDO reacción en foto (send_not_confirmed) -
31/5_16:10_csi            34%C2%A0722%C2%A080%C2%A042%C2%A083%E2%80%AC ENVIADO      recordatorio FALLIDO reacción en foto (send_not_confirmed) -
31/5_16:10_csi            34%C2%A0722%C2%A080%C2%A042%C2%A083%E2%80%AC ENVIADO      POSITIVA (reacción emoji en texto) review enviada

[2026-06-01 11:33:19] POSITIVO | Fotos nuevas: 0 | Envios OK: 0 | Envios FAIL: 0 | Reviews negativas: 0 | Fotos borradas: 0

=== SESIÓN 18:25-10:40 (01/06/2026) ===
RESERVA                   TELÉFONO             ESTADO       RESPUESTA                 REVIEW
-----------------------------------------------------------------------------------------------
31/5_16:10_csi            34%C2%A0722%C2%A080%C2%A042%C2%A083%E2%80%AC ENVIADO      sin respuesta             -
31/5_16:10_csi            34%C2%A0722%C2%A080%C2%A042%C2%A083%E2%80%AC ENVIADO      recordatorio FALLIDO reacción en foto (send_not_confirmed) -
31/5_16:10_csi            34%C2%A0722%C2%A080%C2%A042%C2%A083%E2%80%AC ENVIADO      recordatorio FALLIDO reacción en foto (send_not_confirmed) -
31/5_16:10_csi            34%C2%A0722%C2%A080%C2%A042%C2%A083%E2%80%AC ENVIADO      recordatorio FALLIDO reacción en foto (send_not_confirmed) -
31/5_16:10_csi            34%C2%A0722%C2%A080%C2%A042%C2%A083%E2%80%AC ENVIADO      recordatorio FALLIDO reacción en foto (send_not_confirmed) -
31/5_16:10_csi            34%C2%A0722%C2%A080%C2%A042%C2%A083%E2%80%AC ENVIADO      recordatorio FALLIDO reacción en foto (send_not_confirmed) -
31/5_16:10_csi            34%C2%A0722%C2%A080%C2%A042%C2%A083%E2%80%AC ENVIADO      POSITIVA (reacción emoji en texto) review enviada

[2026-06-01 11:50:49] POSITIVO | Fotos nuevas: 0 | Envios OK: 0 | Envios FAIL: 0 | Reviews negativas: 0 | Fotos borradas: 0

=== SESIÓN 18:25-10:40 (01/06/2026) ===
RESERVA                   TELÉFONO             ESTADO       RESPUESTA                 REVIEW
-----------------------------------------------------------------------------------------------
31/5_16:10_csi            34%C2%A0722%C2%A080%C2%A042%C2%A083%E2%80%AC ENVIADO      sin respuesta             -
31/5_16:10_csi            34%C2%A0722%C2%A080%C2%A042%C2%A083%E2%80%AC ENVIADO      recordatorio FALLIDO reacción en foto (send_not_confirmed) -
31/5_16:10_csi            34%C2%A0722%C2%A080%C2%A042%C2%A083%E2%80%AC ENVIADO      recordatorio FALLIDO reacción en foto (send_not_confirmed) -
31/5_16:10_csi            34%C2%A0722%C2%A080%C2%A042%C2%A083%E2%80%AC ENVIADO      recordatorio FALLIDO reacción en foto (send_not_confirmed) -
31/5_16:10_csi            34%C2%A0722%C2%A080%C2%A042%C2%A083%E2%80%AC ENVIADO      recordatorio FALLIDO reacción en foto (send_not_confirmed) -
31/5_16:10_csi            34%C2%A0722%C2%A080%C2%A042%C2%A083%E2%80%AC ENVIADO      recordatorio FALLIDO reacción en foto (send_not_confirmed) -
31/5_16:10_csi            34%C2%A0722%C2%A080%C2%A042%C2%A083%E2%80%AC ENVIADO      POSITIVA (reacción emoji en texto) review enviada

[2026-06-01 12:08:14] POSITIVO | Fotos nuevas: 0 | Envios OK: 0 | Envios FAIL: 0 | Reviews negativas: 0 | Fotos borradas: 0

=== SESIÓN 18:25-10:40 (01/06/2026) ===
RESERVA                   TELÉFONO             ESTADO       RESPUESTA                 REVIEW
-----------------------------------------------------------------------------------------------
31/5_16:10_csi            34%C2%A0722%C2%A080%C2%A042%C2%A083%E2%80%AC ENVIADO      sin respuesta             -
31/5_16:10_csi            34%C2%A0722%C2%A080%C2%A042%C2%A083%E2%80%AC ENVIADO      recordatorio FALLIDO reacción en foto (send_not_confirmed) -
31/5_16:10_csi            34%C2%A0722%C2%A080%C2%A042%C2%A083%E2%80%AC ENVIADO      recordatorio FALLIDO reacción en foto (send_not_confirmed) -
31/5_16:10_csi            34%C2%A0722%C2%A080%C2%A042%C2%A083%E2%80%AC ENVIADO      recordatorio FALLIDO reacción en foto (send_not_confirmed) -
31/5_16:10_csi            34%C2%A0722%C2%A080%C2%A042%C2%A083%E2%80%AC ENVIADO      recordatorio FALLIDO reacción en foto (send_not_confirmed) -
31/5_16:10_csi            34%C2%A0722%C2%A080%C2%A042%C2%A083%E2%80%AC ENVIADO      recordatorio FALLIDO reacción en foto (send_not_confirmed) -
31/5_16:10_csi            34%C2%A0722%C2%A080%C2%A042%C2%A083%E2%80%AC ENVIADO      POSITIVA (reacción emoji en texto) review enviada

[2026-06-01 12:25:42] POSITIVO | Fotos nuevas: 0 | Envios OK: 0 | Envios FAIL: 0 | Reviews negativas: 0 | Fotos borradas: 0

=== SESIÓN 18:25-10:40 (01/06/2026) ===
RESERVA                   TELÉFONO             ESTADO       RESPUESTA                 REVIEW
-----------------------------------------------------------------------------------------------
31/5_16:10_csi            34%C2%A0722%C2%A080%C2%A042%C2%A083%E2%80%AC ENVIADO      sin respuesta             -
31/5_16:10_csi            34%C2%A0722%C2%A080%C2%A042%C2%A083%E2%80%AC ENVIADO      recordatorio FALLIDO reacción en foto (send_not_confirmed) -
31/5_16:10_csi            34%C2%A0722%C2%A080%C2%A042%C2%A083%E2%80%AC ENVIADO      recordatorio FALLIDO reacción en foto (send_not_confirmed) -
31/5_16:10_csi            34%C2%A0722%C2%A080%C2%A042%C2%A083%E2%80%AC ENVIADO      recordatorio FALLIDO reacción en foto (send_not_confirmed) -
31/5_16:10_csi            34%C2%A0722%C2%A080%C2%A042%C2%A083%E2%80%AC ENVIADO      recordatorio FALLIDO reacción en foto (send_not_confirmed) -
31/5_16:10_csi            34%C2%A0722%C2%A080%C2%A042%C2%A083%E2%80%AC ENVIADO      recordatorio FALLIDO reacción en foto (send_not_confirmed) -
31/5_16:10_csi            34%C2%A0722%C2%A080%C2%A042%C2%A083%E2%80%AC ENVIADO      POSITIVA (reacción emoji en texto) review enviada

[2026-06-01 12:43:10] POSITIVO | Fotos nuevas: 0 | Envios OK: 0 | Envios FAIL: 0 | Reviews negativas: 0 | Fotos borradas: 0

=== SESIÓN 18:25-10:40 (01/06/2026) ===
RESERVA                   TELÉFONO             ESTADO       RESPUESTA                 REVIEW
-----------------------------------------------------------------------------------------------
31/5_16:10_csi            34%C2%A0722%C2%A080%C2%A042%C2%A083%E2%80%AC ENVIADO      sin respuesta             -
31/5_16:10_csi            34%C2%A0722%C2%A080%C2%A042%C2%A083%E2%80%AC ENVIADO      recordatorio FALLIDO reacción en foto (send_not_confirmed) -
31/5_16:10_csi            34%C2%A0722%C2%A080%C2%A042%C2%A083%E2%80%AC ENVIADO      recordatorio FALLIDO reacción en foto (send_not_confirmed) -
31/5_16:10_csi            34%C2%A0722%C2%A080%C2%A042%C2%A083%E2%80%AC ENVIADO      recordatorio FALLIDO reacción en foto (send_not_confirmed) -
31/5_16:10_csi            34%C2%A0722%C2%A080%C2%A042%C2%A083%E2%80%AC ENVIADO      recordatorio FALLIDO reacción en foto (send_not_confirmed) -
31/5_16:10_csi            34%C2%A0722%C2%A080%C2%A042%C2%A083%E2%80%AC ENVIADO      recordatorio FALLIDO reacción en foto (send_not_confirmed) -
31/5_16:10_csi            34%C2%A0722%C2%A080%C2%A042%C2%A083%E2%80%AC ENVIADO      POSITIVA (reacción emoji en texto) review enviada

[2026-06-01 13:00:38] POSITIVO | Fotos nuevas: 0 | Envios OK: 0 | Envios FAIL: 0 | Reviews negativas: 0 | Fotos borradas: 0

=== SESIÓN 18:25-10:40 (01/06/2026) ===
RESERVA                   TELÉFONO             ESTADO       RESPUESTA                 REVIEW
-----------------------------------------------------------------------------------------------
31/5_16:10_csi            34%C2%A0722%C2%A080%C2%A042%C2%A083%E2%80%AC ENVIADO      sin respuesta             -
31/5_16:10_csi            34%C2%A0722%C2%A080%C2%A042%C2%A083%E2%80%AC ENVIADO      recordatorio FALLIDO reacción en foto (send_not_confirmed) -
31/5_16:10_csi            34%C2%A0722%C2%A080%C2%A042%C2%A083%E2%80%AC ENVIADO      recordatorio FALLIDO reacción en foto (send_not_confirmed) -
31/5_16:10_csi            34%C2%A0722%C2%A080%C2%A042%C2%A083%E2%80%AC ENVIADO      recordatorio FALLIDO reacción en foto (send_not_confirmed) -
31/5_16:10_csi            34%C2%A0722%C2%A080%C2%A042%C2%A083%E2%80%AC ENVIADO      recordatorio FALLIDO reacción en foto (send_not_confirmed) -
31/5_16:10_csi            34%C2%A0722%C2%A080%C2%A042%C2%A083%E2%80%AC ENVIADO      recordatorio FALLIDO reacción en foto (send_not_confirmed) -
31/5_16:10_csi            34%C2%A0722%C2%A080%C2%A042%C2%A083%E2%80%AC ENVIADO      POSITIVA (reacción emoji en texto) review enviada

[2026-06-01 13:18:08] POSITIVO | Fotos nuevas: 0 | Envios OK: 0 | Envios FAIL: 0 | Reviews negativas: 0 | Fotos borradas: 0

=== SESIÓN 18:25-10:40 (01/06/2026) ===
RESERVA                   TELÉFONO             ESTADO       RESPUESTA                 REVIEW
-----------------------------------------------------------------------------------------------
31/5_16:10_csi            34%C2%A0722%C2%A080%C2%A042%C2%A083%E2%80%AC ENVIADO      sin respuesta             -
31/5_16:10_csi            34%C2%A0722%C2%A080%C2%A042%C2%A083%E2%80%AC ENVIADO      recordatorio FALLIDO reacción en foto (send_not_confirmed) -
31/5_16:10_csi            34%C2%A0722%C2%A080%C2%A042%C2%A083%E2%80%AC ENVIADO      recordatorio FALLIDO reacción en foto (send_not_confirmed) -
31/5_16:10_csi            34%C2%A0722%C2%A080%C2%A042%C2%A083%E2%80%AC ENVIADO      recordatorio FALLIDO reacción en foto (send_not_confirmed) -
31/5_16:10_csi            34%C2%A0722%C2%A080%C2%A042%C2%A083%E2%80%AC ENVIADO      recordatorio FALLIDO reacción en foto (send_not_confirmed) -
31/5_16:10_csi            34%C2%A0722%C2%A080%C2%A042%C2%A083%E2%80%AC ENVIADO      recordatorio FALLIDO reacción en foto (send_not_confirmed) -
31/5_16:10_csi            34%C2%A0722%C2%A080%C2%A042%C2%A083%E2%80%AC ENVIADO      POSITIVA (reacción emoji en texto) review enviada

[2026-06-01 13:35:30] POSITIVO | Fotos nuevas: 0 | Envios OK: 0 | Envios FAIL: 0 | Reviews negativas: 0 | Fotos borradas: 0

=== SESIÓN 18:25-10:40 (01/06/2026) ===
RESERVA                   TELÉFONO             ESTADO       RESPUESTA                 REVIEW
-----------------------------------------------------------------------------------------------
31/5_16:10_csi            34%C2%A0722%C2%A080%C2%A042%C2%A083%E2%80%AC ENVIADO      sin respuesta             -
31/5_16:10_csi            34%C2%A0722%C2%A080%C2%A042%C2%A083%E2%80%AC ENVIADO      recordatorio FALLIDO reacción en foto (send_not_confirmed) -
31/5_16:10_csi            34%C2%A0722%C2%A080%C2%A042%C2%A083%E2%80%AC ENVIADO      recordatorio FALLIDO reacción en foto (send_not_confirmed) -
31/5_16:10_csi            34%C2%A0722%C2%A080%C2%A042%C2%A083%E2%80%AC ENVIADO      recordatorio FALLIDO reacción en foto (send_not_confirmed) -
31/5_16:10_csi            34%C2%A0722%C2%A080%C2%A042%C2%A083%E2%80%AC ENVIADO      recordatorio FALLIDO reacción en foto (send_not_confirmed) -
31/5_16:10_csi            34%C2%A0722%C2%A080%C2%A042%C2%A083%E2%80%AC ENVIADO      recordatorio FALLIDO reacción en foto (send_not_confirmed) -
31/5_16:10_csi            34%C2%A0722%C2%A080%C2%A042%C2%A083%E2%80%AC ENVIADO      POSITIVA (reacción emoji en texto) review enviada

[2026-06-01 13:52:55] POSITIVO | Fotos nuevas: 0 | Envios OK: 0 | Envios FAIL: 0 | Reviews negativas: 0 | Fotos borradas: 0

=== SESIÓN 18:25-10:40 (01/06/2026) ===
RESERVA                   TELÉFONO             ESTADO       RESPUESTA                 REVIEW
-----------------------------------------------------------------------------------------------
31/5_16:10_csi            34%C2%A0722%C2%A080%C2%A042%C2%A083%E2%80%AC ENVIADO      sin respuesta             -
31/5_16:10_csi            34%C2%A0722%C2%A080%C2%A042%C2%A083%E2%80%AC ENVIADO      recordatorio FALLIDO reacción en foto (send_not_confirmed) -
31/5_16:10_csi            34%C2%A0722%C2%A080%C2%A042%C2%A083%E2%80%AC ENVIADO      recordatorio FALLIDO reacción en foto (send_not_confirmed) -
31/5_16:10_csi            34%C2%A0722%C2%A080%C2%A042%C2%A083%E2%80%AC ENVIADO      recordatorio FALLIDO reacción en foto (send_not_confirmed) -
31/5_16:10_csi            34%C2%A0722%C2%A080%C2%A042%C2%A083%E2%80%AC ENVIADO      recordatorio FALLIDO reacción en foto (send_not_confirmed) -
31/5_16:10_csi            34%C2%A0722%C2%A080%C2%A042%C2%A083%E2%80%AC ENVIADO      recordatorio FALLIDO reacción en foto (send_not_confirmed) -
31/5_16:10_csi            34%C2%A0722%C2%A080%C2%A042%C2%A083%E2%80%AC ENVIADO      POSITIVA (reacción emoji en texto) review enviada

[2026-06-01 14:10:28] POSITIVO | Fotos nuevas: 0 | Envios OK: 0 | Envios FAIL: 0 | Reviews negativas: 0 | Fotos borradas: 0

=== SESIÓN 18:25-10:40 (01/06/2026) ===
RESERVA                   TELÉFONO             ESTADO       RESPUESTA                 REVIEW
-----------------------------------------------------------------------------------------------
31/5_16:10_csi            34%C2%A0722%C2%A080%C2%A042%C2%A083%E2%80%AC ENVIADO      sin respuesta             -
31/5_16:10_csi            34%C2%A0722%C2%A080%C2%A042%C2%A083%E2%80%AC ENVIADO      recordatorio FALLIDO reacción en foto (send_not_confirmed) -
31/5_16:10_csi            34%C2%A0722%C2%A080%C2%A042%C2%A083%E2%80%AC ENVIADO      recordatorio FALLIDO reacción en foto (send_not_confirmed) -
31/5_16:10_csi            34%C2%A0722%C2%A080%C2%A042%C2%A083%E2%80%AC ENVIADO      recordatorio FALLIDO reacción en foto (send_not_confirmed) -
31/5_16:10_csi            34%C2%A0722%C2%A080%C2%A042%C2%A083%E2%80%AC ENVIADO      recordatorio FALLIDO reacción en foto (send_not_confirmed) -
31/5_16:10_csi            34%C2%A0722%C2%A080%C2%A042%C2%A083%E2%80%AC ENVIADO      recordatorio FALLIDO reacción en foto (send_not_confirmed) -
31/5_16:10_csi            34%C2%A0722%C2%A080%C2%A042%C2%A083%E2%80%AC ENVIADO      POSITIVA (reacción emoji en texto) review enviada

[2026-06-01 14:28:14] POSITIVO | Fotos nuevas: 0 | Envios OK: 0 | Envios FAIL: 0 | Reviews negativas: 0 | Fotos borradas: 0

=== SESIÓN 18:25-10:40 (01/06/2026) ===
RESERVA                   TELÉFONO             ESTADO       RESPUESTA                 REVIEW
-----------------------------------------------------------------------------------------------
31/5_16:10_csi            34%C2%A0722%C2%A080%C2%A042%C2%A083%E2%80%AC ENVIADO      sin respuesta             -
31/5_16:10_csi            34%C2%A0722%C2%A080%C2%A042%C2%A083%E2%80%AC ENVIADO      recordatorio FALLIDO reacción en foto (send_not_confirmed) -
31/5_16:10_csi            34%C2%A0722%C2%A080%C2%A042%C2%A083%E2%80%AC ENVIADO      recordatorio FALLIDO reacción en foto (send_not_confirmed) -
31/5_16:10_csi            34%C2%A0722%C2%A080%C2%A042%C2%A083%E2%80%AC ENVIADO      recordatorio FALLIDO reacción en foto (send_not_confirmed) -
31/5_16:10_csi            34%C2%A0722%C2%A080%C2%A042%C2%A083%E2%80%AC ENVIADO      recordatorio FALLIDO reacción en foto (send_not_confirmed) -
31/5_16:10_csi            34%C2%A0722%C2%A080%C2%A042%C2%A083%E2%80%AC ENVIADO      recordatorio FALLIDO reacción en foto (send_not_confirmed) -
31/5_16:10_csi            34%C2%A0722%C2%A080%C2%A042%C2%A083%E2%80%AC ENVIADO      POSITIVA (reacción emoji en texto) review enviada

[2026-06-01 14:45:41] POSITIVO | Fotos nuevas: 0 | Envios OK: 0 | Envios FAIL: 0 | Reviews negativas: 0 | Fotos borradas: 0

=== SESIÓN 18:25-10:40 (01/06/2026) ===
RESERVA                   TELÉFONO             ESTADO       RESPUESTA                 REVIEW
-----------------------------------------------------------------------------------------------
31/5_16:10_csi            34%C2%A0722%C2%A080%C2%A042%C2%A083%E2%80%AC ENVIADO      sin respuesta             -
31/5_16:10_csi            34%C2%A0722%C2%A080%C2%A042%C2%A083%E2%80%AC ENVIADO      recordatorio FALLIDO reacción en foto (send_not_confirmed) -
31/5_16:10_csi            34%C2%A0722%C2%A080%C2%A042%C2%A083%E2%80%AC ENVIADO      recordatorio FALLIDO reacción en foto (send_not_confirmed) -
31/5_16:10_csi            34%C2%A0722%C2%A080%C2%A042%C2%A083%E2%80%AC ENVIADO      recordatorio FALLIDO reacción en foto (send_not_confirmed) -
31/5_16:10_csi            34%C2%A0722%C2%A080%C2%A042%C2%A083%E2%80%AC ENVIADO      recordatorio FALLIDO reacción en foto (send_not_confirmed) -
31/5_16:10_csi            34%C2%A0722%C2%A080%C2%A042%C2%A083%E2%80%AC ENVIADO      recordatorio FALLIDO reacción en foto (send_not_confirmed) -
31/5_16:10_csi            34%C2%A0722%C2%A080%C2%A042%C2%A083%E2%80%AC ENVIADO      POSITIVA (reacción emoji en texto) review enviada

[2026-06-01 15:03:23] POSITIVO | Fotos nuevas: 0 | Envios OK: 0 | Envios FAIL: 0 | Reviews negativas: 0 | Fotos borradas: 0

=== SESIÓN 18:25-10:40 (01/06/2026) ===
RESERVA                   TELÉFONO             ESTADO       RESPUESTA                 REVIEW
-----------------------------------------------------------------------------------------------
31/5_16:10_csi            34%C2%A0722%C2%A080%C2%A042%C2%A083%E2%80%AC ENVIADO      sin respuesta             -
31/5_16:10_csi            34%C2%A0722%C2%A080%C2%A042%C2%A083%E2%80%AC ENVIADO      recordatorio FALLIDO reacción en foto (send_not_confirmed) -
31/5_16:10_csi            34%C2%A0722%C2%A080%C2%A042%C2%A083%E2%80%AC ENVIADO      recordatorio FALLIDO reacción en foto (send_not_confirmed) -
31/5_16:10_csi            34%C2%A0722%C2%A080%C2%A042%C2%A083%E2%80%AC ENVIADO      recordatorio FALLIDO reacción en foto (send_not_confirmed) -
31/5_16:10_csi            34%C2%A0722%C2%A080%C2%A042%C2%A083%E2%80%AC ENVIADO      recordatorio FALLIDO reacción en foto (send_not_confirmed) -
31/5_16:10_csi            34%C2%A0722%C2%A080%C2%A042%C2%A083%E2%80%AC ENVIADO      recordatorio FALLIDO reacción en foto (send_not_confirmed) -
31/5_16:10_csi            34%C2%A0722%C2%A080%C2%A042%C2%A083%E2%80%AC ENVIADO      POSITIVA (reacción emoji en texto) review enviada

[2026-06-01 15:21:20] POSITIVO | Fotos nuevas: 0 | Envios OK: 0 | Envios FAIL: 0 | Reviews negativas: 0 | Fotos borradas: 0

=== SESIÓN 18:25-10:40 (01/06/2026) ===
RESERVA                   TELÉFONO             ESTADO       RESPUESTA                 REVIEW
-----------------------------------------------------------------------------------------------
31/5_16:10_csi            34%C2%A0722%C2%A080%C2%A042%C2%A083%E2%80%AC ENVIADO      sin respuesta             -
31/5_16:10_csi            34%C2%A0722%C2%A080%C2%A042%C2%A083%E2%80%AC ENVIADO      recordatorio FALLIDO reacción en foto (send_not_confirmed) -
31/5_16:10_csi            34%C2%A0722%C2%A080%C2%A042%C2%A083%E2%80%AC ENVIADO      recordatorio FALLIDO reacción en foto (send_not_confirmed) -
31/5_16:10_csi            34%C2%A0722%C2%A080%C2%A042%C2%A083%E2%80%AC ENVIADO      recordatorio FALLIDO reacción en foto (send_not_confirmed) -
31/5_16:10_csi            34%C2%A0722%C2%A080%C2%A042%C2%A083%E2%80%AC ENVIADO      recordatorio FALLIDO reacción en foto (send_not_confirmed) -
31/5_16:10_csi            34%C2%A0722%C2%A080%C2%A042%C2%A083%E2%80%AC ENVIADO      recordatorio FALLIDO reacción en foto (send_not_confirmed) -
31/5_16:10_csi            34%C2%A0722%C2%A080%C2%A042%C2%A083%E2%80%AC ENVIADO      POSITIVA (reacción emoji en texto) review enviada

[2026-06-01 15:38:54] POSITIVO | Fotos nuevas: 0 | Envios OK: 0 | Envios FAIL: 0 | Reviews negativas: 0 | Fotos borradas: 0

=== SESIÓN 18:25-10:40 (01/06/2026) ===
RESERVA                   TELÉFONO             ESTADO       RESPUESTA                 REVIEW
-----------------------------------------------------------------------------------------------
31/5_16:10_csi            34%C2%A0722%C2%A080%C2%A042%C2%A083%E2%80%AC ENVIADO      sin respuesta             -
31/5_16:10_csi            34%C2%A0722%C2%A080%C2%A042%C2%A083%E2%80%AC ENVIADO      recordatorio FALLIDO reacción en foto (send_not_confirmed) -
31/5_16:10_csi            34%C2%A0722%C2%A080%C2%A042%C2%A083%E2%80%AC ENVIADO      recordatorio FALLIDO reacción en foto (send_not_confirmed) -
31/5_16:10_csi            34%C2%A0722%C2%A080%C2%A042%C2%A083%E2%80%AC ENVIADO      recordatorio FALLIDO reacción en foto (send_not_confirmed) -
31/5_16:10_csi            34%C2%A0722%C2%A080%C2%A042%C2%A083%E2%80%AC ENVIADO      recordatorio FALLIDO reacción en foto (send_not_confirmed) -
31/5_16:10_csi            34%C2%A0722%C2%A080%C2%A042%C2%A083%E2%80%AC ENVIADO      recordatorio FALLIDO reacción en foto (send_not_confirmed) -
31/5_16:10_csi            34%C2%A0722%C2%A080%C2%A042%C2%A083%E2%80%AC ENVIADO      POSITIVA (reacción emoji en texto) review enviada

[2026-06-01 15:56:36] POSITIVO | Fotos nuevas: 0 | Envios OK: 0 | Envios FAIL: 0 | Reviews negativas: 0 | Fotos borradas: 0

=== SESIÓN 18:25-10:40 (01/06/2026) ===
RESERVA                   TELÉFONO             ESTADO       RESPUESTA                 REVIEW
-----------------------------------------------------------------------------------------------
31/5_16:10_csi            34%C2%A0722%C2%A080%C2%A042%C2%A083%E2%80%AC ENVIADO      sin respuesta             -
31/5_16:10_csi            34%C2%A0722%C2%A080%C2%A042%C2%A083%E2%80%AC ENVIADO      recordatorio FALLIDO reacción en foto (send_not_confirmed) -
31/5_16:10_csi            34%C2%A0722%C2%A080%C2%A042%C2%A083%E2%80%AC ENVIADO      recordatorio FALLIDO reacción en foto (send_not_confirmed) -
31/5_16:10_csi            34%C2%A0722%C2%A080%C2%A042%C2%A083%E2%80%AC ENVIADO      recordatorio FALLIDO reacción en foto (send_not_confirmed) -
31/5_16:10_csi            34%C2%A0722%C2%A080%C2%A042%C2%A083%E2%80%AC ENVIADO      recordatorio FALLIDO reacción en foto (send_not_confirmed) -
31/5_16:10_csi            34%C2%A0722%C2%A080%C2%A042%C2%A083%E2%80%AC ENVIADO      recordatorio FALLIDO reacción en foto (send_not_confirmed) -
31/5_16:10_csi            34%C2%A0722%C2%A080%C2%A042%C2%A083%E2%80%AC ENVIADO      POSITIVA (reacción emoji en texto) review enviada

[2026-06-01 16:14:08] POSITIVO | Fotos nuevas: 0 | Envios OK: 0 | Envios FAIL: 0 | Reviews negativas: 0 | Fotos borradas: 0

=== SESIÓN 18:25-10:40 (01/06/2026) ===
RESERVA                   TELÉFONO             ESTADO       RESPUESTA                 REVIEW
-----------------------------------------------------------------------------------------------
31/5_16:10_csi            34%C2%A0722%C2%A080%C2%A042%C2%A083%E2%80%AC ENVIADO      sin respuesta             -
31/5_16:10_csi            34%C2%A0722%C2%A080%C2%A042%C2%A083%E2%80%AC ENVIADO      recordatorio FALLIDO reacción en foto (send_not_confirmed) -
31/5_16:10_csi            34%C2%A0722%C2%A080%C2%A042%C2%A083%E2%80%AC ENVIADO      recordatorio FALLIDO reacción en foto (send_not_confirmed) -
31/5_16:10_csi            34%C2%A0722%C2%A080%C2%A042%C2%A083%E2%80%AC ENVIADO      recordatorio FALLIDO reacción en foto (send_not_confirmed) -
31/5_16:10_csi            34%C2%A0722%C2%A080%C2%A042%C2%A083%E2%80%AC ENVIADO      recordatorio FALLIDO reacción en foto (send_not_confirmed) -
31/5_16:10_csi            34%C2%A0722%C2%A080%C2%A042%C2%A083%E2%80%AC ENVIADO      recordatorio FALLIDO reacción en foto (send_not_confirmed) -
31/5_16:10_csi            34%C2%A0722%C2%A080%C2%A042%C2%A083%E2%80%AC ENVIADO      POSITIVA (reacción emoji en texto) review enviada

[2026-06-01 16:31:41] POSITIVO | Fotos nuevas: 0 | Envios OK: 0 | Envios FAIL: 0 | Reviews negativas: 0 | Fotos borradas: 0

=== SESIÓN 18:25-10:40 (01/06/2026) ===
RESERVA                   TELÉFONO             ESTADO       RESPUESTA                 REVIEW
-----------------------------------------------------------------------------------------------
31/5_16:10_csi            34%C2%A0722%C2%A080%C2%A042%C2%A083%E2%80%AC ENVIADO      sin respuesta             -
31/5_16:10_csi            34%C2%A0722%C2%A080%C2%A042%C2%A083%E2%80%AC ENVIADO      recordatorio FALLIDO reacción en foto (send_not_confirmed) -
31/5_16:10_csi            34%C2%A0722%C2%A080%C2%A042%C2%A083%E2%80%AC ENVIADO      recordatorio FALLIDO reacción en foto (send_not_confirmed) -
31/5_16:10_csi            34%C2%A0722%C2%A080%C2%A042%C2%A083%E2%80%AC ENVIADO      recordatorio FALLIDO reacción en foto (send_not_confirmed) -
31/5_16:10_csi            34%C2%A0722%C2%A080%C2%A042%C2%A083%E2%80%AC ENVIADO      recordatorio FALLIDO reacción en foto (send_not_confirmed) -
31/5_16:10_csi            34%C2%A0722%C2%A080%C2%A042%C2%A083%E2%80%AC ENVIADO      recordatorio FALLIDO reacción en foto (send_not_confirmed) -
31/5_16:10_csi            34%C2%A0722%C2%A080%C2%A042%C2%A083%E2%80%AC ENVIADO      POSITIVA (reacción emoji en texto) review enviada

[2026-06-01 16:49:18] POSITIVO | Fotos nuevas: 0 | Envios OK: 0 | Envios FAIL: 0 | Reviews negativas: 0 | Fotos borradas: 0

=== SESIÓN 18:25-10:40 (01/06/2026) ===
RESERVA                   TELÉFONO             ESTADO       RESPUESTA                 REVIEW
-----------------------------------------------------------------------------------------------
31/5_16:10_csi            34%C2%A0722%C2%A080%C2%A042%C2%A083%E2%80%AC ENVIADO      sin respuesta             -
31/5_16:10_csi            34%C2%A0722%C2%A080%C2%A042%C2%A083%E2%80%AC ENVIADO      recordatorio FALLIDO reacción en foto (send_not_confirmed) -
31/5_16:10_csi            34%C2%A0722%C2%A080%C2%A042%C2%A083%E2%80%AC ENVIADO      recordatorio FALLIDO reacción en foto (send_not_confirmed) -
31/5_16:10_csi            34%C2%A0722%C2%A080%C2%A042%C2%A083%E2%80%AC ENVIADO      recordatorio FALLIDO reacción en foto (send_not_confirmed) -
31/5_16:10_csi            34%C2%A0722%C2%A080%C2%A042%C2%A083%E2%80%AC ENVIADO      recordatorio FALLIDO reacción en foto (send_not_confirmed) -
31/5_16:10_csi            34%C2%A0722%C2%A080%C2%A042%C2%A083%E2%80%AC ENVIADO      recordatorio FALLIDO reacción en foto (send_not_confirmed) -
31/5_16:10_csi            34%C2%A0722%C2%A080%C2%A042%C2%A083%E2%80%AC ENVIADO      POSITIVA (reacción emoji en texto) review enviada

[2026-06-01 17:06:48] POSITIVO | Fotos nuevas: 0 | Envios OK: 0 | Envios FAIL: 0 | Reviews negativas: 0 | Fotos borradas: 0

=== SESIÓN 18:25-17:24 (01/06/2026) ===
RESERVA                   TELÉFONO             ESTADO       RESPUESTA                 REVIEW
-----------------------------------------------------------------------------------------------
31/5_16:10_csi            34%C2%A0722%C2%A080%C2%A042%C2%A083%E2%80%AC ENVIADO      sin respuesta             -
31/5_16:10_csi            34%C2%A0722%C2%A080%C2%A042%C2%A083%E2%80%AC ENVIADO      recordatorio FALLIDO reacción en foto (send_not_confirmed) -
31/5_16:10_csi            34%C2%A0722%C2%A080%C2%A042%C2%A083%E2%80%AC ENVIADO      recordatorio FALLIDO reacción en foto (send_not_confirmed) -
31/5_16:10_csi            34%C2%A0722%C2%A080%C2%A042%C2%A083%E2%80%AC ENVIADO      recordatorio FALLIDO reacción en foto (send_not_confirmed) -
31/5_16:10_csi            34%C2%A0722%C2%A080%C2%A042%C2%A083%E2%80%AC ENVIADO      recordatorio FALLIDO reacción en foto (send_not_confirmed) -
31/5_16:10_csi            34%C2%A0722%C2%A080%C2%A042%C2%A083%E2%80%AC ENVIADO      recordatorio FALLIDO reacción en foto (send_not_confirmed) -
31/5_16:10_csi            34%C2%A0722%C2%A080%C2%A042%C2%A083%E2%80%AC ENVIADO      POSITIVA (reacción emoji en texto) review enviada
30/5_11:30_4e             34647357305          ENVIADO      recordatorio enviado (48h) -

[2026-06-01 17:24:14] POSITIVO | Fotos nuevas: 0 | Envios OK: 0 | Envios FAIL: 0 | Reviews negativas: 0 | Fotos borradas: 0

=== SESIÓN 18:25-17:24 (01/06/2026) ===
RESERVA                   TELÉFONO             ESTADO       RESPUESTA                 REVIEW
-----------------------------------------------------------------------------------------------
31/5_16:10_csi            34%C2%A0722%C2%A080%C2%A042%C2%A083%E2%80%AC ENVIADO      sin respuesta             -
31/5_16:10_csi            34%C2%A0722%C2%A080%C2%A042%C2%A083%E2%80%AC ENVIADO      recordatorio FALLIDO reacción en foto (send_not_confirmed) -
31/5_16:10_csi            34%C2%A0722%C2%A080%C2%A042%C2%A083%E2%80%AC ENVIADO      recordatorio FALLIDO reacción en foto (send_not_confirmed) -
31/5_16:10_csi            34%C2%A0722%C2%A080%C2%A042%C2%A083%E2%80%AC ENVIADO      recordatorio FALLIDO reacción en foto (send_not_confirmed) -
31/5_16:10_csi            34%C2%A0722%C2%A080%C2%A042%C2%A083%E2%80%AC ENVIADO      recordatorio FALLIDO reacción en foto (send_not_confirmed) -
31/5_16:10_csi            34%C2%A0722%C2%A080%C2%A042%C2%A083%E2%80%AC ENVIADO      recordatorio FALLIDO reacción en foto (send_not_confirmed) -
31/5_16:10_csi            34%C2%A0722%C2%A080%C2%A042%C2%A083%E2%80%AC ENVIADO      POSITIVA (reacción emoji en texto) review enviada
30/5_11:30_4e             34647357305          ENVIADO      recordatorio enviado (48h) -

[2026-06-01 17:41:45] POSITIVO | Fotos nuevas: 0 | Envios OK: 0 | Envios FAIL: 0 | Reviews negativas: 0 | Fotos borradas: 0

=== SESIÓN 18:25-17:57 (01/06/2026) ===
RESERVA                   TELÉFONO             ESTADO       RESPUESTA                 REVIEW
-----------------------------------------------------------------------------------------------
31/5_16:10_csi            34%C2%A0722%C2%A080%C2%A042%C2%A083%E2%80%AC ENVIADO      sin respuesta             -
31/5_16:10_csi            34%C2%A0722%C2%A080%C2%A042%C2%A083%E2%80%AC ENVIADO      recordatorio FALLIDO reacción en foto (send_not_confirmed) -
31/5_16:10_csi            34%C2%A0722%C2%A080%C2%A042%C2%A083%E2%80%AC ENVIADO      recordatorio FALLIDO reacción en foto (send_not_confirmed) -
31/5_16:10_csi            34%C2%A0722%C2%A080%C2%A042%C2%A083%E2%80%AC ENVIADO      recordatorio FALLIDO reacción en foto (send_not_confirmed) -
31/5_16:10_csi            34%C2%A0722%C2%A080%C2%A042%C2%A083%E2%80%AC ENVIADO      recordatorio FALLIDO reacción en foto (send_not_confirmed) -
31/5_16:10_csi            34%C2%A0722%C2%A080%C2%A042%C2%A083%E2%80%AC ENVIADO      recordatorio FALLIDO reacción en foto (send_not_confirmed) -
31/5_16:10_csi            34%C2%A0722%C2%A080%C2%A042%C2%A083%E2%80%AC ENVIADO      POSITIVA (reacción emoji en texto) review enviada
30/5_11:30_4e             34647357305          ENVIADO      recordatorio enviado (48h) -
23/5_17:30_maf            34603458949          ENVIADO      NEUTRAL (sin respuesta 96h) -

[2026-06-01 17:58:43] POSITIVO | Fotos nuevas: 0 | Envios OK: 0 | Envios FAIL: 0 | Reviews negativas: 0 | Fotos borradas: 0

=== SESIÓN 18:25-17:57 (01/06/2026) ===
RESERVA                   TELÉFONO             ESTADO       RESPUESTA                 REVIEW
-----------------------------------------------------------------------------------------------
31/5_16:10_csi            34%C2%A0722%C2%A080%C2%A042%C2%A083%E2%80%AC ENVIADO      sin respuesta             -
31/5_16:10_csi            34%C2%A0722%C2%A080%C2%A042%C2%A083%E2%80%AC ENVIADO      recordatorio FALLIDO reacción en foto (send_not_confirmed) -
31/5_16:10_csi            34%C2%A0722%C2%A080%C2%A042%C2%A083%E2%80%AC ENVIADO      recordatorio FALLIDO reacción en foto (send_not_confirmed) -
31/5_16:10_csi            34%C2%A0722%C2%A080%C2%A042%C2%A083%E2%80%AC ENVIADO      recordatorio FALLIDO reacción en foto (send_not_confirmed) -
31/5_16:10_csi            34%C2%A0722%C2%A080%C2%A042%C2%A083%E2%80%AC ENVIADO      recordatorio FALLIDO reacción en foto (send_not_confirmed) -
31/5_16:10_csi            34%C2%A0722%C2%A080%C2%A042%C2%A083%E2%80%AC ENVIADO      recordatorio FALLIDO reacción en foto (send_not_confirmed) -
31/5_16:10_csi            34%C2%A0722%C2%A080%C2%A042%C2%A083%E2%80%AC ENVIADO      POSITIVA (reacción emoji en texto) review enviada
30/5_11:30_4e             34647357305          ENVIADO      recordatorio enviado (48h) -
23/5_17:30_maf            34603458949          ENVIADO      NEUTRAL (sin respuesta 96h) -

[2026-06-01 18:15:37] POSITIVO | Fotos nuevas: 0 | Envios OK: 0 | Envios FAIL: 0 | Reviews negativas: 0 | Fotos borradas: 0

=== SESIÓN 18:25-17:57 (01/06/2026) ===
RESERVA                   TELÉFONO             ESTADO       RESPUESTA                 REVIEW
-----------------------------------------------------------------------------------------------
31/5_16:10_csi            34%C2%A0722%C2%A080%C2%A042%C2%A083%E2%80%AC ENVIADO      sin respuesta             -
31/5_16:10_csi            34%C2%A0722%C2%A080%C2%A042%C2%A083%E2%80%AC ENVIADO      recordatorio FALLIDO reacción en foto (send_not_confirmed) -
31/5_16:10_csi            34%C2%A0722%C2%A080%C2%A042%C2%A083%E2%80%AC ENVIADO      recordatorio FALLIDO reacción en foto (send_not_confirmed) -
31/5_16:10_csi            34%C2%A0722%C2%A080%C2%A042%C2%A083%E2%80%AC ENVIADO      recordatorio FALLIDO reacción en foto (send_not_confirmed) -
31/5_16:10_csi            34%C2%A0722%C2%A080%C2%A042%C2%A083%E2%80%AC ENVIADO      recordatorio FALLIDO reacción en foto (send_not_confirmed) -
31/5_16:10_csi            34%C2%A0722%C2%A080%C2%A042%C2%A083%E2%80%AC ENVIADO      recordatorio FALLIDO reacción en foto (send_not_confirmed) -
31/5_16:10_csi            34%C2%A0722%C2%A080%C2%A042%C2%A083%E2%80%AC ENVIADO      POSITIVA (reacción emoji en texto) review enviada
30/5_11:30_4e             34647357305          ENVIADO      recordatorio enviado (48h) -
23/5_17:30_maf            34603458949          ENVIADO      NEUTRAL (sin respuesta 96h) -

[2026-06-01 18:32:30] POSITIVO | Fotos nuevas: 0 | Envios OK: 0 | Envios FAIL: 0 | Reviews negativas: 0 | Fotos borradas: 0

=== SESIÓN 18:25-17:57 (01/06/2026) ===
RESERVA                   TELÉFONO             ESTADO       RESPUESTA                 REVIEW
-----------------------------------------------------------------------------------------------
31/5_16:10_csi            34%C2%A0722%C2%A080%C2%A042%C2%A083%E2%80%AC ENVIADO      sin respuesta             -
31/5_16:10_csi            34%C2%A0722%C2%A080%C2%A042%C2%A083%E2%80%AC ENVIADO      recordatorio FALLIDO reacción en foto (send_not_confirmed) -
31/5_16:10_csi            34%C2%A0722%C2%A080%C2%A042%C2%A083%E2%80%AC ENVIADO      recordatorio FALLIDO reacción en foto (send_not_confirmed) -
31/5_16:10_csi            34%C2%A0722%C2%A080%C2%A042%C2%A083%E2%80%AC ENVIADO      recordatorio FALLIDO reacción en foto (send_not_confirmed) -
31/5_16:10_csi            34%C2%A0722%C2%A080%C2%A042%C2%A083%E2%80%AC ENVIADO      recordatorio FALLIDO reacción en foto (send_not_confirmed) -
31/5_16:10_csi            34%C2%A0722%C2%A080%C2%A042%C2%A083%E2%80%AC ENVIADO      recordatorio FALLIDO reacción en foto (send_not_confirmed) -
31/5_16:10_csi            34%C2%A0722%C2%A080%C2%A042%C2%A083%E2%80%AC ENVIADO      POSITIVA (reacción emoji en texto) review enviada
30/5_11:30_4e             34647357305          ENVIADO      recordatorio enviado (48h) -
23/5_17:30_maf            34603458949          ENVIADO      NEUTRAL (sin respuesta 96h) -

[2026-06-01 18:49:24] POSITIVO | Fotos nuevas: 0 | Envios OK: 0 | Envios FAIL: 0 | Reviews negativas: 0 | Fotos borradas: 0

=== SESIÓN 18:25-17:57 (01/06/2026) ===
RESERVA                   TELÉFONO             ESTADO       RESPUESTA                 REVIEW
-----------------------------------------------------------------------------------------------
31/5_16:10_csi            34%C2%A0722%C2%A080%C2%A042%C2%A083%E2%80%AC ENVIADO      sin respuesta             -
31/5_16:10_csi            34%C2%A0722%C2%A080%C2%A042%C2%A083%E2%80%AC ENVIADO      recordatorio FALLIDO reacción en foto (send_not_confirmed) -
31/5_16:10_csi            34%C2%A0722%C2%A080%C2%A042%C2%A083%E2%80%AC ENVIADO      recordatorio FALLIDO reacción en foto (send_not_confirmed) -
31/5_16:10_csi            34%C2%A0722%C2%A080%C2%A042%C2%A083%E2%80%AC ENVIADO      recordatorio FALLIDO reacción en foto (send_not_confirmed) -
31/5_16:10_csi            34%C2%A0722%C2%A080%C2%A042%C2%A083%E2%80%AC ENVIADO      recordatorio FALLIDO reacción en foto (send_not_confirmed) -
31/5_16:10_csi            34%C2%A0722%C2%A080%C2%A042%C2%A083%E2%80%AC ENVIADO      recordatorio FALLIDO reacción en foto (send_not_confirmed) -
31/5_16:10_csi            34%C2%A0722%C2%A080%C2%A042%C2%A083%E2%80%AC ENVIADO      POSITIVA (reacción emoji en texto) review enviada
30/5_11:30_4e             34647357305          ENVIADO      recordatorio enviado (48h) -
23/5_17:30_maf            34603458949          ENVIADO      NEUTRAL (sin respuesta 96h) -

[2026-06-01 19:06:19] POSITIVO | Fotos nuevas: 0 | Envios OK: 0 | Envios FAIL: 0 | Reviews negativas: 0 | Fotos borradas: 0

=== SESIÓN 18:25-17:57 (01/06/2026) ===
RESERVA                   TELÉFONO             ESTADO       RESPUESTA                 REVIEW
-----------------------------------------------------------------------------------------------
31/5_16:10_csi            34%C2%A0722%C2%A080%C2%A042%C2%A083%E2%80%AC ENVIADO      sin respuesta             -
31/5_16:10_csi            34%C2%A0722%C2%A080%C2%A042%C2%A083%E2%80%AC ENVIADO      recordatorio FALLIDO reacción en foto (send_not_confirmed) -
31/5_16:10_csi            34%C2%A0722%C2%A080%C2%A042%C2%A083%E2%80%AC ENVIADO      recordatorio FALLIDO reacción en foto (send_not_confirmed) -
31/5_16:10_csi            34%C2%A0722%C2%A080%C2%A042%C2%A083%E2%80%AC ENVIADO      recordatorio FALLIDO reacción en foto (send_not_confirmed) -
31/5_16:10_csi            34%C2%A0722%C2%A080%C2%A042%C2%A083%E2%80%AC ENVIADO      recordatorio FALLIDO reacción en foto (send_not_confirmed) -
31/5_16:10_csi            34%C2%A0722%C2%A080%C2%A042%C2%A083%E2%80%AC ENVIADO      recordatorio FALLIDO reacción en foto (send_not_confirmed) -
31/5_16:10_csi            34%C2%A0722%C2%A080%C2%A042%C2%A083%E2%80%AC ENVIADO      POSITIVA (reacción emoji en texto) review enviada
30/5_11:30_4e             34647357305          ENVIADO      recordatorio enviado (48h) -
23/5_17:30_maf            34603458949          ENVIADO      NEUTRAL (sin respuesta 96h) -

[2026-06-01 19:23:10] POSITIVO | Fotos nuevas: 0 | Envios OK: 0 | Envios FAIL: 0 | Reviews negativas: 0 | Fotos borradas: 0

=== SESIÓN 18:25-17:57 (01/06/2026) ===
RESERVA                   TELÉFONO             ESTADO       RESPUESTA                 REVIEW
-----------------------------------------------------------------------------------------------
31/5_16:10_csi            34%C2%A0722%C2%A080%C2%A042%C2%A083%E2%80%AC ENVIADO      sin respuesta             -
31/5_16:10_csi            34%C2%A0722%C2%A080%C2%A042%C2%A083%E2%80%AC ENVIADO      recordatorio FALLIDO reacción en foto (send_not_confirmed) -
31/5_16:10_csi            34%C2%A0722%C2%A080%C2%A042%C2%A083%E2%80%AC ENVIADO      recordatorio FALLIDO reacción en foto (send_not_confirmed) -
31/5_16:10_csi            34%C2%A0722%C2%A080%C2%A042%C2%A083%E2%80%AC ENVIADO      recordatorio FALLIDO reacción en foto (send_not_confirmed) -
31/5_16:10_csi            34%C2%A0722%C2%A080%C2%A042%C2%A083%E2%80%AC ENVIADO      recordatorio FALLIDO reacción en foto (send_not_confirmed) -
31/5_16:10_csi            34%C2%A0722%C2%A080%C2%A042%C2%A083%E2%80%AC ENVIADO      recordatorio FALLIDO reacción en foto (send_not_confirmed) -
31/5_16:10_csi            34%C2%A0722%C2%A080%C2%A042%C2%A083%E2%80%AC ENVIADO      POSITIVA (reacción emoji en texto) review enviada
30/5_11:30_4e             34647357305          ENVIADO      recordatorio enviado (48h) -
23/5_17:30_maf            34603458949          ENVIADO      NEUTRAL (sin respuesta 96h) -

[2026-06-01 19:39:56] POSITIVO | Fotos nuevas: 0 | Envios OK: 0 | Envios FAIL: 0 | Reviews negativas: 0 | Fotos borradas: 0

=== SESIÓN 18:25-17:57 (01/06/2026) ===
RESERVA                   TELÉFONO             ESTADO       RESPUESTA                 REVIEW
-----------------------------------------------------------------------------------------------
31/5_16:10_csi            34%C2%A0722%C2%A080%C2%A042%C2%A083%E2%80%AC ENVIADO      sin respuesta             -
31/5_16:10_csi            34%C2%A0722%C2%A080%C2%A042%C2%A083%E2%80%AC ENVIADO      recordatorio FALLIDO reacción en foto (send_not_confirmed) -
31/5_16:10_csi            34%C2%A0722%C2%A080%C2%A042%C2%A083%E2%80%AC ENVIADO      recordatorio FALLIDO reacción en foto (send_not_confirmed) -
31/5_16:10_csi            34%C2%A0722%C2%A080%C2%A042%C2%A083%E2%80%AC ENVIADO      recordatorio FALLIDO reacción en foto (send_not_confirmed) -
31/5_16:10_csi            34%C2%A0722%C2%A080%C2%A042%C2%A083%E2%80%AC ENVIADO      recordatorio FALLIDO reacción en foto (send_not_confirmed) -
31/5_16:10_csi            34%C2%A0722%C2%A080%C2%A042%C2%A083%E2%80%AC ENVIADO      recordatorio FALLIDO reacción en foto (send_not_confirmed) -
31/5_16:10_csi            34%C2%A0722%C2%A080%C2%A042%C2%A083%E2%80%AC ENVIADO      POSITIVA (reacción emoji en texto) review enviada
30/5_11:30_4e             34647357305          ENVIADO      recordatorio enviado (48h) -
23/5_17:30_maf            34603458949          ENVIADO      NEUTRAL (sin respuesta 96h) -

[2026-06-01 19:56:46] POSITIVO | Fotos nuevas: 0 | Envios OK: 0 | Envios FAIL: 0 | Reviews negativas: 0 | Fotos borradas: 0

=== SESIÓN 18:25-17:57 (01/06/2026) ===
RESERVA                   TELÉFONO             ESTADO       RESPUESTA                 REVIEW
-----------------------------------------------------------------------------------------------
31/5_16:10_csi            34%C2%A0722%C2%A080%C2%A042%C2%A083%E2%80%AC ENVIADO      sin respuesta             -
31/5_16:10_csi            34%C2%A0722%C2%A080%C2%A042%C2%A083%E2%80%AC ENVIADO      recordatorio FALLIDO reacción en foto (send_not_confirmed) -
31/5_16:10_csi            34%C2%A0722%C2%A080%C2%A042%C2%A083%E2%80%AC ENVIADO      recordatorio FALLIDO reacción en foto (send_not_confirmed) -
31/5_16:10_csi            34%C2%A0722%C2%A080%C2%A042%C2%A083%E2%80%AC ENVIADO      recordatorio FALLIDO reacción en foto (send_not_confirmed) -
31/5_16:10_csi            34%C2%A0722%C2%A080%C2%A042%C2%A083%E2%80%AC ENVIADO      recordatorio FALLIDO reacción en foto (send_not_confirmed) -
31/5_16:10_csi            34%C2%A0722%C2%A080%C2%A042%C2%A083%E2%80%AC ENVIADO      recordatorio FALLIDO reacción en foto (send_not_confirmed) -
31/5_16:10_csi            34%C2%A0722%C2%A080%C2%A042%C2%A083%E2%80%AC ENVIADO      POSITIVA (reacción emoji en texto) review enviada
30/5_11:30_4e             34647357305          ENVIADO      recordatorio enviado (48h) -
23/5_17:30_maf            34603458949          ENVIADO      NEUTRAL (sin respuesta 96h) -

[2026-06-01 20:13:42] POSITIVO | Fotos nuevas: 0 | Envios OK: 0 | Envios FAIL: 0 | Reviews negativas: 0 | Fotos borradas: 0

=== SESIÓN 18:25-17:57 (01/06/2026) ===
RESERVA                   TELÉFONO             ESTADO       RESPUESTA                 REVIEW
-----------------------------------------------------------------------------------------------
31/5_16:10_csi            34%C2%A0722%C2%A080%C2%A042%C2%A083%E2%80%AC ENVIADO      sin respuesta             -
31/5_16:10_csi            34%C2%A0722%C2%A080%C2%A042%C2%A083%E2%80%AC ENVIADO      recordatorio FALLIDO reacción en foto (send_not_confirmed) -
31/5_16:10_csi            34%C2%A0722%C2%A080%C2%A042%C2%A083%E2%80%AC ENVIADO      recordatorio FALLIDO reacción en foto (send_not_confirmed) -
31/5_16:10_csi            34%C2%A0722%C2%A080%C2%A042%C2%A083%E2%80%AC ENVIADO      recordatorio FALLIDO reacción en foto (send_not_confirmed) -
31/5_16:10_csi            34%C2%A0722%C2%A080%C2%A042%C2%A083%E2%80%AC ENVIADO      recordatorio FALLIDO reacción en foto (send_not_confirmed) -
31/5_16:10_csi            34%C2%A0722%C2%A080%C2%A042%C2%A083%E2%80%AC ENVIADO      recordatorio FALLIDO reacción en foto (send_not_confirmed) -
31/5_16:10_csi            34%C2%A0722%C2%A080%C2%A042%C2%A083%E2%80%AC ENVIADO      POSITIVA (reacción emoji en texto) review enviada
30/5_11:30_4e             34647357305          ENVIADO      recordatorio enviado (48h) -
23/5_17:30_maf            34603458949          ENVIADO      NEUTRAL (sin respuesta 96h) -

[2026-06-01 20:30:35] POSITIVO | Fotos nuevas: 0 | Envios OK: 0 | Envios FAIL: 0 | Reviews negativas: 0 | Fotos borradas: 0
