
=== SESIÓN 16:11-16:11 (04/05/2026) ===
RESERVA                   TELÉFONO             ESTADO       RESPUESTA                 REVIEW
-----------------------------------------------------------------------------------------------
1/5_16:00_4e              34%C2%A0689%C2%A078%C2%A037%C2%A072%E2%80%AC ENVIADO      recordatorio FALLIDO (chat_input_not_found) -
1/5_17:40_csi             34635144142          ENVIADO      recordatorio FALLIDO (chat_input_not_found) -
1/5_20:40_csi             34646461916          ENVIADO      recordatorio FALLIDO (chat_input_not_found) -

[2026-05-04 16:11:35] POSITIVO | Fotos nuevas: 0 | Envios OK: 0 | Envios FAIL: 0 | Reviews negativas: 0 | Fotos borradas: 0

=== SESIÓN 16:17-16:19 (04/05/2026) ===
RESERVA                   TELÉFONO             ESTADO       RESPUESTA                 REVIEW
-----------------------------------------------------------------------------------------------
1/5_16:00_4e              34%C2%A0689%C2%A078%C2%A037%C2%A072%E2%80%AC ENVIADO      recordatorio FALLIDO (chat_input_not_found) -
1/5_17:40_csi             34635144142          ENVIADO      recordatorio FALLIDO (chat_input_not_found) -
1/5_20:40_csi             34646461916          ENVIADO      recordatorio FALLIDO (chat_input_not_found) -

[2026-05-04 16:19:41] POSITIVO | Fotos nuevas: 0 | Envios OK: 0 | Envios FAIL: 0 | Reviews negativas: 0 | Fotos borradas: 0

=== SESIÓN 19:27-19:29 (04/05/2026) ===
RESERVA                   TELÉFONO             ESTADO       RESPUESTA                 REVIEW
-----------------------------------------------------------------------------------------------
1/5_16:00_4e              34%C2%A0689%C2%A078%C2%A037%C2%A072%E2%80%AC ENVIADO      recordatorio FALLIDO (chat_input_not_found) -
1/5_17:40_csi             34635144142          ENVIADO      recordatorio FALLIDO (chat_input_not_found) -
1/5_20:40_csi             34646461916          ENVIADO      recordatorio FALLIDO (chat_input_not_found) -

[2026-05-04 19:29:11] POSITIVO | Fotos nuevas: 0 | Envios OK: 0 | Envios FAIL: 0 | Reviews negativas: 0 | Fotos borradas: 0

=== SESIÓN 20:35-20:37 (04/05/2026) ===
RESERVA                   TELÉFONO             ESTADO       RESPUESTA                 REVIEW
-----------------------------------------------------------------------------------------------
1/5_16:00_4e              34%C2%A0689%C2%A078%C2%A037%C2%A072%E2%80%AC ENVIADO      recordatorio enviado (48h) -
1/5_17:40_csi             34635144142          ENVIADO      recordatorio enviado (48h) -
1/5_20:40_csi             34646461916          ENVIADO      recordatorio enviado (48h) -

[2026-05-04 20:37:19] POSITIVO | Fotos nuevas: 1 | Envios OK: 0 | Envios FAIL: 0 | Reviews negativas: 0 | Fotos borradas: 0
[2026-05-04 20:42:20] POSITIVO | Fotos nuevas: 4 | Envios OK: 0 | Envios FAIL: 0 | Reviews negativas: 0 | Fotos borradas: 0

=== SESIÓN 20:42-20:42 (04/05/2026) ===
RESERVA                   TELÉFONO             ESTADO       RESPUESTA                 REVIEW
-----------------------------------------------------------------------------------------------
1/5_16:00_4e              34%C2%A0689%C2%A078%C2%A037%C2%A072%E2%80%AC ENVIADO      POSITIVA (reacción emoji en texto) review enviada

[2026-05-04 20:43:50] POSITIVO | Fotos nuevas: 0 | Envios OK: 0 | Envios FAIL: 0 | Reviews negativas: 0 | Fotos borradas: 0
[2026-05-04 21:58:02] POSITIVO | Fotos nuevas: 0 | Envios OK: 0 | Envios FAIL: 0 | Reviews negativas: 0 | Fotos borradas: 0
