
=== SESIÓN 10:13-10:13 (27/04/2026) ===
RESERVA                   TELÉFONO             ESTADO       RESPUESTA                 REVIEW
-----------------------------------------------------------------------------------------------
24/4_19:00_4e             34%C2%A0616%C2%A048%C2%A084%C2%A001%E2%80%AC ENVIADO      recordatorio FALLIDO (chat_input_not_found) -

[2026-04-27 10:14:15] POSITIVO | Fotos nuevas: 0 | Envios OK: 0 | Envios FAIL: 0 | Reviews negativas: 0 | Fotos borradas: 0

=== SESIÓN 10:27-10:27 (27/04/2026) ===
RESERVA                   TELÉFONO             ESTADO       RESPUESTA                 REVIEW
-----------------------------------------------------------------------------------------------
24/4_19:00_4e             34%C2%A0616%C2%A048%C2%A084%C2%A001%E2%80%AC ENVIADO      recordatorio FALLIDO (chat_input_not_found) -

[2026-04-27 10:29:07] POSITIVO | Fotos nuevas: 0 | Envios OK: 0 | Envios FAIL: 0 | Reviews negativas: 0 | Fotos borradas: 0

=== SESIÓN 10:42-10:42 (27/04/2026) ===
RESERVA                   TELÉFONO             ESTADO       RESPUESTA                 REVIEW
-----------------------------------------------------------------------------------------------
24/4_19:00_4e             34%C2%A0616%C2%A048%C2%A084%C2%A001%E2%80%AC ENVIADO      recordatorio FALLIDO (chat_input_not_found) -

[2026-04-27 10:44:03] POSITIVO | Fotos nuevas: 0 | Envios OK: 0 | Envios FAIL: 0 | Reviews negativas: 0 | Fotos borradas: 0

=== SESIÓN 10:57-10:57 (27/04/2026) ===
RESERVA                   TELÉFONO             ESTADO       RESPUESTA                 REVIEW
-----------------------------------------------------------------------------------------------
24/4_19:00_4e             34%C2%A0616%C2%A048%C2%A084%C2%A001%E2%80%AC ENVIADO      recordatorio FALLIDO (chat_input_not_found) -

[2026-04-27 10:59:05] POSITIVO | Fotos nuevas: 0 | Envios OK: 0 | Envios FAIL: 0 | Reviews negativas: 0 | Fotos borradas: 0

=== SESIÓN 11:12-11:12 (27/04/2026) ===
RESERVA                   TELÉFONO             ESTADO       RESPUESTA                 REVIEW
-----------------------------------------------------------------------------------------------
24/4_19:00_4e             34%C2%A0616%C2%A048%C2%A084%C2%A001%E2%80%AC ENVIADO      recordatorio FALLIDO (chat_input_not_found) -

[2026-04-27 11:14:01] POSITIVO | Fotos nuevas: 0 | Envios OK: 0 | Envios FAIL: 0 | Reviews negativas: 0 | Fotos borradas: 0

=== SESIÓN 11:27-11:27 (27/04/2026) ===
RESERVA                   TELÉFONO             ESTADO       RESPUESTA                 REVIEW
-----------------------------------------------------------------------------------------------
24/4_19:00_4e             34%C2%A0616%C2%A048%C2%A084%C2%A001%E2%80%AC ENVIADO      recordatorio FALLIDO (chat_input_not_found) -

[2026-04-27 11:28:59] POSITIVO | Fotos nuevas: 0 | Envios OK: 0 | Envios FAIL: 0 | Reviews negativas: 0 | Fotos borradas: 0

=== SESIÓN 11:42-11:42 (27/04/2026) ===
RESERVA                   TELÉFONO             ESTADO       RESPUESTA                 REVIEW
-----------------------------------------------------------------------------------------------
24/4_19:00_4e             34%C2%A0616%C2%A048%C2%A084%C2%A001%E2%80%AC ENVIADO      recordatorio FALLIDO (chat_input_not_found) -

[2026-04-27 11:44:17] POSITIVO | Fotos nuevas: 0 | Envios OK: 0 | Envios FAIL: 0 | Reviews negativas: 0 | Fotos borradas: 0

=== SESIÓN 11:57-11:57 (27/04/2026) ===
RESERVA                   TELÉFONO             ESTADO       RESPUESTA                 REVIEW
-----------------------------------------------------------------------------------------------
24/4_19:00_4e             34%C2%A0616%C2%A048%C2%A084%C2%A001%E2%80%AC ENVIADO      recordatorio FALLIDO (chat_input_not_found) -

[2026-04-27 11:59:06] POSITIVO | Fotos nuevas: 0 | Envios OK: 0 | Envios FAIL: 0 | Reviews negativas: 0 | Fotos borradas: 0

=== SESIÓN 12:12-12:12 (27/04/2026) ===
RESERVA                   TELÉFONO             ESTADO       RESPUESTA                 REVIEW
-----------------------------------------------------------------------------------------------
24/4_19:00_4e             34%C2%A0616%C2%A048%C2%A084%C2%A001%E2%80%AC ENVIADO      recordatorio FALLIDO (chat_input_not_found) -

[2026-04-27 12:13:58] POSITIVO | Fotos nuevas: 0 | Envios OK: 0 | Envios FAIL: 0 | Reviews negativas: 0 | Fotos borradas: 0

=== SESIÓN 12:27-12:27 (27/04/2026) ===
RESERVA                   TELÉFONO             ESTADO       RESPUESTA                 REVIEW
-----------------------------------------------------------------------------------------------
24/4_19:00_4e             34%C2%A0616%C2%A048%C2%A084%C2%A001%E2%80%AC ENVIADO      recordatorio FALLIDO (chat_input_not_found) -

[2026-04-27 12:29:04] POSITIVO | Fotos nuevas: 0 | Envios OK: 0 | Envios FAIL: 0 | Reviews negativas: 0 | Fotos borradas: 0

=== SESIÓN 12:42-12:42 (27/04/2026) ===
RESERVA                   TELÉFONO             ESTADO       RESPUESTA                 REVIEW
-----------------------------------------------------------------------------------------------
24/4_19:00_4e             34%C2%A0616%C2%A048%C2%A084%C2%A001%E2%80%AC ENVIADO      recordatorio FALLIDO (chat_input_not_found) -

[2026-04-27 12:44:07] POSITIVO | Fotos nuevas: 0 | Envios OK: 0 | Envios FAIL: 0 | Reviews negativas: 0 | Fotos borradas: 0

=== SESIÓN 12:57-12:57 (27/04/2026) ===
RESERVA                   TELÉFONO             ESTADO       RESPUESTA                 REVIEW
-----------------------------------------------------------------------------------------------
24/4_19:00_4e             34%C2%A0616%C2%A048%C2%A084%C2%A001%E2%80%AC ENVIADO      recordatorio FALLIDO (chat_input_not_found) -

[2026-04-27 12:59:07] POSITIVO | Fotos nuevas: 0 | Envios OK: 0 | Envios FAIL: 0 | Reviews negativas: 0 | Fotos borradas: 0

=== SESIÓN 13:12-13:12 (27/04/2026) ===
RESERVA                   TELÉFONO             ESTADO       RESPUESTA                 REVIEW
-----------------------------------------------------------------------------------------------
24/4_19:00_4e             34%C2%A0616%C2%A048%C2%A084%C2%A001%E2%80%AC ENVIADO      recordatorio FALLIDO (chat_input_not_found) -

[2026-04-27 13:13:51] POSITIVO | Fotos nuevas: 0 | Envios OK: 0 | Envios FAIL: 0 | Reviews negativas: 0 | Fotos borradas: 0

=== SESIÓN 13:27-13:27 (27/04/2026) ===
RESERVA                   TELÉFONO             ESTADO       RESPUESTA                 REVIEW
-----------------------------------------------------------------------------------------------
24/4_19:00_4e             34%C2%A0616%C2%A048%C2%A084%C2%A001%E2%80%AC ENVIADO      recordatorio FALLIDO (chat_input_not_found) -

[2026-04-27 13:28:57] POSITIVO | Fotos nuevas: 0 | Envios OK: 0 | Envios FAIL: 0 | Reviews negativas: 0 | Fotos borradas: 0

=== SESIÓN 13:42-13:42 (27/04/2026) ===
RESERVA                   TELÉFONO             ESTADO       RESPUESTA                 REVIEW
-----------------------------------------------------------------------------------------------
24/4_19:00_4e             34%C2%A0616%C2%A048%C2%A084%C2%A001%E2%80%AC ENVIADO      recordatorio FALLIDO (chat_input_not_found) -

[2026-04-27 13:44:11] POSITIVO | Fotos nuevas: 0 | Envios OK: 0 | Envios FAIL: 0 | Reviews negativas: 0 | Fotos borradas: 0

=== SESIÓN 13:57-13:57 (27/04/2026) ===
RESERVA                   TELÉFONO             ESTADO       RESPUESTA                 REVIEW
-----------------------------------------------------------------------------------------------
24/4_19:00_4e             34%C2%A0616%C2%A048%C2%A084%C2%A001%E2%80%AC ENVIADO      recordatorio FALLIDO (chat_input_not_found) -

[2026-04-27 13:59:11] POSITIVO | Fotos nuevas: 0 | Envios OK: 0 | Envios FAIL: 0 | Reviews negativas: 0 | Fotos borradas: 0

=== SESIÓN 14:13-14:13 (27/04/2026) ===
RESERVA                   TELÉFONO             ESTADO       RESPUESTA                 REVIEW
-----------------------------------------------------------------------------------------------
24/4_19:00_4e             34%C2%A0616%C2%A048%C2%A084%C2%A001%E2%80%AC ENVIADO      recordatorio FALLIDO (chat_input_not_found) -

[2026-04-27 14:14:16] POSITIVO | Fotos nuevas: 0 | Envios OK: 0 | Envios FAIL: 0 | Reviews negativas: 0 | Fotos borradas: 0

=== SESIÓN 14:28-14:28 (27/04/2026) ===
RESERVA                   TELÉFONO             ESTADO       RESPUESTA                 REVIEW
-----------------------------------------------------------------------------------------------
24/4_19:00_4e             34%C2%A0616%C2%A048%C2%A084%C2%A001%E2%80%AC ENVIADO      recordatorio FALLIDO (chat_input_not_found) -
25/4_11:30_4e             34%C2%A0674%C2%A055%C2%A021%C2%A033%E2%80%AC ENVIADO      recordatorio FALLIDO (chat_input_not_found) -

[2026-04-27 14:29:25] POSITIVO | Fotos nuevas: 0 | Envios OK: 0 | Envios FAIL: 0 | Reviews negativas: 0 | Fotos borradas: 0

=== SESIÓN 14:43-14:43 (27/04/2026) ===
RESERVA                   TELÉFONO             ESTADO       RESPUESTA                 REVIEW
-----------------------------------------------------------------------------------------------
24/4_19:00_4e             34%C2%A0616%C2%A048%C2%A084%C2%A001%E2%80%AC ENVIADO      recordatorio FALLIDO (chat_input_not_found) -
25/4_11:30_4e             34%C2%A0674%C2%A055%C2%A021%C2%A033%E2%80%AC ENVIADO      recordatorio FALLIDO (chat_input_not_found) -

[2026-04-27 14:44:21] POSITIVO | Fotos nuevas: 0 | Envios OK: 0 | Envios FAIL: 0 | Reviews negativas: 0 | Fotos borradas: 0

=== SESIÓN 14:57-14:58 (27/04/2026) ===
RESERVA                   TELÉFONO             ESTADO       RESPUESTA                 REVIEW
-----------------------------------------------------------------------------------------------
24/4_19:00_4e             34%C2%A0616%C2%A048%C2%A084%C2%A001%E2%80%AC ENVIADO      recordatorio FALLIDO (chat_input_not_found) -
25/4_11:30_4e             34%C2%A0674%C2%A055%C2%A021%C2%A033%E2%80%AC ENVIADO      recordatorio FALLIDO (chat_input_not_found) -

[2026-04-27 14:58:57] POSITIVO | Fotos nuevas: 0 | Envios OK: 0 | Envios FAIL: 0 | Reviews negativas: 0 | Fotos borradas: 0

=== SESIÓN 15:12-15:13 (27/04/2026) ===
RESERVA                   TELÉFONO             ESTADO       RESPUESTA                 REVIEW
-----------------------------------------------------------------------------------------------
24/4_19:00_4e             34%C2%A0616%C2%A048%C2%A084%C2%A001%E2%80%AC ENVIADO      recordatorio FALLIDO (chat_input_not_found) -
25/4_11:30_4e             34%C2%A0674%C2%A055%C2%A021%C2%A033%E2%80%AC ENVIADO      recordatorio FALLIDO (chat_input_not_found) -

[2026-04-27 15:13:59] POSITIVO | Fotos nuevas: 0 | Envios OK: 0 | Envios FAIL: 0 | Reviews negativas: 0 | Fotos borradas: 0

=== SESIÓN 15:27-15:28 (27/04/2026) ===
RESERVA                   TELÉFONO             ESTADO       RESPUESTA                 REVIEW
-----------------------------------------------------------------------------------------------
24/4_19:00_4e             34%C2%A0616%C2%A048%C2%A084%C2%A001%E2%80%AC ENVIADO      recordatorio FALLIDO (chat_input_not_found) -
25/4_11:30_4e             34%C2%A0674%C2%A055%C2%A021%C2%A033%E2%80%AC ENVIADO      recordatorio FALLIDO (chat_input_not_found) -

[2026-04-27 15:28:52] POSITIVO | Fotos nuevas: 0 | Envios OK: 0 | Envios FAIL: 0 | Reviews negativas: 0 | Fotos borradas: 0

=== SESIÓN 15:42-15:43 (27/04/2026) ===
RESERVA                   TELÉFONO             ESTADO       RESPUESTA                 REVIEW
-----------------------------------------------------------------------------------------------
24/4_19:00_4e             34%C2%A0616%C2%A048%C2%A084%C2%A001%E2%80%AC ENVIADO      recordatorio FALLIDO (chat_input_not_found) -
25/4_11:30_4e             34%C2%A0674%C2%A055%C2%A021%C2%A033%E2%80%AC ENVIADO      recordatorio FALLIDO (chat_input_not_found) -

[2026-04-27 15:43:52] POSITIVO | Fotos nuevas: 0 | Envios OK: 0 | Envios FAIL: 0 | Reviews negativas: 0 | Fotos borradas: 0

=== SESIÓN 15:57-15:58 (27/04/2026) ===
RESERVA                   TELÉFONO             ESTADO       RESPUESTA                 REVIEW
-----------------------------------------------------------------------------------------------
24/4_19:00_4e             34%C2%A0616%C2%A048%C2%A084%C2%A001%E2%80%AC ENVIADO      recordatorio FALLIDO (chat_input_not_found) -
25/4_11:30_4e             34%C2%A0674%C2%A055%C2%A021%C2%A033%E2%80%AC ENVIADO      recordatorio FALLIDO (chat_input_not_found) -

[2026-04-27 15:58:59] POSITIVO | Fotos nuevas: 0 | Envios OK: 0 | Envios FAIL: 0 | Reviews negativas: 0 | Fotos borradas: 0

=== SESIÓN 16:12-16:13 (27/04/2026) ===
RESERVA                   TELÉFONO             ESTADO       RESPUESTA                 REVIEW
-----------------------------------------------------------------------------------------------
24/4_19:00_4e             34%C2%A0616%C2%A048%C2%A084%C2%A001%E2%80%AC ENVIADO      recordatorio FALLIDO (chat_input_not_found) -
25/4_11:30_4e             34%C2%A0674%C2%A055%C2%A021%C2%A033%E2%80%AC ENVIADO      recordatorio FALLIDO (chat_input_not_found) -

[2026-04-27 16:14:14] POSITIVO | Fotos nuevas: 0 | Envios OK: 0 | Envios FAIL: 0 | Reviews negativas: 0 | Fotos borradas: 0

=== SESIÓN 16:28-16:28 (27/04/2026) ===
RESERVA                   TELÉFONO             ESTADO       RESPUESTA                 REVIEW
-----------------------------------------------------------------------------------------------
24/4_19:00_4e             34%C2%A0616%C2%A048%C2%A084%C2%A001%E2%80%AC ENVIADO      recordatorio FALLIDO (chat_input_not_found) -
25/4_11:30_4e             34%C2%A0674%C2%A055%C2%A021%C2%A033%E2%80%AC ENVIADO      recordatorio FALLIDO (chat_input_not_found) -

[2026-04-27 16:29:19] POSITIVO | Fotos nuevas: 0 | Envios OK: 0 | Envios FAIL: 0 | Reviews negativas: 0 | Fotos borradas: 0

=== SESIÓN 16:42-16:43 (27/04/2026) ===
RESERVA                   TELÉFONO             ESTADO       RESPUESTA                 REVIEW
-----------------------------------------------------------------------------------------------
24/4_19:00_4e             34%C2%A0616%C2%A048%C2%A084%C2%A001%E2%80%AC ENVIADO      recordatorio FALLIDO (chat_input_not_found) -
25/4_11:30_4e             34%C2%A0674%C2%A055%C2%A021%C2%A033%E2%80%AC ENVIADO      recordatorio FALLIDO (chat_input_not_found) -

[2026-04-27 16:44:05] POSITIVO | Fotos nuevas: 0 | Envios OK: 0 | Envios FAIL: 0 | Reviews negativas: 0 | Fotos borradas: 0

=== SESIÓN 16:57-16:58 (27/04/2026) ===
RESERVA                   TELÉFONO             ESTADO       RESPUESTA                 REVIEW
-----------------------------------------------------------------------------------------------
24/4_19:00_4e             34%C2%A0616%C2%A048%C2%A084%C2%A001%E2%80%AC ENVIADO      recordatorio FALLIDO (chat_input_not_found) -
25/4_11:30_4e             34%C2%A0674%C2%A055%C2%A021%C2%A033%E2%80%AC ENVIADO      recordatorio FALLIDO (chat_input_not_found) -

[2026-04-27 16:59:11] POSITIVO | Fotos nuevas: 0 | Envios OK: 0 | Envios FAIL: 0 | Reviews negativas: 0 | Fotos borradas: 0

=== SESIÓN 17:12-17:13 (27/04/2026) ===
RESERVA                   TELÉFONO             ESTADO       RESPUESTA                 REVIEW
-----------------------------------------------------------------------------------------------
24/4_19:00_4e             34%C2%A0616%C2%A048%C2%A084%C2%A001%E2%80%AC ENVIADO      recordatorio FALLIDO (chat_input_not_found) -
25/4_11:30_4e             34%C2%A0674%C2%A055%C2%A021%C2%A033%E2%80%AC ENVIADO      recordatorio FALLIDO (chat_input_not_found) -

[2026-04-27 17:13:59] POSITIVO | Fotos nuevas: 0 | Envios OK: 0 | Envios FAIL: 0 | Reviews negativas: 0 | Fotos borradas: 0

=== SESIÓN 17:27-17:28 (27/04/2026) ===
RESERVA                   TELÉFONO             ESTADO       RESPUESTA                 REVIEW
-----------------------------------------------------------------------------------------------
24/4_19:00_4e             34%C2%A0616%C2%A048%C2%A084%C2%A001%E2%80%AC ENVIADO      recordatorio FALLIDO (chat_input_not_found) -
25/4_11:30_4e             34%C2%A0674%C2%A055%C2%A021%C2%A033%E2%80%AC ENVIADO      recordatorio FALLIDO (chat_input_not_found) -

[2026-04-27 17:28:58] POSITIVO | Fotos nuevas: 0 | Envios OK: 0 | Envios FAIL: 0 | Reviews negativas: 0 | Fotos borradas: 0

=== SESIÓN 17:43-17:43 (27/04/2026) ===
RESERVA                   TELÉFONO             ESTADO       RESPUESTA                 REVIEW
-----------------------------------------------------------------------------------------------
24/4_19:00_4e             34%C2%A0616%C2%A048%C2%A084%C2%A001%E2%80%AC ENVIADO      recordatorio FALLIDO (chat_input_not_found) -
25/4_11:30_4e             34%C2%A0674%C2%A055%C2%A021%C2%A033%E2%80%AC ENVIADO      recordatorio FALLIDO (chat_input_not_found) -

[2026-04-27 17:44:36] POSITIVO | Fotos nuevas: 0 | Envios OK: 0 | Envios FAIL: 0 | Reviews negativas: 0 | Fotos borradas: 0

=== SESIÓN 17:58-17:58 (27/04/2026) ===
RESERVA                   TELÉFONO             ESTADO       RESPUESTA                 REVIEW
-----------------------------------------------------------------------------------------------
24/4_19:00_4e             34%C2%A0616%C2%A048%C2%A084%C2%A001%E2%80%AC ENVIADO      recordatorio FALLIDO (chat_input_not_found) -
25/4_11:30_4e             34%C2%A0674%C2%A055%C2%A021%C2%A033%E2%80%AC ENVIADO      recordatorio FALLIDO (chat_input_not_found) -

[2026-04-27 17:59:58] POSITIVO | Fotos nuevas: 0 | Envios OK: 0 | Envios FAIL: 0 | Reviews negativas: 0 | Fotos borradas: 0

=== SESIÓN 18:12-18:13 (27/04/2026) ===
RESERVA                   TELÉFONO             ESTADO       RESPUESTA                 REVIEW
-----------------------------------------------------------------------------------------------
24/4_19:00_4e             34%C2%A0616%C2%A048%C2%A084%C2%A001%E2%80%AC ENVIADO      recordatorio FALLIDO (chat_input_not_found) -
25/4_11:30_4e             34%C2%A0674%C2%A055%C2%A021%C2%A033%E2%80%AC ENVIADO      recordatorio FALLIDO (chat_input_not_found) -

[2026-04-27 18:14:06] POSITIVO | Fotos nuevas: 0 | Envios OK: 0 | Envios FAIL: 0 | Reviews negativas: 0 | Fotos borradas: 0

=== SESIÓN 18:27-18:28 (27/04/2026) ===
RESERVA                   TELÉFONO             ESTADO       RESPUESTA                 REVIEW
-----------------------------------------------------------------------------------------------
24/4_19:00_4e             34%C2%A0616%C2%A048%C2%A084%C2%A001%E2%80%AC ENVIADO      recordatorio FALLIDO (chat_input_not_found) -
25/4_11:30_4e             34%C2%A0674%C2%A055%C2%A021%C2%A033%E2%80%AC ENVIADO      recordatorio FALLIDO (chat_input_not_found) -

[2026-04-27 18:28:57] POSITIVO | Fotos nuevas: 0 | Envios OK: 0 | Envios FAIL: 0 | Reviews negativas: 0 | Fotos borradas: 0

=== SESIÓN 18:42-18:43 (27/04/2026) ===
RESERVA                   TELÉFONO             ESTADO       RESPUESTA                 REVIEW
-----------------------------------------------------------------------------------------------
24/4_19:00_4e             34%C2%A0616%C2%A048%C2%A084%C2%A001%E2%80%AC ENVIADO      recordatorio FALLIDO (chat_input_not_found) -
25/4_11:30_4e             34%C2%A0674%C2%A055%C2%A021%C2%A033%E2%80%AC ENVIADO      recordatorio FALLIDO (chat_input_not_found) -

[2026-04-27 18:43:58] POSITIVO | Fotos nuevas: 0 | Envios OK: 0 | Envios FAIL: 0 | Reviews negativas: 0 | Fotos borradas: 0

=== SESIÓN 18:57-18:58 (27/04/2026) ===
RESERVA                   TELÉFONO             ESTADO       RESPUESTA                 REVIEW
-----------------------------------------------------------------------------------------------
24/4_19:00_4e             34%C2%A0616%C2%A048%C2%A084%C2%A001%E2%80%AC ENVIADO      recordatorio FALLIDO (chat_input_not_found) -
25/4_11:30_4e             34%C2%A0674%C2%A055%C2%A021%C2%A033%E2%80%AC ENVIADO      recordatorio FALLIDO (chat_input_not_found) -

[2026-04-27 18:59:01] POSITIVO | Fotos nuevas: 0 | Envios OK: 0 | Envios FAIL: 0 | Reviews negativas: 0 | Fotos borradas: 0

=== SESIÓN 19:12-19:13 (27/04/2026) ===
RESERVA                   TELÉFONO             ESTADO       RESPUESTA                 REVIEW
-----------------------------------------------------------------------------------------------
24/4_19:00_4e             34%C2%A0616%C2%A048%C2%A084%C2%A001%E2%80%AC ENVIADO      recordatorio FALLIDO (chat_input_not_found) -
25/4_11:30_4e             34%C2%A0674%C2%A055%C2%A021%C2%A033%E2%80%AC ENVIADO      recordatorio FALLIDO (chat_input_not_found) -

[2026-04-27 19:13:53] POSITIVO | Fotos nuevas: 0 | Envios OK: 0 | Envios FAIL: 0 | Reviews negativas: 0 | Fotos borradas: 0

=== SESIÓN 19:27-19:28 (27/04/2026) ===
RESERVA                   TELÉFONO             ESTADO       RESPUESTA                 REVIEW
-----------------------------------------------------------------------------------------------
24/4_19:00_4e             34%C2%A0616%C2%A048%C2%A084%C2%A001%E2%80%AC ENVIADO      recordatorio FALLIDO (chat_input_not_found) -
25/4_11:30_4e             34%C2%A0674%C2%A055%C2%A021%C2%A033%E2%80%AC ENVIADO      recordatorio FALLIDO (chat_input_not_found) -

[2026-04-27 19:28:55] POSITIVO | Fotos nuevas: 0 | Envios OK: 0 | Envios FAIL: 0 | Reviews negativas: 0 | Fotos borradas: 0

=== SESIÓN 19:42-19:43 (27/04/2026) ===
RESERVA                   TELÉFONO             ESTADO       RESPUESTA                 REVIEW
-----------------------------------------------------------------------------------------------
24/4_19:00_4e             34%C2%A0616%C2%A048%C2%A084%C2%A001%E2%80%AC ENVIADO      recordatorio FALLIDO (chat_input_not_found) -
25/4_11:30_4e             34%C2%A0674%C2%A055%C2%A021%C2%A033%E2%80%AC ENVIADO      recordatorio FALLIDO (chat_input_not_found) -
25/4_17:40_csi            34%C2%A0675%C2%A077%C2%A080%C2%A073%E2%80%AC ENVIADO      recordatorio FALLIDO (chat_input_not_found) -

[2026-04-27 19:43:55] POSITIVO | Fotos nuevas: 0 | Envios OK: 0 | Envios FAIL: 0 | Reviews negativas: 0 | Fotos borradas: 0

=== SESIÓN 19:57-19:58 (27/04/2026) ===
RESERVA                   TELÉFONO             ESTADO       RESPUESTA                 REVIEW
-----------------------------------------------------------------------------------------------
24/4_19:00_4e             34%C2%A0616%C2%A048%C2%A084%C2%A001%E2%80%AC ENVIADO      recordatorio FALLIDO (chat_input_not_found) -
25/4_11:30_4e             34%C2%A0674%C2%A055%C2%A021%C2%A033%E2%80%AC ENVIADO      recordatorio FALLIDO (chat_input_not_found) -
25/4_17:40_csi            34%C2%A0675%C2%A077%C2%A080%C2%A073%E2%80%AC ENVIADO      recordatorio FALLIDO (chat_input_not_found) -

[2026-04-27 19:58:43] POSITIVO | Fotos nuevas: 0 | Envios OK: 0 | Envios FAIL: 0 | Reviews negativas: 0 | Fotos borradas: 0

=== SESIÓN 20:12-20:13 (27/04/2026) ===
RESERVA                   TELÉFONO             ESTADO       RESPUESTA                 REVIEW
-----------------------------------------------------------------------------------------------
24/4_19:00_4e             34%C2%A0616%C2%A048%C2%A084%C2%A001%E2%80%AC ENVIADO      recordatorio FALLIDO (chat_input_not_found) -
25/4_11:30_4e             34%C2%A0674%C2%A055%C2%A021%C2%A033%E2%80%AC ENVIADO      recordatorio FALLIDO (chat_input_not_found) -
25/4_17:40_csi            34%C2%A0675%C2%A077%C2%A080%C2%A073%E2%80%AC ENVIADO      recordatorio FALLIDO (chat_input_not_found) -

[2026-04-27 20:13:44] POSITIVO | Fotos nuevas: 0 | Envios OK: 0 | Envios FAIL: 0 | Reviews negativas: 0 | Fotos borradas: 0

=== SESIÓN 20:27-20:28 (27/04/2026) ===
RESERVA                   TELÉFONO             ESTADO       RESPUESTA                 REVIEW
-----------------------------------------------------------------------------------------------
24/4_19:00_4e             34%C2%A0616%C2%A048%C2%A084%C2%A001%E2%80%AC ENVIADO      recordatorio FALLIDO (chat_input_not_found) -
25/4_11:30_4e             34%C2%A0674%C2%A055%C2%A021%C2%A033%E2%80%AC ENVIADO      recordatorio FALLIDO (chat_input_not_found) -
25/4_17:40_csi            34%C2%A0675%C2%A077%C2%A080%C2%A073%E2%80%AC ENVIADO      recordatorio FALLIDO (chat_input_not_found) -

[2026-04-27 20:28:45] POSITIVO | Fotos nuevas: 0 | Envios OK: 0 | Envios FAIL: 0 | Reviews negativas: 0 | Fotos borradas: 0

=== SESIÓN 20:42-20:43 (27/04/2026) ===
RESERVA                   TELÉFONO             ESTADO       RESPUESTA                 REVIEW
-----------------------------------------------------------------------------------------------
24/4_19:00_4e             34%C2%A0616%C2%A048%C2%A084%C2%A001%E2%80%AC ENVIADO      recordatorio FALLIDO (chat_input_not_found) -
25/4_11:30_4e             34%C2%A0674%C2%A055%C2%A021%C2%A033%E2%80%AC ENVIADO      recordatorio FALLIDO (chat_input_not_found) -
25/4_17:40_csi            34%C2%A0675%C2%A077%C2%A080%C2%A073%E2%80%AC ENVIADO      recordatorio FALLIDO (chat_input_not_found) -

[2026-04-27 20:43:37] POSITIVO | Fotos nuevas: 0 | Envios OK: 0 | Envios FAIL: 0 | Reviews negativas: 0 | Fotos borradas: 0

=== SESIÓN 20:57-20:58 (27/04/2026) ===
RESERVA                   TELÉFONO             ESTADO       RESPUESTA                 REVIEW
-----------------------------------------------------------------------------------------------
24/4_19:00_4e             34%C2%A0616%C2%A048%C2%A084%C2%A001%E2%80%AC ENVIADO      recordatorio FALLIDO (chat_input_not_found) -
25/4_11:30_4e             34%C2%A0674%C2%A055%C2%A021%C2%A033%E2%80%AC ENVIADO      recordatorio FALLIDO (chat_input_not_found) -
25/4_17:40_csi            34%C2%A0675%C2%A077%C2%A080%C2%A073%E2%80%AC ENVIADO      recordatorio FALLIDO (chat_input_not_found) -

[2026-04-27 20:58:40] POSITIVO | Fotos nuevas: 0 | Envios OK: 0 | Envios FAIL: 0 | Reviews negativas: 0 | Fotos borradas: 0

=== SESIÓN 21:12-21:13 (27/04/2026) ===
RESERVA                   TELÉFONO             ESTADO       RESPUESTA                 REVIEW
-----------------------------------------------------------------------------------------------
24/4_19:00_4e             34%C2%A0616%C2%A048%C2%A084%C2%A001%E2%80%AC ENVIADO      recordatorio enviado (48h) -
25/4_11:30_4e             34%C2%A0674%C2%A055%C2%A021%C2%A033%E2%80%AC ENVIADO      recordatorio FALLIDO (chat_input_not_found) -
25/4_17:40_csi            34%C2%A0675%C2%A077%C2%A080%C2%A073%E2%80%AC ENVIADO      recordatorio FALLIDO (chat_input_not_found) -

[2026-04-27 21:13:58] POSITIVO | Fotos nuevas: 0 | Envios OK: 0 | Envios FAIL: 0 | Reviews negativas: 0 | Fotos borradas: 0

=== SESIÓN 21:28-21:28 (27/04/2026) ===
RESERVA                   TELÉFONO             ESTADO       RESPUESTA                 REVIEW
-----------------------------------------------------------------------------------------------
25/4_11:30_4e             34%C2%A0674%C2%A055%C2%A021%C2%A033%E2%80%AC ENVIADO      recordatorio FALLIDO (chat_input_not_found) -
25/4_17:40_csi            34%C2%A0675%C2%A077%C2%A080%C2%A073%E2%80%AC ENVIADO      recordatorio FALLIDO (chat_input_not_found) -

[2026-04-27 21:28:43] POSITIVO | Fotos nuevas: 0 | Envios OK: 0 | Envios FAIL: 0 | Reviews negativas: 0 | Fotos borradas: 0

=== SESIÓN 21:43-21:43 (27/04/2026) ===
RESERVA                   TELÉFONO             ESTADO       RESPUESTA                 REVIEW
-----------------------------------------------------------------------------------------------
25/4_11:30_4e             34%C2%A0674%C2%A055%C2%A021%C2%A033%E2%80%AC ENVIADO      recordatorio FALLIDO (chat_input_not_found) -
25/4_17:40_csi            34%C2%A0675%C2%A077%C2%A080%C2%A073%E2%80%AC ENVIADO      recordatorio FALLIDO (chat_input_not_found) -

[2026-04-27 21:43:47] POSITIVO | Fotos nuevas: 0 | Envios OK: 0 | Envios FAIL: 0 | Reviews negativas: 0 | Fotos borradas: 0

=== SESIÓN 21:58-21:58 (27/04/2026) ===
RESERVA                   TELÉFONO             ESTADO       RESPUESTA                 REVIEW
-----------------------------------------------------------------------------------------------
25/4_11:30_4e             34%C2%A0674%C2%A055%C2%A021%C2%A033%E2%80%AC ENVIADO      recordatorio FALLIDO (chat_input_not_found) -
25/4_17:40_csi            34%C2%A0675%C2%A077%C2%A080%C2%A073%E2%80%AC ENVIADO      recordatorio FALLIDO (chat_input_not_found) -

[2026-04-27 21:58:51] POSITIVO | Fotos nuevas: 0 | Envios OK: 0 | Envios FAIL: 0 | Reviews negativas: 0 | Fotos borradas: 0

=== SESIÓN 22:13-22:13 (27/04/2026) ===
RESERVA                   TELÉFONO             ESTADO       RESPUESTA                 REVIEW
-----------------------------------------------------------------------------------------------
25/4_11:30_4e             34%C2%A0674%C2%A055%C2%A021%C2%A033%E2%80%AC ENVIADO      recordatorio FALLIDO (chat_input_not_found) -
25/4_17:40_csi            34%C2%A0675%C2%A077%C2%A080%C2%A073%E2%80%AC ENVIADO      recordatorio FALLIDO (chat_input_not_found) -

[2026-04-27 22:13:52] POSITIVO | Fotos nuevas: 0 | Envios OK: 0 | Envios FAIL: 0 | Reviews negativas: 0 | Fotos borradas: 0

=== SESIÓN 22:28-22:28 (27/04/2026) ===
RESERVA                   TELÉFONO             ESTADO       RESPUESTA                 REVIEW
-----------------------------------------------------------------------------------------------
25/4_11:30_4e             34%C2%A0674%C2%A055%C2%A021%C2%A033%E2%80%AC ENVIADO      recordatorio FALLIDO (chat_input_not_found) -
25/4_17:40_csi            34%C2%A0675%C2%A077%C2%A080%C2%A073%E2%80%AC ENVIADO      recordatorio FALLIDO (chat_input_not_found) -

[2026-04-27 22:28:51] POSITIVO | Fotos nuevas: 0 | Envios OK: 0 | Envios FAIL: 0 | Reviews negativas: 0 | Fotos borradas: 0

=== SESIÓN 22:43-22:43 (27/04/2026) ===
RESERVA                   TELÉFONO             ESTADO       RESPUESTA                 REVIEW
-----------------------------------------------------------------------------------------------
25/4_11:30_4e             34%C2%A0674%C2%A055%C2%A021%C2%A033%E2%80%AC ENVIADO      recordatorio FALLIDO (chat_input_not_found) -
25/4_17:40_csi            34%C2%A0675%C2%A077%C2%A080%C2%A073%E2%80%AC ENVIADO      recordatorio FALLIDO (chat_input_not_found) -

[2026-04-27 22:43:46] POSITIVO | Fotos nuevas: 0 | Envios OK: 0 | Envios FAIL: 0 | Reviews negativas: 0 | Fotos borradas: 0

=== SESIÓN 22:58-22:58 (27/04/2026) ===
RESERVA                   TELÉFONO             ESTADO       RESPUESTA                 REVIEW
-----------------------------------------------------------------------------------------------
25/4_11:30_4e             34%C2%A0674%C2%A055%C2%A021%C2%A033%E2%80%AC ENVIADO      recordatorio FALLIDO (chat_input_not_found) -
25/4_17:40_csi            34%C2%A0675%C2%A077%C2%A080%C2%A073%E2%80%AC ENVIADO      recordatorio FALLIDO (chat_input_not_found) -

[2026-04-27 22:59:08] POSITIVO | Fotos nuevas: 0 | Envios OK: 0 | Envios FAIL: 0 | Reviews negativas: 0 | Fotos borradas: 0

=== SESIÓN 23:13-23:13 (27/04/2026) ===
RESERVA                   TELÉFONO             ESTADO       RESPUESTA                 REVIEW
-----------------------------------------------------------------------------------------------
25/4_11:30_4e             34%C2%A0674%C2%A055%C2%A021%C2%A033%E2%80%AC ENVIADO      recordatorio FALLIDO (chat_input_not_found) -
25/4_17:40_csi            34%C2%A0675%C2%A077%C2%A080%C2%A073%E2%80%AC ENVIADO      recordatorio FALLIDO (chat_input_not_found) -

[2026-04-27 23:13:50] POSITIVO | Fotos nuevas: 0 | Envios OK: 0 | Envios FAIL: 0 | Reviews negativas: 0 | Fotos borradas: 0
