
=== SESIÓN 10:02-10:03 (22/04/2026) ===
RESERVA                   TELÉFONO             ESTADO       RESPUESTA                 REVIEW
-----------------------------------------------------------------------------------------------
17/4_20:40_csi            34637987468          ENVIADO      recordatorio FALLIDO (chat_input_not_found) -
17/4_19:00_4e             966542212340         ENVIADO      recordatorio FALLIDO (chat_input_not_found) -
18/4_13:00_4e             34660201114          ENVIADO      recordatorio FALLIDO (chat_input_not_found) -
18/4_16:00_4e/csi         34649648412          ENVIADO      recordatorio FALLIDO (chat_input_not_found) -
18/4_17:30_4e             34617371228          ENVIADO      recordatorio FALLIDO (chat_input_not_found) -
18/4_20:30_4e             34683548136          ENVIADO      recordatorio FALLIDO (chat_input_not_found) -
18/4_20:30_4e/csi         34683548136          ENVIADO      recordatorio FALLIDO (chat_input_not_found) -
19/4_13:00_maf            34676518530          ENVIADO      recordatorio FALLIDO (chat_input_not_found) -

[2026-04-22 10:03:47] POSITIVO | Fotos nuevas: 0 | Envios OK: 0 | Envios FAIL: 0 | Reviews negativas: 0 | Fotos borradas: 0

=== SESIÓN 10:17-10:18 (22/04/2026) ===
RESERVA                   TELÉFONO             ESTADO       RESPUESTA                 REVIEW
-----------------------------------------------------------------------------------------------
18/4_13:00_4e             34660201114          ENVIADO      recordatorio FALLIDO (chat_input_not_found) -
18/4_16:00_4e/csi         34649648412          ENVIADO      recordatorio FALLIDO (chat_input_not_found) -
18/4_17:30_4e             34617371228          ENVIADO      recordatorio FALLIDO (chat_input_not_found) -
18/4_20:30_4e             34683548136          ENVIADO      recordatorio FALLIDO (chat_input_not_found) -
18/4_20:30_4e/csi         34683548136          ENVIADO      recordatorio FALLIDO (chat_input_not_found) -
19/4_13:00_maf            34676518530          ENVIADO      recordatorio FALLIDO (chat_input_not_found) -

[2026-04-22 10:18:17] POSITIVO | Fotos nuevas: 0 | Envios OK: 0 | Envios FAIL: 0 | Reviews negativas: 0 | Fotos borradas: 0

=== SESIÓN 10:32-10:33 (22/04/2026) ===
RESERVA                   TELÉFONO             ESTADO       RESPUESTA                 REVIEW
-----------------------------------------------------------------------------------------------
18/4_13:00_4e             34660201114          ENVIADO      recordatorio FALLIDO (chat_input_not_found) -
18/4_16:00_4e/csi         34649648412          ENVIADO      recordatorio FALLIDO (chat_input_not_found) -
18/4_17:30_4e             34617371228          ENVIADO      recordatorio FALLIDO (chat_input_not_found) -
18/4_20:30_4e             34683548136          ENVIADO      recordatorio FALLIDO (chat_input_not_found) -
18/4_20:30_4e/csi         34683548136          ENVIADO      recordatorio FALLIDO (chat_input_not_found) -
19/4_13:00_maf            34676518530          ENVIADO      recordatorio FALLIDO (chat_input_not_found) -

[2026-04-22 10:33:19] POSITIVO | Fotos nuevas: 0 | Envios OK: 0 | Envios FAIL: 0 | Reviews negativas: 0 | Fotos borradas: 0

=== SESIÓN 10:47-10:48 (22/04/2026) ===
RESERVA                   TELÉFONO             ESTADO       RESPUESTA                 REVIEW
-----------------------------------------------------------------------------------------------
18/4_13:00_4e             34660201114          ENVIADO      recordatorio FALLIDO (chat_input_not_found) -
18/4_16:00_4e/csi         34649648412          ENVIADO      recordatorio FALLIDO (chat_input_not_found) -
18/4_17:30_4e             34617371228          ENVIADO      recordatorio FALLIDO (chat_input_not_found) -
18/4_20:30_4e             34683548136          ENVIADO      recordatorio FALLIDO (chat_input_not_found) -
18/4_20:30_4e/csi         34683548136          ENVIADO      recordatorio FALLIDO (chat_input_not_found) -
19/4_13:00_maf            34676518530          ENVIADO      recordatorio FALLIDO (chat_input_not_found) -

[2026-04-22 10:48:18] POSITIVO | Fotos nuevas: 0 | Envios OK: 0 | Envios FAIL: 0 | Reviews negativas: 0 | Fotos borradas: 0

=== SESIÓN 11:02-11:03 (22/04/2026) ===
RESERVA                   TELÉFONO             ESTADO       RESPUESTA                 REVIEW
-----------------------------------------------------------------------------------------------
18/4_13:00_4e             34660201114          ENVIADO      recordatorio FALLIDO (chat_input_not_found) -
18/4_16:00_4e/csi         34649648412          ENVIADO      recordatorio FALLIDO (chat_input_not_found) -
18/4_17:30_4e             34617371228          ENVIADO      recordatorio FALLIDO (chat_input_not_found) -
18/4_20:30_4e             34683548136          ENVIADO      recordatorio FALLIDO (chat_input_not_found) -
18/4_20:30_4e/csi         34683548136          ENVIADO      recordatorio FALLIDO (chat_input_not_found) -
19/4_13:00_maf            34676518530          ENVIADO      recordatorio FALLIDO (chat_input_not_found) -

[2026-04-22 11:03:19] POSITIVO | Fotos nuevas: 0 | Envios OK: 0 | Envios FAIL: 0 | Reviews negativas: 0 | Fotos borradas: 0

=== SESIÓN 11:17-11:18 (22/04/2026) ===
RESERVA                   TELÉFONO             ESTADO       RESPUESTA                 REVIEW
-----------------------------------------------------------------------------------------------
18/4_13:00_4e             34660201114          ENVIADO      recordatorio FALLIDO (chat_input_not_found) -
18/4_16:00_4e/csi         34649648412          ENVIADO      recordatorio FALLIDO (chat_input_not_found) -
18/4_17:30_4e             34617371228          ENVIADO      recordatorio FALLIDO (chat_input_not_found) -
18/4_20:30_4e             34683548136          ENVIADO      recordatorio FALLIDO (chat_input_not_found) -
18/4_20:30_4e/csi         34683548136          ENVIADO      recordatorio FALLIDO (chat_input_not_found) -
19/4_13:00_maf            34676518530          ENVIADO      recordatorio FALLIDO (chat_input_not_found) -

[2026-04-22 11:18:14] POSITIVO | Fotos nuevas: 0 | Envios OK: 0 | Envios FAIL: 0 | Reviews negativas: 0 | Fotos borradas: 0

=== SESIÓN 11:32-11:33 (22/04/2026) ===
RESERVA                   TELÉFONO             ESTADO       RESPUESTA                 REVIEW
-----------------------------------------------------------------------------------------------
18/4_13:00_4e             34660201114          ENVIADO      recordatorio FALLIDO (chat_input_not_found) -
18/4_16:00_4e/csi         34649648412          ENVIADO      recordatorio FALLIDO (chat_input_not_found) -
18/4_17:30_4e             34617371228          ENVIADO      recordatorio FALLIDO (chat_input_not_found) -
18/4_20:30_4e             34683548136          ENVIADO      recordatorio FALLIDO (chat_input_not_found) -
18/4_20:30_4e/csi         34683548136          ENVIADO      recordatorio FALLIDO (chat_input_not_found) -
19/4_13:00_maf            34676518530          ENVIADO      recordatorio FALLIDO (chat_input_not_found) -

[2026-04-22 11:33:17] POSITIVO | Fotos nuevas: 0 | Envios OK: 0 | Envios FAIL: 0 | Reviews negativas: 0 | Fotos borradas: 0

=== SESIÓN 11:47-11:48 (22/04/2026) ===
RESERVA                   TELÉFONO             ESTADO       RESPUESTA                 REVIEW
-----------------------------------------------------------------------------------------------
18/4_13:00_4e             34660201114          ENVIADO      recordatorio FALLIDO (chat_input_not_found) -
18/4_16:00_4e/csi         34649648412          ENVIADO      recordatorio FALLIDO (chat_input_not_found) -
18/4_17:30_4e             34617371228          ENVIADO      recordatorio FALLIDO (chat_input_not_found) -
18/4_20:30_4e             34683548136          ENVIADO      recordatorio FALLIDO (chat_input_not_found) -
18/4_20:30_4e/csi         34683548136          ENVIADO      recordatorio FALLIDO (chat_input_not_found) -
19/4_13:00_maf            34676518530          ENVIADO      recordatorio FALLIDO (chat_input_not_found) -

[2026-04-22 11:48:27] POSITIVO | Fotos nuevas: 0 | Envios OK: 0 | Envios FAIL: 0 | Reviews negativas: 0 | Fotos borradas: 0

=== SESIÓN 12:02-12:03 (22/04/2026) ===
RESERVA                   TELÉFONO             ESTADO       RESPUESTA                 REVIEW
-----------------------------------------------------------------------------------------------
18/4_13:00_4e             34660201114          ENVIADO      recordatorio FALLIDO (chat_input_not_found) -
18/4_16:00_4e/csi         34649648412          ENVIADO      recordatorio FALLIDO (chat_input_not_found) -
18/4_17:30_4e             34617371228          ENVIADO      recordatorio FALLIDO (chat_input_not_found) -
18/4_20:30_4e             34683548136          ENVIADO      recordatorio FALLIDO (chat_input_not_found) -
18/4_20:30_4e/csi         34683548136          ENVIADO      recordatorio FALLIDO (chat_input_not_found) -
19/4_13:00_maf            34676518530          ENVIADO      recordatorio FALLIDO (chat_input_not_found) -

[2026-04-22 12:03:17] POSITIVO | Fotos nuevas: 0 | Envios OK: 0 | Envios FAIL: 0 | Reviews negativas: 0 | Fotos borradas: 0

=== SESIÓN 12:17-12:18 (22/04/2026) ===
RESERVA                   TELÉFONO             ESTADO       RESPUESTA                 REVIEW
-----------------------------------------------------------------------------------------------
18/4_13:00_4e             34660201114          ENVIADO      recordatorio FALLIDO (chat_input_not_found) -
18/4_16:00_4e/csi         34649648412          ENVIADO      recordatorio FALLIDO (chat_input_not_found) -
18/4_17:30_4e             34617371228          ENVIADO      recordatorio FALLIDO (chat_input_not_found) -
18/4_20:30_4e             34683548136          ENVIADO      recordatorio FALLIDO (chat_input_not_found) -
18/4_20:30_4e/csi         34683548136          ENVIADO      recordatorio FALLIDO (chat_input_not_found) -
19/4_13:00_maf            34676518530          ENVIADO      recordatorio FALLIDO (chat_input_not_found) -

[2026-04-22 12:18:12] POSITIVO | Fotos nuevas: 0 | Envios OK: 0 | Envios FAIL: 0 | Reviews negativas: 0 | Fotos borradas: 0

=== SESIÓN 12:32-12:33 (22/04/2026) ===
RESERVA                   TELÉFONO             ESTADO       RESPUESTA                 REVIEW
-----------------------------------------------------------------------------------------------
18/4_13:00_4e             34660201114          ENVIADO      recordatorio FALLIDO (chat_input_not_found) -
18/4_16:00_4e/csi         34649648412          ENVIADO      recordatorio FALLIDO (chat_input_not_found) -
18/4_17:30_4e             34617371228          ENVIADO      recordatorio FALLIDO (chat_input_not_found) -
18/4_20:30_4e             34683548136          ENVIADO      recordatorio FALLIDO (chat_input_not_found) -
18/4_20:30_4e/csi         34683548136          ENVIADO      recordatorio FALLIDO (chat_input_not_found) -
19/4_13:00_maf            34676518530          ENVIADO      recordatorio FALLIDO (chat_input_not_found) -

[2026-04-22 12:33:18] POSITIVO | Fotos nuevas: 0 | Envios OK: 0 | Envios FAIL: 0 | Reviews negativas: 0 | Fotos borradas: 0

=== SESIÓN 12:47-12:48 (22/04/2026) ===
RESERVA                   TELÉFONO             ESTADO       RESPUESTA                 REVIEW
-----------------------------------------------------------------------------------------------
18/4_13:00_4e             34660201114          ENVIADO      recordatorio FALLIDO (chat_input_not_found) -
18/4_16:00_4e/csi         34649648412          ENVIADO      recordatorio FALLIDO (chat_input_not_found) -
18/4_17:30_4e             34617371228          ENVIADO      recordatorio FALLIDO (chat_input_not_found) -
18/4_20:30_4e             34683548136          ENVIADO      recordatorio FALLIDO (chat_input_not_found) -
18/4_20:30_4e/csi         34683548136          ENVIADO      recordatorio FALLIDO (chat_input_not_found) -
19/4_13:00_maf            34676518530          ENVIADO      recordatorio FALLIDO (chat_input_not_found) -

[2026-04-22 12:48:13] POSITIVO | Fotos nuevas: 0 | Envios OK: 0 | Envios FAIL: 0 | Reviews negativas: 0 | Fotos borradas: 0

=== SESIÓN 13:02-13:03 (22/04/2026) ===
RESERVA                   TELÉFONO             ESTADO       RESPUESTA                 REVIEW
-----------------------------------------------------------------------------------------------
18/4_13:00_4e             34660201114          ENVIADO      recordatorio FALLIDO (chat_input_not_found) -
18/4_16:00_4e/csi         34649648412          ENVIADO      recordatorio FALLIDO (chat_input_not_found) -
18/4_17:30_4e             34617371228          ENVIADO      recordatorio FALLIDO (chat_input_not_found) -
18/4_20:30_4e             34683548136          ENVIADO      recordatorio FALLIDO (chat_input_not_found) -
18/4_20:30_4e/csi         34683548136          ENVIADO      recordatorio FALLIDO (chat_input_not_found) -
19/4_13:00_maf            34676518530          ENVIADO      recordatorio FALLIDO (chat_input_not_found) -

[2026-04-22 13:03:16] POSITIVO | Fotos nuevas: 0 | Envios OK: 0 | Envios FAIL: 0 | Reviews negativas: 0 | Fotos borradas: 0

=== SESIÓN 13:17-13:18 (22/04/2026) ===
RESERVA                   TELÉFONO             ESTADO       RESPUESTA                 REVIEW
-----------------------------------------------------------------------------------------------
18/4_13:00_4e             34660201114          ENVIADO      recordatorio FALLIDO (chat_input_not_found) -
18/4_16:00_4e/csi         34649648412          ENVIADO      recordatorio FALLIDO (chat_input_not_found) -
18/4_17:30_4e             34617371228          ENVIADO      recordatorio FALLIDO (chat_input_not_found) -
18/4_20:30_4e             34683548136          ENVIADO      recordatorio FALLIDO (chat_input_not_found) -
18/4_20:30_4e/csi         34683548136          ENVIADO      recordatorio FALLIDO (chat_input_not_found) -
19/4_13:00_maf            34676518530          ENVIADO      recordatorio FALLIDO (chat_input_not_found) -

[2026-04-22 13:18:13] POSITIVO | Fotos nuevas: 0 | Envios OK: 0 | Envios FAIL: 0 | Reviews negativas: 0 | Fotos borradas: 0

=== SESIÓN 13:32-13:33 (22/04/2026) ===
RESERVA                   TELÉFONO             ESTADO       RESPUESTA                 REVIEW
-----------------------------------------------------------------------------------------------
18/4_13:00_4e             34660201114          ENVIADO      recordatorio FALLIDO (chat_input_not_found) -
18/4_16:00_4e/csi         34649648412          ENVIADO      recordatorio FALLIDO (chat_input_not_found) -
18/4_17:30_4e             34617371228          ENVIADO      recordatorio FALLIDO (chat_input_not_found) -
18/4_20:30_4e             34683548136          ENVIADO      recordatorio FALLIDO (chat_input_not_found) -
18/4_20:30_4e/csi         34683548136          ENVIADO      recordatorio FALLIDO (chat_input_not_found) -
19/4_13:00_maf            34676518530          ENVIADO      recordatorio FALLIDO (chat_input_not_found) -

[2026-04-22 13:33:14] POSITIVO | Fotos nuevas: 0 | Envios OK: 0 | Envios FAIL: 0 | Reviews negativas: 0 | Fotos borradas: 0

=== SESIÓN 13:47-13:48 (22/04/2026) ===
RESERVA                   TELÉFONO             ESTADO       RESPUESTA                 REVIEW
-----------------------------------------------------------------------------------------------
18/4_13:00_4e             34660201114          ENVIADO      recordatorio FALLIDO (chat_input_not_found) -
18/4_16:00_4e/csi         34649648412          ENVIADO      recordatorio FALLIDO (chat_input_not_found) -
18/4_17:30_4e             34617371228          ENVIADO      recordatorio FALLIDO (chat_input_not_found) -
18/4_20:30_4e             34683548136          ENVIADO      recordatorio FALLIDO (chat_input_not_found) -
18/4_20:30_4e/csi         34683548136          ENVIADO      recordatorio FALLIDO (chat_input_not_found) -
19/4_13:00_maf            34676518530          ENVIADO      recordatorio FALLIDO (chat_input_not_found) -

[2026-04-22 13:48:13] POSITIVO | Fotos nuevas: 0 | Envios OK: 0 | Envios FAIL: 0 | Reviews negativas: 0 | Fotos borradas: 0

=== SESIÓN 14:02-14:03 (22/04/2026) ===
RESERVA                   TELÉFONO             ESTADO       RESPUESTA                 REVIEW
-----------------------------------------------------------------------------------------------
18/4_13:00_4e             34660201114          ENVIADO      recordatorio FALLIDO (chat_input_not_found) -
18/4_16:00_4e/csi         34649648412          ENVIADO      recordatorio FALLIDO (chat_input_not_found) -
18/4_17:30_4e             34617371228          ENVIADO      recordatorio FALLIDO (chat_input_not_found) -
18/4_20:30_4e             34683548136          ENVIADO      recordatorio FALLIDO (chat_input_not_found) -
18/4_20:30_4e/csi         34683548136          ENVIADO      recordatorio FALLIDO (chat_input_not_found) -
19/4_13:00_maf            34676518530          ENVIADO      recordatorio FALLIDO (chat_input_not_found) -

[2026-04-22 14:03:16] POSITIVO | Fotos nuevas: 0 | Envios OK: 0 | Envios FAIL: 0 | Reviews negativas: 0 | Fotos borradas: 0

=== SESIÓN 14:17-14:18 (22/04/2026) ===
RESERVA                   TELÉFONO             ESTADO       RESPUESTA                 REVIEW
-----------------------------------------------------------------------------------------------
18/4_16:00_4e/csi         34649648412          ENVIADO      recordatorio FALLIDO (chat_input_not_found) -
18/4_17:30_4e             34617371228          ENVIADO      recordatorio FALLIDO (chat_input_not_found) -
18/4_20:30_4e             34683548136          ENVIADO      recordatorio FALLIDO (chat_input_not_found) -
18/4_20:30_4e/csi         34683548136          ENVIADO      recordatorio FALLIDO (chat_input_not_found) -
19/4_13:00_maf            34676518530          ENVIADO      recordatorio FALLIDO (chat_input_not_found) -

[2026-04-22 14:18:06] POSITIVO | Fotos nuevas: 0 | Envios OK: 0 | Envios FAIL: 0 | Reviews negativas: 0 | Fotos borradas: 0

=== SESIÓN 14:32-14:33 (22/04/2026) ===
RESERVA                   TELÉFONO             ESTADO       RESPUESTA                 REVIEW
-----------------------------------------------------------------------------------------------
18/4_16:00_4e/csi         34649648412          ENVIADO      recordatorio FALLIDO (chat_input_not_found) -
18/4_17:30_4e             34617371228          ENVIADO      recordatorio FALLIDO (chat_input_not_found) -
18/4_20:30_4e             34683548136          ENVIADO      recordatorio FALLIDO (chat_input_not_found) -
18/4_20:30_4e/csi         34683548136          ENVIADO      recordatorio FALLIDO (chat_input_not_found) -
19/4_13:00_maf            34676518530          ENVIADO      recordatorio FALLIDO (chat_input_not_found) -

[2026-04-22 14:33:06] POSITIVO | Fotos nuevas: 0 | Envios OK: 0 | Envios FAIL: 0 | Reviews negativas: 0 | Fotos borradas: 0

=== SESIÓN 14:47-14:48 (22/04/2026) ===
RESERVA                   TELÉFONO             ESTADO       RESPUESTA                 REVIEW
-----------------------------------------------------------------------------------------------
18/4_16:00_4e/csi         34649648412          ENVIADO      recordatorio FALLIDO (chat_input_not_found) -
18/4_17:30_4e             34617371228          ENVIADO      recordatorio FALLIDO (chat_input_not_found) -
18/4_20:30_4e             34683548136          ENVIADO      recordatorio FALLIDO (chat_input_not_found) -
18/4_20:30_4e/csi         34683548136          ENVIADO      recordatorio FALLIDO (chat_input_not_found) -
19/4_13:00_maf            34676518530          ENVIADO      recordatorio FALLIDO (chat_input_not_found) -

[2026-04-22 14:48:12] POSITIVO | Fotos nuevas: 0 | Envios OK: 0 | Envios FAIL: 0 | Reviews negativas: 0 | Fotos borradas: 0

=== SESIÓN 15:02-15:03 (22/04/2026) ===
RESERVA                   TELÉFONO             ESTADO       RESPUESTA                 REVIEW
-----------------------------------------------------------------------------------------------
18/4_16:00_4e/csi         34649648412          ENVIADO      recordatorio FALLIDO (chat_input_not_found) -
18/4_17:30_4e             34617371228          ENVIADO      recordatorio FALLIDO (chat_input_not_found) -
18/4_20:30_4e             34683548136          ENVIADO      recordatorio FALLIDO (chat_input_not_found) -
18/4_20:30_4e/csi         34683548136          ENVIADO      recordatorio FALLIDO (chat_input_not_found) -
19/4_13:00_maf            34676518530          ENVIADO      recordatorio FALLIDO (chat_input_not_found) -

[2026-04-22 15:03:10] POSITIVO | Fotos nuevas: 0 | Envios OK: 0 | Envios FAIL: 0 | Reviews negativas: 0 | Fotos borradas: 0

=== SESIÓN 15:17-15:18 (22/04/2026) ===
RESERVA                   TELÉFONO             ESTADO       RESPUESTA                 REVIEW
-----------------------------------------------------------------------------------------------
18/4_16:00_4e/csi         34649648412          ENVIADO      recordatorio FALLIDO (chat_input_not_found) -
18/4_17:30_4e             34617371228          ENVIADO      recordatorio FALLIDO (chat_input_not_found) -
18/4_20:30_4e             34683548136          ENVIADO      recordatorio FALLIDO (chat_input_not_found) -
18/4_20:30_4e/csi         34683548136          ENVIADO      recordatorio FALLIDO (chat_input_not_found) -
19/4_13:00_maf            34676518530          ENVIADO      recordatorio FALLIDO (chat_input_not_found) -

[2026-04-22 15:18:14] POSITIVO | Fotos nuevas: 0 | Envios OK: 0 | Envios FAIL: 0 | Reviews negativas: 0 | Fotos borradas: 0

=== SESIÓN 15:32-15:33 (22/04/2026) ===
RESERVA                   TELÉFONO             ESTADO       RESPUESTA                 REVIEW
-----------------------------------------------------------------------------------------------
18/4_16:00_4e/csi         34649648412          ENVIADO      recordatorio FALLIDO (chat_input_not_found) -
18/4_17:30_4e             34617371228          ENVIADO      recordatorio FALLIDO (chat_input_not_found) -
18/4_20:30_4e             34683548136          ENVIADO      recordatorio FALLIDO (chat_input_not_found) -
18/4_20:30_4e/csi         34683548136          ENVIADO      recordatorio FALLIDO (chat_input_not_found) -
19/4_13:00_maf            34676518530          ENVIADO      recordatorio FALLIDO (chat_input_not_found) -

[2026-04-22 15:33:10] POSITIVO | Fotos nuevas: 0 | Envios OK: 0 | Envios FAIL: 0 | Reviews negativas: 0 | Fotos borradas: 0

=== SESIÓN 15:47-15:48 (22/04/2026) ===
RESERVA                   TELÉFONO             ESTADO       RESPUESTA                 REVIEW
-----------------------------------------------------------------------------------------------
18/4_16:00_4e/csi         34649648412          ENVIADO      recordatorio FALLIDO (chat_input_not_found) -
18/4_17:30_4e             34617371228          ENVIADO      recordatorio FALLIDO (chat_input_not_found) -
18/4_20:30_4e             34683548136          ENVIADO      recordatorio FALLIDO (chat_input_not_found) -
18/4_20:30_4e/csi         34683548136          ENVIADO      recordatorio FALLIDO (chat_input_not_found) -
19/4_13:00_maf            34676518530          ENVIADO      recordatorio FALLIDO (chat_input_not_found) -

[2026-04-22 15:48:07] POSITIVO | Fotos nuevas: 0 | Envios OK: 0 | Envios FAIL: 0 | Reviews negativas: 0 | Fotos borradas: 0

=== SESIÓN 16:02-16:03 (22/04/2026) ===
RESERVA                   TELÉFONO             ESTADO       RESPUESTA                 REVIEW
-----------------------------------------------------------------------------------------------
18/4_16:00_4e/csi         34649648412          ENVIADO      recordatorio FALLIDO (chat_input_not_found) -
18/4_17:30_4e             34617371228          ENVIADO      recordatorio FALLIDO (chat_input_not_found) -
18/4_20:30_4e             34683548136          ENVIADO      recordatorio FALLIDO (chat_input_not_found) -
18/4_20:30_4e/csi         34683548136          ENVIADO      recordatorio FALLIDO (chat_input_not_found) -
19/4_13:00_maf            34676518530          ENVIADO      recordatorio FALLIDO (chat_input_not_found) -

[2026-04-22 16:03:08] POSITIVO | Fotos nuevas: 0 | Envios OK: 0 | Envios FAIL: 0 | Reviews negativas: 0 | Fotos borradas: 0

=== SESIÓN 16:17-16:18 (22/04/2026) ===
RESERVA                   TELÉFONO             ESTADO       RESPUESTA                 REVIEW
-----------------------------------------------------------------------------------------------
18/4_16:00_4e/csi         34649648412          ENVIADO      recordatorio FALLIDO (chat_input_not_found) -
18/4_17:30_4e             34617371228          ENVIADO      recordatorio FALLIDO (chat_input_not_found) -
18/4_20:30_4e             34683548136          ENVIADO      recordatorio FALLIDO (chat_input_not_found) -
18/4_20:30_4e/csi         34683548136          ENVIADO      recordatorio FALLIDO (chat_input_not_found) -
19/4_13:00_maf            34676518530          ENVIADO      recordatorio FALLIDO (chat_input_not_found) -

[2026-04-22 16:18:06] POSITIVO | Fotos nuevas: 0 | Envios OK: 0 | Envios FAIL: 0 | Reviews negativas: 0 | Fotos borradas: 0

=== SESIÓN 16:32-16:33 (22/04/2026) ===
RESERVA                   TELÉFONO             ESTADO       RESPUESTA                 REVIEW
-----------------------------------------------------------------------------------------------
18/4_16:00_4e/csi         34649648412          ENVIADO      recordatorio FALLIDO (chat_input_not_found) -
18/4_17:30_4e             34617371228          ENVIADO      recordatorio FALLIDO (chat_input_not_found) -
18/4_20:30_4e             34683548136          ENVIADO      recordatorio FALLIDO (chat_input_not_found) -
18/4_20:30_4e/csi         34683548136          ENVIADO      recordatorio FALLIDO (chat_input_not_found) -
19/4_13:00_maf            34676518530          ENVIADO      recordatorio FALLIDO (chat_input_not_found) -

[2026-04-22 16:33:02] POSITIVO | Fotos nuevas: 0 | Envios OK: 0 | Envios FAIL: 0 | Reviews negativas: 0 | Fotos borradas: 0

=== SESIÓN 16:47-16:48 (22/04/2026) ===
RESERVA                   TELÉFONO             ESTADO       RESPUESTA                 REVIEW
-----------------------------------------------------------------------------------------------
18/4_16:00_4e/csi         34649648412          ENVIADO      recordatorio FALLIDO (chat_input_not_found) -
18/4_17:30_4e             34617371228          ENVIADO      recordatorio FALLIDO (chat_input_not_found) -
18/4_20:30_4e             34683548136          ENVIADO      recordatorio FALLIDO (chat_input_not_found) -
18/4_20:30_4e/csi         34683548136          ENVIADO      recordatorio FALLIDO (chat_input_not_found) -
19/4_13:00_maf            34676518530          ENVIADO      recordatorio FALLIDO (chat_input_not_found) -

[2026-04-22 16:48:03] POSITIVO | Fotos nuevas: 0 | Envios OK: 0 | Envios FAIL: 0 | Reviews negativas: 0 | Fotos borradas: 0

=== SESIÓN 17:02-17:03 (22/04/2026) ===
RESERVA                   TELÉFONO             ESTADO       RESPUESTA                 REVIEW
-----------------------------------------------------------------------------------------------
18/4_16:00_4e/csi         34649648412          ENVIADO      recordatorio FALLIDO (chat_input_not_found) -
18/4_17:30_4e             34617371228          ENVIADO      recordatorio FALLIDO (chat_input_not_found) -
18/4_20:30_4e             34683548136          ENVIADO      recordatorio FALLIDO (chat_input_not_found) -
18/4_20:30_4e/csi         34683548136          ENVIADO      recordatorio FALLIDO (chat_input_not_found) -
19/4_13:00_maf            34676518530          ENVIADO      recordatorio FALLIDO (chat_input_not_found) -

[2026-04-22 17:03:05] POSITIVO | Fotos nuevas: 0 | Envios OK: 0 | Envios FAIL: 0 | Reviews negativas: 0 | Fotos borradas: 0

=== SESIÓN 17:17-17:18 (22/04/2026) ===
RESERVA                   TELÉFONO             ESTADO       RESPUESTA                 REVIEW
-----------------------------------------------------------------------------------------------
18/4_16:00_4e/csi         34649648412          ENVIADO      recordatorio FALLIDO (chat_input_not_found) -
18/4_17:30_4e             34617371228          ENVIADO      recordatorio FALLIDO (chat_input_not_found) -
18/4_20:30_4e             34683548136          ENVIADO      recordatorio FALLIDO (chat_input_not_found) -
18/4_20:30_4e/csi         34683548136          ENVIADO      recordatorio FALLIDO (chat_input_not_found) -
19/4_13:00_maf            34676518530          ENVIADO      recordatorio FALLIDO (chat_input_not_found) -

[2026-04-22 17:18:00] POSITIVO | Fotos nuevas: 0 | Envios OK: 0 | Envios FAIL: 0 | Reviews negativas: 0 | Fotos borradas: 0

=== SESIÓN 17:32-17:33 (22/04/2026) ===
RESERVA                   TELÉFONO             ESTADO       RESPUESTA                 REVIEW
-----------------------------------------------------------------------------------------------
18/4_16:00_4e/csi         34649648412          ENVIADO      recordatorio FALLIDO (chat_input_not_found) -
18/4_17:30_4e             34617371228          ENVIADO      recordatorio FALLIDO (chat_input_not_found) -
18/4_20:30_4e             34683548136          ENVIADO      recordatorio FALLIDO (chat_input_not_found) -
18/4_20:30_4e/csi         34683548136          ENVIADO      recordatorio FALLIDO (chat_input_not_found) -
19/4_13:00_maf            34676518530          ENVIADO      recordatorio FALLIDO (chat_input_not_found) -

[2026-04-22 17:33:03] POSITIVO | Fotos nuevas: 0 | Envios OK: 0 | Envios FAIL: 0 | Reviews negativas: 0 | Fotos borradas: 0

=== SESIÓN 17:47-17:48 (22/04/2026) ===
RESERVA                   TELÉFONO             ESTADO       RESPUESTA                 REVIEW
-----------------------------------------------------------------------------------------------
18/4_16:00_4e/csi         34649648412          ENVIADO      recordatorio FALLIDO (chat_input_not_found) -
18/4_17:30_4e             34617371228          ENVIADO      recordatorio FALLIDO (chat_input_not_found) -
18/4_20:30_4e             34683548136          ENVIADO      recordatorio FALLIDO (chat_input_not_found) -
18/4_20:30_4e/csi         34683548136          ENVIADO      recordatorio FALLIDO (chat_input_not_found) -
19/4_13:00_maf            34676518530          ENVIADO      recordatorio FALLIDO (chat_input_not_found) -

[2026-04-22 17:48:03] POSITIVO | Fotos nuevas: 0 | Envios OK: 0 | Envios FAIL: 0 | Reviews negativas: 0 | Fotos borradas: 0

=== SESIÓN 18:02-18:03 (22/04/2026) ===
RESERVA                   TELÉFONO             ESTADO       RESPUESTA                 REVIEW
-----------------------------------------------------------------------------------------------
18/4_16:00_4e/csi         34649648412          ENVIADO      recordatorio FALLIDO (chat_input_not_found) -
18/4_17:30_4e             34617371228          ENVIADO      recordatorio FALLIDO (chat_input_not_found) -
18/4_20:30_4e             34683548136          ENVIADO      recordatorio FALLIDO (chat_input_not_found) -
18/4_20:30_4e/csi         34683548136          ENVIADO      recordatorio FALLIDO (chat_input_not_found) -
19/4_13:00_maf            34676518530          ENVIADO      recordatorio FALLIDO (chat_input_not_found) -

[2026-04-22 18:03:10] POSITIVO | Fotos nuevas: 0 | Envios OK: 0 | Envios FAIL: 0 | Reviews negativas: 0 | Fotos borradas: 0

=== SESIÓN 18:17-18:18 (22/04/2026) ===
RESERVA                   TELÉFONO             ESTADO       RESPUESTA                 REVIEW
-----------------------------------------------------------------------------------------------
18/4_16:00_4e/csi         34649648412          ENVIADO      recordatorio FALLIDO (chat_input_not_found) -
18/4_17:30_4e             34617371228          ENVIADO      recordatorio FALLIDO (chat_input_not_found) -
18/4_20:30_4e             34683548136          ENVIADO      recordatorio FALLIDO (chat_input_not_found) -
18/4_20:30_4e/csi         34683548136          ENVIADO      recordatorio FALLIDO (chat_input_not_found) -
19/4_13:00_maf            34676518530          ENVIADO      recordatorio FALLIDO (chat_input_not_found) -

[2026-04-22 18:18:09] POSITIVO | Fotos nuevas: 0 | Envios OK: 0 | Envios FAIL: 0 | Reviews negativas: 0 | Fotos borradas: 0

=== SESIÓN 18:32-18:33 (22/04/2026) ===
RESERVA                   TELÉFONO             ESTADO       RESPUESTA                 REVIEW
-----------------------------------------------------------------------------------------------
18/4_16:00_4e/csi         34649648412          ENVIADO      recordatorio FALLIDO (chat_input_not_found) -
18/4_17:30_4e             34617371228          ENVIADO      recordatorio FALLIDO (chat_input_not_found) -
18/4_20:30_4e             34683548136          ENVIADO      recordatorio FALLIDO (chat_input_not_found) -
18/4_20:30_4e/csi         34683548136          ENVIADO      recordatorio FALLIDO (chat_input_not_found) -
19/4_13:00_maf            34676518530          ENVIADO      recordatorio FALLIDO (chat_input_not_found) -

[2026-04-22 18:33:07] POSITIVO | Fotos nuevas: 0 | Envios OK: 0 | Envios FAIL: 0 | Reviews negativas: 0 | Fotos borradas: 0

=== SESIÓN 18:47-18:47 (22/04/2026) ===
RESERVA                   TELÉFONO             ESTADO       RESPUESTA                 REVIEW
-----------------------------------------------------------------------------------------------
18/4_17:30_4e             34617371228          ENVIADO      recordatorio FALLIDO (chat_input_not_found) -
18/4_20:30_4e             34683548136          ENVIADO      recordatorio FALLIDO (chat_input_not_found) -
18/4_20:30_4e/csi         34683548136          ENVIADO      recordatorio FALLIDO (chat_input_not_found) -
19/4_13:00_maf            34676518530          ENVIADO      recordatorio FALLIDO (chat_input_not_found) -

[2026-04-22 18:47:50] POSITIVO | Fotos nuevas: 0 | Envios OK: 0 | Envios FAIL: 0 | Reviews negativas: 0 | Fotos borradas: 0

=== SESIÓN 19:02-19:02 (22/04/2026) ===
RESERVA                   TELÉFONO             ESTADO       RESPUESTA                 REVIEW
-----------------------------------------------------------------------------------------------
18/4_20:30_4e             34683548136          ENVIADO      recordatorio FALLIDO (chat_input_not_found) -
18/4_20:30_4e/csi         34683548136          ENVIADO      recordatorio FALLIDO (chat_input_not_found) -
19/4_13:00_maf            34676518530          ENVIADO      recordatorio FALLIDO (chat_input_not_found) -

[2026-04-22 19:02:30] POSITIVO | Fotos nuevas: 0 | Envios OK: 0 | Envios FAIL: 0 | Reviews negativas: 0 | Fotos borradas: 0

=== SESIÓN 19:17-19:17 (22/04/2026) ===
RESERVA                   TELÉFONO             ESTADO       RESPUESTA                 REVIEW
-----------------------------------------------------------------------------------------------
18/4_20:30_4e             34683548136          ENVIADO      recordatorio FALLIDO (chat_input_not_found) -
18/4_20:30_4e/csi         34683548136          ENVIADO      recordatorio FALLIDO (chat_input_not_found) -
19/4_13:00_maf            34676518530          ENVIADO      recordatorio FALLIDO (chat_input_not_found) -

[2026-04-22 19:17:32] POSITIVO | Fotos nuevas: 0 | Envios OK: 0 | Envios FAIL: 0 | Reviews negativas: 0 | Fotos borradas: 0

=== SESIÓN 19:32-19:32 (22/04/2026) ===
RESERVA                   TELÉFONO             ESTADO       RESPUESTA                 REVIEW
-----------------------------------------------------------------------------------------------
18/4_20:30_4e             34683548136          ENVIADO      recordatorio FALLIDO (chat_input_not_found) -
18/4_20:30_4e/csi         34683548136          ENVIADO      recordatorio FALLIDO (chat_input_not_found) -
19/4_13:00_maf            34676518530          ENVIADO      recordatorio FALLIDO (chat_input_not_found) -

[2026-04-22 19:32:40] POSITIVO | Fotos nuevas: 0 | Envios OK: 0 | Envios FAIL: 0 | Reviews negativas: 0 | Fotos borradas: 0

=== SESIÓN 19:47-19:47 (22/04/2026) ===
RESERVA                   TELÉFONO             ESTADO       RESPUESTA                 REVIEW
-----------------------------------------------------------------------------------------------
18/4_20:30_4e             34683548136          ENVIADO      recordatorio FALLIDO (chat_input_not_found) -
18/4_20:30_4e/csi         34683548136          ENVIADO      recordatorio FALLIDO (chat_input_not_found) -
19/4_13:00_maf            34676518530          ENVIADO      recordatorio FALLIDO (chat_input_not_found) -

[2026-04-22 19:47:40] POSITIVO | Fotos nuevas: 0 | Envios OK: 0 | Envios FAIL: 0 | Reviews negativas: 0 | Fotos borradas: 0

=== SESIÓN 20:02-20:02 (22/04/2026) ===
RESERVA                   TELÉFONO             ESTADO       RESPUESTA                 REVIEW
-----------------------------------------------------------------------------------------------
18/4_20:30_4e             34683548136          ENVIADO      recordatorio FALLIDO (chat_input_not_found) -
18/4_20:30_4e/csi         34683548136          ENVIADO      recordatorio FALLIDO (chat_input_not_found) -
19/4_13:00_maf            34676518530          ENVIADO      recordatorio FALLIDO (chat_input_not_found) -

[2026-04-22 20:02:36] POSITIVO | Fotos nuevas: 0 | Envios OK: 0 | Envios FAIL: 0 | Reviews negativas: 0 | Fotos borradas: 0

=== SESIÓN 20:17-20:17 (22/04/2026) ===
RESERVA                   TELÉFONO             ESTADO       RESPUESTA                 REVIEW
-----------------------------------------------------------------------------------------------
18/4_20:30_4e             34683548136          ENVIADO      recordatorio FALLIDO (chat_input_not_found) -
18/4_20:30_4e/csi         34683548136          ENVIADO      recordatorio FALLIDO (chat_input_not_found) -
19/4_13:00_maf            34676518530          ENVIADO      recordatorio FALLIDO (chat_input_not_found) -

[2026-04-22 20:17:38] POSITIVO | Fotos nuevas: 0 | Envios OK: 0 | Envios FAIL: 0 | Reviews negativas: 0 | Fotos borradas: 0

=== SESIÓN 20:32-20:32 (22/04/2026) ===
RESERVA                   TELÉFONO             ESTADO       RESPUESTA                 REVIEW
-----------------------------------------------------------------------------------------------
18/4_20:30_4e             34683548136          ENVIADO      recordatorio FALLIDO (chat_input_not_found) -
18/4_20:30_4e/csi         34683548136          ENVIADO      recordatorio FALLIDO (chat_input_not_found) -
19/4_13:00_maf            34676518530          ENVIADO      recordatorio FALLIDO (chat_input_not_found) -

[2026-04-22 20:32:35] POSITIVO | Fotos nuevas: 0 | Envios OK: 0 | Envios FAIL: 0 | Reviews negativas: 0 | Fotos borradas: 0

=== SESIÓN 20:47-20:47 (22/04/2026) ===
RESERVA                   TELÉFONO             ESTADO       RESPUESTA                 REVIEW
-----------------------------------------------------------------------------------------------
18/4_20:30_4e             34683548136          ENVIADO      recordatorio FALLIDO (chat_input_not_found) -
18/4_20:30_4e/csi         34683548136          ENVIADO      recordatorio FALLIDO (chat_input_not_found) -
19/4_13:00_maf            34676518530          ENVIADO      recordatorio FALLIDO (chat_input_not_found) -

[2026-04-22 20:47:39] POSITIVO | Fotos nuevas: 0 | Envios OK: 0 | Envios FAIL: 0 | Reviews negativas: 0 | Fotos borradas: 0

=== SESIÓN 21:02-21:02 (22/04/2026) ===
RESERVA                   TELÉFONO             ESTADO       RESPUESTA                 REVIEW
-----------------------------------------------------------------------------------------------
18/4_20:30_4e             34683548136          ENVIADO      recordatorio FALLIDO (chat_input_not_found) -
18/4_20:30_4e/csi         34683548136          ENVIADO      recordatorio FALLIDO (chat_input_not_found) -
19/4_13:00_maf            34676518530          ENVIADO      recordatorio FALLIDO (chat_input_not_found) -

[2026-04-22 21:02:34] POSITIVO | Fotos nuevas: 0 | Envios OK: 0 | Envios FAIL: 0 | Reviews negativas: 0 | Fotos borradas: 0

=== SESIÓN 21:17-21:17 (22/04/2026) ===
RESERVA                   TELÉFONO             ESTADO       RESPUESTA                 REVIEW
-----------------------------------------------------------------------------------------------
18/4_20:30_4e             34683548136          ENVIADO      recordatorio FALLIDO (chat_input_not_found) -
18/4_20:30_4e/csi         34683548136          ENVIADO      recordatorio FALLIDO (chat_input_not_found) -
19/4_13:00_maf            34676518530          ENVIADO      recordatorio FALLIDO (chat_input_not_found) -

[2026-04-22 21:17:34] POSITIVO | Fotos nuevas: 0 | Envios OK: 0 | Envios FAIL: 0 | Reviews negativas: 0 | Fotos borradas: 0

=== SESIÓN 21:32-21:32 (22/04/2026) ===
RESERVA                   TELÉFONO             ESTADO       RESPUESTA                 REVIEW
-----------------------------------------------------------------------------------------------
18/4_20:30_4e             34683548136          ENVIADO      recordatorio FALLIDO (chat_input_not_found) -
18/4_20:30_4e/csi         34683548136          ENVIADO      recordatorio FALLIDO (chat_input_not_found) -
19/4_13:00_maf            34676518530          ENVIADO      recordatorio FALLIDO (chat_input_not_found) -

[2026-04-22 21:32:34] POSITIVO | Fotos nuevas: 0 | Envios OK: 0 | Envios FAIL: 0 | Reviews negativas: 0 | Fotos borradas: 0

=== SESIÓN 21:47-21:47 (22/04/2026) ===
RESERVA                   TELÉFONO             ESTADO       RESPUESTA                 REVIEW
-----------------------------------------------------------------------------------------------
18/4_20:30_4e             34683548136          ENVIADO      recordatorio FALLIDO (chat_input_not_found) -
18/4_20:30_4e/csi         34683548136          ENVIADO      recordatorio FALLIDO (chat_input_not_found) -
19/4_13:00_maf            34676518530          ENVIADO      recordatorio FALLIDO (chat_input_not_found) -

[2026-04-22 21:47:33] POSITIVO | Fotos nuevas: 0 | Envios OK: 0 | Envios FAIL: 0 | Reviews negativas: 0 | Fotos borradas: 0

=== SESIÓN 22:02-22:02 (22/04/2026) ===
RESERVA                   TELÉFONO             ESTADO       RESPUESTA                 REVIEW
-----------------------------------------------------------------------------------------------
19/4_13:00_maf            34676518530          ENVIADO      recordatorio FALLIDO (chat_input_not_found) -

[2026-04-22 22:02:08] POSITIVO | Fotos nuevas: 0 | Envios OK: 0 | Envios FAIL: 0 | Reviews negativas: 0 | Fotos borradas: 0

=== SESIÓN 22:17-22:17 (22/04/2026) ===
RESERVA                   TELÉFONO             ESTADO       RESPUESTA                 REVIEW
-----------------------------------------------------------------------------------------------
19/4_13:00_maf            34676518530          ENVIADO      recordatorio FALLIDO (chat_input_not_found) -

[2026-04-22 22:17:04] POSITIVO | Fotos nuevas: 0 | Envios OK: 0 | Envios FAIL: 0 | Reviews negativas: 0 | Fotos borradas: 0

=== SESIÓN 22:32-22:32 (22/04/2026) ===
RESERVA                   TELÉFONO             ESTADO       RESPUESTA                 REVIEW
-----------------------------------------------------------------------------------------------
19/4_13:00_maf            34676518530          ENVIADO      recordatorio FALLIDO (chat_input_not_found) -

[2026-04-22 22:32:06] POSITIVO | Fotos nuevas: 0 | Envios OK: 0 | Envios FAIL: 0 | Reviews negativas: 0 | Fotos borradas: 0

=== SESIÓN 22:47-22:47 (22/04/2026) ===
RESERVA                   TELÉFONO             ESTADO       RESPUESTA                 REVIEW
-----------------------------------------------------------------------------------------------
19/4_13:00_maf            34676518530          ENVIADO      recordatorio FALLIDO (chat_input_not_found) -

[2026-04-22 22:47:05] POSITIVO | Fotos nuevas: 0 | Envios OK: 0 | Envios FAIL: 0 | Reviews negativas: 0 | Fotos borradas: 0

=== SESIÓN 23:02-23:02 (22/04/2026) ===
RESERVA                   TELÉFONO             ESTADO       RESPUESTA                 REVIEW
-----------------------------------------------------------------------------------------------
19/4_13:00_maf            34676518530          ENVIADO      recordatorio FALLIDO (chat_input_not_found) -

[2026-04-22 23:02:04] POSITIVO | Fotos nuevas: 0 | Envios OK: 0 | Envios FAIL: 0 | Reviews negativas: 0 | Fotos borradas: 0
