
=== SESIÓN 17:18-17:28 (30/05/2026) ===
RESERVA                   TELÉFONO             ESTADO       RESPUESTA                 REVIEW
-----------------------------------------------------------------------------------------------
23/5_16:00_4e             34635122835          ENVIADO      sin respuesta             -
23/5_17:30_maf            34603458949          ENVIADO      sin respuesta             -
23/5_19:00_maf            34649814146          ENVIADO      sin respuesta             -
24/5_19:00_4e             34%C2%A0649%C2%A051%C2%A050%C2%A037%E2%80%AC ENVIADO      sin respuesta             -
24/5_16:10_csi            34635280014          ENVIADO      sin respuesta             -
29/5_17:30_4e             34610648642          ENVIADO      sin respuesta             -
29/5_17:40_csi            34651560074          ENVIADO      sin respuesta             -
30/5_11:30_4e             34647357305          ENVIADO      sin respuesta             -
30/5_14:40_csi            31657059941          ENVIADO      sin respuesta             -
23/5_16:00_4e             34635122835          ENVIADO      ya respondido (detectado en revisión) -
23/5_19:00_maf            34649814146          ENVIADO      ya respondido (detectado en revisión) -
24/5_16:10_csi            34635280014          ENVIADO      ya respondido (detectado en revisión) -
29/5_17:30_4e             34610648642          ENVIADO      ya respondido (detectado en revisión) -
29/5_17:40_csi            34651560074          ENVIADO      ya respondido (detectado en revisión) -
30/5_14:40_csi            31657059941          ENVIADO      ya respondido (detectado en revisión) -

[2026-05-30 17:31:15] POSITIVO | Fotos nuevas: 9 | Envios OK: 9 | Envios FAIL: 0 | Reviews negativas: 0 | Fotos borradas: 9

=== SESIÓN 17:18-17:48 (30/05/2026) ===
RESERVA                   TELÉFONO             ESTADO       RESPUESTA                 REVIEW
-----------------------------------------------------------------------------------------------
23/5_16:00_4e             34635122835          ENVIADO      sin respuesta             -
23/5_17:30_maf            34603458949          ENVIADO      sin respuesta             -
23/5_19:00_maf            34649814146          ENVIADO      sin respuesta             -
24/5_19:00_4e             34%C2%A0649%C2%A051%C2%A050%C2%A037%E2%80%AC ENVIADO      sin respuesta             -
24/5_16:10_csi            34635280014          ENVIADO      sin respuesta             -
29/5_17:30_4e             34610648642          ENVIADO      sin respuesta             -
29/5_17:40_csi            34651560074          ENVIADO      sin respuesta             -
30/5_11:30_4e             34647357305          ENVIADO      sin respuesta             -
30/5_14:40_csi            31657059941          ENVIADO      sin respuesta             -
23/5_16:00_4e             34635122835          ENVIADO      ya respondido (detectado en revisión) -
23/5_19:00_maf            34649814146          ENVIADO      ya respondido (detectado en revisión) -
24/5_16:10_csi            34635280014          ENVIADO      ya respondido (detectado en revisión) -
29/5_17:30_4e             34610648642          ENVIADO      ya respondido (detectado en revisión) -
29/5_17:40_csi            34651560074          ENVIADO      ya respondido (detectado en revisión) -
30/5_14:40_csi            31657059941          ENVIADO      ya respondido (detectado en revisión) -
23/5_17:30_maf            34603458949          ENVIADO      recordatorio enviado (reacción en foto) -
24/5_19:00_4e             34%C2%A0649%C2%A051%C2%A050%C2%A037%E2%80%AC ENVIADO      ya respondido (detectado en revisión) -

[2026-05-30 17:48:48] POSITIVO | Fotos nuevas: 0 | Envios OK: 9 | Envios FAIL: 0 | Reviews negativas: 0 | Fotos borradas: 0

=== SESIÓN 17:18-17:48 (30/05/2026) ===
RESERVA                   TELÉFONO             ESTADO       RESPUESTA                 REVIEW
-----------------------------------------------------------------------------------------------
23/5_16:00_4e             34635122835          ENVIADO      sin respuesta             -
23/5_17:30_maf            34603458949          ENVIADO      sin respuesta             -
23/5_19:00_maf            34649814146          ENVIADO      sin respuesta             -
24/5_19:00_4e             34%C2%A0649%C2%A051%C2%A050%C2%A037%E2%80%AC ENVIADO      sin respuesta             -
24/5_16:10_csi            34635280014          ENVIADO      sin respuesta             -
29/5_17:30_4e             34610648642          ENVIADO      sin respuesta             -
29/5_17:40_csi            34651560074          ENVIADO      sin respuesta             -
30/5_11:30_4e             34647357305          ENVIADO      sin respuesta             -
30/5_14:40_csi            31657059941          ENVIADO      sin respuesta             -
23/5_16:00_4e             34635122835          ENVIADO      ya respondido (detectado en revisión) -
23/5_19:00_maf            34649814146          ENVIADO      ya respondido (detectado en revisión) -
24/5_16:10_csi            34635280014          ENVIADO      ya respondido (detectado en revisión) -
29/5_17:30_4e             34610648642          ENVIADO      ya respondido (detectado en revisión) -
29/5_17:40_csi            34651560074          ENVIADO      ya respondido (detectado en revisión) -
30/5_14:40_csi            31657059941          ENVIADO      ya respondido (detectado en revisión) -
23/5_17:30_maf            34603458949          ENVIADO      recordatorio enviado (reacción en foto) -
24/5_19:00_4e             34%C2%A0649%C2%A051%C2%A050%C2%A037%E2%80%AC ENVIADO      ya respondido (detectado en revisión) -

[2026-05-30 18:06:04] POSITIVO | Fotos nuevas: 0 | Envios OK: 9 | Envios FAIL: 0 | Reviews negativas: 0 | Fotos borradas: 0

=== SESIÓN 17:18-17:48 (30/05/2026) ===
RESERVA                   TELÉFONO             ESTADO       RESPUESTA                 REVIEW
-----------------------------------------------------------------------------------------------
23/5_16:00_4e             34635122835          ENVIADO      sin respuesta             -
23/5_17:30_maf            34603458949          ENVIADO      sin respuesta             -
23/5_19:00_maf            34649814146          ENVIADO      sin respuesta             -
24/5_19:00_4e             34%C2%A0649%C2%A051%C2%A050%C2%A037%E2%80%AC ENVIADO      sin respuesta             -
24/5_16:10_csi            34635280014          ENVIADO      sin respuesta             -
29/5_17:30_4e             34610648642          ENVIADO      sin respuesta             -
29/5_17:40_csi            34651560074          ENVIADO      sin respuesta             -
30/5_11:30_4e             34647357305          ENVIADO      sin respuesta             -
30/5_14:40_csi            31657059941          ENVIADO      sin respuesta             -
23/5_16:00_4e             34635122835          ENVIADO      ya respondido (detectado en revisión) -
23/5_19:00_maf            34649814146          ENVIADO      ya respondido (detectado en revisión) -
24/5_16:10_csi            34635280014          ENVIADO      ya respondido (detectado en revisión) -
29/5_17:30_4e             34610648642          ENVIADO      ya respondido (detectado en revisión) -
29/5_17:40_csi            34651560074          ENVIADO      ya respondido (detectado en revisión) -
30/5_14:40_csi            31657059941          ENVIADO      ya respondido (detectado en revisión) -
23/5_17:30_maf            34603458949          ENVIADO      recordatorio enviado (reacción en foto) -
24/5_19:00_4e             34%C2%A0649%C2%A051%C2%A050%C2%A037%E2%80%AC ENVIADO      ya respondido (detectado en revisión) -

[2026-05-30 18:23:14] POSITIVO | Fotos nuevas: 0 | Envios OK: 9 | Envios FAIL: 0 | Reviews negativas: 0 | Fotos borradas: 0

=== SESIÓN 17:18-17:48 (30/05/2026) ===
RESERVA                   TELÉFONO             ESTADO       RESPUESTA                 REVIEW
-----------------------------------------------------------------------------------------------
23/5_16:00_4e             34635122835          ENVIADO      sin respuesta             -
23/5_17:30_maf            34603458949          ENVIADO      sin respuesta             -
23/5_19:00_maf            34649814146          ENVIADO      sin respuesta             -
24/5_19:00_4e             34%C2%A0649%C2%A051%C2%A050%C2%A037%E2%80%AC ENVIADO      sin respuesta             -
24/5_16:10_csi            34635280014          ENVIADO      sin respuesta             -
29/5_17:30_4e             34610648642          ENVIADO      sin respuesta             -
29/5_17:40_csi            34651560074          ENVIADO      sin respuesta             -
30/5_11:30_4e             34647357305          ENVIADO      sin respuesta             -
30/5_14:40_csi            31657059941          ENVIADO      sin respuesta             -
23/5_16:00_4e             34635122835          ENVIADO      ya respondido (detectado en revisión) -
23/5_19:00_maf            34649814146          ENVIADO      ya respondido (detectado en revisión) -
24/5_16:10_csi            34635280014          ENVIADO      ya respondido (detectado en revisión) -
29/5_17:30_4e             34610648642          ENVIADO      ya respondido (detectado en revisión) -
29/5_17:40_csi            34651560074          ENVIADO      ya respondido (detectado en revisión) -
30/5_14:40_csi            31657059941          ENVIADO      ya respondido (detectado en revisión) -
23/5_17:30_maf            34603458949          ENVIADO      recordatorio enviado (reacción en foto) -
24/5_19:00_4e             34%C2%A0649%C2%A051%C2%A050%C2%A037%E2%80%AC ENVIADO      ya respondido (detectado en revisión) -

[2026-05-30 18:40:24] POSITIVO | Fotos nuevas: 0 | Envios OK: 9 | Envios FAIL: 0 | Reviews negativas: 0 | Fotos borradas: 0

=== SESIÓN 17:18-17:48 (30/05/2026) ===
RESERVA                   TELÉFONO             ESTADO       RESPUESTA                 REVIEW
-----------------------------------------------------------------------------------------------
23/5_16:00_4e             34635122835          ENVIADO      sin respuesta             -
23/5_17:30_maf            34603458949          ENVIADO      sin respuesta             -
23/5_19:00_maf            34649814146          ENVIADO      sin respuesta             -
24/5_19:00_4e             34%C2%A0649%C2%A051%C2%A050%C2%A037%E2%80%AC ENVIADO      sin respuesta             -
24/5_16:10_csi            34635280014          ENVIADO      sin respuesta             -
29/5_17:30_4e             34610648642          ENVIADO      sin respuesta             -
29/5_17:40_csi            34651560074          ENVIADO      sin respuesta             -
30/5_11:30_4e             34647357305          ENVIADO      sin respuesta             -
30/5_14:40_csi            31657059941          ENVIADO      sin respuesta             -
23/5_16:00_4e             34635122835          ENVIADO      ya respondido (detectado en revisión) -
23/5_19:00_maf            34649814146          ENVIADO      ya respondido (detectado en revisión) -
24/5_16:10_csi            34635280014          ENVIADO      ya respondido (detectado en revisión) -
29/5_17:30_4e             34610648642          ENVIADO      ya respondido (detectado en revisión) -
29/5_17:40_csi            34651560074          ENVIADO      ya respondido (detectado en revisión) -
30/5_14:40_csi            31657059941          ENVIADO      ya respondido (detectado en revisión) -
23/5_17:30_maf            34603458949          ENVIADO      recordatorio enviado (reacción en foto) -
24/5_19:00_4e             34%C2%A0649%C2%A051%C2%A050%C2%A037%E2%80%AC ENVIADO      ya respondido (detectado en revisión) -

[2026-05-30 18:57:29] POSITIVO | Fotos nuevas: 0 | Envios OK: 9 | Envios FAIL: 0 | Reviews negativas: 0 | Fotos borradas: 0

=== SESIÓN 17:18-19:16 (30/05/2026) ===
RESERVA                   TELÉFONO             ESTADO       RESPUESTA                 REVIEW
-----------------------------------------------------------------------------------------------
23/5_16:00_4e             34635122835          ENVIADO      sin respuesta             -
23/5_17:30_maf            34603458949          ENVIADO      sin respuesta             -
23/5_19:00_maf            34649814146          ENVIADO      sin respuesta             -
24/5_19:00_4e             34%C2%A0649%C2%A051%C2%A050%C2%A037%E2%80%AC ENVIADO      sin respuesta             -
24/5_16:10_csi            34635280014          ENVIADO      sin respuesta             -
29/5_17:30_4e             34610648642          ENVIADO      sin respuesta             -
29/5_17:40_csi            34651560074          ENVIADO      sin respuesta             -
30/5_11:30_4e             34647357305          ENVIADO      sin respuesta             -
30/5_14:40_csi            31657059941          ENVIADO      sin respuesta             -
23/5_16:00_4e             34635122835          ENVIADO      ya respondido (detectado en revisión) -
23/5_19:00_maf            34649814146          ENVIADO      ya respondido (detectado en revisión) -
24/5_16:10_csi            34635280014          ENVIADO      ya respondido (detectado en revisión) -
29/5_17:30_4e             34610648642          ENVIADO      ya respondido (detectado en revisión) -
29/5_17:40_csi            34651560074          ENVIADO      ya respondido (detectado en revisión) -
30/5_14:40_csi            31657059941          ENVIADO      ya respondido (detectado en revisión) -
23/5_17:30_maf            34603458949          ENVIADO      recordatorio enviado (reacción en foto) -
24/5_19:00_4e             34%C2%A0649%C2%A051%C2%A050%C2%A037%E2%80%AC ENVIADO      ya respondido (detectado en revisión) -
30/5_17:30_4e             34660130196          ENVIADO      sin respuesta             -
30/5_17:30_4e             34660130196          ENVIADO      ya respondido (detectado en revisión) -

[2026-05-30 19:17:47] POSITIVO | Fotos nuevas: 1 | Envios OK: 10 | Envios FAIL: 0 | Reviews negativas: 0 | Fotos borradas: 1

=== SESIÓN 17:18-19:16 (30/05/2026) ===
RESERVA                   TELÉFONO             ESTADO       RESPUESTA                 REVIEW
-----------------------------------------------------------------------------------------------
23/5_16:00_4e             34635122835          ENVIADO      sin respuesta             -
23/5_17:30_maf            34603458949          ENVIADO      sin respuesta             -
23/5_19:00_maf            34649814146          ENVIADO      sin respuesta             -
24/5_19:00_4e             34%C2%A0649%C2%A051%C2%A050%C2%A037%E2%80%AC ENVIADO      sin respuesta             -
24/5_16:10_csi            34635280014          ENVIADO      sin respuesta             -
29/5_17:30_4e             34610648642          ENVIADO      sin respuesta             -
29/5_17:40_csi            34651560074          ENVIADO      sin respuesta             -
30/5_11:30_4e             34647357305          ENVIADO      sin respuesta             -
30/5_14:40_csi            31657059941          ENVIADO      sin respuesta             -
23/5_16:00_4e             34635122835          ENVIADO      ya respondido (detectado en revisión) -
23/5_19:00_maf            34649814146          ENVIADO      ya respondido (detectado en revisión) -
24/5_16:10_csi            34635280014          ENVIADO      ya respondido (detectado en revisión) -
29/5_17:30_4e             34610648642          ENVIADO      ya respondido (detectado en revisión) -
29/5_17:40_csi            34651560074          ENVIADO      ya respondido (detectado en revisión) -
30/5_14:40_csi            31657059941          ENVIADO      ya respondido (detectado en revisión) -
23/5_17:30_maf            34603458949          ENVIADO      recordatorio enviado (reacción en foto) -
24/5_19:00_4e             34%C2%A0649%C2%A051%C2%A050%C2%A037%E2%80%AC ENVIADO      ya respondido (detectado en revisión) -
30/5_17:30_4e             34660130196          ENVIADO      sin respuesta             -
30/5_17:30_4e             34660130196          ENVIADO      ya respondido (detectado en revisión) -

[2026-05-30 19:35:00] POSITIVO | Fotos nuevas: 0 | Envios OK: 10 | Envios FAIL: 0 | Reviews negativas: 0 | Fotos borradas: 0

=== SESIÓN 17:18-19:16 (30/05/2026) ===
RESERVA                   TELÉFONO             ESTADO       RESPUESTA                 REVIEW
-----------------------------------------------------------------------------------------------
23/5_16:00_4e             34635122835          ENVIADO      sin respuesta             -
23/5_17:30_maf            34603458949          ENVIADO      sin respuesta             -
23/5_19:00_maf            34649814146          ENVIADO      sin respuesta             -
24/5_19:00_4e             34%C2%A0649%C2%A051%C2%A050%C2%A037%E2%80%AC ENVIADO      sin respuesta             -
24/5_16:10_csi            34635280014          ENVIADO      sin respuesta             -
29/5_17:30_4e             34610648642          ENVIADO      sin respuesta             -
29/5_17:40_csi            34651560074          ENVIADO      sin respuesta             -
30/5_11:30_4e             34647357305          ENVIADO      sin respuesta             -
30/5_14:40_csi            31657059941          ENVIADO      sin respuesta             -
23/5_16:00_4e             34635122835          ENVIADO      ya respondido (detectado en revisión) -
23/5_19:00_maf            34649814146          ENVIADO      ya respondido (detectado en revisión) -
24/5_16:10_csi            34635280014          ENVIADO      ya respondido (detectado en revisión) -
29/5_17:30_4e             34610648642          ENVIADO      ya respondido (detectado en revisión) -
29/5_17:40_csi            34651560074          ENVIADO      ya respondido (detectado en revisión) -
30/5_14:40_csi            31657059941          ENVIADO      ya respondido (detectado en revisión) -
23/5_17:30_maf            34603458949          ENVIADO      recordatorio enviado (reacción en foto) -
24/5_19:00_4e             34%C2%A0649%C2%A051%C2%A050%C2%A037%E2%80%AC ENVIADO      ya respondido (detectado en revisión) -
30/5_17:30_4e             34660130196          ENVIADO      sin respuesta             -
30/5_17:30_4e             34660130196          ENVIADO      ya respondido (detectado en revisión) -

[2026-05-30 19:52:06] POSITIVO | Fotos nuevas: 0 | Envios OK: 10 | Envios FAIL: 0 | Reviews negativas: 0 | Fotos borradas: 0

=== SESIÓN 17:18-19:16 (30/05/2026) ===
RESERVA                   TELÉFONO             ESTADO       RESPUESTA                 REVIEW
-----------------------------------------------------------------------------------------------
23/5_16:00_4e             34635122835          ENVIADO      sin respuesta             -
23/5_17:30_maf            34603458949          ENVIADO      sin respuesta             -
23/5_19:00_maf            34649814146          ENVIADO      sin respuesta             -
24/5_19:00_4e             34%C2%A0649%C2%A051%C2%A050%C2%A037%E2%80%AC ENVIADO      sin respuesta             -
24/5_16:10_csi            34635280014          ENVIADO      sin respuesta             -
29/5_17:30_4e             34610648642          ENVIADO      sin respuesta             -
29/5_17:40_csi            34651560074          ENVIADO      sin respuesta             -
30/5_11:30_4e             34647357305          ENVIADO      sin respuesta             -
30/5_14:40_csi            31657059941          ENVIADO      sin respuesta             -
23/5_16:00_4e             34635122835          ENVIADO      ya respondido (detectado en revisión) -
23/5_19:00_maf            34649814146          ENVIADO      ya respondido (detectado en revisión) -
24/5_16:10_csi            34635280014          ENVIADO      ya respondido (detectado en revisión) -
29/5_17:30_4e             34610648642          ENVIADO      ya respondido (detectado en revisión) -
29/5_17:40_csi            34651560074          ENVIADO      ya respondido (detectado en revisión) -
30/5_14:40_csi            31657059941          ENVIADO      ya respondido (detectado en revisión) -
23/5_17:30_maf            34603458949          ENVIADO      recordatorio enviado (reacción en foto) -
24/5_19:00_4e             34%C2%A0649%C2%A051%C2%A050%C2%A037%E2%80%AC ENVIADO      ya respondido (detectado en revisión) -
30/5_17:30_4e             34660130196          ENVIADO      sin respuesta             -
30/5_17:30_4e             34660130196          ENVIADO      ya respondido (detectado en revisión) -

[2026-05-30 20:09:21] POSITIVO | Fotos nuevas: 0 | Envios OK: 10 | Envios FAIL: 0 | Reviews negativas: 0 | Fotos borradas: 0

=== SESIÓN 17:18-19:16 (30/05/2026) ===
RESERVA                   TELÉFONO             ESTADO       RESPUESTA                 REVIEW
-----------------------------------------------------------------------------------------------
23/5_16:00_4e             34635122835          ENVIADO      sin respuesta             -
23/5_17:30_maf            34603458949          ENVIADO      sin respuesta             -
23/5_19:00_maf            34649814146          ENVIADO      sin respuesta             -
24/5_19:00_4e             34%C2%A0649%C2%A051%C2%A050%C2%A037%E2%80%AC ENVIADO      sin respuesta             -
24/5_16:10_csi            34635280014          ENVIADO      sin respuesta             -
29/5_17:30_4e             34610648642          ENVIADO      sin respuesta             -
29/5_17:40_csi            34651560074          ENVIADO      sin respuesta             -
30/5_11:30_4e             34647357305          ENVIADO      sin respuesta             -
30/5_14:40_csi            31657059941          ENVIADO      sin respuesta             -
23/5_16:00_4e             34635122835          ENVIADO      ya respondido (detectado en revisión) -
23/5_19:00_maf            34649814146          ENVIADO      ya respondido (detectado en revisión) -
24/5_16:10_csi            34635280014          ENVIADO      ya respondido (detectado en revisión) -
29/5_17:30_4e             34610648642          ENVIADO      ya respondido (detectado en revisión) -
29/5_17:40_csi            34651560074          ENVIADO      ya respondido (detectado en revisión) -
30/5_14:40_csi            31657059941          ENVIADO      ya respondido (detectado en revisión) -
23/5_17:30_maf            34603458949          ENVIADO      recordatorio enviado (reacción en foto) -
24/5_19:00_4e             34%C2%A0649%C2%A051%C2%A050%C2%A037%E2%80%AC ENVIADO      ya respondido (detectado en revisión) -
30/5_17:30_4e             34660130196          ENVIADO      sin respuesta             -
30/5_17:30_4e             34660130196          ENVIADO      ya respondido (detectado en revisión) -

[2026-05-30 20:26:46] POSITIVO | Fotos nuevas: 0 | Envios OK: 10 | Envios FAIL: 0 | Reviews negativas: 0 | Fotos borradas: 0
