
=== SESIÓN 13:53-16:23 (03/06/2026) ===
RESERVA                   TELÉFONO             ESTADO       RESPUESTA                 REVIEW
-----------------------------------------------------------------------------------------------
30/5_19:00_4e             34625490565          ENVIADO      sin respuesta             -
30/5_20:30_4e             34665943110          ENVIADO      sin respuesta             -
23/5_17:30_maf            34603458949          ENVIADO      recordatorio enviado (reacción en foto) -
23/5_19:00_maf            34649814146          ENVIADO      POSITIVA                  review enviada
24/5_19:00_4e             34649515037          ENVIADO      recordatorio enviado (48h) -
24/5_16:10_csi            34635280014          ENVIADO      recordatorio enviado (48h) -
29/5_17:30_4e             34610648642          ENVIADO      recordatorio FALLIDO (send_not_confirmed) -
29/5_17:40_csi            34651560074          ENVIADO      POSITIVA                  review enviada
30/5_11:30_4e             34647357305          ENVIADO      recordatorio enviado (48h) -
30/5_14:40_csi            31657059941          ENVIADO      POSITIVA                  review enviada
30/5_20:30_4e             34665943110          ENVIADO      POSITIVA                  review enviada
23/5_16:00_4e             34635122835          ENVIADO      recordatorio FALLIDO (send_not_confirmed) -
24/5_16:10_csi            34635280014          ENVIADO      POSITIVA                  review enviada
29/5_17:30_4e             34610648642          ENVIADO      recordatorio FALLIDO (send_not_confirmed) -
30/5_19:00_4e             34625490565          ENVIADO      POSITIVA                  review enviada
23/5_16:00_4e             34635122835          ENVIADO      POSITIVA (reacción emoji en texto) review enviada
29/5_17:30_4e             34610648642          ENVIADO      recordatorio FALLIDO (send_not_confirmed) -
29/5_17:30_4e             34610648642          ENVIADO      recordatorio FALLIDO (send_not_confirmed) -
29/5_17:30_4e             34610648642          ENVIADO      recordatorio FALLIDO (send_not_confirmed) -
29/5_17:30_4e             34610648642          ENVIADO      recordatorio FALLIDO (send_not_confirmed) -
29/5_17:30_4e             34610648642          ENVIADO      recordatorio enviado (48h) -
24/5_19:00_4e             34649515037          ENVIADO      POSITIVA                  review enviada

[2026-06-03 10:03:46] POSITIVO | Fotos nuevas: 0 | Envios OK: 0 | Envios FAIL: 0 | Reviews negativas: 0 | Fotos borradas: 0

=== SESIÓN 13:53-16:23 (03/06/2026) ===
RESERVA                   TELÉFONO             ESTADO       RESPUESTA                 REVIEW
-----------------------------------------------------------------------------------------------
30/5_19:00_4e             34625490565          ENVIADO      sin respuesta             -
30/5_20:30_4e             34665943110          ENVIADO      sin respuesta             -
23/5_17:30_maf            34603458949          ENVIADO      recordatorio enviado (reacción en foto) -
23/5_19:00_maf            34649814146          ENVIADO      POSITIVA                  review enviada
24/5_19:00_4e             34649515037          ENVIADO      recordatorio enviado (48h) -
24/5_16:10_csi            34635280014          ENVIADO      recordatorio enviado (48h) -
29/5_17:30_4e             34610648642          ENVIADO      recordatorio FALLIDO (send_not_confirmed) -
29/5_17:40_csi            34651560074          ENVIADO      POSITIVA                  review enviada
30/5_11:30_4e             34647357305          ENVIADO      recordatorio enviado (48h) -
30/5_14:40_csi            31657059941          ENVIADO      POSITIVA                  review enviada
30/5_20:30_4e             34665943110          ENVIADO      POSITIVA                  review enviada
23/5_16:00_4e             34635122835          ENVIADO      recordatorio FALLIDO (send_not_confirmed) -
24/5_16:10_csi            34635280014          ENVIADO      POSITIVA                  review enviada
29/5_17:30_4e             34610648642          ENVIADO      recordatorio FALLIDO (send_not_confirmed) -
30/5_19:00_4e             34625490565          ENVIADO      POSITIVA                  review enviada
23/5_16:00_4e             34635122835          ENVIADO      POSITIVA (reacción emoji en texto) review enviada
29/5_17:30_4e             34610648642          ENVIADO      recordatorio FALLIDO (send_not_confirmed) -
29/5_17:30_4e             34610648642          ENVIADO      recordatorio FALLIDO (send_not_confirmed) -
29/5_17:30_4e             34610648642          ENVIADO      recordatorio FALLIDO (send_not_confirmed) -
29/5_17:30_4e             34610648642          ENVIADO      recordatorio FALLIDO (send_not_confirmed) -
29/5_17:30_4e             34610648642          ENVIADO      recordatorio enviado (48h) -
24/5_19:00_4e             34649515037          ENVIADO      POSITIVA                  review enviada

[2026-06-03 10:22:08] POSITIVO | Fotos nuevas: 0 | Envios OK: 0 | Envios FAIL: 0 | Reviews negativas: 0 | Fotos borradas: 0

=== SESIÓN 13:53-16:23 (03/06/2026) ===
RESERVA                   TELÉFONO             ESTADO       RESPUESTA                 REVIEW
-----------------------------------------------------------------------------------------------
30/5_19:00_4e             34625490565          ENVIADO      sin respuesta             -
30/5_20:30_4e             34665943110          ENVIADO      sin respuesta             -
23/5_17:30_maf            34603458949          ENVIADO      recordatorio enviado (reacción en foto) -
23/5_19:00_maf            34649814146          ENVIADO      POSITIVA                  review enviada
24/5_19:00_4e             34649515037          ENVIADO      recordatorio enviado (48h) -
24/5_16:10_csi            34635280014          ENVIADO      recordatorio enviado (48h) -
29/5_17:30_4e             34610648642          ENVIADO      recordatorio FALLIDO (send_not_confirmed) -
29/5_17:40_csi            34651560074          ENVIADO      POSITIVA                  review enviada
30/5_11:30_4e             34647357305          ENVIADO      recordatorio enviado (48h) -
30/5_14:40_csi            31657059941          ENVIADO      POSITIVA                  review enviada
30/5_20:30_4e             34665943110          ENVIADO      POSITIVA                  review enviada
23/5_16:00_4e             34635122835          ENVIADO      recordatorio FALLIDO (send_not_confirmed) -
24/5_16:10_csi            34635280014          ENVIADO      POSITIVA                  review enviada
29/5_17:30_4e             34610648642          ENVIADO      recordatorio FALLIDO (send_not_confirmed) -
30/5_19:00_4e             34625490565          ENVIADO      POSITIVA                  review enviada
23/5_16:00_4e             34635122835          ENVIADO      POSITIVA (reacción emoji en texto) review enviada
29/5_17:30_4e             34610648642          ENVIADO      recordatorio FALLIDO (send_not_confirmed) -
29/5_17:30_4e             34610648642          ENVIADO      recordatorio FALLIDO (send_not_confirmed) -
29/5_17:30_4e             34610648642          ENVIADO      recordatorio FALLIDO (send_not_confirmed) -
29/5_17:30_4e             34610648642          ENVIADO      recordatorio FALLIDO (send_not_confirmed) -
29/5_17:30_4e             34610648642          ENVIADO      recordatorio enviado (48h) -
24/5_19:00_4e             34649515037          ENVIADO      POSITIVA                  review enviada

[2026-06-03 10:40:38] POSITIVO | Fotos nuevas: 0 | Envios OK: 0 | Envios FAIL: 0 | Reviews negativas: 0 | Fotos borradas: 0

=== SESIÓN 13:53-16:23 (03/06/2026) ===
RESERVA                   TELÉFONO             ESTADO       RESPUESTA                 REVIEW
-----------------------------------------------------------------------------------------------
30/5_19:00_4e             34625490565          ENVIADO      sin respuesta             -
30/5_20:30_4e             34665943110          ENVIADO      sin respuesta             -
23/5_17:30_maf            34603458949          ENVIADO      recordatorio enviado (reacción en foto) -
23/5_19:00_maf            34649814146          ENVIADO      POSITIVA                  review enviada
24/5_19:00_4e             34649515037          ENVIADO      recordatorio enviado (48h) -
24/5_16:10_csi            34635280014          ENVIADO      recordatorio enviado (48h) -
29/5_17:30_4e             34610648642          ENVIADO      recordatorio FALLIDO (send_not_confirmed) -
29/5_17:40_csi            34651560074          ENVIADO      POSITIVA                  review enviada
30/5_11:30_4e             34647357305          ENVIADO      recordatorio enviado (48h) -
30/5_14:40_csi            31657059941          ENVIADO      POSITIVA                  review enviada
30/5_20:30_4e             34665943110          ENVIADO      POSITIVA                  review enviada
23/5_16:00_4e             34635122835          ENVIADO      recordatorio FALLIDO (send_not_confirmed) -
24/5_16:10_csi            34635280014          ENVIADO      POSITIVA                  review enviada
29/5_17:30_4e             34610648642          ENVIADO      recordatorio FALLIDO (send_not_confirmed) -
30/5_19:00_4e             34625490565          ENVIADO      POSITIVA                  review enviada
23/5_16:00_4e             34635122835          ENVIADO      POSITIVA (reacción emoji en texto) review enviada
29/5_17:30_4e             34610648642          ENVIADO      recordatorio FALLIDO (send_not_confirmed) -
29/5_17:30_4e             34610648642          ENVIADO      recordatorio FALLIDO (send_not_confirmed) -
29/5_17:30_4e             34610648642          ENVIADO      recordatorio FALLIDO (send_not_confirmed) -
29/5_17:30_4e             34610648642          ENVIADO      recordatorio FALLIDO (send_not_confirmed) -
29/5_17:30_4e             34610648642          ENVIADO      recordatorio enviado (48h) -
24/5_19:00_4e             34649515037          ENVIADO      POSITIVA                  review enviada

[2026-06-03 10:59:02] POSITIVO | Fotos nuevas: 0 | Envios OK: 0 | Envios FAIL: 0 | Reviews negativas: 0 | Fotos borradas: 0

=== SESIÓN 13:53-16:23 (03/06/2026) ===
RESERVA                   TELÉFONO             ESTADO       RESPUESTA                 REVIEW
-----------------------------------------------------------------------------------------------
30/5_19:00_4e             34625490565          ENVIADO      sin respuesta             -
30/5_20:30_4e             34665943110          ENVIADO      sin respuesta             -
23/5_17:30_maf            34603458949          ENVIADO      recordatorio enviado (reacción en foto) -
23/5_19:00_maf            34649814146          ENVIADO      POSITIVA                  review enviada
24/5_19:00_4e             34649515037          ENVIADO      recordatorio enviado (48h) -
24/5_16:10_csi            34635280014          ENVIADO      recordatorio enviado (48h) -
29/5_17:30_4e             34610648642          ENVIADO      recordatorio FALLIDO (send_not_confirmed) -
29/5_17:40_csi            34651560074          ENVIADO      POSITIVA                  review enviada
30/5_11:30_4e             34647357305          ENVIADO      recordatorio enviado (48h) -
30/5_14:40_csi            31657059941          ENVIADO      POSITIVA                  review enviada
30/5_20:30_4e             34665943110          ENVIADO      POSITIVA                  review enviada
23/5_16:00_4e             34635122835          ENVIADO      recordatorio FALLIDO (send_not_confirmed) -
24/5_16:10_csi            34635280014          ENVIADO      POSITIVA                  review enviada
29/5_17:30_4e             34610648642          ENVIADO      recordatorio FALLIDO (send_not_confirmed) -
30/5_19:00_4e             34625490565          ENVIADO      POSITIVA                  review enviada
23/5_16:00_4e             34635122835          ENVIADO      POSITIVA (reacción emoji en texto) review enviada
29/5_17:30_4e             34610648642          ENVIADO      recordatorio FALLIDO (send_not_confirmed) -
29/5_17:30_4e             34610648642          ENVIADO      recordatorio FALLIDO (send_not_confirmed) -
29/5_17:30_4e             34610648642          ENVIADO      recordatorio FALLIDO (send_not_confirmed) -
29/5_17:30_4e             34610648642          ENVIADO      recordatorio FALLIDO (send_not_confirmed) -
29/5_17:30_4e             34610648642          ENVIADO      recordatorio enviado (48h) -
24/5_19:00_4e             34649515037          ENVIADO      POSITIVA                  review enviada

[2026-06-03 11:17:57] POSITIVO | Fotos nuevas: 0 | Envios OK: 0 | Envios FAIL: 0 | Reviews negativas: 0 | Fotos borradas: 0

=== SESIÓN 13:53-16:23 (03/06/2026) ===
RESERVA                   TELÉFONO             ESTADO       RESPUESTA                 REVIEW
-----------------------------------------------------------------------------------------------
30/5_19:00_4e             34625490565          ENVIADO      sin respuesta             -
30/5_20:30_4e             34665943110          ENVIADO      sin respuesta             -
23/5_17:30_maf            34603458949          ENVIADO      recordatorio enviado (reacción en foto) -
23/5_19:00_maf            34649814146          ENVIADO      POSITIVA                  review enviada
24/5_19:00_4e             34649515037          ENVIADO      recordatorio enviado (48h) -
24/5_16:10_csi            34635280014          ENVIADO      recordatorio enviado (48h) -
29/5_17:30_4e             34610648642          ENVIADO      recordatorio FALLIDO (send_not_confirmed) -
29/5_17:40_csi            34651560074          ENVIADO      POSITIVA                  review enviada
30/5_11:30_4e             34647357305          ENVIADO      recordatorio enviado (48h) -
30/5_14:40_csi            31657059941          ENVIADO      POSITIVA                  review enviada
30/5_20:30_4e             34665943110          ENVIADO      POSITIVA                  review enviada
23/5_16:00_4e             34635122835          ENVIADO      recordatorio FALLIDO (send_not_confirmed) -
24/5_16:10_csi            34635280014          ENVIADO      POSITIVA                  review enviada
29/5_17:30_4e             34610648642          ENVIADO      recordatorio FALLIDO (send_not_confirmed) -
30/5_19:00_4e             34625490565          ENVIADO      POSITIVA                  review enviada
23/5_16:00_4e             34635122835          ENVIADO      POSITIVA (reacción emoji en texto) review enviada
29/5_17:30_4e             34610648642          ENVIADO      recordatorio FALLIDO (send_not_confirmed) -
29/5_17:30_4e             34610648642          ENVIADO      recordatorio FALLIDO (send_not_confirmed) -
29/5_17:30_4e             34610648642          ENVIADO      recordatorio FALLIDO (send_not_confirmed) -
29/5_17:30_4e             34610648642          ENVIADO      recordatorio FALLIDO (send_not_confirmed) -
29/5_17:30_4e             34610648642          ENVIADO      recordatorio enviado (48h) -
24/5_19:00_4e             34649515037          ENVIADO      POSITIVA                  review enviada

[2026-06-03 11:36:33] POSITIVO | Fotos nuevas: 0 | Envios OK: 0 | Envios FAIL: 0 | Reviews negativas: 0 | Fotos borradas: 0

=== SESIÓN 13:53-16:23 (03/06/2026) ===
RESERVA                   TELÉFONO             ESTADO       RESPUESTA                 REVIEW
-----------------------------------------------------------------------------------------------
30/5_19:00_4e             34625490565          ENVIADO      sin respuesta             -
30/5_20:30_4e             34665943110          ENVIADO      sin respuesta             -
23/5_17:30_maf            34603458949          ENVIADO      recordatorio enviado (reacción en foto) -
23/5_19:00_maf            34649814146          ENVIADO      POSITIVA                  review enviada
24/5_19:00_4e             34649515037          ENVIADO      recordatorio enviado (48h) -
24/5_16:10_csi            34635280014          ENVIADO      recordatorio enviado (48h) -
29/5_17:30_4e             34610648642          ENVIADO      recordatorio FALLIDO (send_not_confirmed) -
29/5_17:40_csi            34651560074          ENVIADO      POSITIVA                  review enviada
30/5_11:30_4e             34647357305          ENVIADO      recordatorio enviado (48h) -
30/5_14:40_csi            31657059941          ENVIADO      POSITIVA                  review enviada
30/5_20:30_4e             34665943110          ENVIADO      POSITIVA                  review enviada
23/5_16:00_4e             34635122835          ENVIADO      recordatorio FALLIDO (send_not_confirmed) -
24/5_16:10_csi            34635280014          ENVIADO      POSITIVA                  review enviada
29/5_17:30_4e             34610648642          ENVIADO      recordatorio FALLIDO (send_not_confirmed) -
30/5_19:00_4e             34625490565          ENVIADO      POSITIVA                  review enviada
23/5_16:00_4e             34635122835          ENVIADO      POSITIVA (reacción emoji en texto) review enviada
29/5_17:30_4e             34610648642          ENVIADO      recordatorio FALLIDO (send_not_confirmed) -
29/5_17:30_4e             34610648642          ENVIADO      recordatorio FALLIDO (send_not_confirmed) -
29/5_17:30_4e             34610648642          ENVIADO      recordatorio FALLIDO (send_not_confirmed) -
29/5_17:30_4e             34610648642          ENVIADO      recordatorio FALLIDO (send_not_confirmed) -
29/5_17:30_4e             34610648642          ENVIADO      recordatorio enviado (48h) -
24/5_19:00_4e             34649515037          ENVIADO      POSITIVA                  review enviada

[2026-06-03 11:55:00] POSITIVO | Fotos nuevas: 0 | Envios OK: 0 | Envios FAIL: 0 | Reviews negativas: 0 | Fotos borradas: 0

=== SESIÓN 13:53-16:23 (03/06/2026) ===
RESERVA                   TELÉFONO             ESTADO       RESPUESTA                 REVIEW
-----------------------------------------------------------------------------------------------
30/5_19:00_4e             34625490565          ENVIADO      sin respuesta             -
30/5_20:30_4e             34665943110          ENVIADO      sin respuesta             -
23/5_17:30_maf            34603458949          ENVIADO      recordatorio enviado (reacción en foto) -
23/5_19:00_maf            34649814146          ENVIADO      POSITIVA                  review enviada
24/5_19:00_4e             34649515037          ENVIADO      recordatorio enviado (48h) -
24/5_16:10_csi            34635280014          ENVIADO      recordatorio enviado (48h) -
29/5_17:30_4e             34610648642          ENVIADO      recordatorio FALLIDO (send_not_confirmed) -
29/5_17:40_csi            34651560074          ENVIADO      POSITIVA                  review enviada
30/5_11:30_4e             34647357305          ENVIADO      recordatorio enviado (48h) -
30/5_14:40_csi            31657059941          ENVIADO      POSITIVA                  review enviada
30/5_20:30_4e             34665943110          ENVIADO      POSITIVA                  review enviada
23/5_16:00_4e             34635122835          ENVIADO      recordatorio FALLIDO (send_not_confirmed) -
24/5_16:10_csi            34635280014          ENVIADO      POSITIVA                  review enviada
29/5_17:30_4e             34610648642          ENVIADO      recordatorio FALLIDO (send_not_confirmed) -
30/5_19:00_4e             34625490565          ENVIADO      POSITIVA                  review enviada
23/5_16:00_4e             34635122835          ENVIADO      POSITIVA (reacción emoji en texto) review enviada
29/5_17:30_4e             34610648642          ENVIADO      recordatorio FALLIDO (send_not_confirmed) -
29/5_17:30_4e             34610648642          ENVIADO      recordatorio FALLIDO (send_not_confirmed) -
29/5_17:30_4e             34610648642          ENVIADO      recordatorio FALLIDO (send_not_confirmed) -
29/5_17:30_4e             34610648642          ENVIADO      recordatorio FALLIDO (send_not_confirmed) -
29/5_17:30_4e             34610648642          ENVIADO      recordatorio enviado (48h) -
24/5_19:00_4e             34649515037          ENVIADO      POSITIVA                  review enviada

[2026-06-03 12:13:57] POSITIVO | Fotos nuevas: 0 | Envios OK: 0 | Envios FAIL: 0 | Reviews negativas: 0 | Fotos borradas: 0

=== SESIÓN 13:53-16:23 (03/06/2026) ===
RESERVA                   TELÉFONO             ESTADO       RESPUESTA                 REVIEW
-----------------------------------------------------------------------------------------------
30/5_19:00_4e             34625490565          ENVIADO      sin respuesta             -
30/5_20:30_4e             34665943110          ENVIADO      sin respuesta             -
23/5_17:30_maf            34603458949          ENVIADO      recordatorio enviado (reacción en foto) -
23/5_19:00_maf            34649814146          ENVIADO      POSITIVA                  review enviada
24/5_19:00_4e             34649515037          ENVIADO      recordatorio enviado (48h) -
24/5_16:10_csi            34635280014          ENVIADO      recordatorio enviado (48h) -
29/5_17:30_4e             34610648642          ENVIADO      recordatorio FALLIDO (send_not_confirmed) -
29/5_17:40_csi            34651560074          ENVIADO      POSITIVA                  review enviada
30/5_11:30_4e             34647357305          ENVIADO      recordatorio enviado (48h) -
30/5_14:40_csi            31657059941          ENVIADO      POSITIVA                  review enviada
30/5_20:30_4e             34665943110          ENVIADO      POSITIVA                  review enviada
23/5_16:00_4e             34635122835          ENVIADO      recordatorio FALLIDO (send_not_confirmed) -
24/5_16:10_csi            34635280014          ENVIADO      POSITIVA                  review enviada
29/5_17:30_4e             34610648642          ENVIADO      recordatorio FALLIDO (send_not_confirmed) -
30/5_19:00_4e             34625490565          ENVIADO      POSITIVA                  review enviada
23/5_16:00_4e             34635122835          ENVIADO      POSITIVA (reacción emoji en texto) review enviada
29/5_17:30_4e             34610648642          ENVIADO      recordatorio FALLIDO (send_not_confirmed) -
29/5_17:30_4e             34610648642          ENVIADO      recordatorio FALLIDO (send_not_confirmed) -
29/5_17:30_4e             34610648642          ENVIADO      recordatorio FALLIDO (send_not_confirmed) -
29/5_17:30_4e             34610648642          ENVIADO      recordatorio FALLIDO (send_not_confirmed) -
29/5_17:30_4e             34610648642          ENVIADO      recordatorio enviado (48h) -
24/5_19:00_4e             34649515037          ENVIADO      POSITIVA                  review enviada

[2026-06-03 12:32:50] POSITIVO | Fotos nuevas: 0 | Envios OK: 0 | Envios FAIL: 0 | Reviews negativas: 0 | Fotos borradas: 0

=== SESIÓN 13:53-16:23 (03/06/2026) ===
RESERVA                   TELÉFONO             ESTADO       RESPUESTA                 REVIEW
-----------------------------------------------------------------------------------------------
30/5_19:00_4e             34625490565          ENVIADO      sin respuesta             -
30/5_20:30_4e             34665943110          ENVIADO      sin respuesta             -
23/5_17:30_maf            34603458949          ENVIADO      recordatorio enviado (reacción en foto) -
23/5_19:00_maf            34649814146          ENVIADO      POSITIVA                  review enviada
24/5_19:00_4e             34649515037          ENVIADO      recordatorio enviado (48h) -
24/5_16:10_csi            34635280014          ENVIADO      recordatorio enviado (48h) -
29/5_17:30_4e             34610648642          ENVIADO      recordatorio FALLIDO (send_not_confirmed) -
29/5_17:40_csi            34651560074          ENVIADO      POSITIVA                  review enviada
30/5_11:30_4e             34647357305          ENVIADO      recordatorio enviado (48h) -
30/5_14:40_csi            31657059941          ENVIADO      POSITIVA                  review enviada
30/5_20:30_4e             34665943110          ENVIADO      POSITIVA                  review enviada
23/5_16:00_4e             34635122835          ENVIADO      recordatorio FALLIDO (send_not_confirmed) -
24/5_16:10_csi            34635280014          ENVIADO      POSITIVA                  review enviada
29/5_17:30_4e             34610648642          ENVIADO      recordatorio FALLIDO (send_not_confirmed) -
30/5_19:00_4e             34625490565          ENVIADO      POSITIVA                  review enviada
23/5_16:00_4e             34635122835          ENVIADO      POSITIVA (reacción emoji en texto) review enviada
29/5_17:30_4e             34610648642          ENVIADO      recordatorio FALLIDO (send_not_confirmed) -
29/5_17:30_4e             34610648642          ENVIADO      recordatorio FALLIDO (send_not_confirmed) -
29/5_17:30_4e             34610648642          ENVIADO      recordatorio FALLIDO (send_not_confirmed) -
29/5_17:30_4e             34610648642          ENVIADO      recordatorio FALLIDO (send_not_confirmed) -
29/5_17:30_4e             34610648642          ENVIADO      recordatorio enviado (48h) -
24/5_19:00_4e             34649515037          ENVIADO      POSITIVA                  review enviada

[2026-06-03 12:51:39] POSITIVO | Fotos nuevas: 0 | Envios OK: 0 | Envios FAIL: 0 | Reviews negativas: 0 | Fotos borradas: 0

=== SESIÓN 13:53-16:23 (03/06/2026) ===
RESERVA                   TELÉFONO             ESTADO       RESPUESTA                 REVIEW
-----------------------------------------------------------------------------------------------
30/5_19:00_4e             34625490565          ENVIADO      sin respuesta             -
30/5_20:30_4e             34665943110          ENVIADO      sin respuesta             -
23/5_17:30_maf            34603458949          ENVIADO      recordatorio enviado (reacción en foto) -
23/5_19:00_maf            34649814146          ENVIADO      POSITIVA                  review enviada
24/5_19:00_4e             34649515037          ENVIADO      recordatorio enviado (48h) -
24/5_16:10_csi            34635280014          ENVIADO      recordatorio enviado (48h) -
29/5_17:30_4e             34610648642          ENVIADO      recordatorio FALLIDO (send_not_confirmed) -
29/5_17:40_csi            34651560074          ENVIADO      POSITIVA                  review enviada
30/5_11:30_4e             34647357305          ENVIADO      recordatorio enviado (48h) -
30/5_14:40_csi            31657059941          ENVIADO      POSITIVA                  review enviada
30/5_20:30_4e             34665943110          ENVIADO      POSITIVA                  review enviada
23/5_16:00_4e             34635122835          ENVIADO      recordatorio FALLIDO (send_not_confirmed) -
24/5_16:10_csi            34635280014          ENVIADO      POSITIVA                  review enviada
29/5_17:30_4e             34610648642          ENVIADO      recordatorio FALLIDO (send_not_confirmed) -
30/5_19:00_4e             34625490565          ENVIADO      POSITIVA                  review enviada
23/5_16:00_4e             34635122835          ENVIADO      POSITIVA (reacción emoji en texto) review enviada
29/5_17:30_4e             34610648642          ENVIADO      recordatorio FALLIDO (send_not_confirmed) -
29/5_17:30_4e             34610648642          ENVIADO      recordatorio FALLIDO (send_not_confirmed) -
29/5_17:30_4e             34610648642          ENVIADO      recordatorio FALLIDO (send_not_confirmed) -
29/5_17:30_4e             34610648642          ENVIADO      recordatorio FALLIDO (send_not_confirmed) -
29/5_17:30_4e             34610648642          ENVIADO      recordatorio enviado (48h) -
24/5_19:00_4e             34649515037          ENVIADO      POSITIVA                  review enviada

[2026-06-03 13:10:27] POSITIVO | Fotos nuevas: 0 | Envios OK: 0 | Envios FAIL: 0 | Reviews negativas: 0 | Fotos borradas: 0

=== SESIÓN 13:53-16:23 (03/06/2026) ===
RESERVA                   TELÉFONO             ESTADO       RESPUESTA                 REVIEW
-----------------------------------------------------------------------------------------------
30/5_19:00_4e             34625490565          ENVIADO      sin respuesta             -
30/5_20:30_4e             34665943110          ENVIADO      sin respuesta             -
23/5_17:30_maf            34603458949          ENVIADO      recordatorio enviado (reacción en foto) -
23/5_19:00_maf            34649814146          ENVIADO      POSITIVA                  review enviada
24/5_19:00_4e             34649515037          ENVIADO      recordatorio enviado (48h) -
24/5_16:10_csi            34635280014          ENVIADO      recordatorio enviado (48h) -
29/5_17:30_4e             34610648642          ENVIADO      recordatorio FALLIDO (send_not_confirmed) -
29/5_17:40_csi            34651560074          ENVIADO      POSITIVA                  review enviada
30/5_11:30_4e             34647357305          ENVIADO      recordatorio enviado (48h) -
30/5_14:40_csi            31657059941          ENVIADO      POSITIVA                  review enviada
30/5_20:30_4e             34665943110          ENVIADO      POSITIVA                  review enviada
23/5_16:00_4e             34635122835          ENVIADO      recordatorio FALLIDO (send_not_confirmed) -
24/5_16:10_csi            34635280014          ENVIADO      POSITIVA                  review enviada
29/5_17:30_4e             34610648642          ENVIADO      recordatorio FALLIDO (send_not_confirmed) -
30/5_19:00_4e             34625490565          ENVIADO      POSITIVA                  review enviada
23/5_16:00_4e             34635122835          ENVIADO      POSITIVA (reacción emoji en texto) review enviada
29/5_17:30_4e             34610648642          ENVIADO      recordatorio FALLIDO (send_not_confirmed) -
29/5_17:30_4e             34610648642          ENVIADO      recordatorio FALLIDO (send_not_confirmed) -
29/5_17:30_4e             34610648642          ENVIADO      recordatorio FALLIDO (send_not_confirmed) -
29/5_17:30_4e             34610648642          ENVIADO      recordatorio FALLIDO (send_not_confirmed) -
29/5_17:30_4e             34610648642          ENVIADO      recordatorio enviado (48h) -
24/5_19:00_4e             34649515037          ENVIADO      POSITIVA                  review enviada

[2026-06-03 13:29:09] POSITIVO | Fotos nuevas: 0 | Envios OK: 0 | Envios FAIL: 0 | Reviews negativas: 0 | Fotos borradas: 0

=== SESIÓN 13:53-16:23 (03/06/2026) ===
RESERVA                   TELÉFONO             ESTADO       RESPUESTA                 REVIEW
-----------------------------------------------------------------------------------------------
30/5_19:00_4e             34625490565          ENVIADO      sin respuesta             -
30/5_20:30_4e             34665943110          ENVIADO      sin respuesta             -
23/5_17:30_maf            34603458949          ENVIADO      recordatorio enviado (reacción en foto) -
23/5_19:00_maf            34649814146          ENVIADO      POSITIVA                  review enviada
24/5_19:00_4e             34649515037          ENVIADO      recordatorio enviado (48h) -
24/5_16:10_csi            34635280014          ENVIADO      recordatorio enviado (48h) -
29/5_17:30_4e             34610648642          ENVIADO      recordatorio FALLIDO (send_not_confirmed) -
29/5_17:40_csi            34651560074          ENVIADO      POSITIVA                  review enviada
30/5_11:30_4e             34647357305          ENVIADO      recordatorio enviado (48h) -
30/5_14:40_csi            31657059941          ENVIADO      POSITIVA                  review enviada
30/5_20:30_4e             34665943110          ENVIADO      POSITIVA                  review enviada
23/5_16:00_4e             34635122835          ENVIADO      recordatorio FALLIDO (send_not_confirmed) -
24/5_16:10_csi            34635280014          ENVIADO      POSITIVA                  review enviada
29/5_17:30_4e             34610648642          ENVIADO      recordatorio FALLIDO (send_not_confirmed) -
30/5_19:00_4e             34625490565          ENVIADO      POSITIVA                  review enviada
23/5_16:00_4e             34635122835          ENVIADO      POSITIVA (reacción emoji en texto) review enviada
29/5_17:30_4e             34610648642          ENVIADO      recordatorio FALLIDO (send_not_confirmed) -
29/5_17:30_4e             34610648642          ENVIADO      recordatorio FALLIDO (send_not_confirmed) -
29/5_17:30_4e             34610648642          ENVIADO      recordatorio FALLIDO (send_not_confirmed) -
29/5_17:30_4e             34610648642          ENVIADO      recordatorio FALLIDO (send_not_confirmed) -
29/5_17:30_4e             34610648642          ENVIADO      recordatorio enviado (48h) -
24/5_19:00_4e             34649515037          ENVIADO      POSITIVA                  review enviada

[2026-06-03 13:48:05] POSITIVO | Fotos nuevas: 0 | Envios OK: 0 | Envios FAIL: 0 | Reviews negativas: 0 | Fotos borradas: 0

=== SESIÓN 13:53-16:23 (03/06/2026) ===
RESERVA                   TELÉFONO             ESTADO       RESPUESTA                 REVIEW
-----------------------------------------------------------------------------------------------
30/5_19:00_4e             34625490565          ENVIADO      sin respuesta             -
30/5_20:30_4e             34665943110          ENVIADO      sin respuesta             -
23/5_17:30_maf            34603458949          ENVIADO      recordatorio enviado (reacción en foto) -
23/5_19:00_maf            34649814146          ENVIADO      POSITIVA                  review enviada
24/5_19:00_4e             34649515037          ENVIADO      recordatorio enviado (48h) -
24/5_16:10_csi            34635280014          ENVIADO      recordatorio enviado (48h) -
29/5_17:30_4e             34610648642          ENVIADO      recordatorio FALLIDO (send_not_confirmed) -
29/5_17:40_csi            34651560074          ENVIADO      POSITIVA                  review enviada
30/5_11:30_4e             34647357305          ENVIADO      recordatorio enviado (48h) -
30/5_14:40_csi            31657059941          ENVIADO      POSITIVA                  review enviada
30/5_20:30_4e             34665943110          ENVIADO      POSITIVA                  review enviada
23/5_16:00_4e             34635122835          ENVIADO      recordatorio FALLIDO (send_not_confirmed) -
24/5_16:10_csi            34635280014          ENVIADO      POSITIVA                  review enviada
29/5_17:30_4e             34610648642          ENVIADO      recordatorio FALLIDO (send_not_confirmed) -
30/5_19:00_4e             34625490565          ENVIADO      POSITIVA                  review enviada
23/5_16:00_4e             34635122835          ENVIADO      POSITIVA (reacción emoji en texto) review enviada
29/5_17:30_4e             34610648642          ENVIADO      recordatorio FALLIDO (send_not_confirmed) -
29/5_17:30_4e             34610648642          ENVIADO      recordatorio FALLIDO (send_not_confirmed) -
29/5_17:30_4e             34610648642          ENVIADO      recordatorio FALLIDO (send_not_confirmed) -
29/5_17:30_4e             34610648642          ENVIADO      recordatorio FALLIDO (send_not_confirmed) -
29/5_17:30_4e             34610648642          ENVIADO      recordatorio enviado (48h) -
24/5_19:00_4e             34649515037          ENVIADO      POSITIVA                  review enviada

[2026-06-03 14:06:34] POSITIVO | Fotos nuevas: 0 | Envios OK: 0 | Envios FAIL: 0 | Reviews negativas: 0 | Fotos borradas: 0

=== SESIÓN 13:53-16:23 (03/06/2026) ===
RESERVA                   TELÉFONO             ESTADO       RESPUESTA                 REVIEW
-----------------------------------------------------------------------------------------------
30/5_19:00_4e             34625490565          ENVIADO      sin respuesta             -
30/5_20:30_4e             34665943110          ENVIADO      sin respuesta             -
23/5_17:30_maf            34603458949          ENVIADO      recordatorio enviado (reacción en foto) -
23/5_19:00_maf            34649814146          ENVIADO      POSITIVA                  review enviada
24/5_19:00_4e             34649515037          ENVIADO      recordatorio enviado (48h) -
24/5_16:10_csi            34635280014          ENVIADO      recordatorio enviado (48h) -
29/5_17:30_4e             34610648642          ENVIADO      recordatorio FALLIDO (send_not_confirmed) -
29/5_17:40_csi            34651560074          ENVIADO      POSITIVA                  review enviada
30/5_11:30_4e             34647357305          ENVIADO      recordatorio enviado (48h) -
30/5_14:40_csi            31657059941          ENVIADO      POSITIVA                  review enviada
30/5_20:30_4e             34665943110          ENVIADO      POSITIVA                  review enviada
23/5_16:00_4e             34635122835          ENVIADO      recordatorio FALLIDO (send_not_confirmed) -
24/5_16:10_csi            34635280014          ENVIADO      POSITIVA                  review enviada
29/5_17:30_4e             34610648642          ENVIADO      recordatorio FALLIDO (send_not_confirmed) -
30/5_19:00_4e             34625490565          ENVIADO      POSITIVA                  review enviada
23/5_16:00_4e             34635122835          ENVIADO      POSITIVA (reacción emoji en texto) review enviada
29/5_17:30_4e             34610648642          ENVIADO      recordatorio FALLIDO (send_not_confirmed) -
29/5_17:30_4e             34610648642          ENVIADO      recordatorio FALLIDO (send_not_confirmed) -
29/5_17:30_4e             34610648642          ENVIADO      recordatorio FALLIDO (send_not_confirmed) -
29/5_17:30_4e             34610648642          ENVIADO      recordatorio FALLIDO (send_not_confirmed) -
29/5_17:30_4e             34610648642          ENVIADO      recordatorio enviado (48h) -
24/5_19:00_4e             34649515037          ENVIADO      POSITIVA                  review enviada

[2026-06-03 14:25:21] POSITIVO | Fotos nuevas: 0 | Envios OK: 0 | Envios FAIL: 0 | Reviews negativas: 0 | Fotos borradas: 0

=== SESIÓN 13:53-16:23 (03/06/2026) ===
RESERVA                   TELÉFONO             ESTADO       RESPUESTA                 REVIEW
-----------------------------------------------------------------------------------------------
30/5_19:00_4e             34625490565          ENVIADO      sin respuesta             -
30/5_20:30_4e             34665943110          ENVIADO      sin respuesta             -
23/5_17:30_maf            34603458949          ENVIADO      recordatorio enviado (reacción en foto) -
23/5_19:00_maf            34649814146          ENVIADO      POSITIVA                  review enviada
24/5_19:00_4e             34649515037          ENVIADO      recordatorio enviado (48h) -
24/5_16:10_csi            34635280014          ENVIADO      recordatorio enviado (48h) -
29/5_17:30_4e             34610648642          ENVIADO      recordatorio FALLIDO (send_not_confirmed) -
29/5_17:40_csi            34651560074          ENVIADO      POSITIVA                  review enviada
30/5_11:30_4e             34647357305          ENVIADO      recordatorio enviado (48h) -
30/5_14:40_csi            31657059941          ENVIADO      POSITIVA                  review enviada
30/5_20:30_4e             34665943110          ENVIADO      POSITIVA                  review enviada
23/5_16:00_4e             34635122835          ENVIADO      recordatorio FALLIDO (send_not_confirmed) -
24/5_16:10_csi            34635280014          ENVIADO      POSITIVA                  review enviada
29/5_17:30_4e             34610648642          ENVIADO      recordatorio FALLIDO (send_not_confirmed) -
30/5_19:00_4e             34625490565          ENVIADO      POSITIVA                  review enviada
23/5_16:00_4e             34635122835          ENVIADO      POSITIVA (reacción emoji en texto) review enviada
29/5_17:30_4e             34610648642          ENVIADO      recordatorio FALLIDO (send_not_confirmed) -
29/5_17:30_4e             34610648642          ENVIADO      recordatorio FALLIDO (send_not_confirmed) -
29/5_17:30_4e             34610648642          ENVIADO      recordatorio FALLIDO (send_not_confirmed) -
29/5_17:30_4e             34610648642          ENVIADO      recordatorio FALLIDO (send_not_confirmed) -
29/5_17:30_4e             34610648642          ENVIADO      recordatorio enviado (48h) -
24/5_19:00_4e             34649515037          ENVIADO      POSITIVA                  review enviada

[2026-06-03 14:44:06] POSITIVO | Fotos nuevas: 0 | Envios OK: 0 | Envios FAIL: 0 | Reviews negativas: 0 | Fotos borradas: 0

=== SESIÓN 13:53-16:23 (03/06/2026) ===
RESERVA                   TELÉFONO             ESTADO       RESPUESTA                 REVIEW
-----------------------------------------------------------------------------------------------
30/5_19:00_4e             34625490565          ENVIADO      sin respuesta             -
30/5_20:30_4e             34665943110          ENVIADO      sin respuesta             -
23/5_17:30_maf            34603458949          ENVIADO      recordatorio enviado (reacción en foto) -
23/5_19:00_maf            34649814146          ENVIADO      POSITIVA                  review enviada
24/5_19:00_4e             34649515037          ENVIADO      recordatorio enviado (48h) -
24/5_16:10_csi            34635280014          ENVIADO      recordatorio enviado (48h) -
29/5_17:30_4e             34610648642          ENVIADO      recordatorio FALLIDO (send_not_confirmed) -
29/5_17:40_csi            34651560074          ENVIADO      POSITIVA                  review enviada
30/5_11:30_4e             34647357305          ENVIADO      recordatorio enviado (48h) -
30/5_14:40_csi            31657059941          ENVIADO      POSITIVA                  review enviada
30/5_20:30_4e             34665943110          ENVIADO      POSITIVA                  review enviada
23/5_16:00_4e             34635122835          ENVIADO      recordatorio FALLIDO (send_not_confirmed) -
24/5_16:10_csi            34635280014          ENVIADO      POSITIVA                  review enviada
29/5_17:30_4e             34610648642          ENVIADO      recordatorio FALLIDO (send_not_confirmed) -
30/5_19:00_4e             34625490565          ENVIADO      POSITIVA                  review enviada
23/5_16:00_4e             34635122835          ENVIADO      POSITIVA (reacción emoji en texto) review enviada
29/5_17:30_4e             34610648642          ENVIADO      recordatorio FALLIDO (send_not_confirmed) -
29/5_17:30_4e             34610648642          ENVIADO      recordatorio FALLIDO (send_not_confirmed) -
29/5_17:30_4e             34610648642          ENVIADO      recordatorio FALLIDO (send_not_confirmed) -
29/5_17:30_4e             34610648642          ENVIADO      recordatorio FALLIDO (send_not_confirmed) -
29/5_17:30_4e             34610648642          ENVIADO      recordatorio enviado (48h) -
24/5_19:00_4e             34649515037          ENVIADO      POSITIVA                  review enviada

[2026-06-03 15:02:53] POSITIVO | Fotos nuevas: 0 | Envios OK: 0 | Envios FAIL: 0 | Reviews negativas: 0 | Fotos borradas: 0

=== SESIÓN 13:53-16:23 (03/06/2026) ===
RESERVA                   TELÉFONO             ESTADO       RESPUESTA                 REVIEW
-----------------------------------------------------------------------------------------------
30/5_19:00_4e             34625490565          ENVIADO      sin respuesta             -
30/5_20:30_4e             34665943110          ENVIADO      sin respuesta             -
23/5_17:30_maf            34603458949          ENVIADO      recordatorio enviado (reacción en foto) -
23/5_19:00_maf            34649814146          ENVIADO      POSITIVA                  review enviada
24/5_19:00_4e             34649515037          ENVIADO      recordatorio enviado (48h) -
24/5_16:10_csi            34635280014          ENVIADO      recordatorio enviado (48h) -
29/5_17:30_4e             34610648642          ENVIADO      recordatorio FALLIDO (send_not_confirmed) -
29/5_17:40_csi            34651560074          ENVIADO      POSITIVA                  review enviada
30/5_11:30_4e             34647357305          ENVIADO      recordatorio enviado (48h) -
30/5_14:40_csi            31657059941          ENVIADO      POSITIVA                  review enviada
30/5_20:30_4e             34665943110          ENVIADO      POSITIVA                  review enviada
23/5_16:00_4e             34635122835          ENVIADO      recordatorio FALLIDO (send_not_confirmed) -
24/5_16:10_csi            34635280014          ENVIADO      POSITIVA                  review enviada
29/5_17:30_4e             34610648642          ENVIADO      recordatorio FALLIDO (send_not_confirmed) -
30/5_19:00_4e             34625490565          ENVIADO      POSITIVA                  review enviada
23/5_16:00_4e             34635122835          ENVIADO      POSITIVA (reacción emoji en texto) review enviada
29/5_17:30_4e             34610648642          ENVIADO      recordatorio FALLIDO (send_not_confirmed) -
29/5_17:30_4e             34610648642          ENVIADO      recordatorio FALLIDO (send_not_confirmed) -
29/5_17:30_4e             34610648642          ENVIADO      recordatorio FALLIDO (send_not_confirmed) -
29/5_17:30_4e             34610648642          ENVIADO      recordatorio FALLIDO (send_not_confirmed) -
29/5_17:30_4e             34610648642          ENVIADO      recordatorio enviado (48h) -
24/5_19:00_4e             34649515037          ENVIADO      POSITIVA                  review enviada

[2026-06-03 15:21:40] POSITIVO | Fotos nuevas: 0 | Envios OK: 0 | Envios FAIL: 0 | Reviews negativas: 0 | Fotos borradas: 0

=== SESIÓN 13:53-16:23 (03/06/2026) ===
RESERVA                   TELÉFONO             ESTADO       RESPUESTA                 REVIEW
-----------------------------------------------------------------------------------------------
30/5_19:00_4e             34625490565          ENVIADO      sin respuesta             -
30/5_20:30_4e             34665943110          ENVIADO      sin respuesta             -
23/5_17:30_maf            34603458949          ENVIADO      recordatorio enviado (reacción en foto) -
23/5_19:00_maf            34649814146          ENVIADO      POSITIVA                  review enviada
24/5_19:00_4e             34649515037          ENVIADO      recordatorio enviado (48h) -
24/5_16:10_csi            34635280014          ENVIADO      recordatorio enviado (48h) -
29/5_17:30_4e             34610648642          ENVIADO      recordatorio FALLIDO (send_not_confirmed) -
29/5_17:40_csi            34651560074          ENVIADO      POSITIVA                  review enviada
30/5_11:30_4e             34647357305          ENVIADO      recordatorio enviado (48h) -
30/5_14:40_csi            31657059941          ENVIADO      POSITIVA                  review enviada
30/5_20:30_4e             34665943110          ENVIADO      POSITIVA                  review enviada
23/5_16:00_4e             34635122835          ENVIADO      recordatorio FALLIDO (send_not_confirmed) -
24/5_16:10_csi            34635280014          ENVIADO      POSITIVA                  review enviada
29/5_17:30_4e             34610648642          ENVIADO      recordatorio FALLIDO (send_not_confirmed) -
30/5_19:00_4e             34625490565          ENVIADO      POSITIVA                  review enviada
23/5_16:00_4e             34635122835          ENVIADO      POSITIVA (reacción emoji en texto) review enviada
29/5_17:30_4e             34610648642          ENVIADO      recordatorio FALLIDO (send_not_confirmed) -
29/5_17:30_4e             34610648642          ENVIADO      recordatorio FALLIDO (send_not_confirmed) -
29/5_17:30_4e             34610648642          ENVIADO      recordatorio FALLIDO (send_not_confirmed) -
29/5_17:30_4e             34610648642          ENVIADO      recordatorio FALLIDO (send_not_confirmed) -
29/5_17:30_4e             34610648642          ENVIADO      recordatorio enviado (48h) -
24/5_19:00_4e             34649515037          ENVIADO      POSITIVA                  review enviada

[2026-06-03 15:40:16] POSITIVO | Fotos nuevas: 0 | Envios OK: 0 | Envios FAIL: 0 | Reviews negativas: 0 | Fotos borradas: 0

=== SESIÓN 13:53-16:23 (03/06/2026) ===
RESERVA                   TELÉFONO             ESTADO       RESPUESTA                 REVIEW
-----------------------------------------------------------------------------------------------
30/5_19:00_4e             34625490565          ENVIADO      sin respuesta             -
30/5_20:30_4e             34665943110          ENVIADO      sin respuesta             -
23/5_17:30_maf            34603458949          ENVIADO      recordatorio enviado (reacción en foto) -
23/5_19:00_maf            34649814146          ENVIADO      POSITIVA                  review enviada
24/5_19:00_4e             34649515037          ENVIADO      recordatorio enviado (48h) -
24/5_16:10_csi            34635280014          ENVIADO      recordatorio enviado (48h) -
29/5_17:30_4e             34610648642          ENVIADO      recordatorio FALLIDO (send_not_confirmed) -
29/5_17:40_csi            34651560074          ENVIADO      POSITIVA                  review enviada
30/5_11:30_4e             34647357305          ENVIADO      recordatorio enviado (48h) -
30/5_14:40_csi            31657059941          ENVIADO      POSITIVA                  review enviada
30/5_20:30_4e             34665943110          ENVIADO      POSITIVA                  review enviada
23/5_16:00_4e             34635122835          ENVIADO      recordatorio FALLIDO (send_not_confirmed) -
24/5_16:10_csi            34635280014          ENVIADO      POSITIVA                  review enviada
29/5_17:30_4e             34610648642          ENVIADO      recordatorio FALLIDO (send_not_confirmed) -
30/5_19:00_4e             34625490565          ENVIADO      POSITIVA                  review enviada
23/5_16:00_4e             34635122835          ENVIADO      POSITIVA (reacción emoji en texto) review enviada
29/5_17:30_4e             34610648642          ENVIADO      recordatorio FALLIDO (send_not_confirmed) -
29/5_17:30_4e             34610648642          ENVIADO      recordatorio FALLIDO (send_not_confirmed) -
29/5_17:30_4e             34610648642          ENVIADO      recordatorio FALLIDO (send_not_confirmed) -
29/5_17:30_4e             34610648642          ENVIADO      recordatorio FALLIDO (send_not_confirmed) -
29/5_17:30_4e             34610648642          ENVIADO      recordatorio enviado (48h) -
24/5_19:00_4e             34649515037          ENVIADO      POSITIVA                  review enviada

[2026-06-03 15:59:05] POSITIVO | Fotos nuevas: 0 | Envios OK: 0 | Envios FAIL: 0 | Reviews negativas: 0 | Fotos borradas: 0

=== SESIÓN 13:53-16:23 (03/06/2026) ===
RESERVA                   TELÉFONO             ESTADO       RESPUESTA                 REVIEW
-----------------------------------------------------------------------------------------------
30/5_19:00_4e             34625490565          ENVIADO      sin respuesta             -
30/5_20:30_4e             34665943110          ENVIADO      sin respuesta             -
23/5_17:30_maf            34603458949          ENVIADO      recordatorio enviado (reacción en foto) -
23/5_19:00_maf            34649814146          ENVIADO      POSITIVA                  review enviada
24/5_19:00_4e             34649515037          ENVIADO      recordatorio enviado (48h) -
24/5_16:10_csi            34635280014          ENVIADO      recordatorio enviado (48h) -
29/5_17:30_4e             34610648642          ENVIADO      recordatorio FALLIDO (send_not_confirmed) -
29/5_17:40_csi            34651560074          ENVIADO      POSITIVA                  review enviada
30/5_11:30_4e             34647357305          ENVIADO      recordatorio enviado (48h) -
30/5_14:40_csi            31657059941          ENVIADO      POSITIVA                  review enviada
30/5_20:30_4e             34665943110          ENVIADO      POSITIVA                  review enviada
23/5_16:00_4e             34635122835          ENVIADO      recordatorio FALLIDO (send_not_confirmed) -
24/5_16:10_csi            34635280014          ENVIADO      POSITIVA                  review enviada
29/5_17:30_4e             34610648642          ENVIADO      recordatorio FALLIDO (send_not_confirmed) -
30/5_19:00_4e             34625490565          ENVIADO      POSITIVA                  review enviada
23/5_16:00_4e             34635122835          ENVIADO      POSITIVA (reacción emoji en texto) review enviada
29/5_17:30_4e             34610648642          ENVIADO      recordatorio FALLIDO (send_not_confirmed) -
29/5_17:30_4e             34610648642          ENVIADO      recordatorio FALLIDO (send_not_confirmed) -
29/5_17:30_4e             34610648642          ENVIADO      recordatorio FALLIDO (send_not_confirmed) -
29/5_17:30_4e             34610648642          ENVIADO      recordatorio FALLIDO (send_not_confirmed) -
29/5_17:30_4e             34610648642          ENVIADO      recordatorio enviado (48h) -
24/5_19:00_4e             34649515037          ENVIADO      POSITIVA                  review enviada

[2026-06-03 16:17:51] POSITIVO | Fotos nuevas: 0 | Envios OK: 0 | Envios FAIL: 0 | Reviews negativas: 0 | Fotos borradas: 0

=== SESIÓN 13:53-16:23 (03/06/2026) ===
RESERVA                   TELÉFONO             ESTADO       RESPUESTA                 REVIEW
-----------------------------------------------------------------------------------------------
30/5_19:00_4e             34625490565          ENVIADO      sin respuesta             -
30/5_20:30_4e             34665943110          ENVIADO      sin respuesta             -
23/5_17:30_maf            34603458949          ENVIADO      recordatorio enviado (reacción en foto) -
23/5_19:00_maf            34649814146          ENVIADO      POSITIVA                  review enviada
24/5_19:00_4e             34649515037          ENVIADO      recordatorio enviado (48h) -
24/5_16:10_csi            34635280014          ENVIADO      recordatorio enviado (48h) -
29/5_17:30_4e             34610648642          ENVIADO      recordatorio FALLIDO (send_not_confirmed) -
29/5_17:40_csi            34651560074          ENVIADO      POSITIVA                  review enviada
30/5_11:30_4e             34647357305          ENVIADO      recordatorio enviado (48h) -
30/5_14:40_csi            31657059941          ENVIADO      POSITIVA                  review enviada
30/5_20:30_4e             34665943110          ENVIADO      POSITIVA                  review enviada
23/5_16:00_4e             34635122835          ENVIADO      recordatorio FALLIDO (send_not_confirmed) -
24/5_16:10_csi            34635280014          ENVIADO      POSITIVA                  review enviada
29/5_17:30_4e             34610648642          ENVIADO      recordatorio FALLIDO (send_not_confirmed) -
30/5_19:00_4e             34625490565          ENVIADO      POSITIVA                  review enviada
23/5_16:00_4e             34635122835          ENVIADO      POSITIVA (reacción emoji en texto) review enviada
29/5_17:30_4e             34610648642          ENVIADO      recordatorio FALLIDO (send_not_confirmed) -
29/5_17:30_4e             34610648642          ENVIADO      recordatorio FALLIDO (send_not_confirmed) -
29/5_17:30_4e             34610648642          ENVIADO      recordatorio FALLIDO (send_not_confirmed) -
29/5_17:30_4e             34610648642          ENVIADO      recordatorio FALLIDO (send_not_confirmed) -
29/5_17:30_4e             34610648642          ENVIADO      recordatorio enviado (48h) -
24/5_19:00_4e             34649515037          ENVIADO      POSITIVA                  review enviada

[2026-06-03 16:36:32] POSITIVO | Fotos nuevas: 0 | Envios OK: 0 | Envios FAIL: 0 | Reviews negativas: 0 | Fotos borradas: 0

=== SESIÓN 13:53-16:23 (03/06/2026) ===
RESERVA                   TELÉFONO             ESTADO       RESPUESTA                 REVIEW
-----------------------------------------------------------------------------------------------
30/5_19:00_4e             34625490565          ENVIADO      sin respuesta             -
30/5_20:30_4e             34665943110          ENVIADO      sin respuesta             -
23/5_17:30_maf            34603458949          ENVIADO      recordatorio enviado (reacción en foto) -
23/5_19:00_maf            34649814146          ENVIADO      POSITIVA                  review enviada
24/5_19:00_4e             34649515037          ENVIADO      recordatorio enviado (48h) -
24/5_16:10_csi            34635280014          ENVIADO      recordatorio enviado (48h) -
29/5_17:30_4e             34610648642          ENVIADO      recordatorio FALLIDO (send_not_confirmed) -
29/5_17:40_csi            34651560074          ENVIADO      POSITIVA                  review enviada
30/5_11:30_4e             34647357305          ENVIADO      recordatorio enviado (48h) -
30/5_14:40_csi            31657059941          ENVIADO      POSITIVA                  review enviada
30/5_20:30_4e             34665943110          ENVIADO      POSITIVA                  review enviada
23/5_16:00_4e             34635122835          ENVIADO      recordatorio FALLIDO (send_not_confirmed) -
24/5_16:10_csi            34635280014          ENVIADO      POSITIVA                  review enviada
29/5_17:30_4e             34610648642          ENVIADO      recordatorio FALLIDO (send_not_confirmed) -
30/5_19:00_4e             34625490565          ENVIADO      POSITIVA                  review enviada
23/5_16:00_4e             34635122835          ENVIADO      POSITIVA (reacción emoji en texto) review enviada
29/5_17:30_4e             34610648642          ENVIADO      recordatorio FALLIDO (send_not_confirmed) -
29/5_17:30_4e             34610648642          ENVIADO      recordatorio FALLIDO (send_not_confirmed) -
29/5_17:30_4e             34610648642          ENVIADO      recordatorio FALLIDO (send_not_confirmed) -
29/5_17:30_4e             34610648642          ENVIADO      recordatorio FALLIDO (send_not_confirmed) -
29/5_17:30_4e             34610648642          ENVIADO      recordatorio enviado (48h) -
24/5_19:00_4e             34649515037          ENVIADO      POSITIVA                  review enviada

[2026-06-03 16:55:24] POSITIVO | Fotos nuevas: 0 | Envios OK: 0 | Envios FAIL: 0 | Reviews negativas: 0 | Fotos borradas: 0

=== SESIÓN 13:53-16:23 (03/06/2026) ===
RESERVA                   TELÉFONO             ESTADO       RESPUESTA                 REVIEW
-----------------------------------------------------------------------------------------------
30/5_19:00_4e             34625490565          ENVIADO      sin respuesta             -
30/5_20:30_4e             34665943110          ENVIADO      sin respuesta             -
23/5_17:30_maf            34603458949          ENVIADO      recordatorio enviado (reacción en foto) -
23/5_19:00_maf            34649814146          ENVIADO      POSITIVA                  review enviada
24/5_19:00_4e             34649515037          ENVIADO      recordatorio enviado (48h) -
24/5_16:10_csi            34635280014          ENVIADO      recordatorio enviado (48h) -
29/5_17:30_4e             34610648642          ENVIADO      recordatorio FALLIDO (send_not_confirmed) -
29/5_17:40_csi            34651560074          ENVIADO      POSITIVA                  review enviada
30/5_11:30_4e             34647357305          ENVIADO      recordatorio enviado (48h) -
30/5_14:40_csi            31657059941          ENVIADO      POSITIVA                  review enviada
30/5_20:30_4e             34665943110          ENVIADO      POSITIVA                  review enviada
23/5_16:00_4e             34635122835          ENVIADO      recordatorio FALLIDO (send_not_confirmed) -
24/5_16:10_csi            34635280014          ENVIADO      POSITIVA                  review enviada
29/5_17:30_4e             34610648642          ENVIADO      recordatorio FALLIDO (send_not_confirmed) -
30/5_19:00_4e             34625490565          ENVIADO      POSITIVA                  review enviada
23/5_16:00_4e             34635122835          ENVIADO      POSITIVA (reacción emoji en texto) review enviada
29/5_17:30_4e             34610648642          ENVIADO      recordatorio FALLIDO (send_not_confirmed) -
29/5_17:30_4e             34610648642          ENVIADO      recordatorio FALLIDO (send_not_confirmed) -
29/5_17:30_4e             34610648642          ENVIADO      recordatorio FALLIDO (send_not_confirmed) -
29/5_17:30_4e             34610648642          ENVIADO      recordatorio FALLIDO (send_not_confirmed) -
29/5_17:30_4e             34610648642          ENVIADO      recordatorio enviado (48h) -
24/5_19:00_4e             34649515037          ENVIADO      POSITIVA                  review enviada

[2026-06-03 17:14:17] POSITIVO | Fotos nuevas: 0 | Envios OK: 0 | Envios FAIL: 0 | Reviews negativas: 0 | Fotos borradas: 0

=== SESIÓN 13:53-16:23 (03/06/2026) ===
RESERVA                   TELÉFONO             ESTADO       RESPUESTA                 REVIEW
-----------------------------------------------------------------------------------------------
30/5_19:00_4e             34625490565          ENVIADO      sin respuesta             -
30/5_20:30_4e             34665943110          ENVIADO      sin respuesta             -
23/5_17:30_maf            34603458949          ENVIADO      recordatorio enviado (reacción en foto) -
23/5_19:00_maf            34649814146          ENVIADO      POSITIVA                  review enviada
24/5_19:00_4e             34649515037          ENVIADO      recordatorio enviado (48h) -
24/5_16:10_csi            34635280014          ENVIADO      recordatorio enviado (48h) -
29/5_17:30_4e             34610648642          ENVIADO      recordatorio FALLIDO (send_not_confirmed) -
29/5_17:40_csi            34651560074          ENVIADO      POSITIVA                  review enviada
30/5_11:30_4e             34647357305          ENVIADO      recordatorio enviado (48h) -
30/5_14:40_csi            31657059941          ENVIADO      POSITIVA                  review enviada
30/5_20:30_4e             34665943110          ENVIADO      POSITIVA                  review enviada
23/5_16:00_4e             34635122835          ENVIADO      recordatorio FALLIDO (send_not_confirmed) -
24/5_16:10_csi            34635280014          ENVIADO      POSITIVA                  review enviada
29/5_17:30_4e             34610648642          ENVIADO      recordatorio FALLIDO (send_not_confirmed) -
30/5_19:00_4e             34625490565          ENVIADO      POSITIVA                  review enviada
23/5_16:00_4e             34635122835          ENVIADO      POSITIVA (reacción emoji en texto) review enviada
29/5_17:30_4e             34610648642          ENVIADO      recordatorio FALLIDO (send_not_confirmed) -
29/5_17:30_4e             34610648642          ENVIADO      recordatorio FALLIDO (send_not_confirmed) -
29/5_17:30_4e             34610648642          ENVIADO      recordatorio FALLIDO (send_not_confirmed) -
29/5_17:30_4e             34610648642          ENVIADO      recordatorio FALLIDO (send_not_confirmed) -
29/5_17:30_4e             34610648642          ENVIADO      recordatorio enviado (48h) -
24/5_19:00_4e             34649515037          ENVIADO      POSITIVA                  review enviada

[2026-06-03 17:30:35] POSITIVO | Fotos nuevas: 0 | Envios OK: 0 | Envios FAIL: 0 | Reviews negativas: 0 | Fotos borradas: 0

=== SESIÓN 13:53-16:23 (03/06/2026) ===
RESERVA                   TELÉFONO             ESTADO       RESPUESTA                 REVIEW
-----------------------------------------------------------------------------------------------
30/5_19:00_4e             34625490565          ENVIADO      sin respuesta             -
30/5_20:30_4e             34665943110          ENVIADO      sin respuesta             -
23/5_17:30_maf            34603458949          ENVIADO      recordatorio enviado (reacción en foto) -
23/5_19:00_maf            34649814146          ENVIADO      POSITIVA                  review enviada
24/5_19:00_4e             34649515037          ENVIADO      recordatorio enviado (48h) -
24/5_16:10_csi            34635280014          ENVIADO      recordatorio enviado (48h) -
29/5_17:30_4e             34610648642          ENVIADO      recordatorio FALLIDO (send_not_confirmed) -
29/5_17:40_csi            34651560074          ENVIADO      POSITIVA                  review enviada
30/5_11:30_4e             34647357305          ENVIADO      recordatorio enviado (48h) -
30/5_14:40_csi            31657059941          ENVIADO      POSITIVA                  review enviada
30/5_20:30_4e             34665943110          ENVIADO      POSITIVA                  review enviada
23/5_16:00_4e             34635122835          ENVIADO      recordatorio FALLIDO (send_not_confirmed) -
24/5_16:10_csi            34635280014          ENVIADO      POSITIVA                  review enviada
29/5_17:30_4e             34610648642          ENVIADO      recordatorio FALLIDO (send_not_confirmed) -
30/5_19:00_4e             34625490565          ENVIADO      POSITIVA                  review enviada
23/5_16:00_4e             34635122835          ENVIADO      POSITIVA (reacción emoji en texto) review enviada
29/5_17:30_4e             34610648642          ENVIADO      recordatorio FALLIDO (send_not_confirmed) -
29/5_17:30_4e             34610648642          ENVIADO      recordatorio FALLIDO (send_not_confirmed) -
29/5_17:30_4e             34610648642          ENVIADO      recordatorio FALLIDO (send_not_confirmed) -
29/5_17:30_4e             34610648642          ENVIADO      recordatorio FALLIDO (send_not_confirmed) -
29/5_17:30_4e             34610648642          ENVIADO      recordatorio enviado (48h) -
24/5_19:00_4e             34649515037          ENVIADO      POSITIVA                  review enviada

[2026-06-03 17:46:52] POSITIVO | Fotos nuevas: 0 | Envios OK: 0 | Envios FAIL: 0 | Reviews negativas: 0 | Fotos borradas: 0

=== SESIÓN 13:53-16:23 (03/06/2026) ===
RESERVA                   TELÉFONO             ESTADO       RESPUESTA                 REVIEW
-----------------------------------------------------------------------------------------------
30/5_19:00_4e             34625490565          ENVIADO      sin respuesta             -
30/5_20:30_4e             34665943110          ENVIADO      sin respuesta             -
23/5_17:30_maf            34603458949          ENVIADO      recordatorio enviado (reacción en foto) -
23/5_19:00_maf            34649814146          ENVIADO      POSITIVA                  review enviada
24/5_19:00_4e             34649515037          ENVIADO      recordatorio enviado (48h) -
24/5_16:10_csi            34635280014          ENVIADO      recordatorio enviado (48h) -
29/5_17:30_4e             34610648642          ENVIADO      recordatorio FALLIDO (send_not_confirmed) -
29/5_17:40_csi            34651560074          ENVIADO      POSITIVA                  review enviada
30/5_11:30_4e             34647357305          ENVIADO      recordatorio enviado (48h) -
30/5_14:40_csi            31657059941          ENVIADO      POSITIVA                  review enviada
30/5_20:30_4e             34665943110          ENVIADO      POSITIVA                  review enviada
23/5_16:00_4e             34635122835          ENVIADO      recordatorio FALLIDO (send_not_confirmed) -
24/5_16:10_csi            34635280014          ENVIADO      POSITIVA                  review enviada
29/5_17:30_4e             34610648642          ENVIADO      recordatorio FALLIDO (send_not_confirmed) -
30/5_19:00_4e             34625490565          ENVIADO      POSITIVA                  review enviada
23/5_16:00_4e             34635122835          ENVIADO      POSITIVA (reacción emoji en texto) review enviada
29/5_17:30_4e             34610648642          ENVIADO      recordatorio FALLIDO (send_not_confirmed) -
29/5_17:30_4e             34610648642          ENVIADO      recordatorio FALLIDO (send_not_confirmed) -
29/5_17:30_4e             34610648642          ENVIADO      recordatorio FALLIDO (send_not_confirmed) -
29/5_17:30_4e             34610648642          ENVIADO      recordatorio FALLIDO (send_not_confirmed) -
29/5_17:30_4e             34610648642          ENVIADO      recordatorio enviado (48h) -
24/5_19:00_4e             34649515037          ENVIADO      POSITIVA                  review enviada

[2026-06-03 18:03:09] POSITIVO | Fotos nuevas: 0 | Envios OK: 0 | Envios FAIL: 0 | Reviews negativas: 0 | Fotos borradas: 0

=== SESIÓN 13:53-16:23 (03/06/2026) ===
RESERVA                   TELÉFONO             ESTADO       RESPUESTA                 REVIEW
-----------------------------------------------------------------------------------------------
30/5_19:00_4e             34625490565          ENVIADO      sin respuesta             -
30/5_20:30_4e             34665943110          ENVIADO      sin respuesta             -
23/5_17:30_maf            34603458949          ENVIADO      recordatorio enviado (reacción en foto) -
23/5_19:00_maf            34649814146          ENVIADO      POSITIVA                  review enviada
24/5_19:00_4e             34649515037          ENVIADO      recordatorio enviado (48h) -
24/5_16:10_csi            34635280014          ENVIADO      recordatorio enviado (48h) -
29/5_17:30_4e             34610648642          ENVIADO      recordatorio FALLIDO (send_not_confirmed) -
29/5_17:40_csi            34651560074          ENVIADO      POSITIVA                  review enviada
30/5_11:30_4e             34647357305          ENVIADO      recordatorio enviado (48h) -
30/5_14:40_csi            31657059941          ENVIADO      POSITIVA                  review enviada
30/5_20:30_4e             34665943110          ENVIADO      POSITIVA                  review enviada
23/5_16:00_4e             34635122835          ENVIADO      recordatorio FALLIDO (send_not_confirmed) -
24/5_16:10_csi            34635280014          ENVIADO      POSITIVA                  review enviada
29/5_17:30_4e             34610648642          ENVIADO      recordatorio FALLIDO (send_not_confirmed) -
30/5_19:00_4e             34625490565          ENVIADO      POSITIVA                  review enviada
23/5_16:00_4e             34635122835          ENVIADO      POSITIVA (reacción emoji en texto) review enviada
29/5_17:30_4e             34610648642          ENVIADO      recordatorio FALLIDO (send_not_confirmed) -
29/5_17:30_4e             34610648642          ENVIADO      recordatorio FALLIDO (send_not_confirmed) -
29/5_17:30_4e             34610648642          ENVIADO      recordatorio FALLIDO (send_not_confirmed) -
29/5_17:30_4e             34610648642          ENVIADO      recordatorio FALLIDO (send_not_confirmed) -
29/5_17:30_4e             34610648642          ENVIADO      recordatorio enviado (48h) -
24/5_19:00_4e             34649515037          ENVIADO      POSITIVA                  review enviada

[2026-06-03 18:19:28] POSITIVO | Fotos nuevas: 0 | Envios OK: 0 | Envios FAIL: 0 | Reviews negativas: 0 | Fotos borradas: 0

=== SESIÓN 13:53-16:23 (03/06/2026) ===
RESERVA                   TELÉFONO             ESTADO       RESPUESTA                 REVIEW
-----------------------------------------------------------------------------------------------
30/5_19:00_4e             34625490565          ENVIADO      sin respuesta             -
30/5_20:30_4e             34665943110          ENVIADO      sin respuesta             -
23/5_17:30_maf            34603458949          ENVIADO      recordatorio enviado (reacción en foto) -
23/5_19:00_maf            34649814146          ENVIADO      POSITIVA                  review enviada
24/5_19:00_4e             34649515037          ENVIADO      recordatorio enviado (48h) -
24/5_16:10_csi            34635280014          ENVIADO      recordatorio enviado (48h) -
29/5_17:30_4e             34610648642          ENVIADO      recordatorio FALLIDO (send_not_confirmed) -
29/5_17:40_csi            34651560074          ENVIADO      POSITIVA                  review enviada
30/5_11:30_4e             34647357305          ENVIADO      recordatorio enviado (48h) -
30/5_14:40_csi            31657059941          ENVIADO      POSITIVA                  review enviada
30/5_20:30_4e             34665943110          ENVIADO      POSITIVA                  review enviada
23/5_16:00_4e             34635122835          ENVIADO      recordatorio FALLIDO (send_not_confirmed) -
24/5_16:10_csi            34635280014          ENVIADO      POSITIVA                  review enviada
29/5_17:30_4e             34610648642          ENVIADO      recordatorio FALLIDO (send_not_confirmed) -
30/5_19:00_4e             34625490565          ENVIADO      POSITIVA                  review enviada
23/5_16:00_4e             34635122835          ENVIADO      POSITIVA (reacción emoji en texto) review enviada
29/5_17:30_4e             34610648642          ENVIADO      recordatorio FALLIDO (send_not_confirmed) -
29/5_17:30_4e             34610648642          ENVIADO      recordatorio FALLIDO (send_not_confirmed) -
29/5_17:30_4e             34610648642          ENVIADO      recordatorio FALLIDO (send_not_confirmed) -
29/5_17:30_4e             34610648642          ENVIADO      recordatorio FALLIDO (send_not_confirmed) -
29/5_17:30_4e             34610648642          ENVIADO      recordatorio enviado (48h) -
24/5_19:00_4e             34649515037          ENVIADO      POSITIVA                  review enviada

[2026-06-03 18:35:44] POSITIVO | Fotos nuevas: 0 | Envios OK: 0 | Envios FAIL: 0 | Reviews negativas: 0 | Fotos borradas: 0

=== SESIÓN 13:53-16:23 (03/06/2026) ===
RESERVA                   TELÉFONO             ESTADO       RESPUESTA                 REVIEW
-----------------------------------------------------------------------------------------------
30/5_19:00_4e             34625490565          ENVIADO      sin respuesta             -
30/5_20:30_4e             34665943110          ENVIADO      sin respuesta             -
23/5_17:30_maf            34603458949          ENVIADO      recordatorio enviado (reacción en foto) -
23/5_19:00_maf            34649814146          ENVIADO      POSITIVA                  review enviada
24/5_19:00_4e             34649515037          ENVIADO      recordatorio enviado (48h) -
24/5_16:10_csi            34635280014          ENVIADO      recordatorio enviado (48h) -
29/5_17:30_4e             34610648642          ENVIADO      recordatorio FALLIDO (send_not_confirmed) -
29/5_17:40_csi            34651560074          ENVIADO      POSITIVA                  review enviada
30/5_11:30_4e             34647357305          ENVIADO      recordatorio enviado (48h) -
30/5_14:40_csi            31657059941          ENVIADO      POSITIVA                  review enviada
30/5_20:30_4e             34665943110          ENVIADO      POSITIVA                  review enviada
23/5_16:00_4e             34635122835          ENVIADO      recordatorio FALLIDO (send_not_confirmed) -
24/5_16:10_csi            34635280014          ENVIADO      POSITIVA                  review enviada
29/5_17:30_4e             34610648642          ENVIADO      recordatorio FALLIDO (send_not_confirmed) -
30/5_19:00_4e             34625490565          ENVIADO      POSITIVA                  review enviada
23/5_16:00_4e             34635122835          ENVIADO      POSITIVA (reacción emoji en texto) review enviada
29/5_17:30_4e             34610648642          ENVIADO      recordatorio FALLIDO (send_not_confirmed) -
29/5_17:30_4e             34610648642          ENVIADO      recordatorio FALLIDO (send_not_confirmed) -
29/5_17:30_4e             34610648642          ENVIADO      recordatorio FALLIDO (send_not_confirmed) -
29/5_17:30_4e             34610648642          ENVIADO      recordatorio FALLIDO (send_not_confirmed) -
29/5_17:30_4e             34610648642          ENVIADO      recordatorio enviado (48h) -
24/5_19:00_4e             34649515037          ENVIADO      POSITIVA                  review enviada

[2026-06-03 18:51:59] POSITIVO | Fotos nuevas: 0 | Envios OK: 0 | Envios FAIL: 0 | Reviews negativas: 0 | Fotos borradas: 0

=== SESIÓN 13:53-16:23 (03/06/2026) ===
RESERVA                   TELÉFONO             ESTADO       RESPUESTA                 REVIEW
-----------------------------------------------------------------------------------------------
30/5_19:00_4e             34625490565          ENVIADO      sin respuesta             -
30/5_20:30_4e             34665943110          ENVIADO      sin respuesta             -
23/5_17:30_maf            34603458949          ENVIADO      recordatorio enviado (reacción en foto) -
23/5_19:00_maf            34649814146          ENVIADO      POSITIVA                  review enviada
24/5_19:00_4e             34649515037          ENVIADO      recordatorio enviado (48h) -
24/5_16:10_csi            34635280014          ENVIADO      recordatorio enviado (48h) -
29/5_17:30_4e             34610648642          ENVIADO      recordatorio FALLIDO (send_not_confirmed) -
29/5_17:40_csi            34651560074          ENVIADO      POSITIVA                  review enviada
30/5_11:30_4e             34647357305          ENVIADO      recordatorio enviado (48h) -
30/5_14:40_csi            31657059941          ENVIADO      POSITIVA                  review enviada
30/5_20:30_4e             34665943110          ENVIADO      POSITIVA                  review enviada
23/5_16:00_4e             34635122835          ENVIADO      recordatorio FALLIDO (send_not_confirmed) -
24/5_16:10_csi            34635280014          ENVIADO      POSITIVA                  review enviada
29/5_17:30_4e             34610648642          ENVIADO      recordatorio FALLIDO (send_not_confirmed) -
30/5_19:00_4e             34625490565          ENVIADO      POSITIVA                  review enviada
23/5_16:00_4e             34635122835          ENVIADO      POSITIVA (reacción emoji en texto) review enviada
29/5_17:30_4e             34610648642          ENVIADO      recordatorio FALLIDO (send_not_confirmed) -
29/5_17:30_4e             34610648642          ENVIADO      recordatorio FALLIDO (send_not_confirmed) -
29/5_17:30_4e             34610648642          ENVIADO      recordatorio FALLIDO (send_not_confirmed) -
29/5_17:30_4e             34610648642          ENVIADO      recordatorio FALLIDO (send_not_confirmed) -
29/5_17:30_4e             34610648642          ENVIADO      recordatorio enviado (48h) -
24/5_19:00_4e             34649515037          ENVIADO      POSITIVA                  review enviada

[2026-06-03 19:08:18] POSITIVO | Fotos nuevas: 0 | Envios OK: 0 | Envios FAIL: 0 | Reviews negativas: 0 | Fotos borradas: 0

=== SESIÓN 13:53-16:23 (03/06/2026) ===
RESERVA                   TELÉFONO             ESTADO       RESPUESTA                 REVIEW
-----------------------------------------------------------------------------------------------
30/5_19:00_4e             34625490565          ENVIADO      sin respuesta             -
30/5_20:30_4e             34665943110          ENVIADO      sin respuesta             -
23/5_17:30_maf            34603458949          ENVIADO      recordatorio enviado (reacción en foto) -
23/5_19:00_maf            34649814146          ENVIADO      POSITIVA                  review enviada
24/5_19:00_4e             34649515037          ENVIADO      recordatorio enviado (48h) -
24/5_16:10_csi            34635280014          ENVIADO      recordatorio enviado (48h) -
29/5_17:30_4e             34610648642          ENVIADO      recordatorio FALLIDO (send_not_confirmed) -
29/5_17:40_csi            34651560074          ENVIADO      POSITIVA                  review enviada
30/5_11:30_4e             34647357305          ENVIADO      recordatorio enviado (48h) -
30/5_14:40_csi            31657059941          ENVIADO      POSITIVA                  review enviada
30/5_20:30_4e             34665943110          ENVIADO      POSITIVA                  review enviada
23/5_16:00_4e             34635122835          ENVIADO      recordatorio FALLIDO (send_not_confirmed) -
24/5_16:10_csi            34635280014          ENVIADO      POSITIVA                  review enviada
29/5_17:30_4e             34610648642          ENVIADO      recordatorio FALLIDO (send_not_confirmed) -
30/5_19:00_4e             34625490565          ENVIADO      POSITIVA                  review enviada
23/5_16:00_4e             34635122835          ENVIADO      POSITIVA (reacción emoji en texto) review enviada
29/5_17:30_4e             34610648642          ENVIADO      recordatorio FALLIDO (send_not_confirmed) -
29/5_17:30_4e             34610648642          ENVIADO      recordatorio FALLIDO (send_not_confirmed) -
29/5_17:30_4e             34610648642          ENVIADO      recordatorio FALLIDO (send_not_confirmed) -
29/5_17:30_4e             34610648642          ENVIADO      recordatorio FALLIDO (send_not_confirmed) -
29/5_17:30_4e             34610648642          ENVIADO      recordatorio enviado (48h) -
24/5_19:00_4e             34649515037          ENVIADO      POSITIVA                  review enviada

[2026-06-03 19:24:35] POSITIVO | Fotos nuevas: 0 | Envios OK: 0 | Envios FAIL: 0 | Reviews negativas: 0 | Fotos borradas: 0

=== SESIÓN 13:53-16:23 (03/06/2026) ===
RESERVA                   TELÉFONO             ESTADO       RESPUESTA                 REVIEW
-----------------------------------------------------------------------------------------------
30/5_19:00_4e             34625490565          ENVIADO      sin respuesta             -
30/5_20:30_4e             34665943110          ENVIADO      sin respuesta             -
23/5_17:30_maf            34603458949          ENVIADO      recordatorio enviado (reacción en foto) -
23/5_19:00_maf            34649814146          ENVIADO      POSITIVA                  review enviada
24/5_19:00_4e             34649515037          ENVIADO      recordatorio enviado (48h) -
24/5_16:10_csi            34635280014          ENVIADO      recordatorio enviado (48h) -
29/5_17:30_4e             34610648642          ENVIADO      recordatorio FALLIDO (send_not_confirmed) -
29/5_17:40_csi            34651560074          ENVIADO      POSITIVA                  review enviada
30/5_11:30_4e             34647357305          ENVIADO      recordatorio enviado (48h) -
30/5_14:40_csi            31657059941          ENVIADO      POSITIVA                  review enviada
30/5_20:30_4e             34665943110          ENVIADO      POSITIVA                  review enviada
23/5_16:00_4e             34635122835          ENVIADO      recordatorio FALLIDO (send_not_confirmed) -
24/5_16:10_csi            34635280014          ENVIADO      POSITIVA                  review enviada
29/5_17:30_4e             34610648642          ENVIADO      recordatorio FALLIDO (send_not_confirmed) -
30/5_19:00_4e             34625490565          ENVIADO      POSITIVA                  review enviada
23/5_16:00_4e             34635122835          ENVIADO      POSITIVA (reacción emoji en texto) review enviada
29/5_17:30_4e             34610648642          ENVIADO      recordatorio FALLIDO (send_not_confirmed) -
29/5_17:30_4e             34610648642          ENVIADO      recordatorio FALLIDO (send_not_confirmed) -
29/5_17:30_4e             34610648642          ENVIADO      recordatorio FALLIDO (send_not_confirmed) -
29/5_17:30_4e             34610648642          ENVIADO      recordatorio FALLIDO (send_not_confirmed) -
29/5_17:30_4e             34610648642          ENVIADO      recordatorio enviado (48h) -
24/5_19:00_4e             34649515037          ENVIADO      POSITIVA                  review enviada

[2026-06-03 19:40:54] POSITIVO | Fotos nuevas: 0 | Envios OK: 0 | Envios FAIL: 0 | Reviews negativas: 0 | Fotos borradas: 0

=== SESIÓN 13:53-16:23 (03/06/2026) ===
RESERVA                   TELÉFONO             ESTADO       RESPUESTA                 REVIEW
-----------------------------------------------------------------------------------------------
30/5_19:00_4e             34625490565          ENVIADO      sin respuesta             -
30/5_20:30_4e             34665943110          ENVIADO      sin respuesta             -
23/5_17:30_maf            34603458949          ENVIADO      recordatorio enviado (reacción en foto) -
23/5_19:00_maf            34649814146          ENVIADO      POSITIVA                  review enviada
24/5_19:00_4e             34649515037          ENVIADO      recordatorio enviado (48h) -
24/5_16:10_csi            34635280014          ENVIADO      recordatorio enviado (48h) -
29/5_17:30_4e             34610648642          ENVIADO      recordatorio FALLIDO (send_not_confirmed) -
29/5_17:40_csi            34651560074          ENVIADO      POSITIVA                  review enviada
30/5_11:30_4e             34647357305          ENVIADO      recordatorio enviado (48h) -
30/5_14:40_csi            31657059941          ENVIADO      POSITIVA                  review enviada
30/5_20:30_4e             34665943110          ENVIADO      POSITIVA                  review enviada
23/5_16:00_4e             34635122835          ENVIADO      recordatorio FALLIDO (send_not_confirmed) -
24/5_16:10_csi            34635280014          ENVIADO      POSITIVA                  review enviada
29/5_17:30_4e             34610648642          ENVIADO      recordatorio FALLIDO (send_not_confirmed) -
30/5_19:00_4e             34625490565          ENVIADO      POSITIVA                  review enviada
23/5_16:00_4e             34635122835          ENVIADO      POSITIVA (reacción emoji en texto) review enviada
29/5_17:30_4e             34610648642          ENVIADO      recordatorio FALLIDO (send_not_confirmed) -
29/5_17:30_4e             34610648642          ENVIADO      recordatorio FALLIDO (send_not_confirmed) -
29/5_17:30_4e             34610648642          ENVIADO      recordatorio FALLIDO (send_not_confirmed) -
29/5_17:30_4e             34610648642          ENVIADO      recordatorio FALLIDO (send_not_confirmed) -
29/5_17:30_4e             34610648642          ENVIADO      recordatorio enviado (48h) -
24/5_19:00_4e             34649515037          ENVIADO      POSITIVA                  review enviada

[2026-06-03 19:57:09] POSITIVO | Fotos nuevas: 0 | Envios OK: 0 | Envios FAIL: 0 | Reviews negativas: 0 | Fotos borradas: 0

=== SESIÓN 13:53-16:23 (03/06/2026) ===
RESERVA                   TELÉFONO             ESTADO       RESPUESTA                 REVIEW
-----------------------------------------------------------------------------------------------
30/5_19:00_4e             34625490565          ENVIADO      sin respuesta             -
30/5_20:30_4e             34665943110          ENVIADO      sin respuesta             -
23/5_17:30_maf            34603458949          ENVIADO      recordatorio enviado (reacción en foto) -
23/5_19:00_maf            34649814146          ENVIADO      POSITIVA                  review enviada
24/5_19:00_4e             34649515037          ENVIADO      recordatorio enviado (48h) -
24/5_16:10_csi            34635280014          ENVIADO      recordatorio enviado (48h) -
29/5_17:30_4e             34610648642          ENVIADO      recordatorio FALLIDO (send_not_confirmed) -
29/5_17:40_csi            34651560074          ENVIADO      POSITIVA                  review enviada
30/5_11:30_4e             34647357305          ENVIADO      recordatorio enviado (48h) -
30/5_14:40_csi            31657059941          ENVIADO      POSITIVA                  review enviada
30/5_20:30_4e             34665943110          ENVIADO      POSITIVA                  review enviada
23/5_16:00_4e             34635122835          ENVIADO      recordatorio FALLIDO (send_not_confirmed) -
24/5_16:10_csi            34635280014          ENVIADO      POSITIVA                  review enviada
29/5_17:30_4e             34610648642          ENVIADO      recordatorio FALLIDO (send_not_confirmed) -
30/5_19:00_4e             34625490565          ENVIADO      POSITIVA                  review enviada
23/5_16:00_4e             34635122835          ENVIADO      POSITIVA (reacción emoji en texto) review enviada
29/5_17:30_4e             34610648642          ENVIADO      recordatorio FALLIDO (send_not_confirmed) -
29/5_17:30_4e             34610648642          ENVIADO      recordatorio FALLIDO (send_not_confirmed) -
29/5_17:30_4e             34610648642          ENVIADO      recordatorio FALLIDO (send_not_confirmed) -
29/5_17:30_4e             34610648642          ENVIADO      recordatorio FALLIDO (send_not_confirmed) -
29/5_17:30_4e             34610648642          ENVIADO      recordatorio enviado (48h) -
24/5_19:00_4e             34649515037          ENVIADO      POSITIVA                  review enviada

[2026-06-03 20:13:22] POSITIVO | Fotos nuevas: 0 | Envios OK: 0 | Envios FAIL: 0 | Reviews negativas: 0 | Fotos borradas: 0

=== SESIÓN 13:53-16:23 (03/06/2026) ===
RESERVA                   TELÉFONO             ESTADO       RESPUESTA                 REVIEW
-----------------------------------------------------------------------------------------------
30/5_19:00_4e             34625490565          ENVIADO      sin respuesta             -
30/5_20:30_4e             34665943110          ENVIADO      sin respuesta             -
23/5_17:30_maf            34603458949          ENVIADO      recordatorio enviado (reacción en foto) -
23/5_19:00_maf            34649814146          ENVIADO      POSITIVA                  review enviada
24/5_19:00_4e             34649515037          ENVIADO      recordatorio enviado (48h) -
24/5_16:10_csi            34635280014          ENVIADO      recordatorio enviado (48h) -
29/5_17:30_4e             34610648642          ENVIADO      recordatorio FALLIDO (send_not_confirmed) -
29/5_17:40_csi            34651560074          ENVIADO      POSITIVA                  review enviada
30/5_11:30_4e             34647357305          ENVIADO      recordatorio enviado (48h) -
30/5_14:40_csi            31657059941          ENVIADO      POSITIVA                  review enviada
30/5_20:30_4e             34665943110          ENVIADO      POSITIVA                  review enviada
23/5_16:00_4e             34635122835          ENVIADO      recordatorio FALLIDO (send_not_confirmed) -
24/5_16:10_csi            34635280014          ENVIADO      POSITIVA                  review enviada
29/5_17:30_4e             34610648642          ENVIADO      recordatorio FALLIDO (send_not_confirmed) -
30/5_19:00_4e             34625490565          ENVIADO      POSITIVA                  review enviada
23/5_16:00_4e             34635122835          ENVIADO      POSITIVA (reacción emoji en texto) review enviada
29/5_17:30_4e             34610648642          ENVIADO      recordatorio FALLIDO (send_not_confirmed) -
29/5_17:30_4e             34610648642          ENVIADO      recordatorio FALLIDO (send_not_confirmed) -
29/5_17:30_4e             34610648642          ENVIADO      recordatorio FALLIDO (send_not_confirmed) -
29/5_17:30_4e             34610648642          ENVIADO      recordatorio FALLIDO (send_not_confirmed) -
29/5_17:30_4e             34610648642          ENVIADO      recordatorio enviado (48h) -
24/5_19:00_4e             34649515037          ENVIADO      POSITIVA                  review enviada

[2026-06-03 20:29:38] POSITIVO | Fotos nuevas: 0 | Envios OK: 0 | Envios FAIL: 0 | Reviews negativas: 0 | Fotos borradas: 0
