
=== SESIÓN 18:25-17:57 (02/06/2026) ===
RESERVA                   TELÉFONO             ESTADO       RESPUESTA                 REVIEW
-----------------------------------------------------------------------------------------------
31/5_16:10_csi            34%C2%A0722%C2%A080%C2%A042%C2%A083%E2%80%AC ENVIADO      sin respuesta             -
31/5_16:10_csi            34%C2%A0722%C2%A080%C2%A042%C2%A083%E2%80%AC ENVIADO      recordatorio FALLIDO reacción en foto (send_not_confirmed) -
31/5_16:10_csi            34%C2%A0722%C2%A080%C2%A042%C2%A083%E2%80%AC ENVIADO      recordatorio FALLIDO reacción en foto (send_not_confirmed) -
31/5_16:10_csi            34%C2%A0722%C2%A080%C2%A042%C2%A083%E2%80%AC ENVIADO      recordatorio FALLIDO reacción en foto (send_not_confirmed) -
31/5_16:10_csi            34%C2%A0722%C2%A080%C2%A042%C2%A083%E2%80%AC ENVIADO      recordatorio FALLIDO reacción en foto (send_not_confirmed) -
31/5_16:10_csi            34%C2%A0722%C2%A080%C2%A042%C2%A083%E2%80%AC ENVIADO      recordatorio FALLIDO reacción en foto (send_not_confirmed) -
31/5_16:10_csi            34%C2%A0722%C2%A080%C2%A042%C2%A083%E2%80%AC ENVIADO      POSITIVA (reacción emoji en texto) review enviada
30/5_11:30_4e             34647357305          ENVIADO      recordatorio enviado (48h) -
23/5_17:30_maf            34603458949          ENVIADO      NEUTRAL (sin respuesta 96h) -

[2026-06-02 10:02:44] POSITIVO | Fotos nuevas: 0 | Envios OK: 0 | Envios FAIL: 0 | Reviews negativas: 0 | Fotos borradas: 0

=== SESIÓN 18:25-17:57 (02/06/2026) ===
RESERVA                   TELÉFONO             ESTADO       RESPUESTA                 REVIEW
-----------------------------------------------------------------------------------------------
31/5_16:10_csi            34%C2%A0722%C2%A080%C2%A042%C2%A083%E2%80%AC ENVIADO      sin respuesta             -
31/5_16:10_csi            34%C2%A0722%C2%A080%C2%A042%C2%A083%E2%80%AC ENVIADO      recordatorio FALLIDO reacción en foto (send_not_confirmed) -
31/5_16:10_csi            34%C2%A0722%C2%A080%C2%A042%C2%A083%E2%80%AC ENVIADO      recordatorio FALLIDO reacción en foto (send_not_confirmed) -
31/5_16:10_csi            34%C2%A0722%C2%A080%C2%A042%C2%A083%E2%80%AC ENVIADO      recordatorio FALLIDO reacción en foto (send_not_confirmed) -
31/5_16:10_csi            34%C2%A0722%C2%A080%C2%A042%C2%A083%E2%80%AC ENVIADO      recordatorio FALLIDO reacción en foto (send_not_confirmed) -
31/5_16:10_csi            34%C2%A0722%C2%A080%C2%A042%C2%A083%E2%80%AC ENVIADO      recordatorio FALLIDO reacción en foto (send_not_confirmed) -
31/5_16:10_csi            34%C2%A0722%C2%A080%C2%A042%C2%A083%E2%80%AC ENVIADO      POSITIVA (reacción emoji en texto) review enviada
30/5_11:30_4e             34647357305          ENVIADO      recordatorio enviado (48h) -
23/5_17:30_maf            34603458949          ENVIADO      NEUTRAL (sin respuesta 96h) -

[2026-06-02 10:19:39] POSITIVO | Fotos nuevas: 0 | Envios OK: 0 | Envios FAIL: 0 | Reviews negativas: 0 | Fotos borradas: 0

=== SESIÓN 18:25-17:57 (02/06/2026) ===
RESERVA                   TELÉFONO             ESTADO       RESPUESTA                 REVIEW
-----------------------------------------------------------------------------------------------
31/5_16:10_csi            34%C2%A0722%C2%A080%C2%A042%C2%A083%E2%80%AC ENVIADO      sin respuesta             -
31/5_16:10_csi            34%C2%A0722%C2%A080%C2%A042%C2%A083%E2%80%AC ENVIADO      recordatorio FALLIDO reacción en foto (send_not_confirmed) -
31/5_16:10_csi            34%C2%A0722%C2%A080%C2%A042%C2%A083%E2%80%AC ENVIADO      recordatorio FALLIDO reacción en foto (send_not_confirmed) -
31/5_16:10_csi            34%C2%A0722%C2%A080%C2%A042%C2%A083%E2%80%AC ENVIADO      recordatorio FALLIDO reacción en foto (send_not_confirmed) -
31/5_16:10_csi            34%C2%A0722%C2%A080%C2%A042%C2%A083%E2%80%AC ENVIADO      recordatorio FALLIDO reacción en foto (send_not_confirmed) -
31/5_16:10_csi            34%C2%A0722%C2%A080%C2%A042%C2%A083%E2%80%AC ENVIADO      recordatorio FALLIDO reacción en foto (send_not_confirmed) -
31/5_16:10_csi            34%C2%A0722%C2%A080%C2%A042%C2%A083%E2%80%AC ENVIADO      POSITIVA (reacción emoji en texto) review enviada
30/5_11:30_4e             34647357305          ENVIADO      recordatorio enviado (48h) -
23/5_17:30_maf            34603458949          ENVIADO      NEUTRAL (sin respuesta 96h) -

[2026-06-02 10:36:33] POSITIVO | Fotos nuevas: 0 | Envios OK: 0 | Envios FAIL: 0 | Reviews negativas: 0 | Fotos borradas: 0

=== SESIÓN 18:25-17:57 (02/06/2026) ===
RESERVA                   TELÉFONO             ESTADO       RESPUESTA                 REVIEW
-----------------------------------------------------------------------------------------------
31/5_16:10_csi            34%C2%A0722%C2%A080%C2%A042%C2%A083%E2%80%AC ENVIADO      sin respuesta             -
31/5_16:10_csi            34%C2%A0722%C2%A080%C2%A042%C2%A083%E2%80%AC ENVIADO      recordatorio FALLIDO reacción en foto (send_not_confirmed) -
31/5_16:10_csi            34%C2%A0722%C2%A080%C2%A042%C2%A083%E2%80%AC ENVIADO      recordatorio FALLIDO reacción en foto (send_not_confirmed) -
31/5_16:10_csi            34%C2%A0722%C2%A080%C2%A042%C2%A083%E2%80%AC ENVIADO      recordatorio FALLIDO reacción en foto (send_not_confirmed) -
31/5_16:10_csi            34%C2%A0722%C2%A080%C2%A042%C2%A083%E2%80%AC ENVIADO      recordatorio FALLIDO reacción en foto (send_not_confirmed) -
31/5_16:10_csi            34%C2%A0722%C2%A080%C2%A042%C2%A083%E2%80%AC ENVIADO      recordatorio FALLIDO reacción en foto (send_not_confirmed) -
31/5_16:10_csi            34%C2%A0722%C2%A080%C2%A042%C2%A083%E2%80%AC ENVIADO      POSITIVA (reacción emoji en texto) review enviada
30/5_11:30_4e             34647357305          ENVIADO      recordatorio enviado (48h) -
23/5_17:30_maf            34603458949          ENVIADO      NEUTRAL (sin respuesta 96h) -

[2026-06-02 10:53:29] POSITIVO | Fotos nuevas: 0 | Envios OK: 0 | Envios FAIL: 0 | Reviews negativas: 0 | Fotos borradas: 0

=== SESIÓN 18:25-17:57 (02/06/2026) ===
RESERVA                   TELÉFONO             ESTADO       RESPUESTA                 REVIEW
-----------------------------------------------------------------------------------------------
31/5_16:10_csi            34%C2%A0722%C2%A080%C2%A042%C2%A083%E2%80%AC ENVIADO      sin respuesta             -
31/5_16:10_csi            34%C2%A0722%C2%A080%C2%A042%C2%A083%E2%80%AC ENVIADO      recordatorio FALLIDO reacción en foto (send_not_confirmed) -
31/5_16:10_csi            34%C2%A0722%C2%A080%C2%A042%C2%A083%E2%80%AC ENVIADO      recordatorio FALLIDO reacción en foto (send_not_confirmed) -
31/5_16:10_csi            34%C2%A0722%C2%A080%C2%A042%C2%A083%E2%80%AC ENVIADO      recordatorio FALLIDO reacción en foto (send_not_confirmed) -
31/5_16:10_csi            34%C2%A0722%C2%A080%C2%A042%C2%A083%E2%80%AC ENVIADO      recordatorio FALLIDO reacción en foto (send_not_confirmed) -
31/5_16:10_csi            34%C2%A0722%C2%A080%C2%A042%C2%A083%E2%80%AC ENVIADO      recordatorio FALLIDO reacción en foto (send_not_confirmed) -
31/5_16:10_csi            34%C2%A0722%C2%A080%C2%A042%C2%A083%E2%80%AC ENVIADO      POSITIVA (reacción emoji en texto) review enviada
30/5_11:30_4e             34647357305          ENVIADO      recordatorio enviado (48h) -
23/5_17:30_maf            34603458949          ENVIADO      NEUTRAL (sin respuesta 96h) -

[2026-06-02 11:10:27] POSITIVO | Fotos nuevas: 0 | Envios OK: 0 | Envios FAIL: 0 | Reviews negativas: 0 | Fotos borradas: 0

=== SESIÓN 18:25-17:57 (02/06/2026) ===
RESERVA                   TELÉFONO             ESTADO       RESPUESTA                 REVIEW
-----------------------------------------------------------------------------------------------
31/5_16:10_csi            34%C2%A0722%C2%A080%C2%A042%C2%A083%E2%80%AC ENVIADO      sin respuesta             -
31/5_16:10_csi            34%C2%A0722%C2%A080%C2%A042%C2%A083%E2%80%AC ENVIADO      recordatorio FALLIDO reacción en foto (send_not_confirmed) -
31/5_16:10_csi            34%C2%A0722%C2%A080%C2%A042%C2%A083%E2%80%AC ENVIADO      recordatorio FALLIDO reacción en foto (send_not_confirmed) -
31/5_16:10_csi            34%C2%A0722%C2%A080%C2%A042%C2%A083%E2%80%AC ENVIADO      recordatorio FALLIDO reacción en foto (send_not_confirmed) -
31/5_16:10_csi            34%C2%A0722%C2%A080%C2%A042%C2%A083%E2%80%AC ENVIADO      recordatorio FALLIDO reacción en foto (send_not_confirmed) -
31/5_16:10_csi            34%C2%A0722%C2%A080%C2%A042%C2%A083%E2%80%AC ENVIADO      recordatorio FALLIDO reacción en foto (send_not_confirmed) -
31/5_16:10_csi            34%C2%A0722%C2%A080%C2%A042%C2%A083%E2%80%AC ENVIADO      POSITIVA (reacción emoji en texto) review enviada
30/5_11:30_4e             34647357305          ENVIADO      recordatorio enviado (48h) -
23/5_17:30_maf            34603458949          ENVIADO      NEUTRAL (sin respuesta 96h) -

[2026-06-02 11:27:30] POSITIVO | Fotos nuevas: 0 | Envios OK: 0 | Envios FAIL: 0 | Reviews negativas: 0 | Fotos borradas: 0

=== SESIÓN 18:25-17:57 (02/06/2026) ===
RESERVA                   TELÉFONO             ESTADO       RESPUESTA                 REVIEW
-----------------------------------------------------------------------------------------------
31/5_16:10_csi            34%C2%A0722%C2%A080%C2%A042%C2%A083%E2%80%AC ENVIADO      sin respuesta             -
31/5_16:10_csi            34%C2%A0722%C2%A080%C2%A042%C2%A083%E2%80%AC ENVIADO      recordatorio FALLIDO reacción en foto (send_not_confirmed) -
31/5_16:10_csi            34%C2%A0722%C2%A080%C2%A042%C2%A083%E2%80%AC ENVIADO      recordatorio FALLIDO reacción en foto (send_not_confirmed) -
31/5_16:10_csi            34%C2%A0722%C2%A080%C2%A042%C2%A083%E2%80%AC ENVIADO      recordatorio FALLIDO reacción en foto (send_not_confirmed) -
31/5_16:10_csi            34%C2%A0722%C2%A080%C2%A042%C2%A083%E2%80%AC ENVIADO      recordatorio FALLIDO reacción en foto (send_not_confirmed) -
31/5_16:10_csi            34%C2%A0722%C2%A080%C2%A042%C2%A083%E2%80%AC ENVIADO      recordatorio FALLIDO reacción en foto (send_not_confirmed) -
31/5_16:10_csi            34%C2%A0722%C2%A080%C2%A042%C2%A083%E2%80%AC ENVIADO      POSITIVA (reacción emoji en texto) review enviada
30/5_11:30_4e             34647357305          ENVIADO      recordatorio enviado (48h) -
23/5_17:30_maf            34603458949          ENVIADO      NEUTRAL (sin respuesta 96h) -

[2026-06-02 11:44:27] POSITIVO | Fotos nuevas: 0 | Envios OK: 0 | Envios FAIL: 0 | Reviews negativas: 0 | Fotos borradas: 0

=== SESIÓN 18:25-17:57 (02/06/2026) ===
RESERVA                   TELÉFONO             ESTADO       RESPUESTA                 REVIEW
-----------------------------------------------------------------------------------------------
31/5_16:10_csi            34%C2%A0722%C2%A080%C2%A042%C2%A083%E2%80%AC ENVIADO      sin respuesta             -
31/5_16:10_csi            34%C2%A0722%C2%A080%C2%A042%C2%A083%E2%80%AC ENVIADO      recordatorio FALLIDO reacción en foto (send_not_confirmed) -
31/5_16:10_csi            34%C2%A0722%C2%A080%C2%A042%C2%A083%E2%80%AC ENVIADO      recordatorio FALLIDO reacción en foto (send_not_confirmed) -
31/5_16:10_csi            34%C2%A0722%C2%A080%C2%A042%C2%A083%E2%80%AC ENVIADO      recordatorio FALLIDO reacción en foto (send_not_confirmed) -
31/5_16:10_csi            34%C2%A0722%C2%A080%C2%A042%C2%A083%E2%80%AC ENVIADO      recordatorio FALLIDO reacción en foto (send_not_confirmed) -
31/5_16:10_csi            34%C2%A0722%C2%A080%C2%A042%C2%A083%E2%80%AC ENVIADO      recordatorio FALLIDO reacción en foto (send_not_confirmed) -
31/5_16:10_csi            34%C2%A0722%C2%A080%C2%A042%C2%A083%E2%80%AC ENVIADO      POSITIVA (reacción emoji en texto) review enviada
30/5_11:30_4e             34647357305          ENVIADO      recordatorio enviado (48h) -
23/5_17:30_maf            34603458949          ENVIADO      NEUTRAL (sin respuesta 96h) -

[2026-06-02 12:01:35] POSITIVO | Fotos nuevas: 0 | Envios OK: 0 | Envios FAIL: 0 | Reviews negativas: 0 | Fotos borradas: 0

=== SESIÓN 18:25-17:57 (02/06/2026) ===
RESERVA                   TELÉFONO             ESTADO       RESPUESTA                 REVIEW
-----------------------------------------------------------------------------------------------
31/5_16:10_csi            34%C2%A0722%C2%A080%C2%A042%C2%A083%E2%80%AC ENVIADO      sin respuesta             -
31/5_16:10_csi            34%C2%A0722%C2%A080%C2%A042%C2%A083%E2%80%AC ENVIADO      recordatorio FALLIDO reacción en foto (send_not_confirmed) -
31/5_16:10_csi            34%C2%A0722%C2%A080%C2%A042%C2%A083%E2%80%AC ENVIADO      recordatorio FALLIDO reacción en foto (send_not_confirmed) -
31/5_16:10_csi            34%C2%A0722%C2%A080%C2%A042%C2%A083%E2%80%AC ENVIADO      recordatorio FALLIDO reacción en foto (send_not_confirmed) -
31/5_16:10_csi            34%C2%A0722%C2%A080%C2%A042%C2%A083%E2%80%AC ENVIADO      recordatorio FALLIDO reacción en foto (send_not_confirmed) -
31/5_16:10_csi            34%C2%A0722%C2%A080%C2%A042%C2%A083%E2%80%AC ENVIADO      recordatorio FALLIDO reacción en foto (send_not_confirmed) -
31/5_16:10_csi            34%C2%A0722%C2%A080%C2%A042%C2%A083%E2%80%AC ENVIADO      POSITIVA (reacción emoji en texto) review enviada
30/5_11:30_4e             34647357305          ENVIADO      recordatorio enviado (48h) -
23/5_17:30_maf            34603458949          ENVIADO      NEUTRAL (sin respuesta 96h) -

[2026-06-02 12:18:35] POSITIVO | Fotos nuevas: 0 | Envios OK: 0 | Envios FAIL: 0 | Reviews negativas: 0 | Fotos borradas: 0

=== SESIÓN 18:25-17:57 (02/06/2026) ===
RESERVA                   TELÉFONO             ESTADO       RESPUESTA                 REVIEW
-----------------------------------------------------------------------------------------------
31/5_16:10_csi            34%C2%A0722%C2%A080%C2%A042%C2%A083%E2%80%AC ENVIADO      sin respuesta             -
31/5_16:10_csi            34%C2%A0722%C2%A080%C2%A042%C2%A083%E2%80%AC ENVIADO      recordatorio FALLIDO reacción en foto (send_not_confirmed) -
31/5_16:10_csi            34%C2%A0722%C2%A080%C2%A042%C2%A083%E2%80%AC ENVIADO      recordatorio FALLIDO reacción en foto (send_not_confirmed) -
31/5_16:10_csi            34%C2%A0722%C2%A080%C2%A042%C2%A083%E2%80%AC ENVIADO      recordatorio FALLIDO reacción en foto (send_not_confirmed) -
31/5_16:10_csi            34%C2%A0722%C2%A080%C2%A042%C2%A083%E2%80%AC ENVIADO      recordatorio FALLIDO reacción en foto (send_not_confirmed) -
31/5_16:10_csi            34%C2%A0722%C2%A080%C2%A042%C2%A083%E2%80%AC ENVIADO      recordatorio FALLIDO reacción en foto (send_not_confirmed) -
31/5_16:10_csi            34%C2%A0722%C2%A080%C2%A042%C2%A083%E2%80%AC ENVIADO      POSITIVA (reacción emoji en texto) review enviada
30/5_11:30_4e             34647357305          ENVIADO      recordatorio enviado (48h) -
23/5_17:30_maf            34603458949          ENVIADO      NEUTRAL (sin respuesta 96h) -

[2026-06-02 12:35:32] POSITIVO | Fotos nuevas: 0 | Envios OK: 0 | Envios FAIL: 0 | Reviews negativas: 0 | Fotos borradas: 0

=== SESIÓN 18:25-17:57 (02/06/2026) ===
RESERVA                   TELÉFONO             ESTADO       RESPUESTA                 REVIEW
-----------------------------------------------------------------------------------------------
31/5_16:10_csi            34%C2%A0722%C2%A080%C2%A042%C2%A083%E2%80%AC ENVIADO      sin respuesta             -
31/5_16:10_csi            34%C2%A0722%C2%A080%C2%A042%C2%A083%E2%80%AC ENVIADO      recordatorio FALLIDO reacción en foto (send_not_confirmed) -
31/5_16:10_csi            34%C2%A0722%C2%A080%C2%A042%C2%A083%E2%80%AC ENVIADO      recordatorio FALLIDO reacción en foto (send_not_confirmed) -
31/5_16:10_csi            34%C2%A0722%C2%A080%C2%A042%C2%A083%E2%80%AC ENVIADO      recordatorio FALLIDO reacción en foto (send_not_confirmed) -
31/5_16:10_csi            34%C2%A0722%C2%A080%C2%A042%C2%A083%E2%80%AC ENVIADO      recordatorio FALLIDO reacción en foto (send_not_confirmed) -
31/5_16:10_csi            34%C2%A0722%C2%A080%C2%A042%C2%A083%E2%80%AC ENVIADO      recordatorio FALLIDO reacción en foto (send_not_confirmed) -
31/5_16:10_csi            34%C2%A0722%C2%A080%C2%A042%C2%A083%E2%80%AC ENVIADO      POSITIVA (reacción emoji en texto) review enviada
30/5_11:30_4e             34647357305          ENVIADO      recordatorio enviado (48h) -
23/5_17:30_maf            34603458949          ENVIADO      NEUTRAL (sin respuesta 96h) -

[2026-06-02 12:52:28] POSITIVO | Fotos nuevas: 0 | Envios OK: 0 | Envios FAIL: 0 | Reviews negativas: 0 | Fotos borradas: 0

=== SESIÓN 18:25-17:57 (02/06/2026) ===
RESERVA                   TELÉFONO             ESTADO       RESPUESTA                 REVIEW
-----------------------------------------------------------------------------------------------
31/5_16:10_csi            34%C2%A0722%C2%A080%C2%A042%C2%A083%E2%80%AC ENVIADO      sin respuesta             -
31/5_16:10_csi            34%C2%A0722%C2%A080%C2%A042%C2%A083%E2%80%AC ENVIADO      recordatorio FALLIDO reacción en foto (send_not_confirmed) -
31/5_16:10_csi            34%C2%A0722%C2%A080%C2%A042%C2%A083%E2%80%AC ENVIADO      recordatorio FALLIDO reacción en foto (send_not_confirmed) -
31/5_16:10_csi            34%C2%A0722%C2%A080%C2%A042%C2%A083%E2%80%AC ENVIADO      recordatorio FALLIDO reacción en foto (send_not_confirmed) -
31/5_16:10_csi            34%C2%A0722%C2%A080%C2%A042%C2%A083%E2%80%AC ENVIADO      recordatorio FALLIDO reacción en foto (send_not_confirmed) -
31/5_16:10_csi            34%C2%A0722%C2%A080%C2%A042%C2%A083%E2%80%AC ENVIADO      recordatorio FALLIDO reacción en foto (send_not_confirmed) -
31/5_16:10_csi            34%C2%A0722%C2%A080%C2%A042%C2%A083%E2%80%AC ENVIADO      POSITIVA (reacción emoji en texto) review enviada
30/5_11:30_4e             34647357305          ENVIADO      recordatorio enviado (48h) -
23/5_17:30_maf            34603458949          ENVIADO      NEUTRAL (sin respuesta 96h) -

[2026-06-02 13:09:21] POSITIVO | Fotos nuevas: 0 | Envios OK: 0 | Envios FAIL: 0 | Reviews negativas: 0 | Fotos borradas: 0

=== SESIÓN 18:25-17:57 (02/06/2026) ===
RESERVA                   TELÉFONO             ESTADO       RESPUESTA                 REVIEW
-----------------------------------------------------------------------------------------------
31/5_16:10_csi            34%C2%A0722%C2%A080%C2%A042%C2%A083%E2%80%AC ENVIADO      sin respuesta             -
31/5_16:10_csi            34%C2%A0722%C2%A080%C2%A042%C2%A083%E2%80%AC ENVIADO      recordatorio FALLIDO reacción en foto (send_not_confirmed) -
31/5_16:10_csi            34%C2%A0722%C2%A080%C2%A042%C2%A083%E2%80%AC ENVIADO      recordatorio FALLIDO reacción en foto (send_not_confirmed) -
31/5_16:10_csi            34%C2%A0722%C2%A080%C2%A042%C2%A083%E2%80%AC ENVIADO      recordatorio FALLIDO reacción en foto (send_not_confirmed) -
31/5_16:10_csi            34%C2%A0722%C2%A080%C2%A042%C2%A083%E2%80%AC ENVIADO      recordatorio FALLIDO reacción en foto (send_not_confirmed) -
31/5_16:10_csi            34%C2%A0722%C2%A080%C2%A042%C2%A083%E2%80%AC ENVIADO      recordatorio FALLIDO reacción en foto (send_not_confirmed) -
31/5_16:10_csi            34%C2%A0722%C2%A080%C2%A042%C2%A083%E2%80%AC ENVIADO      POSITIVA (reacción emoji en texto) review enviada
30/5_11:30_4e             34647357305          ENVIADO      recordatorio enviado (48h) -
23/5_17:30_maf            34603458949          ENVIADO      NEUTRAL (sin respuesta 96h) -

[2026-06-02 13:26:17] POSITIVO | Fotos nuevas: 0 | Envios OK: 0 | Envios FAIL: 0 | Reviews negativas: 0 | Fotos borradas: 0

=== SESIÓN 13:53-14:03 (02/06/2026) ===
RESERVA                   TELÉFONO             ESTADO       RESPUESTA                 REVIEW
-----------------------------------------------------------------------------------------------
30/5_19:00_4e             34625490565          ENVIADO      sin respuesta             -
30/5_20:30_4e             34665943110          ENVIADO      sin respuesta             -
23/5_17:30_maf            34603458949          ENVIADO      recordatorio enviado (reacción en foto) -
23/5_19:00_maf            34649814146          ENVIADO      POSITIVA                  review enviada
24/5_19:00_4e             34649515037          ENVIADO      recordatorio enviado (48h) -
24/5_16:10_csi            34635280014          ENVIADO      recordatorio enviado (48h) -
29/5_17:30_4e             34610648642          ENVIADO      recordatorio FALLIDO (send_not_confirmed) -
29/5_17:40_csi            34651560074          ENVIADO      POSITIVA                  review enviada
30/5_11:30_4e             34647357305          ENVIADO      recordatorio enviado (48h) -
30/5_14:40_csi            31657059941          ENVIADO      POSITIVA                  review enviada
30/5_20:30_4e             34665943110          ENVIADO      POSITIVA                  review enviada

[2026-06-02 14:05:03] POSITIVO | Fotos nuevas: 2 | Envios OK: 2 | Envios FAIL: 0 | Reviews negativas: 0 | Fotos borradas: 2

=== SESIÓN 13:53-14:27 (02/06/2026) ===
RESERVA                   TELÉFONO             ESTADO       RESPUESTA                 REVIEW
-----------------------------------------------------------------------------------------------
30/5_19:00_4e             34625490565          ENVIADO      sin respuesta             -
30/5_20:30_4e             34665943110          ENVIADO      sin respuesta             -
23/5_17:30_maf            34603458949          ENVIADO      recordatorio enviado (reacción en foto) -
23/5_19:00_maf            34649814146          ENVIADO      POSITIVA                  review enviada
24/5_19:00_4e             34649515037          ENVIADO      recordatorio enviado (48h) -
24/5_16:10_csi            34635280014          ENVIADO      recordatorio enviado (48h) -
29/5_17:30_4e             34610648642          ENVIADO      recordatorio FALLIDO (send_not_confirmed) -
29/5_17:40_csi            34651560074          ENVIADO      POSITIVA                  review enviada
30/5_11:30_4e             34647357305          ENVIADO      recordatorio enviado (48h) -
30/5_14:40_csi            31657059941          ENVIADO      POSITIVA                  review enviada
30/5_20:30_4e             34665943110          ENVIADO      POSITIVA                  review enviada
23/5_16:00_4e             34635122835          ENVIADO      recordatorio FALLIDO (send_not_confirmed) -
24/5_16:10_csi            34635280014          ENVIADO      POSITIVA                  review enviada
29/5_17:30_4e             34610648642          ENVIADO      recordatorio FALLIDO (send_not_confirmed) -
30/5_19:00_4e             34625490565          ENVIADO      POSITIVA                  review enviada

[2026-06-02 14:27:13] POSITIVO | Fotos nuevas: 0 | Envios OK: 2 | Envios FAIL: 0 | Reviews negativas: 0 | Fotos borradas: 0

=== SESIÓN 13:53-14:46 (02/06/2026) ===
RESERVA                   TELÉFONO             ESTADO       RESPUESTA                 REVIEW
-----------------------------------------------------------------------------------------------
30/5_19:00_4e             34625490565          ENVIADO      sin respuesta             -
30/5_20:30_4e             34665943110          ENVIADO      sin respuesta             -
23/5_17:30_maf            34603458949          ENVIADO      recordatorio enviado (reacción en foto) -
23/5_19:00_maf            34649814146          ENVIADO      POSITIVA                  review enviada
24/5_19:00_4e             34649515037          ENVIADO      recordatorio enviado (48h) -
24/5_16:10_csi            34635280014          ENVIADO      recordatorio enviado (48h) -
29/5_17:30_4e             34610648642          ENVIADO      recordatorio FALLIDO (send_not_confirmed) -
29/5_17:40_csi            34651560074          ENVIADO      POSITIVA                  review enviada
30/5_11:30_4e             34647357305          ENVIADO      recordatorio enviado (48h) -
30/5_14:40_csi            31657059941          ENVIADO      POSITIVA                  review enviada
30/5_20:30_4e             34665943110          ENVIADO      POSITIVA                  review enviada
23/5_16:00_4e             34635122835          ENVIADO      recordatorio FALLIDO (send_not_confirmed) -
24/5_16:10_csi            34635280014          ENVIADO      POSITIVA                  review enviada
29/5_17:30_4e             34610648642          ENVIADO      recordatorio FALLIDO (send_not_confirmed) -
30/5_19:00_4e             34625490565          ENVIADO      POSITIVA                  review enviada
23/5_16:00_4e             34635122835          ENVIADO      POSITIVA (reacción emoji en texto) review enviada
29/5_17:30_4e             34610648642          ENVIADO      recordatorio FALLIDO (send_not_confirmed) -

[2026-06-02 14:47:10] POSITIVO | Fotos nuevas: 0 | Envios OK: 2 | Envios FAIL: 0 | Reviews negativas: 0 | Fotos borradas: 0

=== SESIÓN 13:53-15:05 (02/06/2026) ===
RESERVA                   TELÉFONO             ESTADO       RESPUESTA                 REVIEW
-----------------------------------------------------------------------------------------------
30/5_19:00_4e             34625490565          ENVIADO      sin respuesta             -
30/5_20:30_4e             34665943110          ENVIADO      sin respuesta             -
23/5_17:30_maf            34603458949          ENVIADO      recordatorio enviado (reacción en foto) -
23/5_19:00_maf            34649814146          ENVIADO      POSITIVA                  review enviada
24/5_19:00_4e             34649515037          ENVIADO      recordatorio enviado (48h) -
24/5_16:10_csi            34635280014          ENVIADO      recordatorio enviado (48h) -
29/5_17:30_4e             34610648642          ENVIADO      recordatorio FALLIDO (send_not_confirmed) -
29/5_17:40_csi            34651560074          ENVIADO      POSITIVA                  review enviada
30/5_11:30_4e             34647357305          ENVIADO      recordatorio enviado (48h) -
30/5_14:40_csi            31657059941          ENVIADO      POSITIVA                  review enviada
30/5_20:30_4e             34665943110          ENVIADO      POSITIVA                  review enviada
23/5_16:00_4e             34635122835          ENVIADO      recordatorio FALLIDO (send_not_confirmed) -
24/5_16:10_csi            34635280014          ENVIADO      POSITIVA                  review enviada
29/5_17:30_4e             34610648642          ENVIADO      recordatorio FALLIDO (send_not_confirmed) -
30/5_19:00_4e             34625490565          ENVIADO      POSITIVA                  review enviada
23/5_16:00_4e             34635122835          ENVIADO      POSITIVA (reacción emoji en texto) review enviada
29/5_17:30_4e             34610648642          ENVIADO      recordatorio FALLIDO (send_not_confirmed) -
29/5_17:30_4e             34610648642          ENVIADO      recordatorio FALLIDO (send_not_confirmed) -

[2026-06-02 15:06:33] POSITIVO | Fotos nuevas: 0 | Envios OK: 2 | Envios FAIL: 0 | Reviews negativas: 0 | Fotos borradas: 0

=== SESIÓN 13:53-15:25 (02/06/2026) ===
RESERVA                   TELÉFONO             ESTADO       RESPUESTA                 REVIEW
-----------------------------------------------------------------------------------------------
30/5_19:00_4e             34625490565          ENVIADO      sin respuesta             -
30/5_20:30_4e             34665943110          ENVIADO      sin respuesta             -
23/5_17:30_maf            34603458949          ENVIADO      recordatorio enviado (reacción en foto) -
23/5_19:00_maf            34649814146          ENVIADO      POSITIVA                  review enviada
24/5_19:00_4e             34649515037          ENVIADO      recordatorio enviado (48h) -
24/5_16:10_csi            34635280014          ENVIADO      recordatorio enviado (48h) -
29/5_17:30_4e             34610648642          ENVIADO      recordatorio FALLIDO (send_not_confirmed) -
29/5_17:40_csi            34651560074          ENVIADO      POSITIVA                  review enviada
30/5_11:30_4e             34647357305          ENVIADO      recordatorio enviado (48h) -
30/5_14:40_csi            31657059941          ENVIADO      POSITIVA                  review enviada
30/5_20:30_4e             34665943110          ENVIADO      POSITIVA                  review enviada
23/5_16:00_4e             34635122835          ENVIADO      recordatorio FALLIDO (send_not_confirmed) -
24/5_16:10_csi            34635280014          ENVIADO      POSITIVA                  review enviada
29/5_17:30_4e             34610648642          ENVIADO      recordatorio FALLIDO (send_not_confirmed) -
30/5_19:00_4e             34625490565          ENVIADO      POSITIVA                  review enviada
23/5_16:00_4e             34635122835          ENVIADO      POSITIVA (reacción emoji en texto) review enviada
29/5_17:30_4e             34610648642          ENVIADO      recordatorio FALLIDO (send_not_confirmed) -
29/5_17:30_4e             34610648642          ENVIADO      recordatorio FALLIDO (send_not_confirmed) -
29/5_17:30_4e             34610648642          ENVIADO      recordatorio FALLIDO (send_not_confirmed) -

[2026-06-02 15:25:50] POSITIVO | Fotos nuevas: 0 | Envios OK: 2 | Envios FAIL: 0 | Reviews negativas: 0 | Fotos borradas: 0

=== SESIÓN 13:53-15:44 (02/06/2026) ===
RESERVA                   TELÉFONO             ESTADO       RESPUESTA                 REVIEW
-----------------------------------------------------------------------------------------------
30/5_19:00_4e             34625490565          ENVIADO      sin respuesta             -
30/5_20:30_4e             34665943110          ENVIADO      sin respuesta             -
23/5_17:30_maf            34603458949          ENVIADO      recordatorio enviado (reacción en foto) -
23/5_19:00_maf            34649814146          ENVIADO      POSITIVA                  review enviada
24/5_19:00_4e             34649515037          ENVIADO      recordatorio enviado (48h) -
24/5_16:10_csi            34635280014          ENVIADO      recordatorio enviado (48h) -
29/5_17:30_4e             34610648642          ENVIADO      recordatorio FALLIDO (send_not_confirmed) -
29/5_17:40_csi            34651560074          ENVIADO      POSITIVA                  review enviada
30/5_11:30_4e             34647357305          ENVIADO      recordatorio enviado (48h) -
30/5_14:40_csi            31657059941          ENVIADO      POSITIVA                  review enviada
30/5_20:30_4e             34665943110          ENVIADO      POSITIVA                  review enviada
23/5_16:00_4e             34635122835          ENVIADO      recordatorio FALLIDO (send_not_confirmed) -
24/5_16:10_csi            34635280014          ENVIADO      POSITIVA                  review enviada
29/5_17:30_4e             34610648642          ENVIADO      recordatorio FALLIDO (send_not_confirmed) -
30/5_19:00_4e             34625490565          ENVIADO      POSITIVA                  review enviada
23/5_16:00_4e             34635122835          ENVIADO      POSITIVA (reacción emoji en texto) review enviada
29/5_17:30_4e             34610648642          ENVIADO      recordatorio FALLIDO (send_not_confirmed) -
29/5_17:30_4e             34610648642          ENVIADO      recordatorio FALLIDO (send_not_confirmed) -
29/5_17:30_4e             34610648642          ENVIADO      recordatorio FALLIDO (send_not_confirmed) -
29/5_17:30_4e             34610648642          ENVIADO      recordatorio FALLIDO (send_not_confirmed) -

[2026-06-02 15:45:33] POSITIVO | Fotos nuevas: 0 | Envios OK: 2 | Envios FAIL: 0 | Reviews negativas: 0 | Fotos borradas: 0

=== SESIÓN 13:53-16:04 (02/06/2026) ===
RESERVA                   TELÉFONO             ESTADO       RESPUESTA                 REVIEW
-----------------------------------------------------------------------------------------------
30/5_19:00_4e             34625490565          ENVIADO      sin respuesta             -
30/5_20:30_4e             34665943110          ENVIADO      sin respuesta             -
23/5_17:30_maf            34603458949          ENVIADO      recordatorio enviado (reacción en foto) -
23/5_19:00_maf            34649814146          ENVIADO      POSITIVA                  review enviada
24/5_19:00_4e             34649515037          ENVIADO      recordatorio enviado (48h) -
24/5_16:10_csi            34635280014          ENVIADO      recordatorio enviado (48h) -
29/5_17:30_4e             34610648642          ENVIADO      recordatorio FALLIDO (send_not_confirmed) -
29/5_17:40_csi            34651560074          ENVIADO      POSITIVA                  review enviada
30/5_11:30_4e             34647357305          ENVIADO      recordatorio enviado (48h) -
30/5_14:40_csi            31657059941          ENVIADO      POSITIVA                  review enviada
30/5_20:30_4e             34665943110          ENVIADO      POSITIVA                  review enviada
23/5_16:00_4e             34635122835          ENVIADO      recordatorio FALLIDO (send_not_confirmed) -
24/5_16:10_csi            34635280014          ENVIADO      POSITIVA                  review enviada
29/5_17:30_4e             34610648642          ENVIADO      recordatorio FALLIDO (send_not_confirmed) -
30/5_19:00_4e             34625490565          ENVIADO      POSITIVA                  review enviada
23/5_16:00_4e             34635122835          ENVIADO      POSITIVA (reacción emoji en texto) review enviada
29/5_17:30_4e             34610648642          ENVIADO      recordatorio FALLIDO (send_not_confirmed) -
29/5_17:30_4e             34610648642          ENVIADO      recordatorio FALLIDO (send_not_confirmed) -
29/5_17:30_4e             34610648642          ENVIADO      recordatorio FALLIDO (send_not_confirmed) -
29/5_17:30_4e             34610648642          ENVIADO      recordatorio FALLIDO (send_not_confirmed) -
29/5_17:30_4e             34610648642          ENVIADO      recordatorio enviado (48h) -

[2026-06-02 16:04:53] POSITIVO | Fotos nuevas: 0 | Envios OK: 2 | Envios FAIL: 0 | Reviews negativas: 0 | Fotos borradas: 0

=== SESIÓN 13:53-16:23 (02/06/2026) ===
RESERVA                   TELÉFONO             ESTADO       RESPUESTA                 REVIEW
-----------------------------------------------------------------------------------------------
30/5_19:00_4e             34625490565          ENVIADO      sin respuesta             -
30/5_20:30_4e             34665943110          ENVIADO      sin respuesta             -
23/5_17:30_maf            34603458949          ENVIADO      recordatorio enviado (reacción en foto) -
23/5_19:00_maf            34649814146          ENVIADO      POSITIVA                  review enviada
24/5_19:00_4e             34649515037          ENVIADO      recordatorio enviado (48h) -
24/5_16:10_csi            34635280014          ENVIADO      recordatorio enviado (48h) -
29/5_17:30_4e             34610648642          ENVIADO      recordatorio FALLIDO (send_not_confirmed) -
29/5_17:40_csi            34651560074          ENVIADO      POSITIVA                  review enviada
30/5_11:30_4e             34647357305          ENVIADO      recordatorio enviado (48h) -
30/5_14:40_csi            31657059941          ENVIADO      POSITIVA                  review enviada
30/5_20:30_4e             34665943110          ENVIADO      POSITIVA                  review enviada
23/5_16:00_4e             34635122835          ENVIADO      recordatorio FALLIDO (send_not_confirmed) -
24/5_16:10_csi            34635280014          ENVIADO      POSITIVA                  review enviada
29/5_17:30_4e             34610648642          ENVIADO      recordatorio FALLIDO (send_not_confirmed) -
30/5_19:00_4e             34625490565          ENVIADO      POSITIVA                  review enviada
23/5_16:00_4e             34635122835          ENVIADO      POSITIVA (reacción emoji en texto) review enviada
29/5_17:30_4e             34610648642          ENVIADO      recordatorio FALLIDO (send_not_confirmed) -
29/5_17:30_4e             34610648642          ENVIADO      recordatorio FALLIDO (send_not_confirmed) -
29/5_17:30_4e             34610648642          ENVIADO      recordatorio FALLIDO (send_not_confirmed) -
29/5_17:30_4e             34610648642          ENVIADO      recordatorio FALLIDO (send_not_confirmed) -
29/5_17:30_4e             34610648642          ENVIADO      recordatorio enviado (48h) -
24/5_19:00_4e             34649515037          ENVIADO      POSITIVA                  review enviada

[2026-06-02 16:24:34] POSITIVO | Fotos nuevas: 0 | Envios OK: 2 | Envios FAIL: 0 | Reviews negativas: 0 | Fotos borradas: 0

=== SESIÓN 13:53-16:23 (02/06/2026) ===
RESERVA                   TELÉFONO             ESTADO       RESPUESTA                 REVIEW
-----------------------------------------------------------------------------------------------
30/5_19:00_4e             34625490565          ENVIADO      sin respuesta             -
30/5_20:30_4e             34665943110          ENVIADO      sin respuesta             -
23/5_17:30_maf            34603458949          ENVIADO      recordatorio enviado (reacción en foto) -
23/5_19:00_maf            34649814146          ENVIADO      POSITIVA                  review enviada
24/5_19:00_4e             34649515037          ENVIADO      recordatorio enviado (48h) -
24/5_16:10_csi            34635280014          ENVIADO      recordatorio enviado (48h) -
29/5_17:30_4e             34610648642          ENVIADO      recordatorio FALLIDO (send_not_confirmed) -
29/5_17:40_csi            34651560074          ENVIADO      POSITIVA                  review enviada
30/5_11:30_4e             34647357305          ENVIADO      recordatorio enviado (48h) -
30/5_14:40_csi            31657059941          ENVIADO      POSITIVA                  review enviada
30/5_20:30_4e             34665943110          ENVIADO      POSITIVA                  review enviada
23/5_16:00_4e             34635122835          ENVIADO      recordatorio FALLIDO (send_not_confirmed) -
24/5_16:10_csi            34635280014          ENVIADO      POSITIVA                  review enviada
29/5_17:30_4e             34610648642          ENVIADO      recordatorio FALLIDO (send_not_confirmed) -
30/5_19:00_4e             34625490565          ENVIADO      POSITIVA                  review enviada
23/5_16:00_4e             34635122835          ENVIADO      POSITIVA (reacción emoji en texto) review enviada
29/5_17:30_4e             34610648642          ENVIADO      recordatorio FALLIDO (send_not_confirmed) -
29/5_17:30_4e             34610648642          ENVIADO      recordatorio FALLIDO (send_not_confirmed) -
29/5_17:30_4e             34610648642          ENVIADO      recordatorio FALLIDO (send_not_confirmed) -
29/5_17:30_4e             34610648642          ENVIADO      recordatorio FALLIDO (send_not_confirmed) -
29/5_17:30_4e             34610648642          ENVIADO      recordatorio enviado (48h) -
24/5_19:00_4e             34649515037          ENVIADO      POSITIVA                  review enviada

[2026-06-02 16:43:04] POSITIVO | Fotos nuevas: 0 | Envios OK: 2 | Envios FAIL: 0 | Reviews negativas: 0 | Fotos borradas: 0

=== SESIÓN 13:53-16:23 (02/06/2026) ===
RESERVA                   TELÉFONO             ESTADO       RESPUESTA                 REVIEW
-----------------------------------------------------------------------------------------------
30/5_19:00_4e             34625490565          ENVIADO      sin respuesta             -
30/5_20:30_4e             34665943110          ENVIADO      sin respuesta             -
23/5_17:30_maf            34603458949          ENVIADO      recordatorio enviado (reacción en foto) -
23/5_19:00_maf            34649814146          ENVIADO      POSITIVA                  review enviada
24/5_19:00_4e             34649515037          ENVIADO      recordatorio enviado (48h) -
24/5_16:10_csi            34635280014          ENVIADO      recordatorio enviado (48h) -
29/5_17:30_4e             34610648642          ENVIADO      recordatorio FALLIDO (send_not_confirmed) -
29/5_17:40_csi            34651560074          ENVIADO      POSITIVA                  review enviada
30/5_11:30_4e             34647357305          ENVIADO      recordatorio enviado (48h) -
30/5_14:40_csi            31657059941          ENVIADO      POSITIVA                  review enviada
30/5_20:30_4e             34665943110          ENVIADO      POSITIVA                  review enviada
23/5_16:00_4e             34635122835          ENVIADO      recordatorio FALLIDO (send_not_confirmed) -
24/5_16:10_csi            34635280014          ENVIADO      POSITIVA                  review enviada
29/5_17:30_4e             34610648642          ENVIADO      recordatorio FALLIDO (send_not_confirmed) -
30/5_19:00_4e             34625490565          ENVIADO      POSITIVA                  review enviada
23/5_16:00_4e             34635122835          ENVIADO      POSITIVA (reacción emoji en texto) review enviada
29/5_17:30_4e             34610648642          ENVIADO      recordatorio FALLIDO (send_not_confirmed) -
29/5_17:30_4e             34610648642          ENVIADO      recordatorio FALLIDO (send_not_confirmed) -
29/5_17:30_4e             34610648642          ENVIADO      recordatorio FALLIDO (send_not_confirmed) -
29/5_17:30_4e             34610648642          ENVIADO      recordatorio FALLIDO (send_not_confirmed) -
29/5_17:30_4e             34610648642          ENVIADO      recordatorio enviado (48h) -
24/5_19:00_4e             34649515037          ENVIADO      POSITIVA                  review enviada

[2026-06-02 17:01:54] POSITIVO | Fotos nuevas: 0 | Envios OK: 2 | Envios FAIL: 0 | Reviews negativas: 0 | Fotos borradas: 0

=== SESIÓN 13:53-16:23 (02/06/2026) ===
RESERVA                   TELÉFONO             ESTADO       RESPUESTA                 REVIEW
-----------------------------------------------------------------------------------------------
30/5_19:00_4e             34625490565          ENVIADO      sin respuesta             -
30/5_20:30_4e             34665943110          ENVIADO      sin respuesta             -
23/5_17:30_maf            34603458949          ENVIADO      recordatorio enviado (reacción en foto) -
23/5_19:00_maf            34649814146          ENVIADO      POSITIVA                  review enviada
24/5_19:00_4e             34649515037          ENVIADO      recordatorio enviado (48h) -
24/5_16:10_csi            34635280014          ENVIADO      recordatorio enviado (48h) -
29/5_17:30_4e             34610648642          ENVIADO      recordatorio FALLIDO (send_not_confirmed) -
29/5_17:40_csi            34651560074          ENVIADO      POSITIVA                  review enviada
30/5_11:30_4e             34647357305          ENVIADO      recordatorio enviado (48h) -
30/5_14:40_csi            31657059941          ENVIADO      POSITIVA                  review enviada
30/5_20:30_4e             34665943110          ENVIADO      POSITIVA                  review enviada
23/5_16:00_4e             34635122835          ENVIADO      recordatorio FALLIDO (send_not_confirmed) -
24/5_16:10_csi            34635280014          ENVIADO      POSITIVA                  review enviada
29/5_17:30_4e             34610648642          ENVIADO      recordatorio FALLIDO (send_not_confirmed) -
30/5_19:00_4e             34625490565          ENVIADO      POSITIVA                  review enviada
23/5_16:00_4e             34635122835          ENVIADO      POSITIVA (reacción emoji en texto) review enviada
29/5_17:30_4e             34610648642          ENVIADO      recordatorio FALLIDO (send_not_confirmed) -
29/5_17:30_4e             34610648642          ENVIADO      recordatorio FALLIDO (send_not_confirmed) -
29/5_17:30_4e             34610648642          ENVIADO      recordatorio FALLIDO (send_not_confirmed) -
29/5_17:30_4e             34610648642          ENVIADO      recordatorio FALLIDO (send_not_confirmed) -
29/5_17:30_4e             34610648642          ENVIADO      recordatorio enviado (48h) -
24/5_19:00_4e             34649515037          ENVIADO      POSITIVA                  review enviada

[2026-06-02 17:20:30] POSITIVO | Fotos nuevas: 0 | Envios OK: 2 | Envios FAIL: 0 | Reviews negativas: 0 | Fotos borradas: 0

=== SESIÓN 13:53-16:23 (02/06/2026) ===
RESERVA                   TELÉFONO             ESTADO       RESPUESTA                 REVIEW
-----------------------------------------------------------------------------------------------
30/5_19:00_4e             34625490565          ENVIADO      sin respuesta             -
30/5_20:30_4e             34665943110          ENVIADO      sin respuesta             -
23/5_17:30_maf            34603458949          ENVIADO      recordatorio enviado (reacción en foto) -
23/5_19:00_maf            34649814146          ENVIADO      POSITIVA                  review enviada
24/5_19:00_4e             34649515037          ENVIADO      recordatorio enviado (48h) -
24/5_16:10_csi            34635280014          ENVIADO      recordatorio enviado (48h) -
29/5_17:30_4e             34610648642          ENVIADO      recordatorio FALLIDO (send_not_confirmed) -
29/5_17:40_csi            34651560074          ENVIADO      POSITIVA                  review enviada
30/5_11:30_4e             34647357305          ENVIADO      recordatorio enviado (48h) -
30/5_14:40_csi            31657059941          ENVIADO      POSITIVA                  review enviada
30/5_20:30_4e             34665943110          ENVIADO      POSITIVA                  review enviada
23/5_16:00_4e             34635122835          ENVIADO      recordatorio FALLIDO (send_not_confirmed) -
24/5_16:10_csi            34635280014          ENVIADO      POSITIVA                  review enviada
29/5_17:30_4e             34610648642          ENVIADO      recordatorio FALLIDO (send_not_confirmed) -
30/5_19:00_4e             34625490565          ENVIADO      POSITIVA                  review enviada
23/5_16:00_4e             34635122835          ENVIADO      POSITIVA (reacción emoji en texto) review enviada
29/5_17:30_4e             34610648642          ENVIADO      recordatorio FALLIDO (send_not_confirmed) -
29/5_17:30_4e             34610648642          ENVIADO      recordatorio FALLIDO (send_not_confirmed) -
29/5_17:30_4e             34610648642          ENVIADO      recordatorio FALLIDO (send_not_confirmed) -
29/5_17:30_4e             34610648642          ENVIADO      recordatorio FALLIDO (send_not_confirmed) -
29/5_17:30_4e             34610648642          ENVIADO      recordatorio enviado (48h) -
24/5_19:00_4e             34649515037          ENVIADO      POSITIVA                  review enviada

[2026-06-02 17:38:52] POSITIVO | Fotos nuevas: 0 | Envios OK: 2 | Envios FAIL: 0 | Reviews negativas: 0 | Fotos borradas: 0

=== SESIÓN 13:53-16:23 (02/06/2026) ===
RESERVA                   TELÉFONO             ESTADO       RESPUESTA                 REVIEW
-----------------------------------------------------------------------------------------------
30/5_19:00_4e             34625490565          ENVIADO      sin respuesta             -
30/5_20:30_4e             34665943110          ENVIADO      sin respuesta             -
23/5_17:30_maf            34603458949          ENVIADO      recordatorio enviado (reacción en foto) -
23/5_19:00_maf            34649814146          ENVIADO      POSITIVA                  review enviada
24/5_19:00_4e             34649515037          ENVIADO      recordatorio enviado (48h) -
24/5_16:10_csi            34635280014          ENVIADO      recordatorio enviado (48h) -
29/5_17:30_4e             34610648642          ENVIADO      recordatorio FALLIDO (send_not_confirmed) -
29/5_17:40_csi            34651560074          ENVIADO      POSITIVA                  review enviada
30/5_11:30_4e             34647357305          ENVIADO      recordatorio enviado (48h) -
30/5_14:40_csi            31657059941          ENVIADO      POSITIVA                  review enviada
30/5_20:30_4e             34665943110          ENVIADO      POSITIVA                  review enviada
23/5_16:00_4e             34635122835          ENVIADO      recordatorio FALLIDO (send_not_confirmed) -
24/5_16:10_csi            34635280014          ENVIADO      POSITIVA                  review enviada
29/5_17:30_4e             34610648642          ENVIADO      recordatorio FALLIDO (send_not_confirmed) -
30/5_19:00_4e             34625490565          ENVIADO      POSITIVA                  review enviada
23/5_16:00_4e             34635122835          ENVIADO      POSITIVA (reacción emoji en texto) review enviada
29/5_17:30_4e             34610648642          ENVIADO      recordatorio FALLIDO (send_not_confirmed) -
29/5_17:30_4e             34610648642          ENVIADO      recordatorio FALLIDO (send_not_confirmed) -
29/5_17:30_4e             34610648642          ENVIADO      recordatorio FALLIDO (send_not_confirmed) -
29/5_17:30_4e             34610648642          ENVIADO      recordatorio FALLIDO (send_not_confirmed) -
29/5_17:30_4e             34610648642          ENVIADO      recordatorio enviado (48h) -
24/5_19:00_4e             34649515037          ENVIADO      POSITIVA                  review enviada

[2026-06-02 17:57:22] POSITIVO | Fotos nuevas: 0 | Envios OK: 2 | Envios FAIL: 0 | Reviews negativas: 0 | Fotos borradas: 0

=== SESIÓN 13:53-16:23 (02/06/2026) ===
RESERVA                   TELÉFONO             ESTADO       RESPUESTA                 REVIEW
-----------------------------------------------------------------------------------------------
30/5_19:00_4e             34625490565          ENVIADO      sin respuesta             -
30/5_20:30_4e             34665943110          ENVIADO      sin respuesta             -
23/5_17:30_maf            34603458949          ENVIADO      recordatorio enviado (reacción en foto) -
23/5_19:00_maf            34649814146          ENVIADO      POSITIVA                  review enviada
24/5_19:00_4e             34649515037          ENVIADO      recordatorio enviado (48h) -
24/5_16:10_csi            34635280014          ENVIADO      recordatorio enviado (48h) -
29/5_17:30_4e             34610648642          ENVIADO      recordatorio FALLIDO (send_not_confirmed) -
29/5_17:40_csi            34651560074          ENVIADO      POSITIVA                  review enviada
30/5_11:30_4e             34647357305          ENVIADO      recordatorio enviado (48h) -
30/5_14:40_csi            31657059941          ENVIADO      POSITIVA                  review enviada
30/5_20:30_4e             34665943110          ENVIADO      POSITIVA                  review enviada
23/5_16:00_4e             34635122835          ENVIADO      recordatorio FALLIDO (send_not_confirmed) -
24/5_16:10_csi            34635280014          ENVIADO      POSITIVA                  review enviada
29/5_17:30_4e             34610648642          ENVIADO      recordatorio FALLIDO (send_not_confirmed) -
30/5_19:00_4e             34625490565          ENVIADO      POSITIVA                  review enviada
23/5_16:00_4e             34635122835          ENVIADO      POSITIVA (reacción emoji en texto) review enviada
29/5_17:30_4e             34610648642          ENVIADO      recordatorio FALLIDO (send_not_confirmed) -
29/5_17:30_4e             34610648642          ENVIADO      recordatorio FALLIDO (send_not_confirmed) -
29/5_17:30_4e             34610648642          ENVIADO      recordatorio FALLIDO (send_not_confirmed) -
29/5_17:30_4e             34610648642          ENVIADO      recordatorio FALLIDO (send_not_confirmed) -
29/5_17:30_4e             34610648642          ENVIADO      recordatorio enviado (48h) -
24/5_19:00_4e             34649515037          ENVIADO      POSITIVA                  review enviada

[2026-06-02 18:15:44] POSITIVO | Fotos nuevas: 0 | Envios OK: 2 | Envios FAIL: 0 | Reviews negativas: 0 | Fotos borradas: 0

=== SESIÓN 13:53-16:23 (02/06/2026) ===
RESERVA                   TELÉFONO             ESTADO       RESPUESTA                 REVIEW
-----------------------------------------------------------------------------------------------
30/5_19:00_4e             34625490565          ENVIADO      sin respuesta             -
30/5_20:30_4e             34665943110          ENVIADO      sin respuesta             -
23/5_17:30_maf            34603458949          ENVIADO      recordatorio enviado (reacción en foto) -
23/5_19:00_maf            34649814146          ENVIADO      POSITIVA                  review enviada
24/5_19:00_4e             34649515037          ENVIADO      recordatorio enviado (48h) -
24/5_16:10_csi            34635280014          ENVIADO      recordatorio enviado (48h) -
29/5_17:30_4e             34610648642          ENVIADO      recordatorio FALLIDO (send_not_confirmed) -
29/5_17:40_csi            34651560074          ENVIADO      POSITIVA                  review enviada
30/5_11:30_4e             34647357305          ENVIADO      recordatorio enviado (48h) -
30/5_14:40_csi            31657059941          ENVIADO      POSITIVA                  review enviada
30/5_20:30_4e             34665943110          ENVIADO      POSITIVA                  review enviada
23/5_16:00_4e             34635122835          ENVIADO      recordatorio FALLIDO (send_not_confirmed) -
24/5_16:10_csi            34635280014          ENVIADO      POSITIVA                  review enviada
29/5_17:30_4e             34610648642          ENVIADO      recordatorio FALLIDO (send_not_confirmed) -
30/5_19:00_4e             34625490565          ENVIADO      POSITIVA                  review enviada
23/5_16:00_4e             34635122835          ENVIADO      POSITIVA (reacción emoji en texto) review enviada
29/5_17:30_4e             34610648642          ENVIADO      recordatorio FALLIDO (send_not_confirmed) -
29/5_17:30_4e             34610648642          ENVIADO      recordatorio FALLIDO (send_not_confirmed) -
29/5_17:30_4e             34610648642          ENVIADO      recordatorio FALLIDO (send_not_confirmed) -
29/5_17:30_4e             34610648642          ENVIADO      recordatorio FALLIDO (send_not_confirmed) -
29/5_17:30_4e             34610648642          ENVIADO      recordatorio enviado (48h) -
24/5_19:00_4e             34649515037          ENVIADO      POSITIVA                  review enviada

[2026-06-02 18:34:16] POSITIVO | Fotos nuevas: 0 | Envios OK: 2 | Envios FAIL: 0 | Reviews negativas: 0 | Fotos borradas: 0

=== SESIÓN 13:53-16:23 (02/06/2026) ===
RESERVA                   TELÉFONO             ESTADO       RESPUESTA                 REVIEW
-----------------------------------------------------------------------------------------------
30/5_19:00_4e             34625490565          ENVIADO      sin respuesta             -
30/5_20:30_4e             34665943110          ENVIADO      sin respuesta             -
23/5_17:30_maf            34603458949          ENVIADO      recordatorio enviado (reacción en foto) -
23/5_19:00_maf            34649814146          ENVIADO      POSITIVA                  review enviada
24/5_19:00_4e             34649515037          ENVIADO      recordatorio enviado (48h) -
24/5_16:10_csi            34635280014          ENVIADO      recordatorio enviado (48h) -
29/5_17:30_4e             34610648642          ENVIADO      recordatorio FALLIDO (send_not_confirmed) -
29/5_17:40_csi            34651560074          ENVIADO      POSITIVA                  review enviada
30/5_11:30_4e             34647357305          ENVIADO      recordatorio enviado (48h) -
30/5_14:40_csi            31657059941          ENVIADO      POSITIVA                  review enviada
30/5_20:30_4e             34665943110          ENVIADO      POSITIVA                  review enviada
23/5_16:00_4e             34635122835          ENVIADO      recordatorio FALLIDO (send_not_confirmed) -
24/5_16:10_csi            34635280014          ENVIADO      POSITIVA                  review enviada
29/5_17:30_4e             34610648642          ENVIADO      recordatorio FALLIDO (send_not_confirmed) -
30/5_19:00_4e             34625490565          ENVIADO      POSITIVA                  review enviada
23/5_16:00_4e             34635122835          ENVIADO      POSITIVA (reacción emoji en texto) review enviada
29/5_17:30_4e             34610648642          ENVIADO      recordatorio FALLIDO (send_not_confirmed) -
29/5_17:30_4e             34610648642          ENVIADO      recordatorio FALLIDO (send_not_confirmed) -
29/5_17:30_4e             34610648642          ENVIADO      recordatorio FALLIDO (send_not_confirmed) -
29/5_17:30_4e             34610648642          ENVIADO      recordatorio FALLIDO (send_not_confirmed) -
29/5_17:30_4e             34610648642          ENVIADO      recordatorio enviado (48h) -
24/5_19:00_4e             34649515037          ENVIADO      POSITIVA                  review enviada

[2026-06-02 18:52:30] POSITIVO | Fotos nuevas: 0 | Envios OK: 2 | Envios FAIL: 0 | Reviews negativas: 0 | Fotos borradas: 0

=== SESIÓN 13:53-16:23 (02/06/2026) ===
RESERVA                   TELÉFONO             ESTADO       RESPUESTA                 REVIEW
-----------------------------------------------------------------------------------------------
30/5_19:00_4e             34625490565          ENVIADO      sin respuesta             -
30/5_20:30_4e             34665943110          ENVIADO      sin respuesta             -
23/5_17:30_maf            34603458949          ENVIADO      recordatorio enviado (reacción en foto) -
23/5_19:00_maf            34649814146          ENVIADO      POSITIVA                  review enviada
24/5_19:00_4e             34649515037          ENVIADO      recordatorio enviado (48h) -
24/5_16:10_csi            34635280014          ENVIADO      recordatorio enviado (48h) -
29/5_17:30_4e             34610648642          ENVIADO      recordatorio FALLIDO (send_not_confirmed) -
29/5_17:40_csi            34651560074          ENVIADO      POSITIVA                  review enviada
30/5_11:30_4e             34647357305          ENVIADO      recordatorio enviado (48h) -
30/5_14:40_csi            31657059941          ENVIADO      POSITIVA                  review enviada
30/5_20:30_4e             34665943110          ENVIADO      POSITIVA                  review enviada
23/5_16:00_4e             34635122835          ENVIADO      recordatorio FALLIDO (send_not_confirmed) -
24/5_16:10_csi            34635280014          ENVIADO      POSITIVA                  review enviada
29/5_17:30_4e             34610648642          ENVIADO      recordatorio FALLIDO (send_not_confirmed) -
30/5_19:00_4e             34625490565          ENVIADO      POSITIVA                  review enviada
23/5_16:00_4e             34635122835          ENVIADO      POSITIVA (reacción emoji en texto) review enviada
29/5_17:30_4e             34610648642          ENVIADO      recordatorio FALLIDO (send_not_confirmed) -
29/5_17:30_4e             34610648642          ENVIADO      recordatorio FALLIDO (send_not_confirmed) -
29/5_17:30_4e             34610648642          ENVIADO      recordatorio FALLIDO (send_not_confirmed) -
29/5_17:30_4e             34610648642          ENVIADO      recordatorio FALLIDO (send_not_confirmed) -
29/5_17:30_4e             34610648642          ENVIADO      recordatorio enviado (48h) -
24/5_19:00_4e             34649515037          ENVIADO      POSITIVA                  review enviada

[2026-06-02 19:10:54] POSITIVO | Fotos nuevas: 0 | Envios OK: 2 | Envios FAIL: 0 | Reviews negativas: 0 | Fotos borradas: 0

=== SESIÓN 13:53-16:23 (02/06/2026) ===
RESERVA                   TELÉFONO             ESTADO       RESPUESTA                 REVIEW
-----------------------------------------------------------------------------------------------
30/5_19:00_4e             34625490565          ENVIADO      sin respuesta             -
30/5_20:30_4e             34665943110          ENVIADO      sin respuesta             -
23/5_17:30_maf            34603458949          ENVIADO      recordatorio enviado (reacción en foto) -
23/5_19:00_maf            34649814146          ENVIADO      POSITIVA                  review enviada
24/5_19:00_4e             34649515037          ENVIADO      recordatorio enviado (48h) -
24/5_16:10_csi            34635280014          ENVIADO      recordatorio enviado (48h) -
29/5_17:30_4e             34610648642          ENVIADO      recordatorio FALLIDO (send_not_confirmed) -
29/5_17:40_csi            34651560074          ENVIADO      POSITIVA                  review enviada
30/5_11:30_4e             34647357305          ENVIADO      recordatorio enviado (48h) -
30/5_14:40_csi            31657059941          ENVIADO      POSITIVA                  review enviada
30/5_20:30_4e             34665943110          ENVIADO      POSITIVA                  review enviada
23/5_16:00_4e             34635122835          ENVIADO      recordatorio FALLIDO (send_not_confirmed) -
24/5_16:10_csi            34635280014          ENVIADO      POSITIVA                  review enviada
29/5_17:30_4e             34610648642          ENVIADO      recordatorio FALLIDO (send_not_confirmed) -
30/5_19:00_4e             34625490565          ENVIADO      POSITIVA                  review enviada
23/5_16:00_4e             34635122835          ENVIADO      POSITIVA (reacción emoji en texto) review enviada
29/5_17:30_4e             34610648642          ENVIADO      recordatorio FALLIDO (send_not_confirmed) -
29/5_17:30_4e             34610648642          ENVIADO      recordatorio FALLIDO (send_not_confirmed) -
29/5_17:30_4e             34610648642          ENVIADO      recordatorio FALLIDO (send_not_confirmed) -
29/5_17:30_4e             34610648642          ENVIADO      recordatorio FALLIDO (send_not_confirmed) -
29/5_17:30_4e             34610648642          ENVIADO      recordatorio enviado (48h) -
24/5_19:00_4e             34649515037          ENVIADO      POSITIVA                  review enviada

[2026-06-02 19:29:26] POSITIVO | Fotos nuevas: 0 | Envios OK: 2 | Envios FAIL: 0 | Reviews negativas: 0 | Fotos borradas: 0

=== SESIÓN 13:53-16:23 (02/06/2026) ===
RESERVA                   TELÉFONO             ESTADO       RESPUESTA                 REVIEW
-----------------------------------------------------------------------------------------------
30/5_19:00_4e             34625490565          ENVIADO      sin respuesta             -
30/5_20:30_4e             34665943110          ENVIADO      sin respuesta             -
23/5_17:30_maf            34603458949          ENVIADO      recordatorio enviado (reacción en foto) -
23/5_19:00_maf            34649814146          ENVIADO      POSITIVA                  review enviada
24/5_19:00_4e             34649515037          ENVIADO      recordatorio enviado (48h) -
24/5_16:10_csi            34635280014          ENVIADO      recordatorio enviado (48h) -
29/5_17:30_4e             34610648642          ENVIADO      recordatorio FALLIDO (send_not_confirmed) -
29/5_17:40_csi            34651560074          ENVIADO      POSITIVA                  review enviada
30/5_11:30_4e             34647357305          ENVIADO      recordatorio enviado (48h) -
30/5_14:40_csi            31657059941          ENVIADO      POSITIVA                  review enviada
30/5_20:30_4e             34665943110          ENVIADO      POSITIVA                  review enviada
23/5_16:00_4e             34635122835          ENVIADO      recordatorio FALLIDO (send_not_confirmed) -
24/5_16:10_csi            34635280014          ENVIADO      POSITIVA                  review enviada
29/5_17:30_4e             34610648642          ENVIADO      recordatorio FALLIDO (send_not_confirmed) -
30/5_19:00_4e             34625490565          ENVIADO      POSITIVA                  review enviada
23/5_16:00_4e             34635122835          ENVIADO      POSITIVA (reacción emoji en texto) review enviada
29/5_17:30_4e             34610648642          ENVIADO      recordatorio FALLIDO (send_not_confirmed) -
29/5_17:30_4e             34610648642          ENVIADO      recordatorio FALLIDO (send_not_confirmed) -
29/5_17:30_4e             34610648642          ENVIADO      recordatorio FALLIDO (send_not_confirmed) -
29/5_17:30_4e             34610648642          ENVIADO      recordatorio FALLIDO (send_not_confirmed) -
29/5_17:30_4e             34610648642          ENVIADO      recordatorio enviado (48h) -
24/5_19:00_4e             34649515037          ENVIADO      POSITIVA                  review enviada

[2026-06-02 19:48:04] POSITIVO | Fotos nuevas: 0 | Envios OK: 2 | Envios FAIL: 0 | Reviews negativas: 0 | Fotos borradas: 0

=== SESIÓN 13:53-16:23 (02/06/2026) ===
RESERVA                   TELÉFONO             ESTADO       RESPUESTA                 REVIEW
-----------------------------------------------------------------------------------------------
30/5_19:00_4e             34625490565          ENVIADO      sin respuesta             -
30/5_20:30_4e             34665943110          ENVIADO      sin respuesta             -
23/5_17:30_maf            34603458949          ENVIADO      recordatorio enviado (reacción en foto) -
23/5_19:00_maf            34649814146          ENVIADO      POSITIVA                  review enviada
24/5_19:00_4e             34649515037          ENVIADO      recordatorio enviado (48h) -
24/5_16:10_csi            34635280014          ENVIADO      recordatorio enviado (48h) -
29/5_17:30_4e             34610648642          ENVIADO      recordatorio FALLIDO (send_not_confirmed) -
29/5_17:40_csi            34651560074          ENVIADO      POSITIVA                  review enviada
30/5_11:30_4e             34647357305          ENVIADO      recordatorio enviado (48h) -
30/5_14:40_csi            31657059941          ENVIADO      POSITIVA                  review enviada
30/5_20:30_4e             34665943110          ENVIADO      POSITIVA                  review enviada
23/5_16:00_4e             34635122835          ENVIADO      recordatorio FALLIDO (send_not_confirmed) -
24/5_16:10_csi            34635280014          ENVIADO      POSITIVA                  review enviada
29/5_17:30_4e             34610648642          ENVIADO      recordatorio FALLIDO (send_not_confirmed) -
30/5_19:00_4e             34625490565          ENVIADO      POSITIVA                  review enviada
23/5_16:00_4e             34635122835          ENVIADO      POSITIVA (reacción emoji en texto) review enviada
29/5_17:30_4e             34610648642          ENVIADO      recordatorio FALLIDO (send_not_confirmed) -
29/5_17:30_4e             34610648642          ENVIADO      recordatorio FALLIDO (send_not_confirmed) -
29/5_17:30_4e             34610648642          ENVIADO      recordatorio FALLIDO (send_not_confirmed) -
29/5_17:30_4e             34610648642          ENVIADO      recordatorio FALLIDO (send_not_confirmed) -
29/5_17:30_4e             34610648642          ENVIADO      recordatorio enviado (48h) -
24/5_19:00_4e             34649515037          ENVIADO      POSITIVA                  review enviada

[2026-06-02 20:06:28] POSITIVO | Fotos nuevas: 0 | Envios OK: 2 | Envios FAIL: 0 | Reviews negativas: 0 | Fotos borradas: 0

=== SESIÓN 13:53-16:23 (02/06/2026) ===
RESERVA                   TELÉFONO             ESTADO       RESPUESTA                 REVIEW
-----------------------------------------------------------------------------------------------
30/5_19:00_4e             34625490565          ENVIADO      sin respuesta             -
30/5_20:30_4e             34665943110          ENVIADO      sin respuesta             -
23/5_17:30_maf            34603458949          ENVIADO      recordatorio enviado (reacción en foto) -
23/5_19:00_maf            34649814146          ENVIADO      POSITIVA                  review enviada
24/5_19:00_4e             34649515037          ENVIADO      recordatorio enviado (48h) -
24/5_16:10_csi            34635280014          ENVIADO      recordatorio enviado (48h) -
29/5_17:30_4e             34610648642          ENVIADO      recordatorio FALLIDO (send_not_confirmed) -
29/5_17:40_csi            34651560074          ENVIADO      POSITIVA                  review enviada
30/5_11:30_4e             34647357305          ENVIADO      recordatorio enviado (48h) -
30/5_14:40_csi            31657059941          ENVIADO      POSITIVA                  review enviada
30/5_20:30_4e             34665943110          ENVIADO      POSITIVA                  review enviada
23/5_16:00_4e             34635122835          ENVIADO      recordatorio FALLIDO (send_not_confirmed) -
24/5_16:10_csi            34635280014          ENVIADO      POSITIVA                  review enviada
29/5_17:30_4e             34610648642          ENVIADO      recordatorio FALLIDO (send_not_confirmed) -
30/5_19:00_4e             34625490565          ENVIADO      POSITIVA                  review enviada
23/5_16:00_4e             34635122835          ENVIADO      POSITIVA (reacción emoji en texto) review enviada
29/5_17:30_4e             34610648642          ENVIADO      recordatorio FALLIDO (send_not_confirmed) -
29/5_17:30_4e             34610648642          ENVIADO      recordatorio FALLIDO (send_not_confirmed) -
29/5_17:30_4e             34610648642          ENVIADO      recordatorio FALLIDO (send_not_confirmed) -
29/5_17:30_4e             34610648642          ENVIADO      recordatorio FALLIDO (send_not_confirmed) -
29/5_17:30_4e             34610648642          ENVIADO      recordatorio enviado (48h) -
24/5_19:00_4e             34649515037          ENVIADO      POSITIVA                  review enviada

[2026-06-02 20:25:01] POSITIVO | Fotos nuevas: 0 | Envios OK: 2 | Envios FAIL: 0 | Reviews negativas: 0 | Fotos borradas: 0
