[2026-05-31 10:06:51] POSITIVO | Fotos nuevas: 0 | Envios OK: 0 | Envios FAIL: 0 | Reviews negativas: 0 | Fotos borradas: 0
[2026-05-31 10:23:55] POSITIVO | Fotos nuevas: 0 | Envios OK: 0 | Envios FAIL: 0 | Reviews negativas: 0 | Fotos borradas: 0
[2026-05-31 10:41:00] POSITIVO | Fotos nuevas: 0 | Envios OK: 0 | Envios FAIL: 0 | Reviews negativas: 0 | Fotos borradas: 0
[2026-05-31 10:58:03] POSITIVO | Fotos nuevas: 0 | Envios OK: 0 | Envios FAIL: 0 | Reviews negativas: 0 | Fotos borradas: 0
[2026-05-31 11:15:13] POSITIVO | Fotos nuevas: 0 | Envios OK: 0 | Envios FAIL: 0 | Reviews negativas: 0 | Fotos borradas: 0
[2026-05-31 11:32:19] POSITIVO | Fotos nuevas: 0 | Envios OK: 0 | Envios FAIL: 0 | Reviews negativas: 0 | Fotos borradas: 0
[2026-05-31 11:49:28] POSITIVO | Fotos nuevas: 0 | Envios OK: 0 | Envios FAIL: 0 | Reviews negativas: 0 | Fotos borradas: 0
[2026-05-31 12:06:30] POSITIVO | Fotos nuevas: 0 | Envios OK: 0 | Envios FAIL: 0 | Reviews negativas: 0 | Fotos borradas: 0
[2026-05-31 12:23:41] POSITIVO | Fotos nuevas: 0 | Envios OK: 0 | Envios FAIL: 0 | Reviews negativas: 0 | Fotos borradas: 0
[2026-05-31 12:40:58] POSITIVO | Fotos nuevas: 0 | Envios OK: 0 | Envios FAIL: 0 | Reviews negativas: 0 | Fotos borradas: 0
[2026-05-31 12:58:07] POSITIVO | Fotos nuevas: 0 | Envios OK: 0 | Envios FAIL: 0 | Reviews negativas: 0 | Fotos borradas: 0
[2026-05-31 13:15:18] POSITIVO | Fotos nuevas: 0 | Envios OK: 0 | Envios FAIL: 0 | Reviews negativas: 0 | Fotos borradas: 0
[2026-05-31 13:32:27] POSITIVO | Fotos nuevas: 0 | Envios OK: 0 | Envios FAIL: 0 | Reviews negativas: 0 | Fotos borradas: 0
[2026-05-31 13:49:33] POSITIVO | Fotos nuevas: 0 | Envios OK: 0 | Envios FAIL: 0 | Reviews negativas: 0 | Fotos borradas: 0
[2026-05-31 14:06:44] POSITIVO | Fotos nuevas: 0 | Envios OK: 0 | Envios FAIL: 0 | Reviews negativas: 0 | Fotos borradas: 0
[2026-05-31 14:24:12] POSITIVO | Fotos nuevas: 0 | Envios OK: 0 | Envios FAIL: 0 | Reviews negativas: 0 | Fotos borradas: 0
[2026-05-31 14:41:26] POSITIVO | Fotos nuevas: 0 | Envios OK: 0 | Envios FAIL: 0 | Reviews negativas: 0 | Fotos borradas: 0
[2026-05-31 14:58:35] POSITIVO | Fotos nuevas: 0 | Envios OK: 0 | Envios FAIL: 0 | Reviews negativas: 0 | Fotos borradas: 0
[2026-05-31 15:15:43] POSITIVO | Fotos nuevas: 0 | Envios OK: 0 | Envios FAIL: 0 | Reviews negativas: 0 | Fotos borradas: 0
[2026-05-31 15:32:55] POSITIVO | Fotos nuevas: 0 | Envios OK: 0 | Envios FAIL: 0 | Reviews negativas: 0 | Fotos borradas: 0
[2026-05-31 15:50:08] POSITIVO | Fotos nuevas: 0 | Envios OK: 0 | Envios FAIL: 0 | Reviews negativas: 0 | Fotos borradas: 0
[2026-05-31 16:07:22] POSITIVO | Fotos nuevas: 0 | Envios OK: 0 | Envios FAIL: 0 | Reviews negativas: 0 | Fotos borradas: 0
[2026-05-31 16:24:29] POSITIVO | Fotos nuevas: 0 | Envios OK: 0 | Envios FAIL: 0 | Reviews negativas: 0 | Fotos borradas: 0
[2026-05-31 16:41:37] POSITIVO | Fotos nuevas: 0 | Envios OK: 0 | Envios FAIL: 0 | Reviews negativas: 0 | Fotos borradas: 0
[2026-05-31 16:58:51] POSITIVO | Fotos nuevas: 0 | Envios OK: 0 | Envios FAIL: 0 | Reviews negativas: 0 | Fotos borradas: 0
[2026-05-31 17:16:07] POSITIVO | Fotos nuevas: 0 | Envios OK: 0 | Envios FAIL: 0 | Reviews negativas: 0 | Fotos borradas: 0
[2026-05-31 17:33:24] POSITIVO | Fotos nuevas: 0 | Envios OK: 0 | Envios FAIL: 0 | Reviews negativas: 0 | Fotos borradas: 0
[2026-05-31 17:50:38] POSITIVO | Fotos nuevas: 0 | Envios OK: 0 | Envios FAIL: 0 | Reviews negativas: 0 | Fotos borradas: 0
[2026-05-31 18:07:43] POSITIVO | Fotos nuevas: 0 | Envios OK: 0 | Envios FAIL: 0 | Reviews negativas: 0 | Fotos borradas: 0

=== SESIÓN 18:25-18:25 (31/05/2026) ===
RESERVA                   TELÉFONO             ESTADO       RESPUESTA                 REVIEW
-----------------------------------------------------------------------------------------------
31/5_16:10_csi            34%C2%A0722%C2%A080%C2%A042%C2%A083%E2%80%AC ENVIADO      sin respuesta             -

[2026-05-31 18:28:05] POSITIVO | Fotos nuevas: 1 | Envios OK: 1 | Envios FAIL: 0 | Reviews negativas: 0 | Fotos borradas: 0

=== SESIÓN 18:25-18:45 (31/05/2026) ===
RESERVA                   TELÉFONO             ESTADO       RESPUESTA                 REVIEW
-----------------------------------------------------------------------------------------------
31/5_16:10_csi            34%C2%A0722%C2%A080%C2%A042%C2%A083%E2%80%AC ENVIADO      sin respuesta             -
31/5_16:10_csi            34%C2%A0722%C2%A080%C2%A042%C2%A083%E2%80%AC ENVIADO      recordatorio FALLIDO reacción en foto (send_not_confirmed) -

[2026-05-31 18:45:51] POSITIVO | Fotos nuevas: 0 | Envios OK: 1 | Envios FAIL: 0 | Reviews negativas: 0 | Fotos borradas: 0

=== SESIÓN 18:25-19:04 (31/05/2026) ===
RESERVA                   TELÉFONO             ESTADO       RESPUESTA                 REVIEW
-----------------------------------------------------------------------------------------------
31/5_16:10_csi            34%C2%A0722%C2%A080%C2%A042%C2%A083%E2%80%AC ENVIADO      sin respuesta             -
31/5_16:10_csi            34%C2%A0722%C2%A080%C2%A042%C2%A083%E2%80%AC ENVIADO      recordatorio FALLIDO reacción en foto (send_not_confirmed) -
31/5_16:10_csi            34%C2%A0722%C2%A080%C2%A042%C2%A083%E2%80%AC ENVIADO      recordatorio FALLIDO reacción en foto (send_not_confirmed) -

[2026-05-31 19:04:12] POSITIVO | Fotos nuevas: 1 | Envios OK: 1 | Envios FAIL: 0 | Reviews negativas: 0 | Fotos borradas: 0

=== SESIÓN 18:25-19:04 (31/05/2026) ===
RESERVA                   TELÉFONO             ESTADO       RESPUESTA                 REVIEW
-----------------------------------------------------------------------------------------------
31/5_16:10_csi            34%C2%A0722%C2%A080%C2%A042%C2%A083%E2%80%AC ENVIADO      sin respuesta             -
31/5_16:10_csi            34%C2%A0722%C2%A080%C2%A042%C2%A083%E2%80%AC ENVIADO      recordatorio FALLIDO reacción en foto (send_not_confirmed) -
31/5_16:10_csi            34%C2%A0722%C2%A080%C2%A042%C2%A083%E2%80%AC ENVIADO      recordatorio FALLIDO reacción en foto (send_not_confirmed) -

[2026-05-31 19:22:05] POSITIVO | Fotos nuevas: 0 | Envios OK: 1 | Envios FAIL: 0 | Reviews negativas: 0 | Fotos borradas: 0

=== SESIÓN 18:25-19:39 (31/05/2026) ===
RESERVA                   TELÉFONO             ESTADO       RESPUESTA                 REVIEW
-----------------------------------------------------------------------------------------------
31/5_16:10_csi            34%C2%A0722%C2%A080%C2%A042%C2%A083%E2%80%AC ENVIADO      sin respuesta             -
31/5_16:10_csi            34%C2%A0722%C2%A080%C2%A042%C2%A083%E2%80%AC ENVIADO      recordatorio FALLIDO reacción en foto (send_not_confirmed) -
31/5_16:10_csi            34%C2%A0722%C2%A080%C2%A042%C2%A083%E2%80%AC ENVIADO      recordatorio FALLIDO reacción en foto (send_not_confirmed) -
31/5_16:10_csi            34%C2%A0722%C2%A080%C2%A042%C2%A083%E2%80%AC ENVIADO      recordatorio FALLIDO reacción en foto (send_not_confirmed) -

[2026-05-31 19:39:59] POSITIVO | Fotos nuevas: 0 | Envios OK: 1 | Envios FAIL: 0 | Reviews negativas: 0 | Fotos borradas: 0

=== SESIÓN 18:25-19:58 (31/05/2026) ===
RESERVA                   TELÉFONO             ESTADO       RESPUESTA                 REVIEW
-----------------------------------------------------------------------------------------------
31/5_16:10_csi            34%C2%A0722%C2%A080%C2%A042%C2%A083%E2%80%AC ENVIADO      sin respuesta             -
31/5_16:10_csi            34%C2%A0722%C2%A080%C2%A042%C2%A083%E2%80%AC ENVIADO      recordatorio FALLIDO reacción en foto (send_not_confirmed) -
31/5_16:10_csi            34%C2%A0722%C2%A080%C2%A042%C2%A083%E2%80%AC ENVIADO      recordatorio FALLIDO reacción en foto (send_not_confirmed) -
31/5_16:10_csi            34%C2%A0722%C2%A080%C2%A042%C2%A083%E2%80%AC ENVIADO      recordatorio FALLIDO reacción en foto (send_not_confirmed) -
31/5_16:10_csi            34%C2%A0722%C2%A080%C2%A042%C2%A083%E2%80%AC ENVIADO      recordatorio FALLIDO reacción en foto (send_not_confirmed) -

[2026-05-31 19:58:02] POSITIVO | Fotos nuevas: 0 | Envios OK: 1 | Envios FAIL: 0 | Reviews negativas: 0 | Fotos borradas: 0

=== SESIÓN 18:25-20:15 (31/05/2026) ===
RESERVA                   TELÉFONO             ESTADO       RESPUESTA                 REVIEW
-----------------------------------------------------------------------------------------------
31/5_16:10_csi            34%C2%A0722%C2%A080%C2%A042%C2%A083%E2%80%AC ENVIADO      sin respuesta             -
31/5_16:10_csi            34%C2%A0722%C2%A080%C2%A042%C2%A083%E2%80%AC ENVIADO      recordatorio FALLIDO reacción en foto (send_not_confirmed) -
31/5_16:10_csi            34%C2%A0722%C2%A080%C2%A042%C2%A083%E2%80%AC ENVIADO      recordatorio FALLIDO reacción en foto (send_not_confirmed) -
31/5_16:10_csi            34%C2%A0722%C2%A080%C2%A042%C2%A083%E2%80%AC ENVIADO      recordatorio FALLIDO reacción en foto (send_not_confirmed) -
31/5_16:10_csi            34%C2%A0722%C2%A080%C2%A042%C2%A083%E2%80%AC ENVIADO      recordatorio FALLIDO reacción en foto (send_not_confirmed) -
31/5_16:10_csi            34%C2%A0722%C2%A080%C2%A042%C2%A083%E2%80%AC ENVIADO      recordatorio FALLIDO reacción en foto (send_not_confirmed) -

[2026-05-31 20:15:57] POSITIVO | Fotos nuevas: 0 | Envios OK: 1 | Envios FAIL: 0 | Reviews negativas: 0 | Fotos borradas: 0
