[2026-04-25 05:48:43] POSITIVO | Fotos nuevas: 0 | Envios OK: 0 | Envios FAIL: 0 | Reviews negativas: 0 | Fotos borradas: 0

=== SESIÓN 09:18-09:19 (25/04/2026) ===
RESERVA                   TELÉFONO             ESTADO       RESPUESTA                 REVIEW
-----------------------------------------------------------------------------------------------
24/4_17:30_4e             34645697994          FALLIDO (intento 1) -                         -
24/4_17:40_csi            34622835547          ENVIADO      sin respuesta             -
24/4_19:00_4e             34%C2%A0616%C2%A048%C2%A084%C2%A001%E2%80%AC ENVIADO      sin respuesta             -
24/4_20:30_4e             34%C2%A0653%C2%A050%C2%A066%C2%A033%E2%80%AC ENVIADO      sin respuesta             -

[2026-04-25 09:22:07] NEGATIVO | Fotos nuevas: 5 | Envios OK: 3 | Envios FAIL: 1 | Reviews negativas: 0 | Fotos borradas: 0

=== SESIÓN 10:02-10:03 (25/04/2026) ===
RESERVA                   TELÉFONO             ESTADO       RESPUESTA                 REVIEW
-----------------------------------------------------------------------------------------------
24/4_17:40_csi            34622835547          ENVIADO      NEUTRAL (guardado para revisión) -
24/4_20:30_4e             34%C2%A0653%C2%A050%C2%A066%C2%A033%E2%80%AC ENVIADO      POSITIVA                  review enviada

[2026-04-25 10:03:46] NEGATIVO | Fotos nuevas: 0 | Envios OK: 3 | Envios FAIL: 1 | Reviews negativas: 0 | Fotos borradas: 0
[2026-04-25 10:17:52] NEGATIVO | Fotos nuevas: 0 | Envios OK: 3 | Envios FAIL: 1 | Reviews negativas: 0 | Fotos borradas: 0
[2026-04-25 10:32:51] NEGATIVO | Fotos nuevas: 0 | Envios OK: 3 | Envios FAIL: 1 | Reviews negativas: 0 | Fotos borradas: 0
[2026-04-25 10:47:48] NEGATIVO | Fotos nuevas: 0 | Envios OK: 3 | Envios FAIL: 1 | Reviews negativas: 0 | Fotos borradas: 0
[2026-04-25 11:02:44] NEGATIVO | Fotos nuevas: 0 | Envios OK: 3 | Envios FAIL: 1 | Reviews negativas: 0 | Fotos borradas: 0
[2026-04-25 11:17:45] NEGATIVO | Fotos nuevas: 0 | Envios OK: 3 | Envios FAIL: 1 | Reviews negativas: 0 | Fotos borradas: 0
[2026-04-25 11:32:48] NEGATIVO | Fotos nuevas: 0 | Envios OK: 3 | Envios FAIL: 1 | Reviews negativas: 0 | Fotos borradas: 0
[2026-04-25 11:47:42] NEGATIVO | Fotos nuevas: 0 | Envios OK: 3 | Envios FAIL: 1 | Reviews negativas: 0 | Fotos borradas: 0
[2026-04-25 12:03:15] NEGATIVO | Fotos nuevas: 0 | Envios OK: 3 | Envios FAIL: 1 | Reviews negativas: 0 | Fotos borradas: 0
[2026-04-25 12:17:46] NEGATIVO | Fotos nuevas: 0 | Envios OK: 3 | Envios FAIL: 1 | Reviews negativas: 0 | Fotos borradas: 0
[2026-04-25 12:32:50] NEGATIVO | Fotos nuevas: 0 | Envios OK: 3 | Envios FAIL: 1 | Reviews negativas: 0 | Fotos borradas: 0
[2026-04-25 12:47:45] NEGATIVO | Fotos nuevas: 0 | Envios OK: 3 | Envios FAIL: 1 | Reviews negativas: 0 | Fotos borradas: 0
[2026-04-25 13:02:44] NEGATIVO | Fotos nuevas: 0 | Envios OK: 3 | Envios FAIL: 1 | Reviews negativas: 0 | Fotos borradas: 0
[2026-04-25 13:17:46] NEGATIVO | Fotos nuevas: 0 | Envios OK: 3 | Envios FAIL: 1 | Reviews negativas: 0 | Fotos borradas: 0
[2026-04-25 13:32:46] NEGATIVO | Fotos nuevas: 0 | Envios OK: 3 | Envios FAIL: 1 | Reviews negativas: 0 | Fotos borradas: 0
[2026-04-25 13:47:45] NEGATIVO | Fotos nuevas: 0 | Envios OK: 3 | Envios FAIL: 1 | Reviews negativas: 0 | Fotos borradas: 0
[2026-04-25 14:02:45] NEGATIVO | Fotos nuevas: 0 | Envios OK: 3 | Envios FAIL: 1 | Reviews negativas: 0 | Fotos borradas: 0

=== SESIÓN 14:18-14:18 (25/04/2026) ===
RESERVA                   TELÉFONO             ESTADO       RESPUESTA                 REVIEW
-----------------------------------------------------------------------------------------------
25/4_11:30_4e             34%C2%A0674%C2%A055%C2%A021%C2%A033%E2%80%AC ENVIADO      sin respuesta             -

[2026-04-25 14:20:37] NEGATIVO | Fotos nuevas: 1 | Envios OK: 4 | Envios FAIL: 1 | Reviews negativas: 0 | Fotos borradas: 1
[2026-04-25 14:33:06] NEGATIVO | Fotos nuevas: 0 | Envios OK: 4 | Envios FAIL: 1 | Reviews negativas: 0 | Fotos borradas: 0
[2026-04-25 14:48:08] NEGATIVO | Fotos nuevas: 0 | Envios OK: 4 | Envios FAIL: 1 | Reviews negativas: 0 | Fotos borradas: 0
[2026-04-25 15:03:07] NEGATIVO | Fotos nuevas: 0 | Envios OK: 4 | Envios FAIL: 1 | Reviews negativas: 0 | Fotos borradas: 0
[2026-04-25 15:18:03] NEGATIVO | Fotos nuevas: 0 | Envios OK: 4 | Envios FAIL: 1 | Reviews negativas: 0 | Fotos borradas: 0
[2026-04-25 15:33:09] NEGATIVO | Fotos nuevas: 0 | Envios OK: 4 | Envios FAIL: 1 | Reviews negativas: 0 | Fotos borradas: 0
[2026-04-25 15:48:05] NEGATIVO | Fotos nuevas: 0 | Envios OK: 4 | Envios FAIL: 1 | Reviews negativas: 0 | Fotos borradas: 0
[2026-04-25 16:03:07] NEGATIVO | Fotos nuevas: 0 | Envios OK: 4 | Envios FAIL: 1 | Reviews negativas: 0 | Fotos borradas: 0
[2026-04-25 16:18:23] NEGATIVO | Fotos nuevas: 0 | Envios OK: 4 | Envios FAIL: 1 | Reviews negativas: 0 | Fotos borradas: 0
[2026-04-25 16:33:05] NEGATIVO | Fotos nuevas: 0 | Envios OK: 4 | Envios FAIL: 1 | Reviews negativas: 0 | Fotos borradas: 0
[2026-04-25 16:48:33] NEGATIVO | Fotos nuevas: 0 | Envios OK: 4 | Envios FAIL: 1 | Reviews negativas: 0 | Fotos borradas: 0
[2026-04-25 17:03:03] NEGATIVO | Fotos nuevas: 0 | Envios OK: 4 | Envios FAIL: 1 | Reviews negativas: 0 | Fotos borradas: 0
[2026-04-25 17:18:05] NEGATIVO | Fotos nuevas: 0 | Envios OK: 4 | Envios FAIL: 1 | Reviews negativas: 0 | Fotos borradas: 0
[2026-04-25 17:33:02] NEGATIVO | Fotos nuevas: 0 | Envios OK: 4 | Envios FAIL: 1 | Reviews negativas: 0 | Fotos borradas: 0
[2026-04-25 17:48:01] NEGATIVO | Fotos nuevas: 0 | Envios OK: 4 | Envios FAIL: 1 | Reviews negativas: 0 | Fotos borradas: 0
[2026-04-25 18:03:06] NEGATIVO | Fotos nuevas: 0 | Envios OK: 4 | Envios FAIL: 1 | Reviews negativas: 0 | Fotos borradas: 0
[2026-04-25 18:18:05] NEGATIVO | Fotos nuevas: 0 | Envios OK: 4 | Envios FAIL: 1 | Reviews negativas: 0 | Fotos borradas: 0
[2026-04-25 18:33:07] NEGATIVO | Fotos nuevas: 0 | Envios OK: 4 | Envios FAIL: 1 | Reviews negativas: 0 | Fotos borradas: 0
[2026-04-25 18:48:13] NEGATIVO | Fotos nuevas: 0 | Envios OK: 4 | Envios FAIL: 1 | Reviews negativas: 0 | Fotos borradas: 0
[2026-04-25 19:03:05] NEGATIVO | Fotos nuevas: 0 | Envios OK: 4 | Envios FAIL: 1 | Reviews negativas: 0 | Fotos borradas: 0
[2026-04-25 19:18:06] NEGATIVO | Fotos nuevas: 0 | Envios OK: 4 | Envios FAIL: 1 | Reviews negativas: 0 | Fotos borradas: 0

=== SESIÓN 19:33-19:34 (25/04/2026) ===
RESERVA                   TELÉFONO             ESTADO       RESPUESTA                 REVIEW
-----------------------------------------------------------------------------------------------
25/4_17:40_csi            34%C2%A0675%C2%A077%C2%A080%C2%A073%E2%80%AC ENVIADO      sin respuesta             -
25/4_17:30_4e             34690316111%E2%80%AC ENVIADO      sin respuesta             -

[2026-04-25 19:37:22] NEGATIVO | Fotos nuevas: 2 | Envios OK: 6 | Envios FAIL: 1 | Reviews negativas: 0 | Fotos borradas: 2
[2026-04-25 19:48:46] NEGATIVO | Fotos nuevas: 0 | Envios OK: 6 | Envios FAIL: 1 | Reviews negativas: 0 | Fotos borradas: 0
[2026-04-25 20:03:45] NEGATIVO | Fotos nuevas: 0 | Envios OK: 6 | Envios FAIL: 1 | Reviews negativas: 0 | Fotos borradas: 0

=== SESIÓN 20:18-20:21 (25/04/2026) ===
RESERVA                   TELÉFONO             ESTADO       RESPUESTA                 REVIEW
-----------------------------------------------------------------------------------------------
25/4_19:00_4e             34655940762          ENVIADO      sin respuesta             -
25/4_19:10_csi            34%C2%A0636%C2%A073%C2%A016%C2%A003%E2%80%AC ENVIADO      sin respuesta             -
25/4_17:30_4e             34690316111%E2%80%AC ENVIADO      POSITIVA                  review enviada

[2026-04-25 20:23:00] NEGATIVO | Fotos nuevas: 2 | Envios OK: 8 | Envios FAIL: 1 | Reviews negativas: 0 | Fotos borradas: 0

=== SESIÓN 20:33-20:35 (25/04/2026) ===
RESERVA                   TELÉFONO             ESTADO       RESPUESTA                 REVIEW
-----------------------------------------------------------------------------------------------
25/4_19:00_maf            34601122326          ENVIADO      sin respuesta             -
25/4_19:10_csi            34%C2%A0636%C2%A073%C2%A016%C2%A003%E2%80%AC ENVIADO      POSITIVA                  review enviada

[2026-04-25 20:37:09] NEGATIVO | Fotos nuevas: 1 | Envios OK: 9 | Envios FAIL: 1 | Reviews negativas: 0 | Fotos borradas: 1

=== SESIÓN 20:49-20:49 (25/04/2026) ===
RESERVA                   TELÉFONO             ESTADO       RESPUESTA                 REVIEW
-----------------------------------------------------------------------------------------------
25/4_19:00_maf            34601122326          ENVIADO      POSITIVA                  review enviada

[2026-04-25 20:49:39] NEGATIVO | Fotos nuevas: 0 | Envios OK: 9 | Envios FAIL: 1 | Reviews negativas: 0 | Fotos borradas: 0
[2026-04-25 21:13:46] NEGATIVO | Fotos nuevas: 0 | Envios OK: 9 | Envios FAIL: 1 | Reviews negativas: 0 | Fotos borradas: 0
[2026-04-25 21:28:45] NEGATIVO | Fotos nuevas: 0 | Envios OK: 9 | Envios FAIL: 1 | Reviews negativas: 0 | Fotos borradas: 0

=== SESIÓN 21:43-21:43 (25/04/2026) ===
RESERVA                   TELÉFONO             ESTADO       RESPUESTA                 REVIEW
-----------------------------------------------------------------------------------------------
25/4_20:30_4e             34658324461          ENVIADO      sin respuesta             -

[2026-04-25 21:46:47] NEGATIVO | Fotos nuevas: 1 | Envios OK: 10 | Envios FAIL: 1 | Reviews negativas: 0 | Fotos borradas: 1
[2026-04-25 21:59:12] NEGATIVO | Fotos nuevas: 0 | Envios OK: 10 | Envios FAIL: 1 | Reviews negativas: 0 | Fotos borradas: 0
[2026-04-25 22:14:04] NEGATIVO | Fotos nuevas: 0 | Envios OK: 10 | Envios FAIL: 1 | Reviews negativas: 0 | Fotos borradas: 0
[2026-04-25 22:29:11] NEGATIVO | Fotos nuevas: 0 | Envios OK: 10 | Envios FAIL: 1 | Reviews negativas: 0 | Fotos borradas: 0

=== SESIÓN 22:44-22:44 (25/04/2026) ===
RESERVA                   TELÉFONO             ESTADO       RESPUESTA                 REVIEW
-----------------------------------------------------------------------------------------------
25/4_20:30_4e             34658324461          ENVIADO      POSITIVA                  review enviada

[2026-04-25 22:44:44] NEGATIVO | Fotos nuevas: 0 | Envios OK: 10 | Envios FAIL: 1 | Reviews negativas: 0 | Fotos borradas: 0
[2026-04-25 22:58:55] NEGATIVO | Fotos nuevas: 0 | Envios OK: 10 | Envios FAIL: 1 | Reviews negativas: 0 | Fotos borradas: 0
[2026-04-25 23:13:55] NEGATIVO | Fotos nuevas: 0 | Envios OK: 10 | Envios FAIL: 1 | Reviews negativas: 0 | Fotos borradas: 0
