[2026-06-10 10:05:18] POSITIVO | Fotos nuevas: 0 | Envios OK: 0 | Envios FAIL: 0 | Reviews negativas: 0 | Fotos borradas: 0

=== SESIÓN 10:28-10:40 (10/06/2026) ===
RESERVA                   TELÉFONO             ESTADO       RESPUESTA                 REVIEW
-----------------------------------------------------------------------------------------------
5/6_17:30_4e/csi          34%C2%A0661%C2%A017%C2%A038%C2%A050%E2%80%AC ENVIADO      sin respuesta (texto no confirmado) -
6/6_11:30_4e              34609544005          ENVIADO      sin respuesta (texto no confirmado) -
6/6_17:40_csi             34%C2%A0644%C2%A040%C2%A004%C2%A086%E2%80%AC ENVIADO      sin respuesta (texto no confirmado) -
7/6_13:00_maf             34642913042          ENVIADO      sin respuesta (texto no confirmado) -
7/6_13:10_csi             34653578572          ENVIADO      sin respuesta (texto no confirmado) -
3/6_16:00_4e              32%C2%A0489%C2%A034%C2%A031%C2%A012%E2%80%AC ENVIADO      sin respuesta (texto no confirmado) -
3/6_16:10_csi             31%C2%A06%C2%A027024287%E2%80%AC ENVIADO      sin respuesta (texto no confirmado) -
7/6_17:30_4e              3548992971           ENVIADO      sin respuesta (texto no confirmado) -
8/6_19:00_4e              971585343215         ENVIADO      sin respuesta (texto no confirmado) -

[2026-06-10 10:52:58] POSITIVO | Fotos nuevas: 10 | Envios OK: 9 | Envios FAIL: 0 | Reviews negativas: 0 | Fotos borradas: 6

=== SESIÓN 10:28-10:40 (10/06/2026) ===
RESERVA                   TELÉFONO             ESTADO       RESPUESTA                 REVIEW
-----------------------------------------------------------------------------------------------
5/6_17:30_4e/csi          34%C2%A0661%C2%A017%C2%A038%C2%A050%E2%80%AC ENVIADO      sin respuesta (texto no confirmado) -
6/6_11:30_4e              34609544005          ENVIADO      sin respuesta (texto no confirmado) -
6/6_17:40_csi             34%C2%A0644%C2%A040%C2%A004%C2%A086%E2%80%AC ENVIADO      sin respuesta (texto no confirmado) -
7/6_13:00_maf             34642913042          ENVIADO      sin respuesta (texto no confirmado) -
7/6_13:10_csi             34653578572          ENVIADO      sin respuesta (texto no confirmado) -
3/6_16:00_4e              32%C2%A0489%C2%A034%C2%A031%C2%A012%E2%80%AC ENVIADO      sin respuesta (texto no confirmado) -
3/6_16:10_csi             31%C2%A06%C2%A027024287%E2%80%AC ENVIADO      sin respuesta (texto no confirmado) -
7/6_17:30_4e              3548992971           ENVIADO      sin respuesta (texto no confirmado) -
8/6_19:00_4e              971585343215         ENVIADO      sin respuesta (texto no confirmado) -

[2026-06-10 11:23:08] POSITIVO | Fotos nuevas: 4 | Envios OK: 9 | Envios FAIL: 0 | Reviews negativas: 0 | Fotos borradas: 0

=== SESIÓN 10:28-10:40 (10/06/2026) ===
RESERVA                   TELÉFONO             ESTADO       RESPUESTA                 REVIEW
-----------------------------------------------------------------------------------------------
5/6_17:30_4e/csi          34%C2%A0661%C2%A017%C2%A038%C2%A050%E2%80%AC ENVIADO      sin respuesta (texto no confirmado) -
6/6_11:30_4e              34609544005          ENVIADO      sin respuesta (texto no confirmado) -
6/6_17:40_csi             34%C2%A0644%C2%A040%C2%A004%C2%A086%E2%80%AC ENVIADO      sin respuesta (texto no confirmado) -
7/6_13:00_maf             34642913042          ENVIADO      sin respuesta (texto no confirmado) -
7/6_13:10_csi             34653578572          ENVIADO      sin respuesta (texto no confirmado) -
3/6_16:00_4e              32%C2%A0489%C2%A034%C2%A031%C2%A012%E2%80%AC ENVIADO      sin respuesta (texto no confirmado) -
3/6_16:10_csi             31%C2%A06%C2%A027024287%E2%80%AC ENVIADO      sin respuesta (texto no confirmado) -
7/6_17:30_4e              3548992971           ENVIADO      sin respuesta (texto no confirmado) -
8/6_19:00_4e              971585343215         ENVIADO      sin respuesta (texto no confirmado) -

[2026-06-10 11:51:37] POSITIVO | Fotos nuevas: 4 | Envios OK: 9 | Envios FAIL: 0 | Reviews negativas: 0 | Fotos borradas: 0

=== SESIÓN 10:28-10:40 (10/06/2026) ===
RESERVA                   TELÉFONO             ESTADO       RESPUESTA                 REVIEW
-----------------------------------------------------------------------------------------------
5/6_17:30_4e/csi          34%C2%A0661%C2%A017%C2%A038%C2%A050%E2%80%AC ENVIADO      sin respuesta (texto no confirmado) -
6/6_11:30_4e              34609544005          ENVIADO      sin respuesta (texto no confirmado) -
6/6_17:40_csi             34%C2%A0644%C2%A040%C2%A004%C2%A086%E2%80%AC ENVIADO      sin respuesta (texto no confirmado) -
7/6_13:00_maf             34642913042          ENVIADO      sin respuesta (texto no confirmado) -
7/6_13:10_csi             34653578572          ENVIADO      sin respuesta (texto no confirmado) -
3/6_16:00_4e              32%C2%A0489%C2%A034%C2%A031%C2%A012%E2%80%AC ENVIADO      sin respuesta (texto no confirmado) -
3/6_16:10_csi             31%C2%A06%C2%A027024287%E2%80%AC ENVIADO      sin respuesta (texto no confirmado) -
7/6_17:30_4e              3548992971           ENVIADO      sin respuesta (texto no confirmado) -
8/6_19:00_4e              971585343215         ENVIADO      sin respuesta (texto no confirmado) -

[2026-06-10 12:22:23] POSITIVO | Fotos nuevas: 4 | Envios OK: 9 | Envios FAIL: 0 | Reviews negativas: 0 | Fotos borradas: 0

=== SESIÓN 10:28-10:40 (10/06/2026) ===
RESERVA                   TELÉFONO             ESTADO       RESPUESTA                 REVIEW
-----------------------------------------------------------------------------------------------
5/6_17:30_4e/csi          34%C2%A0661%C2%A017%C2%A038%C2%A050%E2%80%AC ENVIADO      sin respuesta (texto no confirmado) -
6/6_11:30_4e              34609544005          ENVIADO      sin respuesta (texto no confirmado) -
6/6_17:40_csi             34%C2%A0644%C2%A040%C2%A004%C2%A086%E2%80%AC ENVIADO      sin respuesta (texto no confirmado) -
7/6_13:00_maf             34642913042          ENVIADO      sin respuesta (texto no confirmado) -
7/6_13:10_csi             34653578572          ENVIADO      sin respuesta (texto no confirmado) -
3/6_16:00_4e              32%C2%A0489%C2%A034%C2%A031%C2%A012%E2%80%AC ENVIADO      sin respuesta (texto no confirmado) -
3/6_16:10_csi             31%C2%A06%C2%A027024287%E2%80%AC ENVIADO      sin respuesta (texto no confirmado) -
7/6_17:30_4e              3548992971           ENVIADO      sin respuesta (texto no confirmado) -
8/6_19:00_4e              971585343215         ENVIADO      sin respuesta (texto no confirmado) -

[2026-06-10 12:51:10] POSITIVO | Fotos nuevas: 4 | Envios OK: 9 | Envios FAIL: 0 | Reviews negativas: 0 | Fotos borradas: 0

=== SESIÓN 10:28-10:40 (10/06/2026) ===
RESERVA                   TELÉFONO             ESTADO       RESPUESTA                 REVIEW
-----------------------------------------------------------------------------------------------
5/6_17:30_4e/csi          34%C2%A0661%C2%A017%C2%A038%C2%A050%E2%80%AC ENVIADO      sin respuesta (texto no confirmado) -
6/6_11:30_4e              34609544005          ENVIADO      sin respuesta (texto no confirmado) -
6/6_17:40_csi             34%C2%A0644%C2%A040%C2%A004%C2%A086%E2%80%AC ENVIADO      sin respuesta (texto no confirmado) -
7/6_13:00_maf             34642913042          ENVIADO      sin respuesta (texto no confirmado) -
7/6_13:10_csi             34653578572          ENVIADO      sin respuesta (texto no confirmado) -
3/6_16:00_4e              32%C2%A0489%C2%A034%C2%A031%C2%A012%E2%80%AC ENVIADO      sin respuesta (texto no confirmado) -
3/6_16:10_csi             31%C2%A06%C2%A027024287%E2%80%AC ENVIADO      sin respuesta (texto no confirmado) -
7/6_17:30_4e              3548992971           ENVIADO      sin respuesta (texto no confirmado) -
8/6_19:00_4e              971585343215         ENVIADO      sin respuesta (texto no confirmado) -

[2026-06-10 13:20:27] POSITIVO | Fotos nuevas: 4 | Envios OK: 9 | Envios FAIL: 0 | Reviews negativas: 0 | Fotos borradas: 0

=== SESIÓN 10:28-10:40 (10/06/2026) ===
RESERVA                   TELÉFONO             ESTADO       RESPUESTA                 REVIEW
-----------------------------------------------------------------------------------------------
5/6_17:30_4e/csi          34%C2%A0661%C2%A017%C2%A038%C2%A050%E2%80%AC ENVIADO      sin respuesta (texto no confirmado) -
6/6_11:30_4e              34609544005          ENVIADO      sin respuesta (texto no confirmado) -
6/6_17:40_csi             34%C2%A0644%C2%A040%C2%A004%C2%A086%E2%80%AC ENVIADO      sin respuesta (texto no confirmado) -
7/6_13:00_maf             34642913042          ENVIADO      sin respuesta (texto no confirmado) -
7/6_13:10_csi             34653578572          ENVIADO      sin respuesta (texto no confirmado) -
3/6_16:00_4e              32%C2%A0489%C2%A034%C2%A031%C2%A012%E2%80%AC ENVIADO      sin respuesta (texto no confirmado) -
3/6_16:10_csi             31%C2%A06%C2%A027024287%E2%80%AC ENVIADO      sin respuesta (texto no confirmado) -
7/6_17:30_4e              3548992971           ENVIADO      sin respuesta (texto no confirmado) -
8/6_19:00_4e              971585343215         ENVIADO      sin respuesta (texto no confirmado) -

[2026-06-10 13:46:52] POSITIVO | Fotos nuevas: 4 | Envios OK: 9 | Envios FAIL: 0 | Reviews negativas: 0 | Fotos borradas: 0

=== SESIÓN 10:28-10:40 (10/06/2026) ===
RESERVA                   TELÉFONO             ESTADO       RESPUESTA                 REVIEW
-----------------------------------------------------------------------------------------------
5/6_17:30_4e/csi          34%C2%A0661%C2%A017%C2%A038%C2%A050%E2%80%AC ENVIADO      sin respuesta (texto no confirmado) -
6/6_11:30_4e              34609544005          ENVIADO      sin respuesta (texto no confirmado) -
6/6_17:40_csi             34%C2%A0644%C2%A040%C2%A004%C2%A086%E2%80%AC ENVIADO      sin respuesta (texto no confirmado) -
7/6_13:00_maf             34642913042          ENVIADO      sin respuesta (texto no confirmado) -
7/6_13:10_csi             34653578572          ENVIADO      sin respuesta (texto no confirmado) -
3/6_16:00_4e              32%C2%A0489%C2%A034%C2%A031%C2%A012%E2%80%AC ENVIADO      sin respuesta (texto no confirmado) -
3/6_16:10_csi             31%C2%A06%C2%A027024287%E2%80%AC ENVIADO      sin respuesta (texto no confirmado) -
7/6_17:30_4e              3548992971           ENVIADO      sin respuesta (texto no confirmado) -
8/6_19:00_4e              971585343215         ENVIADO      sin respuesta (texto no confirmado) -

[2026-06-10 14:13:33] POSITIVO | Fotos nuevas: 4 | Envios OK: 9 | Envios FAIL: 0 | Reviews negativas: 0 | Fotos borradas: 0

=== SESIÓN 10:28-10:40 (10/06/2026) ===
RESERVA                   TELÉFONO             ESTADO       RESPUESTA                 REVIEW
-----------------------------------------------------------------------------------------------
5/6_17:30_4e/csi          34%C2%A0661%C2%A017%C2%A038%C2%A050%E2%80%AC ENVIADO      sin respuesta (texto no confirmado) -
6/6_11:30_4e              34609544005          ENVIADO      sin respuesta (texto no confirmado) -
6/6_17:40_csi             34%C2%A0644%C2%A040%C2%A004%C2%A086%E2%80%AC ENVIADO      sin respuesta (texto no confirmado) -
7/6_13:00_maf             34642913042          ENVIADO      sin respuesta (texto no confirmado) -
7/6_13:10_csi             34653578572          ENVIADO      sin respuesta (texto no confirmado) -
3/6_16:00_4e              32%C2%A0489%C2%A034%C2%A031%C2%A012%E2%80%AC ENVIADO      sin respuesta (texto no confirmado) -
3/6_16:10_csi             31%C2%A06%C2%A027024287%E2%80%AC ENVIADO      sin respuesta (texto no confirmado) -
7/6_17:30_4e              3548992971           ENVIADO      sin respuesta (texto no confirmado) -
8/6_19:00_4e              971585343215         ENVIADO      sin respuesta (texto no confirmado) -

[2026-06-10 14:41:58] POSITIVO | Fotos nuevas: 4 | Envios OK: 9 | Envios FAIL: 0 | Reviews negativas: 0 | Fotos borradas: 0

=== SESIÓN 10:28-10:40 (10/06/2026) ===
RESERVA                   TELÉFONO             ESTADO       RESPUESTA                 REVIEW
-----------------------------------------------------------------------------------------------
5/6_17:30_4e/csi          34%C2%A0661%C2%A017%C2%A038%C2%A050%E2%80%AC ENVIADO      sin respuesta (texto no confirmado) -
6/6_11:30_4e              34609544005          ENVIADO      sin respuesta (texto no confirmado) -
6/6_17:40_csi             34%C2%A0644%C2%A040%C2%A004%C2%A086%E2%80%AC ENVIADO      sin respuesta (texto no confirmado) -
7/6_13:00_maf             34642913042          ENVIADO      sin respuesta (texto no confirmado) -
7/6_13:10_csi             34653578572          ENVIADO      sin respuesta (texto no confirmado) -
3/6_16:00_4e              32%C2%A0489%C2%A034%C2%A031%C2%A012%E2%80%AC ENVIADO      sin respuesta (texto no confirmado) -
3/6_16:10_csi             31%C2%A06%C2%A027024287%E2%80%AC ENVIADO      sin respuesta (texto no confirmado) -
7/6_17:30_4e              3548992971           ENVIADO      sin respuesta (texto no confirmado) -
8/6_19:00_4e              971585343215         ENVIADO      sin respuesta (texto no confirmado) -

[2026-06-10 15:08:11] POSITIVO | Fotos nuevas: 4 | Envios OK: 9 | Envios FAIL: 0 | Reviews negativas: 0 | Fotos borradas: 0

=== SESIÓN 10:28-10:40 (10/06/2026) ===
RESERVA                   TELÉFONO             ESTADO       RESPUESTA                 REVIEW
-----------------------------------------------------------------------------------------------
5/6_17:30_4e/csi          34%C2%A0661%C2%A017%C2%A038%C2%A050%E2%80%AC ENVIADO      sin respuesta (texto no confirmado) -
6/6_11:30_4e              34609544005          ENVIADO      sin respuesta (texto no confirmado) -
6/6_17:40_csi             34%C2%A0644%C2%A040%C2%A004%C2%A086%E2%80%AC ENVIADO      sin respuesta (texto no confirmado) -
7/6_13:00_maf             34642913042          ENVIADO      sin respuesta (texto no confirmado) -
7/6_13:10_csi             34653578572          ENVIADO      sin respuesta (texto no confirmado) -
3/6_16:00_4e              32%C2%A0489%C2%A034%C2%A031%C2%A012%E2%80%AC ENVIADO      sin respuesta (texto no confirmado) -
3/6_16:10_csi             31%C2%A06%C2%A027024287%E2%80%AC ENVIADO      sin respuesta (texto no confirmado) -
7/6_17:30_4e              3548992971           ENVIADO      sin respuesta (texto no confirmado) -
8/6_19:00_4e              971585343215         ENVIADO      sin respuesta (texto no confirmado) -

[2026-06-10 15:34:40] POSITIVO | Fotos nuevas: 4 | Envios OK: 9 | Envios FAIL: 0 | Reviews negativas: 0 | Fotos borradas: 0

=== SESIÓN 10:28-10:40 (10/06/2026) ===
RESERVA                   TELÉFONO             ESTADO       RESPUESTA                 REVIEW
-----------------------------------------------------------------------------------------------
5/6_17:30_4e/csi          34%C2%A0661%C2%A017%C2%A038%C2%A050%E2%80%AC ENVIADO      sin respuesta (texto no confirmado) -
6/6_11:30_4e              34609544005          ENVIADO      sin respuesta (texto no confirmado) -
6/6_17:40_csi             34%C2%A0644%C2%A040%C2%A004%C2%A086%E2%80%AC ENVIADO      sin respuesta (texto no confirmado) -
7/6_13:00_maf             34642913042          ENVIADO      sin respuesta (texto no confirmado) -
7/6_13:10_csi             34653578572          ENVIADO      sin respuesta (texto no confirmado) -
3/6_16:00_4e              32%C2%A0489%C2%A034%C2%A031%C2%A012%E2%80%AC ENVIADO      sin respuesta (texto no confirmado) -
3/6_16:10_csi             31%C2%A06%C2%A027024287%E2%80%AC ENVIADO      sin respuesta (texto no confirmado) -
7/6_17:30_4e              3548992971           ENVIADO      sin respuesta (texto no confirmado) -
8/6_19:00_4e              971585343215         ENVIADO      sin respuesta (texto no confirmado) -

[2026-06-10 16:01:02] POSITIVO | Fotos nuevas: 4 | Envios OK: 9 | Envios FAIL: 0 | Reviews negativas: 0 | Fotos borradas: 0

=== SESIÓN 10:28-10:40 (10/06/2026) ===
RESERVA                   TELÉFONO             ESTADO       RESPUESTA                 REVIEW
-----------------------------------------------------------------------------------------------
5/6_17:30_4e/csi          34%C2%A0661%C2%A017%C2%A038%C2%A050%E2%80%AC ENVIADO      sin respuesta (texto no confirmado) -
6/6_11:30_4e              34609544005          ENVIADO      sin respuesta (texto no confirmado) -
6/6_17:40_csi             34%C2%A0644%C2%A040%C2%A004%C2%A086%E2%80%AC ENVIADO      sin respuesta (texto no confirmado) -
7/6_13:00_maf             34642913042          ENVIADO      sin respuesta (texto no confirmado) -
7/6_13:10_csi             34653578572          ENVIADO      sin respuesta (texto no confirmado) -
3/6_16:00_4e              32%C2%A0489%C2%A034%C2%A031%C2%A012%E2%80%AC ENVIADO      sin respuesta (texto no confirmado) -
3/6_16:10_csi             31%C2%A06%C2%A027024287%E2%80%AC ENVIADO      sin respuesta (texto no confirmado) -
7/6_17:30_4e              3548992971           ENVIADO      sin respuesta (texto no confirmado) -
8/6_19:00_4e              971585343215         ENVIADO      sin respuesta (texto no confirmado) -

[2026-06-10 16:28:10] POSITIVO | Fotos nuevas: 4 | Envios OK: 9 | Envios FAIL: 0 | Reviews negativas: 0 | Fotos borradas: 0

=== SESIÓN 10:28-10:40 (10/06/2026) ===
RESERVA                   TELÉFONO             ESTADO       RESPUESTA                 REVIEW
-----------------------------------------------------------------------------------------------
5/6_17:30_4e/csi          34%C2%A0661%C2%A017%C2%A038%C2%A050%E2%80%AC ENVIADO      sin respuesta (texto no confirmado) -
6/6_11:30_4e              34609544005          ENVIADO      sin respuesta (texto no confirmado) -
6/6_17:40_csi             34%C2%A0644%C2%A040%C2%A004%C2%A086%E2%80%AC ENVIADO      sin respuesta (texto no confirmado) -
7/6_13:00_maf             34642913042          ENVIADO      sin respuesta (texto no confirmado) -
7/6_13:10_csi             34653578572          ENVIADO      sin respuesta (texto no confirmado) -
3/6_16:00_4e              32%C2%A0489%C2%A034%C2%A031%C2%A012%E2%80%AC ENVIADO      sin respuesta (texto no confirmado) -
3/6_16:10_csi             31%C2%A06%C2%A027024287%E2%80%AC ENVIADO      sin respuesta (texto no confirmado) -
7/6_17:30_4e              3548992971           ENVIADO      sin respuesta (texto no confirmado) -
8/6_19:00_4e              971585343215         ENVIADO      sin respuesta (texto no confirmado) -

[2026-06-10 16:54:18] POSITIVO | Fotos nuevas: 4 | Envios OK: 9 | Envios FAIL: 0 | Reviews negativas: 0 | Fotos borradas: 0

=== SESIÓN 10:28-10:40 (10/06/2026) ===
RESERVA                   TELÉFONO             ESTADO       RESPUESTA                 REVIEW
-----------------------------------------------------------------------------------------------
5/6_17:30_4e/csi          34%C2%A0661%C2%A017%C2%A038%C2%A050%E2%80%AC ENVIADO      sin respuesta (texto no confirmado) -
6/6_11:30_4e              34609544005          ENVIADO      sin respuesta (texto no confirmado) -
6/6_17:40_csi             34%C2%A0644%C2%A040%C2%A004%C2%A086%E2%80%AC ENVIADO      sin respuesta (texto no confirmado) -
7/6_13:00_maf             34642913042          ENVIADO      sin respuesta (texto no confirmado) -
7/6_13:10_csi             34653578572          ENVIADO      sin respuesta (texto no confirmado) -
3/6_16:00_4e              32%C2%A0489%C2%A034%C2%A031%C2%A012%E2%80%AC ENVIADO      sin respuesta (texto no confirmado) -
3/6_16:10_csi             31%C2%A06%C2%A027024287%E2%80%AC ENVIADO      sin respuesta (texto no confirmado) -
7/6_17:30_4e              3548992971           ENVIADO      sin respuesta (texto no confirmado) -
8/6_19:00_4e              971585343215         ENVIADO      sin respuesta (texto no confirmado) -

[2026-06-10 17:21:32] POSITIVO | Fotos nuevas: 4 | Envios OK: 9 | Envios FAIL: 0 | Reviews negativas: 0 | Fotos borradas: 0

=== SESIÓN 10:28-10:40 (10/06/2026) ===
RESERVA                   TELÉFONO             ESTADO       RESPUESTA                 REVIEW
-----------------------------------------------------------------------------------------------
5/6_17:30_4e/csi          34%C2%A0661%C2%A017%C2%A038%C2%A050%E2%80%AC ENVIADO      sin respuesta (texto no confirmado) -
6/6_11:30_4e              34609544005          ENVIADO      sin respuesta (texto no confirmado) -
6/6_17:40_csi             34%C2%A0644%C2%A040%C2%A004%C2%A086%E2%80%AC ENVIADO      sin respuesta (texto no confirmado) -
7/6_13:00_maf             34642913042          ENVIADO      sin respuesta (texto no confirmado) -
7/6_13:10_csi             34653578572          ENVIADO      sin respuesta (texto no confirmado) -
3/6_16:00_4e              32%C2%A0489%C2%A034%C2%A031%C2%A012%E2%80%AC ENVIADO      sin respuesta (texto no confirmado) -
3/6_16:10_csi             31%C2%A06%C2%A027024287%E2%80%AC ENVIADO      sin respuesta (texto no confirmado) -
7/6_17:30_4e              3548992971           ENVIADO      sin respuesta (texto no confirmado) -
8/6_19:00_4e              971585343215         ENVIADO      sin respuesta (texto no confirmado) -

[2026-06-10 17:47:49] POSITIVO | Fotos nuevas: 4 | Envios OK: 9 | Envios FAIL: 0 | Reviews negativas: 0 | Fotos borradas: 0

=== SESIÓN 10:28-10:40 (10/06/2026) ===
RESERVA                   TELÉFONO             ESTADO       RESPUESTA                 REVIEW
-----------------------------------------------------------------------------------------------
5/6_17:30_4e/csi          34%C2%A0661%C2%A017%C2%A038%C2%A050%E2%80%AC ENVIADO      sin respuesta (texto no confirmado) -
6/6_11:30_4e              34609544005          ENVIADO      sin respuesta (texto no confirmado) -
6/6_17:40_csi             34%C2%A0644%C2%A040%C2%A004%C2%A086%E2%80%AC ENVIADO      sin respuesta (texto no confirmado) -
7/6_13:00_maf             34642913042          ENVIADO      sin respuesta (texto no confirmado) -
7/6_13:10_csi             34653578572          ENVIADO      sin respuesta (texto no confirmado) -
3/6_16:00_4e              32%C2%A0489%C2%A034%C2%A031%C2%A012%E2%80%AC ENVIADO      sin respuesta (texto no confirmado) -
3/6_16:10_csi             31%C2%A06%C2%A027024287%E2%80%AC ENVIADO      sin respuesta (texto no confirmado) -
7/6_17:30_4e              3548992971           ENVIADO      sin respuesta (texto no confirmado) -
8/6_19:00_4e              971585343215         ENVIADO      sin respuesta (texto no confirmado) -

[2026-06-10 18:13:53] POSITIVO | Fotos nuevas: 4 | Envios OK: 9 | Envios FAIL: 0 | Reviews negativas: 0 | Fotos borradas: 0

=== SESIÓN 10:28-10:40 (10/06/2026) ===
RESERVA                   TELÉFONO             ESTADO       RESPUESTA                 REVIEW
-----------------------------------------------------------------------------------------------
5/6_17:30_4e/csi          34%C2%A0661%C2%A017%C2%A038%C2%A050%E2%80%AC ENVIADO      sin respuesta (texto no confirmado) -
6/6_11:30_4e              34609544005          ENVIADO      sin respuesta (texto no confirmado) -
6/6_17:40_csi             34%C2%A0644%C2%A040%C2%A004%C2%A086%E2%80%AC ENVIADO      sin respuesta (texto no confirmado) -
7/6_13:00_maf             34642913042          ENVIADO      sin respuesta (texto no confirmado) -
7/6_13:10_csi             34653578572          ENVIADO      sin respuesta (texto no confirmado) -
3/6_16:00_4e              32%C2%A0489%C2%A034%C2%A031%C2%A012%E2%80%AC ENVIADO      sin respuesta (texto no confirmado) -
3/6_16:10_csi             31%C2%A06%C2%A027024287%E2%80%AC ENVIADO      sin respuesta (texto no confirmado) -
7/6_17:30_4e              3548992971           ENVIADO      sin respuesta (texto no confirmado) -
8/6_19:00_4e              971585343215         ENVIADO      sin respuesta (texto no confirmado) -

[2026-06-10 18:40:20] POSITIVO | Fotos nuevas: 4 | Envios OK: 9 | Envios FAIL: 0 | Reviews negativas: 0 | Fotos borradas: 0

=== SESIÓN 10:28-10:40 (10/06/2026) ===
RESERVA                   TELÉFONO             ESTADO       RESPUESTA                 REVIEW
-----------------------------------------------------------------------------------------------
5/6_17:30_4e/csi          34%C2%A0661%C2%A017%C2%A038%C2%A050%E2%80%AC ENVIADO      sin respuesta (texto no confirmado) -
6/6_11:30_4e              34609544005          ENVIADO      sin respuesta (texto no confirmado) -
6/6_17:40_csi             34%C2%A0644%C2%A040%C2%A004%C2%A086%E2%80%AC ENVIADO      sin respuesta (texto no confirmado) -
7/6_13:00_maf             34642913042          ENVIADO      sin respuesta (texto no confirmado) -
7/6_13:10_csi             34653578572          ENVIADO      sin respuesta (texto no confirmado) -
3/6_16:00_4e              32%C2%A0489%C2%A034%C2%A031%C2%A012%E2%80%AC ENVIADO      sin respuesta (texto no confirmado) -
3/6_16:10_csi             31%C2%A06%C2%A027024287%E2%80%AC ENVIADO      sin respuesta (texto no confirmado) -
7/6_17:30_4e              3548992971           ENVIADO      sin respuesta (texto no confirmado) -
8/6_19:00_4e              971585343215         ENVIADO      sin respuesta (texto no confirmado) -

[2026-06-10 19:06:37] POSITIVO | Fotos nuevas: 4 | Envios OK: 9 | Envios FAIL: 0 | Reviews negativas: 0 | Fotos borradas: 0

=== SESIÓN 10:28-10:40 (10/06/2026) ===
RESERVA                   TELÉFONO             ESTADO       RESPUESTA                 REVIEW
-----------------------------------------------------------------------------------------------
5/6_17:30_4e/csi          34%C2%A0661%C2%A017%C2%A038%C2%A050%E2%80%AC ENVIADO      sin respuesta (texto no confirmado) -
6/6_11:30_4e              34609544005          ENVIADO      sin respuesta (texto no confirmado) -
6/6_17:40_csi             34%C2%A0644%C2%A040%C2%A004%C2%A086%E2%80%AC ENVIADO      sin respuesta (texto no confirmado) -
7/6_13:00_maf             34642913042          ENVIADO      sin respuesta (texto no confirmado) -
7/6_13:10_csi             34653578572          ENVIADO      sin respuesta (texto no confirmado) -
3/6_16:00_4e              32%C2%A0489%C2%A034%C2%A031%C2%A012%E2%80%AC ENVIADO      sin respuesta (texto no confirmado) -
3/6_16:10_csi             31%C2%A06%C2%A027024287%E2%80%AC ENVIADO      sin respuesta (texto no confirmado) -
7/6_17:30_4e              3548992971           ENVIADO      sin respuesta (texto no confirmado) -
8/6_19:00_4e              971585343215         ENVIADO      sin respuesta (texto no confirmado) -

[2026-06-10 19:33:04] POSITIVO | Fotos nuevas: 4 | Envios OK: 9 | Envios FAIL: 0 | Reviews negativas: 0 | Fotos borradas: 0

=== SESIÓN 10:28-19:53 (10/06/2026) ===
RESERVA                   TELÉFONO             ESTADO       RESPUESTA                 REVIEW
-----------------------------------------------------------------------------------------------
5/6_17:30_4e/csi          34%C2%A0661%C2%A017%C2%A038%C2%A050%E2%80%AC ENVIADO      sin respuesta (texto no confirmado) -
6/6_11:30_4e              34609544005          ENVIADO      sin respuesta (texto no confirmado) -
6/6_17:40_csi             34%C2%A0644%C2%A040%C2%A004%C2%A086%E2%80%AC ENVIADO      sin respuesta (texto no confirmado) -
7/6_13:00_maf             34642913042          ENVIADO      sin respuesta (texto no confirmado) -
7/6_13:10_csi             34653578572          ENVIADO      sin respuesta (texto no confirmado) -
3/6_16:00_4e              32%C2%A0489%C2%A034%C2%A031%C2%A012%E2%80%AC ENVIADO      sin respuesta (texto no confirmado) -
3/6_16:10_csi             31%C2%A06%C2%A027024287%E2%80%AC ENVIADO      sin respuesta (texto no confirmado) -
7/6_17:30_4e              3548992971           ENVIADO      sin respuesta (texto no confirmado) -
8/6_19:00_4e              971585343215         ENVIADO      sin respuesta (texto no confirmado) -
10/6_19:00_4e             23058354430Si        ENVIADO      sin respuesta (texto no confirmado) -

[2026-06-10 20:01:18] POSITIVO | Fotos nuevas: 5 | Envios OK: 10 | Envios FAIL: 0 | Reviews negativas: 0 | Fotos borradas: 1

=== SESIÓN 10:28-19:53 (10/06/2026) ===
RESERVA                   TELÉFONO             ESTADO       RESPUESTA                 REVIEW
-----------------------------------------------------------------------------------------------
5/6_17:30_4e/csi          34%C2%A0661%C2%A017%C2%A038%C2%A050%E2%80%AC ENVIADO      sin respuesta (texto no confirmado) -
6/6_11:30_4e              34609544005          ENVIADO      sin respuesta (texto no confirmado) -
6/6_17:40_csi             34%C2%A0644%C2%A040%C2%A004%C2%A086%E2%80%AC ENVIADO      sin respuesta (texto no confirmado) -
7/6_13:00_maf             34642913042          ENVIADO      sin respuesta (texto no confirmado) -
7/6_13:10_csi             34653578572          ENVIADO      sin respuesta (texto no confirmado) -
3/6_16:00_4e              32%C2%A0489%C2%A034%C2%A031%C2%A012%E2%80%AC ENVIADO      sin respuesta (texto no confirmado) -
3/6_16:10_csi             31%C2%A06%C2%A027024287%E2%80%AC ENVIADO      sin respuesta (texto no confirmado) -
7/6_17:30_4e              3548992971           ENVIADO      sin respuesta (texto no confirmado) -
8/6_19:00_4e              971585343215         ENVIADO      sin respuesta (texto no confirmado) -
10/6_19:00_4e             23058354430Si        ENVIADO      sin respuesta (texto no confirmado) -

[2026-06-10 20:27:50] POSITIVO | Fotos nuevas: 4 | Envios OK: 10 | Envios FAIL: 0 | Reviews negativas: 0 | Fotos borradas: 0
