
=== SESIÓN 10:13-10:13 (26/04/2026) ===
RESERVA                   TELÉFONO             ESTADO       RESPUESTA                 REVIEW
-----------------------------------------------------------------------------------------------
24/4_17:30_4e             34645697994          ENVIADO      sin respuesta             -

[2026-04-26 10:16:40] POSITIVO | Fotos nuevas: 1 | Envios OK: 1 | Envios FAIL: 0 | Reviews negativas: 0 | Fotos borradas: 0
[2026-04-26 10:29:15] POSITIVO | Fotos nuevas: 0 | Envios OK: 1 | Envios FAIL: 0 | Reviews negativas: 0 | Fotos borradas: 0

=== SESIÓN 10:44-10:44 (26/04/2026) ===
RESERVA                   TELÉFONO             ESTADO       RESPUESTA                 REVIEW
-----------------------------------------------------------------------------------------------
24/4_17:30_4e             34645697994          ENVIADO      NEUTRAL (guardado para revisión) -

[2026-04-26 10:44:14] POSITIVO | Fotos nuevas: 0 | Envios OK: 1 | Envios FAIL: 0 | Reviews negativas: 0 | Fotos borradas: 0

=== SESIÓN 10:59-10:59 (26/04/2026) ===
RESERVA                   TELÉFONO             ESTADO       RESPUESTA                 REVIEW
-----------------------------------------------------------------------------------------------
25/4_19:00_4e             34655940762          ENVIADO      POSITIVA                  review enviada

[2026-04-26 10:59:21] POSITIVO | Fotos nuevas: 0 | Envios OK: 1 | Envios FAIL: 0 | Reviews negativas: 0 | Fotos borradas: 0
[2026-04-26 11:13:29] POSITIVO | Fotos nuevas: 0 | Envios OK: 1 | Envios FAIL: 0 | Reviews negativas: 0 | Fotos borradas: 0
[2026-04-26 11:28:35] POSITIVO | Fotos nuevas: 0 | Envios OK: 1 | Envios FAIL: 0 | Reviews negativas: 0 | Fotos borradas: 0
[2026-04-26 11:43:27] POSITIVO | Fotos nuevas: 0 | Envios OK: 1 | Envios FAIL: 0 | Reviews negativas: 0 | Fotos borradas: 0
[2026-04-26 11:58:29] POSITIVO | Fotos nuevas: 0 | Envios OK: 1 | Envios FAIL: 0 | Reviews negativas: 0 | Fotos borradas: 0
[2026-04-26 12:13:30] POSITIVO | Fotos nuevas: 0 | Envios OK: 1 | Envios FAIL: 0 | Reviews negativas: 0 | Fotos borradas: 0
[2026-04-26 12:28:32] POSITIVO | Fotos nuevas: 0 | Envios OK: 1 | Envios FAIL: 0 | Reviews negativas: 0 | Fotos borradas: 0
[2026-04-26 12:43:40] POSITIVO | Fotos nuevas: 0 | Envios OK: 1 | Envios FAIL: 0 | Reviews negativas: 0 | Fotos borradas: 0
[2026-04-26 12:58:30] POSITIVO | Fotos nuevas: 0 | Envios OK: 1 | Envios FAIL: 0 | Reviews negativas: 0 | Fotos borradas: 0
[2026-04-26 13:13:32] POSITIVO | Fotos nuevas: 0 | Envios OK: 1 | Envios FAIL: 0 | Reviews negativas: 0 | Fotos borradas: 0
[2026-04-26 13:28:37] POSITIVO | Fotos nuevas: 0 | Envios OK: 1 | Envios FAIL: 0 | Reviews negativas: 0 | Fotos borradas: 0
[2026-04-26 13:43:30] POSITIVO | Fotos nuevas: 0 | Envios OK: 1 | Envios FAIL: 0 | Reviews negativas: 0 | Fotos borradas: 0
[2026-04-26 13:58:28] POSITIVO | Fotos nuevas: 0 | Envios OK: 1 | Envios FAIL: 0 | Reviews negativas: 0 | Fotos borradas: 0
[2026-04-26 14:13:38] POSITIVO | Fotos nuevas: 0 | Envios OK: 1 | Envios FAIL: 0 | Reviews negativas: 0 | Fotos borradas: 0

=== SESIÓN 14:28-14:28 (26/04/2026) ===
RESERVA                   TELÉFONO             ESTADO       RESPUESTA                 REVIEW
-----------------------------------------------------------------------------------------------
26/4_13:10_csi            34681874418          ENVIADO      sin respuesta             -

[2026-04-26 14:31:45] POSITIVO | Fotos nuevas: 1 | Envios OK: 2 | Envios FAIL: 0 | Reviews negativas: 0 | Fotos borradas: 1
[2026-04-26 14:44:03] POSITIVO | Fotos nuevas: 0 | Envios OK: 2 | Envios FAIL: 0 | Reviews negativas: 0 | Fotos borradas: 0
[2026-04-26 14:58:49] POSITIVO | Fotos nuevas: 0 | Envios OK: 2 | Envios FAIL: 0 | Reviews negativas: 0 | Fotos borradas: 0
[2026-04-26 15:13:46] POSITIVO | Fotos nuevas: 0 | Envios OK: 2 | Envios FAIL: 0 | Reviews negativas: 0 | Fotos borradas: 0
[2026-04-26 15:29:01] POSITIVO | Fotos nuevas: 0 | Envios OK: 2 | Envios FAIL: 0 | Reviews negativas: 0 | Fotos borradas: 0
[2026-04-26 15:43:50] POSITIVO | Fotos nuevas: 0 | Envios OK: 2 | Envios FAIL: 0 | Reviews negativas: 0 | Fotos borradas: 0
[2026-04-26 15:58:46] POSITIVO | Fotos nuevas: 0 | Envios OK: 2 | Envios FAIL: 0 | Reviews negativas: 0 | Fotos borradas: 0
[2026-04-26 16:13:46] POSITIVO | Fotos nuevas: 0 | Envios OK: 2 | Envios FAIL: 0 | Reviews negativas: 0 | Fotos borradas: 0
[2026-04-26 16:28:47] POSITIVO | Fotos nuevas: 0 | Envios OK: 2 | Envios FAIL: 0 | Reviews negativas: 0 | Fotos borradas: 0
[2026-04-26 16:43:55] POSITIVO | Fotos nuevas: 0 | Envios OK: 2 | Envios FAIL: 0 | Reviews negativas: 0 | Fotos borradas: 0
[2026-04-26 16:58:44] POSITIVO | Fotos nuevas: 0 | Envios OK: 2 | Envios FAIL: 0 | Reviews negativas: 0 | Fotos borradas: 0
[2026-04-26 17:13:47] POSITIVO | Fotos nuevas: 0 | Envios OK: 2 | Envios FAIL: 0 | Reviews negativas: 0 | Fotos borradas: 0
[2026-04-26 17:28:56] POSITIVO | Fotos nuevas: 0 | Envios OK: 2 | Envios FAIL: 0 | Reviews negativas: 0 | Fotos borradas: 0
[2026-04-26 17:44:11] POSITIVO | Fotos nuevas: 0 | Envios OK: 2 | Envios FAIL: 0 | Reviews negativas: 0 | Fotos borradas: 0
[2026-04-26 17:59:15] POSITIVO | Fotos nuevas: 0 | Envios OK: 2 | Envios FAIL: 0 | Reviews negativas: 0 | Fotos borradas: 0
[2026-04-26 18:14:02] POSITIVO | Fotos nuevas: 0 | Envios OK: 2 | Envios FAIL: 0 | Reviews negativas: 0 | Fotos borradas: 0
[2026-04-26 18:28:56] POSITIVO | Fotos nuevas: 0 | Envios OK: 2 | Envios FAIL: 0 | Reviews negativas: 0 | Fotos borradas: 0
[2026-04-26 18:43:59] POSITIVO | Fotos nuevas: 0 | Envios OK: 2 | Envios FAIL: 0 | Reviews negativas: 0 | Fotos borradas: 0
[2026-04-26 18:58:53] POSITIVO | Fotos nuevas: 0 | Envios OK: 2 | Envios FAIL: 0 | Reviews negativas: 0 | Fotos borradas: 0
[2026-04-26 19:13:55] POSITIVO | Fotos nuevas: 0 | Envios OK: 2 | Envios FAIL: 0 | Reviews negativas: 0 | Fotos borradas: 0
[2026-04-26 19:28:47] POSITIVO | Fotos nuevas: 0 | Envios OK: 2 | Envios FAIL: 0 | Reviews negativas: 0 | Fotos borradas: 0
[2026-04-26 19:43:50] POSITIVO | Fotos nuevas: 0 | Envios OK: 2 | Envios FAIL: 0 | Reviews negativas: 0 | Fotos borradas: 0
[2026-04-26 19:58:46] POSITIVO | Fotos nuevas: 0 | Envios OK: 2 | Envios FAIL: 0 | Reviews negativas: 0 | Fotos borradas: 0
[2026-04-26 20:13:56] POSITIVO | Fotos nuevas: 0 | Envios OK: 2 | Envios FAIL: 0 | Reviews negativas: 0 | Fotos borradas: 0
[2026-04-26 20:28:46] POSITIVO | Fotos nuevas: 0 | Envios OK: 2 | Envios FAIL: 0 | Reviews negativas: 0 | Fotos borradas: 0
[2026-04-26 20:43:50] POSITIVO | Fotos nuevas: 0 | Envios OK: 2 | Envios FAIL: 0 | Reviews negativas: 0 | Fotos borradas: 0
[2026-04-26 20:58:52] POSITIVO | Fotos nuevas: 0 | Envios OK: 2 | Envios FAIL: 0 | Reviews negativas: 0 | Fotos borradas: 0
[2026-04-26 21:14:24] POSITIVO | Fotos nuevas: 0 | Envios OK: 2 | Envios FAIL: 0 | Reviews negativas: 0 | Fotos borradas: 0
[2026-04-26 21:28:51] POSITIVO | Fotos nuevas: 0 | Envios OK: 2 | Envios FAIL: 0 | Reviews negativas: 0 | Fotos borradas: 0
[2026-04-26 21:43:50] POSITIVO | Fotos nuevas: 0 | Envios OK: 2 | Envios FAIL: 0 | Reviews negativas: 0 | Fotos borradas: 0
[2026-04-26 21:58:51] POSITIVO | Fotos nuevas: 0 | Envios OK: 2 | Envios FAIL: 0 | Reviews negativas: 0 | Fotos borradas: 0
[2026-04-26 22:14:04] POSITIVO | Fotos nuevas: 0 | Envios OK: 2 | Envios FAIL: 0 | Reviews negativas: 0 | Fotos borradas: 0
[2026-04-26 22:29:18] POSITIVO | Fotos nuevas: 0 | Envios OK: 2 | Envios FAIL: 0 | Reviews negativas: 0 | Fotos borradas: 0
[2026-04-26 22:43:43] POSITIVO | Fotos nuevas: 0 | Envios OK: 2 | Envios FAIL: 0 | Reviews negativas: 0 | Fotos borradas: 0
[2026-04-26 22:59:03] POSITIVO | Fotos nuevas: 0 | Envios OK: 2 | Envios FAIL: 0 | Reviews negativas: 0 | Fotos borradas: 0
[2026-04-26 23:13:58] POSITIVO | Fotos nuevas: 0 | Envios OK: 2 | Envios FAIL: 0 | Reviews negativas: 0 | Fotos borradas: 0
