
=== SESIÓN 18:26-21:59 (17/05/2026) ===
RESERVA                   TELÉFONO             ESTADO       RESPUESTA                 REVIEW
-----------------------------------------------------------------------------------------------
16/5_17:30_4e             34662691916          ENVIADO      sin respuesta             -
16/5_17:40_csi            34661826756          ENVIADO      sin respuesta             -
15/5_19:00_4e             34680445843          ENVIADO      POSITIVA                  review enviada
16/5_17:40_csi            34661826756          ENVIADO      POSITIVA                  review enviada
16/5_19:10_csi            34676007933          ENVIADO      sin respuesta             -
16/5_19:10_csi            34676007933          ENVIADO      POSITIVA                  review enviada
16/5_19:00_4e             34%C2%A0635%C2%A088%C2%A014%C2%A013%E2%80%AC ENVIADO      sin respuesta             -
16/5_19:00_4e             34%C2%A0635%C2%A088%C2%A014%C2%A013%E2%80%AC ENVIADO      POSITIVA                  review enviada
16/5_20:40_csi            34670238951          ENVIADO      sin respuesta             -

[2026-05-17 10:07:51] POSITIVO | Fotos nuevas: 0 | Envios OK: 0 | Envios FAIL: 0 | Reviews negativas: 0 | Fotos borradas: 0

=== SESIÓN 18:26-21:59 (17/05/2026) ===
RESERVA                   TELÉFONO             ESTADO       RESPUESTA                 REVIEW
-----------------------------------------------------------------------------------------------
16/5_17:30_4e             34662691916          ENVIADO      sin respuesta             -
16/5_17:40_csi            34661826756          ENVIADO      sin respuesta             -
15/5_19:00_4e             34680445843          ENVIADO      POSITIVA                  review enviada
16/5_17:40_csi            34661826756          ENVIADO      POSITIVA                  review enviada
16/5_19:10_csi            34676007933          ENVIADO      sin respuesta             -
16/5_19:10_csi            34676007933          ENVIADO      POSITIVA                  review enviada
16/5_19:00_4e             34%C2%A0635%C2%A088%C2%A014%C2%A013%E2%80%AC ENVIADO      sin respuesta             -
16/5_19:00_4e             34%C2%A0635%C2%A088%C2%A014%C2%A013%E2%80%AC ENVIADO      POSITIVA                  review enviada
16/5_20:40_csi            34670238951          ENVIADO      sin respuesta             -

[2026-05-17 10:26:23] POSITIVO | Fotos nuevas: 0 | Envios OK: 0 | Envios FAIL: 0 | Reviews negativas: 0 | Fotos borradas: 0

=== SESIÓN 18:26-21:59 (17/05/2026) ===
RESERVA                   TELÉFONO             ESTADO       RESPUESTA                 REVIEW
-----------------------------------------------------------------------------------------------
16/5_17:30_4e             34662691916          ENVIADO      sin respuesta             -
16/5_17:40_csi            34661826756          ENVIADO      sin respuesta             -
15/5_19:00_4e             34680445843          ENVIADO      POSITIVA                  review enviada
16/5_17:40_csi            34661826756          ENVIADO      POSITIVA                  review enviada
16/5_19:10_csi            34676007933          ENVIADO      sin respuesta             -
16/5_19:10_csi            34676007933          ENVIADO      POSITIVA                  review enviada
16/5_19:00_4e             34%C2%A0635%C2%A088%C2%A014%C2%A013%E2%80%AC ENVIADO      sin respuesta             -
16/5_19:00_4e             34%C2%A0635%C2%A088%C2%A014%C2%A013%E2%80%AC ENVIADO      POSITIVA                  review enviada
16/5_20:40_csi            34670238951          ENVIADO      sin respuesta             -

[2026-05-17 10:44:56] POSITIVO | Fotos nuevas: 0 | Envios OK: 0 | Envios FAIL: 0 | Reviews negativas: 0 | Fotos borradas: 0

=== SESIÓN 18:26-21:59 (17/05/2026) ===
RESERVA                   TELÉFONO             ESTADO       RESPUESTA                 REVIEW
-----------------------------------------------------------------------------------------------
16/5_17:30_4e             34662691916          ENVIADO      sin respuesta             -
16/5_17:40_csi            34661826756          ENVIADO      sin respuesta             -
15/5_19:00_4e             34680445843          ENVIADO      POSITIVA                  review enviada
16/5_17:40_csi            34661826756          ENVIADO      POSITIVA                  review enviada
16/5_19:10_csi            34676007933          ENVIADO      sin respuesta             -
16/5_19:10_csi            34676007933          ENVIADO      POSITIVA                  review enviada
16/5_19:00_4e             34%C2%A0635%C2%A088%C2%A014%C2%A013%E2%80%AC ENVIADO      sin respuesta             -
16/5_19:00_4e             34%C2%A0635%C2%A088%C2%A014%C2%A013%E2%80%AC ENVIADO      POSITIVA                  review enviada
16/5_20:40_csi            34670238951          ENVIADO      sin respuesta             -

[2026-05-17 11:03:27] POSITIVO | Fotos nuevas: 0 | Envios OK: 0 | Envios FAIL: 0 | Reviews negativas: 0 | Fotos borradas: 0

=== SESIÓN 18:26-21:59 (17/05/2026) ===
RESERVA                   TELÉFONO             ESTADO       RESPUESTA                 REVIEW
-----------------------------------------------------------------------------------------------
16/5_17:30_4e             34662691916          ENVIADO      sin respuesta             -
16/5_17:40_csi            34661826756          ENVIADO      sin respuesta             -
15/5_19:00_4e             34680445843          ENVIADO      POSITIVA                  review enviada
16/5_17:40_csi            34661826756          ENVIADO      POSITIVA                  review enviada
16/5_19:10_csi            34676007933          ENVIADO      sin respuesta             -
16/5_19:10_csi            34676007933          ENVIADO      POSITIVA                  review enviada
16/5_19:00_4e             34%C2%A0635%C2%A088%C2%A014%C2%A013%E2%80%AC ENVIADO      sin respuesta             -
16/5_19:00_4e             34%C2%A0635%C2%A088%C2%A014%C2%A013%E2%80%AC ENVIADO      POSITIVA                  review enviada
16/5_20:40_csi            34670238951          ENVIADO      sin respuesta             -

[2026-05-17 11:21:53] POSITIVO | Fotos nuevas: 0 | Envios OK: 0 | Envios FAIL: 0 | Reviews negativas: 0 | Fotos borradas: 0

=== SESIÓN 18:26-21:59 (17/05/2026) ===
RESERVA                   TELÉFONO             ESTADO       RESPUESTA                 REVIEW
-----------------------------------------------------------------------------------------------
16/5_17:30_4e             34662691916          ENVIADO      sin respuesta             -
16/5_17:40_csi            34661826756          ENVIADO      sin respuesta             -
15/5_19:00_4e             34680445843          ENVIADO      POSITIVA                  review enviada
16/5_17:40_csi            34661826756          ENVIADO      POSITIVA                  review enviada
16/5_19:10_csi            34676007933          ENVIADO      sin respuesta             -
16/5_19:10_csi            34676007933          ENVIADO      POSITIVA                  review enviada
16/5_19:00_4e             34%C2%A0635%C2%A088%C2%A014%C2%A013%E2%80%AC ENVIADO      sin respuesta             -
16/5_19:00_4e             34%C2%A0635%C2%A088%C2%A014%C2%A013%E2%80%AC ENVIADO      POSITIVA                  review enviada
16/5_20:40_csi            34670238951          ENVIADO      sin respuesta             -

[2026-05-17 11:40:22] POSITIVO | Fotos nuevas: 0 | Envios OK: 0 | Envios FAIL: 0 | Reviews negativas: 0 | Fotos borradas: 0

=== SESIÓN 18:26-21:59 (17/05/2026) ===
RESERVA                   TELÉFONO             ESTADO       RESPUESTA                 REVIEW
-----------------------------------------------------------------------------------------------
16/5_17:30_4e             34662691916          ENVIADO      sin respuesta             -
16/5_17:40_csi            34661826756          ENVIADO      sin respuesta             -
15/5_19:00_4e             34680445843          ENVIADO      POSITIVA                  review enviada
16/5_17:40_csi            34661826756          ENVIADO      POSITIVA                  review enviada
16/5_19:10_csi            34676007933          ENVIADO      sin respuesta             -
16/5_19:10_csi            34676007933          ENVIADO      POSITIVA                  review enviada
16/5_19:00_4e             34%C2%A0635%C2%A088%C2%A014%C2%A013%E2%80%AC ENVIADO      sin respuesta             -
16/5_19:00_4e             34%C2%A0635%C2%A088%C2%A014%C2%A013%E2%80%AC ENVIADO      POSITIVA                  review enviada
16/5_20:40_csi            34670238951          ENVIADO      sin respuesta             -

[2026-05-17 11:58:43] POSITIVO | Fotos nuevas: 0 | Envios OK: 0 | Envios FAIL: 0 | Reviews negativas: 0 | Fotos borradas: 0

=== SESIÓN 18:26-21:59 (17/05/2026) ===
RESERVA                   TELÉFONO             ESTADO       RESPUESTA                 REVIEW
-----------------------------------------------------------------------------------------------
16/5_17:30_4e             34662691916          ENVIADO      sin respuesta             -
16/5_17:40_csi            34661826756          ENVIADO      sin respuesta             -
15/5_19:00_4e             34680445843          ENVIADO      POSITIVA                  review enviada
16/5_17:40_csi            34661826756          ENVIADO      POSITIVA                  review enviada
16/5_19:10_csi            34676007933          ENVIADO      sin respuesta             -
16/5_19:10_csi            34676007933          ENVIADO      POSITIVA                  review enviada
16/5_19:00_4e             34%C2%A0635%C2%A088%C2%A014%C2%A013%E2%80%AC ENVIADO      sin respuesta             -
16/5_19:00_4e             34%C2%A0635%C2%A088%C2%A014%C2%A013%E2%80%AC ENVIADO      POSITIVA                  review enviada
16/5_20:40_csi            34670238951          ENVIADO      sin respuesta             -

[2026-05-17 12:17:29] POSITIVO | Fotos nuevas: 0 | Envios OK: 0 | Envios FAIL: 0 | Reviews negativas: 0 | Fotos borradas: 0

=== SESIÓN 18:26-21:59 (17/05/2026) ===
RESERVA                   TELÉFONO             ESTADO       RESPUESTA                 REVIEW
-----------------------------------------------------------------------------------------------
16/5_17:30_4e             34662691916          ENVIADO      sin respuesta             -
16/5_17:40_csi            34661826756          ENVIADO      sin respuesta             -
15/5_19:00_4e             34680445843          ENVIADO      POSITIVA                  review enviada
16/5_17:40_csi            34661826756          ENVIADO      POSITIVA                  review enviada
16/5_19:10_csi            34676007933          ENVIADO      sin respuesta             -
16/5_19:10_csi            34676007933          ENVIADO      POSITIVA                  review enviada
16/5_19:00_4e             34%C2%A0635%C2%A088%C2%A014%C2%A013%E2%80%AC ENVIADO      sin respuesta             -
16/5_19:00_4e             34%C2%A0635%C2%A088%C2%A014%C2%A013%E2%80%AC ENVIADO      POSITIVA                  review enviada
16/5_20:40_csi            34670238951          ENVIADO      sin respuesta             -

[2026-05-17 12:36:24] POSITIVO | Fotos nuevas: 0 | Envios OK: 0 | Envios FAIL: 0 | Reviews negativas: 0 | Fotos borradas: 0

=== SESIÓN 18:26-21:59 (17/05/2026) ===
RESERVA                   TELÉFONO             ESTADO       RESPUESTA                 REVIEW
-----------------------------------------------------------------------------------------------
16/5_17:30_4e             34662691916          ENVIADO      sin respuesta             -
16/5_17:40_csi            34661826756          ENVIADO      sin respuesta             -
15/5_19:00_4e             34680445843          ENVIADO      POSITIVA                  review enviada
16/5_17:40_csi            34661826756          ENVIADO      POSITIVA                  review enviada
16/5_19:10_csi            34676007933          ENVIADO      sin respuesta             -
16/5_19:10_csi            34676007933          ENVIADO      POSITIVA                  review enviada
16/5_19:00_4e             34%C2%A0635%C2%A088%C2%A014%C2%A013%E2%80%AC ENVIADO      sin respuesta             -
16/5_19:00_4e             34%C2%A0635%C2%A088%C2%A014%C2%A013%E2%80%AC ENVIADO      POSITIVA                  review enviada
16/5_20:40_csi            34670238951          ENVIADO      sin respuesta             -

[2026-05-17 12:55:12] POSITIVO | Fotos nuevas: 0 | Envios OK: 0 | Envios FAIL: 0 | Reviews negativas: 0 | Fotos borradas: 0

=== SESIÓN 18:26-21:59 (17/05/2026) ===
RESERVA                   TELÉFONO             ESTADO       RESPUESTA                 REVIEW
-----------------------------------------------------------------------------------------------
16/5_17:30_4e             34662691916          ENVIADO      sin respuesta             -
16/5_17:40_csi            34661826756          ENVIADO      sin respuesta             -
15/5_19:00_4e             34680445843          ENVIADO      POSITIVA                  review enviada
16/5_17:40_csi            34661826756          ENVIADO      POSITIVA                  review enviada
16/5_19:10_csi            34676007933          ENVIADO      sin respuesta             -
16/5_19:10_csi            34676007933          ENVIADO      POSITIVA                  review enviada
16/5_19:00_4e             34%C2%A0635%C2%A088%C2%A014%C2%A013%E2%80%AC ENVIADO      sin respuesta             -
16/5_19:00_4e             34%C2%A0635%C2%A088%C2%A014%C2%A013%E2%80%AC ENVIADO      POSITIVA                  review enviada
16/5_20:40_csi            34670238951          ENVIADO      sin respuesta             -

[2026-05-17 13:13:52] POSITIVO | Fotos nuevas: 0 | Envios OK: 0 | Envios FAIL: 0 | Reviews negativas: 0 | Fotos borradas: 0

=== SESIÓN 18:26-21:59 (17/05/2026) ===
RESERVA                   TELÉFONO             ESTADO       RESPUESTA                 REVIEW
-----------------------------------------------------------------------------------------------
16/5_17:30_4e             34662691916          ENVIADO      sin respuesta             -
16/5_17:40_csi            34661826756          ENVIADO      sin respuesta             -
15/5_19:00_4e             34680445843          ENVIADO      POSITIVA                  review enviada
16/5_17:40_csi            34661826756          ENVIADO      POSITIVA                  review enviada
16/5_19:10_csi            34676007933          ENVIADO      sin respuesta             -
16/5_19:10_csi            34676007933          ENVIADO      POSITIVA                  review enviada
16/5_19:00_4e             34%C2%A0635%C2%A088%C2%A014%C2%A013%E2%80%AC ENVIADO      sin respuesta             -
16/5_19:00_4e             34%C2%A0635%C2%A088%C2%A014%C2%A013%E2%80%AC ENVIADO      POSITIVA                  review enviada
16/5_20:40_csi            34670238951          ENVIADO      sin respuesta             -

[2026-05-17 13:32:15] POSITIVO | Fotos nuevas: 0 | Envios OK: 0 | Envios FAIL: 0 | Reviews negativas: 0 | Fotos borradas: 0

=== SESIÓN 18:26-21:59 (17/05/2026) ===
RESERVA                   TELÉFONO             ESTADO       RESPUESTA                 REVIEW
-----------------------------------------------------------------------------------------------
16/5_17:30_4e             34662691916          ENVIADO      sin respuesta             -
16/5_17:40_csi            34661826756          ENVIADO      sin respuesta             -
15/5_19:00_4e             34680445843          ENVIADO      POSITIVA                  review enviada
16/5_17:40_csi            34661826756          ENVIADO      POSITIVA                  review enviada
16/5_19:10_csi            34676007933          ENVIADO      sin respuesta             -
16/5_19:10_csi            34676007933          ENVIADO      POSITIVA                  review enviada
16/5_19:00_4e             34%C2%A0635%C2%A088%C2%A014%C2%A013%E2%80%AC ENVIADO      sin respuesta             -
16/5_19:00_4e             34%C2%A0635%C2%A088%C2%A014%C2%A013%E2%80%AC ENVIADO      POSITIVA                  review enviada
16/5_20:40_csi            34670238951          ENVIADO      sin respuesta             -

[2026-05-17 13:50:42] POSITIVO | Fotos nuevas: 0 | Envios OK: 0 | Envios FAIL: 0 | Reviews negativas: 0 | Fotos borradas: 0

=== SESIÓN 18:26-21:59 (17/05/2026) ===
RESERVA                   TELÉFONO             ESTADO       RESPUESTA                 REVIEW
-----------------------------------------------------------------------------------------------
16/5_17:30_4e             34662691916          ENVIADO      sin respuesta             -
16/5_17:40_csi            34661826756          ENVIADO      sin respuesta             -
15/5_19:00_4e             34680445843          ENVIADO      POSITIVA                  review enviada
16/5_17:40_csi            34661826756          ENVIADO      POSITIVA                  review enviada
16/5_19:10_csi            34676007933          ENVIADO      sin respuesta             -
16/5_19:10_csi            34676007933          ENVIADO      POSITIVA                  review enviada
16/5_19:00_4e             34%C2%A0635%C2%A088%C2%A014%C2%A013%E2%80%AC ENVIADO      sin respuesta             -
16/5_19:00_4e             34%C2%A0635%C2%A088%C2%A014%C2%A013%E2%80%AC ENVIADO      POSITIVA                  review enviada
16/5_20:40_csi            34670238951          ENVIADO      sin respuesta             -

[2026-05-17 14:09:28] POSITIVO | Fotos nuevas: 0 | Envios OK: 0 | Envios FAIL: 0 | Reviews negativas: 0 | Fotos borradas: 0

=== SESIÓN 18:26-21:59 (17/05/2026) ===
RESERVA                   TELÉFONO             ESTADO       RESPUESTA                 REVIEW
-----------------------------------------------------------------------------------------------
16/5_17:30_4e             34662691916          ENVIADO      sin respuesta             -
16/5_17:40_csi            34661826756          ENVIADO      sin respuesta             -
15/5_19:00_4e             34680445843          ENVIADO      POSITIVA                  review enviada
16/5_17:40_csi            34661826756          ENVIADO      POSITIVA                  review enviada
16/5_19:10_csi            34676007933          ENVIADO      sin respuesta             -
16/5_19:10_csi            34676007933          ENVIADO      POSITIVA                  review enviada
16/5_19:00_4e             34%C2%A0635%C2%A088%C2%A014%C2%A013%E2%80%AC ENVIADO      sin respuesta             -
16/5_19:00_4e             34%C2%A0635%C2%A088%C2%A014%C2%A013%E2%80%AC ENVIADO      POSITIVA                  review enviada
16/5_20:40_csi            34670238951          ENVIADO      sin respuesta             -

[2026-05-17 14:28:10] POSITIVO | Fotos nuevas: 0 | Envios OK: 0 | Envios FAIL: 0 | Reviews negativas: 0 | Fotos borradas: 0

=== SESIÓN 18:26-21:59 (17/05/2026) ===
RESERVA                   TELÉFONO             ESTADO       RESPUESTA                 REVIEW
-----------------------------------------------------------------------------------------------
16/5_17:30_4e             34662691916          ENVIADO      sin respuesta             -
16/5_17:40_csi            34661826756          ENVIADO      sin respuesta             -
15/5_19:00_4e             34680445843          ENVIADO      POSITIVA                  review enviada
16/5_17:40_csi            34661826756          ENVIADO      POSITIVA                  review enviada
16/5_19:10_csi            34676007933          ENVIADO      sin respuesta             -
16/5_19:10_csi            34676007933          ENVIADO      POSITIVA                  review enviada
16/5_19:00_4e             34%C2%A0635%C2%A088%C2%A014%C2%A013%E2%80%AC ENVIADO      sin respuesta             -
16/5_19:00_4e             34%C2%A0635%C2%A088%C2%A014%C2%A013%E2%80%AC ENVIADO      POSITIVA                  review enviada
16/5_20:40_csi            34670238951          ENVIADO      sin respuesta             -

[2026-05-17 14:47:07] POSITIVO | Fotos nuevas: 0 | Envios OK: 0 | Envios FAIL: 0 | Reviews negativas: 0 | Fotos borradas: 0

=== SESIÓN 18:26-21:59 (17/05/2026) ===
RESERVA                   TELÉFONO             ESTADO       RESPUESTA                 REVIEW
-----------------------------------------------------------------------------------------------
16/5_17:30_4e             34662691916          ENVIADO      sin respuesta             -
16/5_17:40_csi            34661826756          ENVIADO      sin respuesta             -
15/5_19:00_4e             34680445843          ENVIADO      POSITIVA                  review enviada
16/5_17:40_csi            34661826756          ENVIADO      POSITIVA                  review enviada
16/5_19:10_csi            34676007933          ENVIADO      sin respuesta             -
16/5_19:10_csi            34676007933          ENVIADO      POSITIVA                  review enviada
16/5_19:00_4e             34%C2%A0635%C2%A088%C2%A014%C2%A013%E2%80%AC ENVIADO      sin respuesta             -
16/5_19:00_4e             34%C2%A0635%C2%A088%C2%A014%C2%A013%E2%80%AC ENVIADO      POSITIVA                  review enviada
16/5_20:40_csi            34670238951          ENVIADO      sin respuesta             -

[2026-05-17 15:05:51] POSITIVO | Fotos nuevas: 0 | Envios OK: 0 | Envios FAIL: 0 | Reviews negativas: 0 | Fotos borradas: 0

=== SESIÓN 18:26-21:59 (17/05/2026) ===
RESERVA                   TELÉFONO             ESTADO       RESPUESTA                 REVIEW
-----------------------------------------------------------------------------------------------
16/5_17:30_4e             34662691916          ENVIADO      sin respuesta             -
16/5_17:40_csi            34661826756          ENVIADO      sin respuesta             -
15/5_19:00_4e             34680445843          ENVIADO      POSITIVA                  review enviada
16/5_17:40_csi            34661826756          ENVIADO      POSITIVA                  review enviada
16/5_19:10_csi            34676007933          ENVIADO      sin respuesta             -
16/5_19:10_csi            34676007933          ENVIADO      POSITIVA                  review enviada
16/5_19:00_4e             34%C2%A0635%C2%A088%C2%A014%C2%A013%E2%80%AC ENVIADO      sin respuesta             -
16/5_19:00_4e             34%C2%A0635%C2%A088%C2%A014%C2%A013%E2%80%AC ENVIADO      POSITIVA                  review enviada
16/5_20:40_csi            34670238951          ENVIADO      sin respuesta             -

[2026-05-17 15:24:27] POSITIVO | Fotos nuevas: 0 | Envios OK: 0 | Envios FAIL: 0 | Reviews negativas: 0 | Fotos borradas: 0

=== SESIÓN 18:26-21:59 (17/05/2026) ===
RESERVA                   TELÉFONO             ESTADO       RESPUESTA                 REVIEW
-----------------------------------------------------------------------------------------------
16/5_17:30_4e             34662691916          ENVIADO      sin respuesta             -
16/5_17:40_csi            34661826756          ENVIADO      sin respuesta             -
15/5_19:00_4e             34680445843          ENVIADO      POSITIVA                  review enviada
16/5_17:40_csi            34661826756          ENVIADO      POSITIVA                  review enviada
16/5_19:10_csi            34676007933          ENVIADO      sin respuesta             -
16/5_19:10_csi            34676007933          ENVIADO      POSITIVA                  review enviada
16/5_19:00_4e             34%C2%A0635%C2%A088%C2%A014%C2%A013%E2%80%AC ENVIADO      sin respuesta             -
16/5_19:00_4e             34%C2%A0635%C2%A088%C2%A014%C2%A013%E2%80%AC ENVIADO      POSITIVA                  review enviada
16/5_20:40_csi            34670238951          ENVIADO      sin respuesta             -

[2026-05-17 15:42:54] POSITIVO | Fotos nuevas: 0 | Envios OK: 0 | Envios FAIL: 0 | Reviews negativas: 0 | Fotos borradas: 0

=== SESIÓN 18:26-21:59 (17/05/2026) ===
RESERVA                   TELÉFONO             ESTADO       RESPUESTA                 REVIEW
-----------------------------------------------------------------------------------------------
16/5_17:30_4e             34662691916          ENVIADO      sin respuesta             -
16/5_17:40_csi            34661826756          ENVIADO      sin respuesta             -
15/5_19:00_4e             34680445843          ENVIADO      POSITIVA                  review enviada
16/5_17:40_csi            34661826756          ENVIADO      POSITIVA                  review enviada
16/5_19:10_csi            34676007933          ENVIADO      sin respuesta             -
16/5_19:10_csi            34676007933          ENVIADO      POSITIVA                  review enviada
16/5_19:00_4e             34%C2%A0635%C2%A088%C2%A014%C2%A013%E2%80%AC ENVIADO      sin respuesta             -
16/5_19:00_4e             34%C2%A0635%C2%A088%C2%A014%C2%A013%E2%80%AC ENVIADO      POSITIVA                  review enviada
16/5_20:40_csi            34670238951          ENVIADO      sin respuesta             -

[2026-05-17 16:01:35] POSITIVO | Fotos nuevas: 0 | Envios OK: 0 | Envios FAIL: 0 | Reviews negativas: 0 | Fotos borradas: 0

=== SESIÓN 18:26-21:59 (17/05/2026) ===
RESERVA                   TELÉFONO             ESTADO       RESPUESTA                 REVIEW
-----------------------------------------------------------------------------------------------
16/5_17:30_4e             34662691916          ENVIADO      sin respuesta             -
16/5_17:40_csi            34661826756          ENVIADO      sin respuesta             -
15/5_19:00_4e             34680445843          ENVIADO      POSITIVA                  review enviada
16/5_17:40_csi            34661826756          ENVIADO      POSITIVA                  review enviada
16/5_19:10_csi            34676007933          ENVIADO      sin respuesta             -
16/5_19:10_csi            34676007933          ENVIADO      POSITIVA                  review enviada
16/5_19:00_4e             34%C2%A0635%C2%A088%C2%A014%C2%A013%E2%80%AC ENVIADO      sin respuesta             -
16/5_19:00_4e             34%C2%A0635%C2%A088%C2%A014%C2%A013%E2%80%AC ENVIADO      POSITIVA                  review enviada
16/5_20:40_csi            34670238951          ENVIADO      sin respuesta             -

[2026-05-17 16:20:04] POSITIVO | Fotos nuevas: 0 | Envios OK: 0 | Envios FAIL: 0 | Reviews negativas: 0 | Fotos borradas: 0

=== SESIÓN 18:26-21:59 (17/05/2026) ===
RESERVA                   TELÉFONO             ESTADO       RESPUESTA                 REVIEW
-----------------------------------------------------------------------------------------------
16/5_17:30_4e             34662691916          ENVIADO      sin respuesta             -
16/5_17:40_csi            34661826756          ENVIADO      sin respuesta             -
15/5_19:00_4e             34680445843          ENVIADO      POSITIVA                  review enviada
16/5_17:40_csi            34661826756          ENVIADO      POSITIVA                  review enviada
16/5_19:10_csi            34676007933          ENVIADO      sin respuesta             -
16/5_19:10_csi            34676007933          ENVIADO      POSITIVA                  review enviada
16/5_19:00_4e             34%C2%A0635%C2%A088%C2%A014%C2%A013%E2%80%AC ENVIADO      sin respuesta             -
16/5_19:00_4e             34%C2%A0635%C2%A088%C2%A014%C2%A013%E2%80%AC ENVIADO      POSITIVA                  review enviada
16/5_20:40_csi            34670238951          ENVIADO      sin respuesta             -

[2026-05-17 16:38:45] POSITIVO | Fotos nuevas: 0 | Envios OK: 0 | Envios FAIL: 0 | Reviews negativas: 0 | Fotos borradas: 0

=== SESIÓN 18:26-21:59 (17/05/2026) ===
RESERVA                   TELÉFONO             ESTADO       RESPUESTA                 REVIEW
-----------------------------------------------------------------------------------------------
16/5_17:30_4e             34662691916          ENVIADO      sin respuesta             -
16/5_17:40_csi            34661826756          ENVIADO      sin respuesta             -
15/5_19:00_4e             34680445843          ENVIADO      POSITIVA                  review enviada
16/5_17:40_csi            34661826756          ENVIADO      POSITIVA                  review enviada
16/5_19:10_csi            34676007933          ENVIADO      sin respuesta             -
16/5_19:10_csi            34676007933          ENVIADO      POSITIVA                  review enviada
16/5_19:00_4e             34%C2%A0635%C2%A088%C2%A014%C2%A013%E2%80%AC ENVIADO      sin respuesta             -
16/5_19:00_4e             34%C2%A0635%C2%A088%C2%A014%C2%A013%E2%80%AC ENVIADO      POSITIVA                  review enviada
16/5_20:40_csi            34670238951          ENVIADO      sin respuesta             -

[2026-05-17 16:57:21] POSITIVO | Fotos nuevas: 0 | Envios OK: 0 | Envios FAIL: 0 | Reviews negativas: 0 | Fotos borradas: 0

=== SESIÓN 18:26-21:59 (17/05/2026) ===
RESERVA                   TELÉFONO             ESTADO       RESPUESTA                 REVIEW
-----------------------------------------------------------------------------------------------
16/5_17:30_4e             34662691916          ENVIADO      sin respuesta             -
16/5_17:40_csi            34661826756          ENVIADO      sin respuesta             -
15/5_19:00_4e             34680445843          ENVIADO      POSITIVA                  review enviada
16/5_17:40_csi            34661826756          ENVIADO      POSITIVA                  review enviada
16/5_19:10_csi            34676007933          ENVIADO      sin respuesta             -
16/5_19:10_csi            34676007933          ENVIADO      POSITIVA                  review enviada
16/5_19:00_4e             34%C2%A0635%C2%A088%C2%A014%C2%A013%E2%80%AC ENVIADO      sin respuesta             -
16/5_19:00_4e             34%C2%A0635%C2%A088%C2%A014%C2%A013%E2%80%AC ENVIADO      POSITIVA                  review enviada
16/5_20:40_csi            34670238951          ENVIADO      sin respuesta             -

[2026-05-17 17:15:52] POSITIVO | Fotos nuevas: 0 | Envios OK: 0 | Envios FAIL: 0 | Reviews negativas: 0 | Fotos borradas: 0

=== SESIÓN 18:26-21:59 (17/05/2026) ===
RESERVA                   TELÉFONO             ESTADO       RESPUESTA                 REVIEW
-----------------------------------------------------------------------------------------------
16/5_17:30_4e             34662691916          ENVIADO      sin respuesta             -
16/5_17:40_csi            34661826756          ENVIADO      sin respuesta             -
15/5_19:00_4e             34680445843          ENVIADO      POSITIVA                  review enviada
16/5_17:40_csi            34661826756          ENVIADO      POSITIVA                  review enviada
16/5_19:10_csi            34676007933          ENVIADO      sin respuesta             -
16/5_19:10_csi            34676007933          ENVIADO      POSITIVA                  review enviada
16/5_19:00_4e             34%C2%A0635%C2%A088%C2%A014%C2%A013%E2%80%AC ENVIADO      sin respuesta             -
16/5_19:00_4e             34%C2%A0635%C2%A088%C2%A014%C2%A013%E2%80%AC ENVIADO      POSITIVA                  review enviada
16/5_20:40_csi            34670238951          ENVIADO      sin respuesta             -

[2026-05-17 17:34:27] POSITIVO | Fotos nuevas: 0 | Envios OK: 0 | Envios FAIL: 0 | Reviews negativas: 0 | Fotos borradas: 0

=== SESIÓN 18:26-21:59 (17/05/2026) ===
RESERVA                   TELÉFONO             ESTADO       RESPUESTA                 REVIEW
-----------------------------------------------------------------------------------------------
16/5_17:30_4e             34662691916          ENVIADO      sin respuesta             -
16/5_17:40_csi            34661826756          ENVIADO      sin respuesta             -
15/5_19:00_4e             34680445843          ENVIADO      POSITIVA                  review enviada
16/5_17:40_csi            34661826756          ENVIADO      POSITIVA                  review enviada
16/5_19:10_csi            34676007933          ENVIADO      sin respuesta             -
16/5_19:10_csi            34676007933          ENVIADO      POSITIVA                  review enviada
16/5_19:00_4e             34%C2%A0635%C2%A088%C2%A014%C2%A013%E2%80%AC ENVIADO      sin respuesta             -
16/5_19:00_4e             34%C2%A0635%C2%A088%C2%A014%C2%A013%E2%80%AC ENVIADO      POSITIVA                  review enviada
16/5_20:40_csi            34670238951          ENVIADO      sin respuesta             -

[2026-05-17 17:53:04] POSITIVO | Fotos nuevas: 0 | Envios OK: 0 | Envios FAIL: 0 | Reviews negativas: 0 | Fotos borradas: 0

=== SESIÓN 18:26-21:59 (17/05/2026) ===
RESERVA                   TELÉFONO             ESTADO       RESPUESTA                 REVIEW
-----------------------------------------------------------------------------------------------
16/5_17:30_4e             34662691916          ENVIADO      sin respuesta             -
16/5_17:40_csi            34661826756          ENVIADO      sin respuesta             -
15/5_19:00_4e             34680445843          ENVIADO      POSITIVA                  review enviada
16/5_17:40_csi            34661826756          ENVIADO      POSITIVA                  review enviada
16/5_19:10_csi            34676007933          ENVIADO      sin respuesta             -
16/5_19:10_csi            34676007933          ENVIADO      POSITIVA                  review enviada
16/5_19:00_4e             34%C2%A0635%C2%A088%C2%A014%C2%A013%E2%80%AC ENVIADO      sin respuesta             -
16/5_19:00_4e             34%C2%A0635%C2%A088%C2%A014%C2%A013%E2%80%AC ENVIADO      POSITIVA                  review enviada
16/5_20:40_csi            34670238951          ENVIADO      sin respuesta             -

[2026-05-17 18:11:35] POSITIVO | Fotos nuevas: 0 | Envios OK: 0 | Envios FAIL: 0 | Reviews negativas: 0 | Fotos borradas: 0

=== SESIÓN 18:26-21:59 (17/05/2026) ===
RESERVA                   TELÉFONO             ESTADO       RESPUESTA                 REVIEW
-----------------------------------------------------------------------------------------------
16/5_17:30_4e             34662691916          ENVIADO      sin respuesta             -
16/5_17:40_csi            34661826756          ENVIADO      sin respuesta             -
15/5_19:00_4e             34680445843          ENVIADO      POSITIVA                  review enviada
16/5_17:40_csi            34661826756          ENVIADO      POSITIVA                  review enviada
16/5_19:10_csi            34676007933          ENVIADO      sin respuesta             -
16/5_19:10_csi            34676007933          ENVIADO      POSITIVA                  review enviada
16/5_19:00_4e             34%C2%A0635%C2%A088%C2%A014%C2%A013%E2%80%AC ENVIADO      sin respuesta             -
16/5_19:00_4e             34%C2%A0635%C2%A088%C2%A014%C2%A013%E2%80%AC ENVIADO      POSITIVA                  review enviada
16/5_20:40_csi            34670238951          ENVIADO      sin respuesta             -

[2026-05-17 18:30:09] POSITIVO | Fotos nuevas: 0 | Envios OK: 0 | Envios FAIL: 0 | Reviews negativas: 0 | Fotos borradas: 0

=== SESIÓN 18:26-21:59 (17/05/2026) ===
RESERVA                   TELÉFONO             ESTADO       RESPUESTA                 REVIEW
-----------------------------------------------------------------------------------------------
16/5_17:30_4e             34662691916          ENVIADO      sin respuesta             -
16/5_17:40_csi            34661826756          ENVIADO      sin respuesta             -
15/5_19:00_4e             34680445843          ENVIADO      POSITIVA                  review enviada
16/5_17:40_csi            34661826756          ENVIADO      POSITIVA                  review enviada
16/5_19:10_csi            34676007933          ENVIADO      sin respuesta             -
16/5_19:10_csi            34676007933          ENVIADO      POSITIVA                  review enviada
16/5_19:00_4e             34%C2%A0635%C2%A088%C2%A014%C2%A013%E2%80%AC ENVIADO      sin respuesta             -
16/5_19:00_4e             34%C2%A0635%C2%A088%C2%A014%C2%A013%E2%80%AC ENVIADO      POSITIVA                  review enviada
16/5_20:40_csi            34670238951          ENVIADO      sin respuesta             -

[2026-05-17 18:48:40] POSITIVO | Fotos nuevas: 0 | Envios OK: 0 | Envios FAIL: 0 | Reviews negativas: 0 | Fotos borradas: 0

=== SESIÓN 18:26-21:59 (17/05/2026) ===
RESERVA                   TELÉFONO             ESTADO       RESPUESTA                 REVIEW
-----------------------------------------------------------------------------------------------
16/5_17:30_4e             34662691916          ENVIADO      sin respuesta             -
16/5_17:40_csi            34661826756          ENVIADO      sin respuesta             -
15/5_19:00_4e             34680445843          ENVIADO      POSITIVA                  review enviada
16/5_17:40_csi            34661826756          ENVIADO      POSITIVA                  review enviada
16/5_19:10_csi            34676007933          ENVIADO      sin respuesta             -
16/5_19:10_csi            34676007933          ENVIADO      POSITIVA                  review enviada
16/5_19:00_4e             34%C2%A0635%C2%A088%C2%A014%C2%A013%E2%80%AC ENVIADO      sin respuesta             -
16/5_19:00_4e             34%C2%A0635%C2%A088%C2%A014%C2%A013%E2%80%AC ENVIADO      POSITIVA                  review enviada
16/5_20:40_csi            34670238951          ENVIADO      sin respuesta             -

[2026-05-17 19:07:04] POSITIVO | Fotos nuevas: 0 | Envios OK: 0 | Envios FAIL: 0 | Reviews negativas: 0 | Fotos borradas: 0

=== SESIÓN 18:26-21:59 (17/05/2026) ===
RESERVA                   TELÉFONO             ESTADO       RESPUESTA                 REVIEW
-----------------------------------------------------------------------------------------------
16/5_17:30_4e             34662691916          ENVIADO      sin respuesta             -
16/5_17:40_csi            34661826756          ENVIADO      sin respuesta             -
15/5_19:00_4e             34680445843          ENVIADO      POSITIVA                  review enviada
16/5_17:40_csi            34661826756          ENVIADO      POSITIVA                  review enviada
16/5_19:10_csi            34676007933          ENVIADO      sin respuesta             -
16/5_19:10_csi            34676007933          ENVIADO      POSITIVA                  review enviada
16/5_19:00_4e             34%C2%A0635%C2%A088%C2%A014%C2%A013%E2%80%AC ENVIADO      sin respuesta             -
16/5_19:00_4e             34%C2%A0635%C2%A088%C2%A014%C2%A013%E2%80%AC ENVIADO      POSITIVA                  review enviada
16/5_20:40_csi            34670238951          ENVIADO      sin respuesta             -

[2026-05-17 19:25:41] POSITIVO | Fotos nuevas: 0 | Envios OK: 0 | Envios FAIL: 0 | Reviews negativas: 0 | Fotos borradas: 0

=== SESIÓN 18:26-19:43 (17/05/2026) ===
RESERVA                   TELÉFONO             ESTADO       RESPUESTA                 REVIEW
-----------------------------------------------------------------------------------------------
16/5_17:30_4e             34662691916          ENVIADO      sin respuesta             -
16/5_17:40_csi            34661826756          ENVIADO      sin respuesta             -
15/5_19:00_4e             34680445843          ENVIADO      POSITIVA                  review enviada
16/5_17:40_csi            34661826756          ENVIADO      POSITIVA                  review enviada
16/5_19:10_csi            34676007933          ENVIADO      sin respuesta             -
16/5_19:10_csi            34676007933          ENVIADO      POSITIVA                  review enviada
16/5_19:00_4e             34%C2%A0635%C2%A088%C2%A014%C2%A013%E2%80%AC ENVIADO      sin respuesta             -
16/5_19:00_4e             34%C2%A0635%C2%A088%C2%A014%C2%A013%E2%80%AC ENVIADO      POSITIVA                  review enviada
16/5_20:40_csi            34670238951          ENVIADO      sin respuesta             -
17/5_17:30_4e             34674807460          ENVIADO      sin respuesta             -
17/5_16:00_4e             34%C2%A0652%C2%A090%C2%A019%C2%A066%E2%80%AC ENVIADO      sin respuesta             -

[2026-05-17 19:49:01] POSITIVO | Fotos nuevas: 2 | Envios OK: 2 | Envios FAIL: 0 | Reviews negativas: 0 | Fotos borradas: 2

=== SESIÓN 18:26-20:09 (17/05/2026) ===
RESERVA                   TELÉFONO             ESTADO       RESPUESTA                 REVIEW
-----------------------------------------------------------------------------------------------
16/5_17:30_4e             34662691916          ENVIADO      sin respuesta             -
16/5_17:40_csi            34661826756          ENVIADO      sin respuesta             -
15/5_19:00_4e             34680445843          ENVIADO      POSITIVA                  review enviada
16/5_17:40_csi            34661826756          ENVIADO      POSITIVA                  review enviada
16/5_19:10_csi            34676007933          ENVIADO      sin respuesta             -
16/5_19:10_csi            34676007933          ENVIADO      POSITIVA                  review enviada
16/5_19:00_4e             34%C2%A0635%C2%A088%C2%A014%C2%A013%E2%80%AC ENVIADO      sin respuesta             -
16/5_19:00_4e             34%C2%A0635%C2%A088%C2%A014%C2%A013%E2%80%AC ENVIADO      POSITIVA                  review enviada
16/5_20:40_csi            34670238951          ENVIADO      sin respuesta             -
17/5_17:30_4e             34674807460          ENVIADO      sin respuesta             -
17/5_16:00_4e             34%C2%A0652%C2%A090%C2%A019%C2%A066%E2%80%AC ENVIADO      sin respuesta             -
17/5_16:00_4e             34%C2%A0652%C2%A090%C2%A019%C2%A066%E2%80%AC ENVIADO      POSITIVA                  review enviada

[2026-05-17 20:09:13] POSITIVO | Fotos nuevas: 0 | Envios OK: 2 | Envios FAIL: 0 | Reviews negativas: 0 | Fotos borradas: 0

=== SESIÓN 18:26-20:09 (17/05/2026) ===
RESERVA                   TELÉFONO             ESTADO       RESPUESTA                 REVIEW
-----------------------------------------------------------------------------------------------
16/5_17:30_4e             34662691916          ENVIADO      sin respuesta             -
16/5_17:40_csi            34661826756          ENVIADO      sin respuesta             -
15/5_19:00_4e             34680445843          ENVIADO      POSITIVA                  review enviada
16/5_17:40_csi            34661826756          ENVIADO      POSITIVA                  review enviada
16/5_19:10_csi            34676007933          ENVIADO      sin respuesta             -
16/5_19:10_csi            34676007933          ENVIADO      POSITIVA                  review enviada
16/5_19:00_4e             34%C2%A0635%C2%A088%C2%A014%C2%A013%E2%80%AC ENVIADO      sin respuesta             -
16/5_19:00_4e             34%C2%A0635%C2%A088%C2%A014%C2%A013%E2%80%AC ENVIADO      POSITIVA                  review enviada
16/5_20:40_csi            34670238951          ENVIADO      sin respuesta             -
17/5_17:30_4e             34674807460          ENVIADO      sin respuesta             -
17/5_16:00_4e             34%C2%A0652%C2%A090%C2%A019%C2%A066%E2%80%AC ENVIADO      sin respuesta             -
17/5_16:00_4e             34%C2%A0652%C2%A090%C2%A019%C2%A066%E2%80%AC ENVIADO      POSITIVA                  review enviada

[2026-05-17 20:28:46] POSITIVO | Fotos nuevas: 0 | Envios OK: 2 | Envios FAIL: 0 | Reviews negativas: 0 | Fotos borradas: 0

=== SESIÓN 18:26-20:09 (17/05/2026) ===
RESERVA                   TELÉFONO             ESTADO       RESPUESTA                 REVIEW
-----------------------------------------------------------------------------------------------
16/5_17:30_4e             34662691916          ENVIADO      sin respuesta             -
16/5_17:40_csi            34661826756          ENVIADO      sin respuesta             -
15/5_19:00_4e             34680445843          ENVIADO      POSITIVA                  review enviada
16/5_17:40_csi            34661826756          ENVIADO      POSITIVA                  review enviada
16/5_19:10_csi            34676007933          ENVIADO      sin respuesta             -
16/5_19:10_csi            34676007933          ENVIADO      POSITIVA                  review enviada
16/5_19:00_4e             34%C2%A0635%C2%A088%C2%A014%C2%A013%E2%80%AC ENVIADO      sin respuesta             -
16/5_19:00_4e             34%C2%A0635%C2%A088%C2%A014%C2%A013%E2%80%AC ENVIADO      POSITIVA                  review enviada
16/5_20:40_csi            34670238951          ENVIADO      sin respuesta             -
17/5_17:30_4e             34674807460          ENVIADO      sin respuesta             -
17/5_16:00_4e             34%C2%A0652%C2%A090%C2%A019%C2%A066%E2%80%AC ENVIADO      sin respuesta             -
17/5_16:00_4e             34%C2%A0652%C2%A090%C2%A019%C2%A066%E2%80%AC ENVIADO      POSITIVA                  review enviada

[2026-05-17 20:48:17] POSITIVO | Fotos nuevas: 0 | Envios OK: 2 | Envios FAIL: 0 | Reviews negativas: 0 | Fotos borradas: 0

=== SESIÓN 18:26-21:07 (17/05/2026) ===
RESERVA                   TELÉFONO             ESTADO       RESPUESTA                 REVIEW
-----------------------------------------------------------------------------------------------
16/5_17:30_4e             34662691916          ENVIADO      sin respuesta             -
16/5_17:40_csi            34661826756          ENVIADO      sin respuesta             -
15/5_19:00_4e             34680445843          ENVIADO      POSITIVA                  review enviada
16/5_17:40_csi            34661826756          ENVIADO      POSITIVA                  review enviada
16/5_19:10_csi            34676007933          ENVIADO      sin respuesta             -
16/5_19:10_csi            34676007933          ENVIADO      POSITIVA                  review enviada
16/5_19:00_4e             34%C2%A0635%C2%A088%C2%A014%C2%A013%E2%80%AC ENVIADO      sin respuesta             -
16/5_19:00_4e             34%C2%A0635%C2%A088%C2%A014%C2%A013%E2%80%AC ENVIADO      POSITIVA                  review enviada
16/5_20:40_csi            34670238951          ENVIADO      sin respuesta             -
17/5_17:30_4e             34674807460          ENVIADO      sin respuesta             -
17/5_16:00_4e             34%C2%A0652%C2%A090%C2%A019%C2%A066%E2%80%AC ENVIADO      sin respuesta             -
17/5_16:00_4e             34%C2%A0652%C2%A090%C2%A019%C2%A066%E2%80%AC ENVIADO      POSITIVA                  review enviada
17/5_17:30_4e             34674807460          ENVIADO      POSITIVA                  review enviada

[2026-05-17 21:07:58] POSITIVO | Fotos nuevas: 0 | Envios OK: 2 | Envios FAIL: 0 | Reviews negativas: 0 | Fotos borradas: 0

=== SESIÓN 18:26-21:07 (17/05/2026) ===
RESERVA                   TELÉFONO             ESTADO       RESPUESTA                 REVIEW
-----------------------------------------------------------------------------------------------
16/5_17:30_4e             34662691916          ENVIADO      sin respuesta             -
16/5_17:40_csi            34661826756          ENVIADO      sin respuesta             -
15/5_19:00_4e             34680445843          ENVIADO      POSITIVA                  review enviada
16/5_17:40_csi            34661826756          ENVIADO      POSITIVA                  review enviada
16/5_19:10_csi            34676007933          ENVIADO      sin respuesta             -
16/5_19:10_csi            34676007933          ENVIADO      POSITIVA                  review enviada
16/5_19:00_4e             34%C2%A0635%C2%A088%C2%A014%C2%A013%E2%80%AC ENVIADO      sin respuesta             -
16/5_19:00_4e             34%C2%A0635%C2%A088%C2%A014%C2%A013%E2%80%AC ENVIADO      POSITIVA                  review enviada
16/5_20:40_csi            34670238951          ENVIADO      sin respuesta             -
17/5_17:30_4e             34674807460          ENVIADO      sin respuesta             -
17/5_16:00_4e             34%C2%A0652%C2%A090%C2%A019%C2%A066%E2%80%AC ENVIADO      sin respuesta             -
17/5_16:00_4e             34%C2%A0652%C2%A090%C2%A019%C2%A066%E2%80%AC ENVIADO      POSITIVA                  review enviada
17/5_17:30_4e             34674807460          ENVIADO      POSITIVA                  review enviada

[2026-05-17 21:26:43] POSITIVO | Fotos nuevas: 0 | Envios OK: 2 | Envios FAIL: 0 | Reviews negativas: 0 | Fotos borradas: 0

=== SESIÓN 18:26-21:07 (17/05/2026) ===
RESERVA                   TELÉFONO             ESTADO       RESPUESTA                 REVIEW
-----------------------------------------------------------------------------------------------
16/5_17:30_4e             34662691916          ENVIADO      sin respuesta             -
16/5_17:40_csi            34661826756          ENVIADO      sin respuesta             -
15/5_19:00_4e             34680445843          ENVIADO      POSITIVA                  review enviada
16/5_17:40_csi            34661826756          ENVIADO      POSITIVA                  review enviada
16/5_19:10_csi            34676007933          ENVIADO      sin respuesta             -
16/5_19:10_csi            34676007933          ENVIADO      POSITIVA                  review enviada
16/5_19:00_4e             34%C2%A0635%C2%A088%C2%A014%C2%A013%E2%80%AC ENVIADO      sin respuesta             -
16/5_19:00_4e             34%C2%A0635%C2%A088%C2%A014%C2%A013%E2%80%AC ENVIADO      POSITIVA                  review enviada
16/5_20:40_csi            34670238951          ENVIADO      sin respuesta             -
17/5_17:30_4e             34674807460          ENVIADO      sin respuesta             -
17/5_16:00_4e             34%C2%A0652%C2%A090%C2%A019%C2%A066%E2%80%AC ENVIADO      sin respuesta             -
17/5_16:00_4e             34%C2%A0652%C2%A090%C2%A019%C2%A066%E2%80%AC ENVIADO      POSITIVA                  review enviada
17/5_17:30_4e             34674807460          ENVIADO      POSITIVA                  review enviada

[2026-05-17 21:45:27] POSITIVO | Fotos nuevas: 0 | Envios OK: 2 | Envios FAIL: 0 | Reviews negativas: 0 | Fotos borradas: 0

=== SESIÓN 18:26-21:07 (17/05/2026) ===
RESERVA                   TELÉFONO             ESTADO       RESPUESTA                 REVIEW
-----------------------------------------------------------------------------------------------
16/5_17:30_4e             34662691916          ENVIADO      sin respuesta             -
16/5_17:40_csi            34661826756          ENVIADO      sin respuesta             -
15/5_19:00_4e             34680445843          ENVIADO      POSITIVA                  review enviada
16/5_17:40_csi            34661826756          ENVIADO      POSITIVA                  review enviada
16/5_19:10_csi            34676007933          ENVIADO      sin respuesta             -
16/5_19:10_csi            34676007933          ENVIADO      POSITIVA                  review enviada
16/5_19:00_4e             34%C2%A0635%C2%A088%C2%A014%C2%A013%E2%80%AC ENVIADO      sin respuesta             -
16/5_19:00_4e             34%C2%A0635%C2%A088%C2%A014%C2%A013%E2%80%AC ENVIADO      POSITIVA                  review enviada
16/5_20:40_csi            34670238951          ENVIADO      sin respuesta             -
17/5_17:30_4e             34674807460          ENVIADO      sin respuesta             -
17/5_16:00_4e             34%C2%A0652%C2%A090%C2%A019%C2%A066%E2%80%AC ENVIADO      sin respuesta             -
17/5_16:00_4e             34%C2%A0652%C2%A090%C2%A019%C2%A066%E2%80%AC ENVIADO      POSITIVA                  review enviada
17/5_17:30_4e             34674807460          ENVIADO      POSITIVA                  review enviada

[2026-05-17 22:04:17] POSITIVO | Fotos nuevas: 0 | Envios OK: 2 | Envios FAIL: 0 | Reviews negativas: 0 | Fotos borradas: 0

=== SESIÓN 18:26-21:07 (17/05/2026) ===
RESERVA                   TELÉFONO             ESTADO       RESPUESTA                 REVIEW
-----------------------------------------------------------------------------------------------
16/5_17:30_4e             34662691916          ENVIADO      sin respuesta             -
16/5_17:40_csi            34661826756          ENVIADO      sin respuesta             -
15/5_19:00_4e             34680445843          ENVIADO      POSITIVA                  review enviada
16/5_17:40_csi            34661826756          ENVIADO      POSITIVA                  review enviada
16/5_19:10_csi            34676007933          ENVIADO      sin respuesta             -
16/5_19:10_csi            34676007933          ENVIADO      POSITIVA                  review enviada
16/5_19:00_4e             34%C2%A0635%C2%A088%C2%A014%C2%A013%E2%80%AC ENVIADO      sin respuesta             -
16/5_19:00_4e             34%C2%A0635%C2%A088%C2%A014%C2%A013%E2%80%AC ENVIADO      POSITIVA                  review enviada
16/5_20:40_csi            34670238951          ENVIADO      sin respuesta             -
17/5_17:30_4e             34674807460          ENVIADO      sin respuesta             -
17/5_16:00_4e             34%C2%A0652%C2%A090%C2%A019%C2%A066%E2%80%AC ENVIADO      sin respuesta             -
17/5_16:00_4e             34%C2%A0652%C2%A090%C2%A019%C2%A066%E2%80%AC ENVIADO      POSITIVA                  review enviada
17/5_17:30_4e             34674807460          ENVIADO      POSITIVA                  review enviada

[2026-05-17 22:23:01] POSITIVO | Fotos nuevas: 0 | Envios OK: 2 | Envios FAIL: 0 | Reviews negativas: 0 | Fotos borradas: 0

=== SESIÓN 18:26-21:07 (17/05/2026) ===
RESERVA                   TELÉFONO             ESTADO       RESPUESTA                 REVIEW
-----------------------------------------------------------------------------------------------
16/5_17:30_4e             34662691916          ENVIADO      sin respuesta             -
16/5_17:40_csi            34661826756          ENVIADO      sin respuesta             -
15/5_19:00_4e             34680445843          ENVIADO      POSITIVA                  review enviada
16/5_17:40_csi            34661826756          ENVIADO      POSITIVA                  review enviada
16/5_19:10_csi            34676007933          ENVIADO      sin respuesta             -
16/5_19:10_csi            34676007933          ENVIADO      POSITIVA                  review enviada
16/5_19:00_4e             34%C2%A0635%C2%A088%C2%A014%C2%A013%E2%80%AC ENVIADO      sin respuesta             -
16/5_19:00_4e             34%C2%A0635%C2%A088%C2%A014%C2%A013%E2%80%AC ENVIADO      POSITIVA                  review enviada
16/5_20:40_csi            34670238951          ENVIADO      sin respuesta             -
17/5_17:30_4e             34674807460          ENVIADO      sin respuesta             -
17/5_16:00_4e             34%C2%A0652%C2%A090%C2%A019%C2%A066%E2%80%AC ENVIADO      sin respuesta             -
17/5_16:00_4e             34%C2%A0652%C2%A090%C2%A019%C2%A066%E2%80%AC ENVIADO      POSITIVA                  review enviada
17/5_17:30_4e             34674807460          ENVIADO      POSITIVA                  review enviada

[2026-05-17 22:41:40] POSITIVO | Fotos nuevas: 0 | Envios OK: 2 | Envios FAIL: 0 | Reviews negativas: 0 | Fotos borradas: 0

=== SESIÓN 18:26-21:07 (17/05/2026) ===
RESERVA                   TELÉFONO             ESTADO       RESPUESTA                 REVIEW
-----------------------------------------------------------------------------------------------
16/5_17:30_4e             34662691916          ENVIADO      sin respuesta             -
16/5_17:40_csi            34661826756          ENVIADO      sin respuesta             -
15/5_19:00_4e             34680445843          ENVIADO      POSITIVA                  review enviada
16/5_17:40_csi            34661826756          ENVIADO      POSITIVA                  review enviada
16/5_19:10_csi            34676007933          ENVIADO      sin respuesta             -
16/5_19:10_csi            34676007933          ENVIADO      POSITIVA                  review enviada
16/5_19:00_4e             34%C2%A0635%C2%A088%C2%A014%C2%A013%E2%80%AC ENVIADO      sin respuesta             -
16/5_19:00_4e             34%C2%A0635%C2%A088%C2%A014%C2%A013%E2%80%AC ENVIADO      POSITIVA                  review enviada
16/5_20:40_csi            34670238951          ENVIADO      sin respuesta             -
17/5_17:30_4e             34674807460          ENVIADO      sin respuesta             -
17/5_16:00_4e             34%C2%A0652%C2%A090%C2%A019%C2%A066%E2%80%AC ENVIADO      sin respuesta             -
17/5_16:00_4e             34%C2%A0652%C2%A090%C2%A019%C2%A066%E2%80%AC ENVIADO      POSITIVA                  review enviada
17/5_17:30_4e             34674807460          ENVIADO      POSITIVA                  review enviada

[2026-05-17 23:00:15] POSITIVO | Fotos nuevas: 0 | Envios OK: 2 | Envios FAIL: 0 | Reviews negativas: 0 | Fotos borradas: 0
