
=== SESIÓN 10:02-10:03 (20/04/2026) ===
RESERVA                   TELÉFONO             ESTADO       RESPUESTA                 REVIEW
-----------------------------------------------------------------------------------------------
17/4_17:40_csi            34%C2%A0607%C2%A098%C2%A019%C2%A068%E2%80%AC ENVIADO      recordatorio FALLIDO (chat_input_not_found) -
17/4_19:10_csi            46720267726          ENVIADO      recordatorio FALLIDO (chat_input_not_found) -

[2026-04-20 10:07:23] POSITIVO | Fotos nuevas: 0 | Envios OK: 0 | Envios FAIL: 0 | Reviews negativas: 0 | Fotos borradas: 0

=== SESIÓN 10:17-10:19 (20/04/2026) ===
RESERVA                   TELÉFONO             ESTADO       RESPUESTA                 REVIEW
-----------------------------------------------------------------------------------------------
17/4_17:40_csi            34%C2%A0607%C2%A098%C2%A019%C2%A068%E2%80%AC ENVIADO      recordatorio FALLIDO (chat_input_not_found) -
17/4_19:10_csi            46720267726          ENVIADO      recordatorio FALLIDO (chat_input_not_found) -
17/4_20:40_csi            34637987468          ENVIADO      recordatorio FALLIDO (chat_input_not_found) -
17/4_19:00_4e             966542212340         ENVIADO      recordatorio FALLIDO (chat_input_not_found) -

[2026-04-20 10:22:38] POSITIVO | Fotos nuevas: 0 | Envios OK: 0 | Envios FAIL: 0 | Reviews negativas: 0 | Fotos borradas: 0

=== SESIÓN 10:32-10:34 (20/04/2026) ===
RESERVA                   TELÉFONO             ESTADO       RESPUESTA                 REVIEW
-----------------------------------------------------------------------------------------------
17/4_17:40_csi            34%C2%A0607%C2%A098%C2%A019%C2%A068%E2%80%AC ENVIADO      recordatorio FALLIDO (chat_input_not_found) -
17/4_19:10_csi            46720267726          ENVIADO      recordatorio FALLIDO (chat_input_not_found) -
17/4_20:40_csi            34637987468          ENVIADO      recordatorio FALLIDO (chat_input_not_found) -
17/4_19:00_4e             966542212340         ENVIADO      recordatorio FALLIDO (chat_input_not_found) -

[2026-04-20 10:36:56] POSITIVO | Fotos nuevas: 0 | Envios OK: 0 | Envios FAIL: 0 | Reviews negativas: 0 | Fotos borradas: 0

=== SESIÓN 10:47-10:48 (20/04/2026) ===
RESERVA                   TELÉFONO             ESTADO       RESPUESTA                 REVIEW
-----------------------------------------------------------------------------------------------
17/4_17:40_csi            34%C2%A0607%C2%A098%C2%A019%C2%A068%E2%80%AC ENVIADO      recordatorio FALLIDO (chat_input_not_found) -
17/4_19:10_csi            46720267726          ENVIADO      recordatorio FALLIDO (chat_input_not_found) -
17/4_20:40_csi            34637987468          ENVIADO      recordatorio FALLIDO (chat_input_not_found) -
17/4_19:00_4e             966542212340         ENVIADO      recordatorio FALLIDO (chat_input_not_found) -

[2026-04-20 10:50:52] POSITIVO | Fotos nuevas: 0 | Envios OK: 0 | Envios FAIL: 0 | Reviews negativas: 0 | Fotos borradas: 0

=== SESIÓN 11:02-11:04 (20/04/2026) ===
RESERVA                   TELÉFONO             ESTADO       RESPUESTA                 REVIEW
-----------------------------------------------------------------------------------------------
17/4_17:40_csi            34%C2%A0607%C2%A098%C2%A019%C2%A068%E2%80%AC ENVIADO      recordatorio FALLIDO (chat_input_not_found) -
17/4_19:10_csi            46720267726          ENVIADO      recordatorio FALLIDO (chat_input_not_found) -
17/4_20:40_csi            34637987468          ENVIADO      recordatorio FALLIDO (chat_input_not_found) -
17/4_19:00_4e             966542212340         ENVIADO      recordatorio FALLIDO (chat_input_not_found) -

[2026-04-20 11:07:31] POSITIVO | Fotos nuevas: 0 | Envios OK: 0 | Envios FAIL: 0 | Reviews negativas: 0 | Fotos borradas: 0

=== SESIÓN 11:17-11:18 (20/04/2026) ===
RESERVA                   TELÉFONO             ESTADO       RESPUESTA                 REVIEW
-----------------------------------------------------------------------------------------------
17/4_17:40_csi            34%C2%A0607%C2%A098%C2%A019%C2%A068%E2%80%AC ENVIADO      recordatorio FALLIDO (chat_input_not_found) -
17/4_19:10_csi            46720267726          ENVIADO      recordatorio FALLIDO (chat_input_not_found) -
17/4_20:40_csi            34637987468          ENVIADO      recordatorio FALLIDO (chat_input_not_found) -
17/4_19:00_4e             966542212340         ENVIADO      recordatorio FALLIDO (chat_input_not_found) -

[2026-04-20 11:21:35] POSITIVO | Fotos nuevas: 0 | Envios OK: 0 | Envios FAIL: 0 | Reviews negativas: 0 | Fotos borradas: 0

=== SESIÓN 11:32-11:33 (20/04/2026) ===
RESERVA                   TELÉFONO             ESTADO       RESPUESTA                 REVIEW
-----------------------------------------------------------------------------------------------
17/4_17:40_csi            34%C2%A0607%C2%A098%C2%A019%C2%A068%E2%80%AC ENVIADO      recordatorio FALLIDO (chat_input_not_found) -
17/4_19:10_csi            46720267726          ENVIADO      recordatorio FALLIDO (chat_input_not_found) -
17/4_20:40_csi            34637987468          ENVIADO      recordatorio FALLIDO (chat_input_not_found) -
17/4_19:00_4e             966542212340         ENVIADO      recordatorio FALLIDO (chat_input_not_found) -

[2026-04-20 11:36:30] POSITIVO | Fotos nuevas: 0 | Envios OK: 0 | Envios FAIL: 0 | Reviews negativas: 0 | Fotos borradas: 0

=== SESIÓN 11:47-11:48 (20/04/2026) ===
RESERVA                   TELÉFONO             ESTADO       RESPUESTA                 REVIEW
-----------------------------------------------------------------------------------------------
17/4_17:40_csi            34%C2%A0607%C2%A098%C2%A019%C2%A068%E2%80%AC ENVIADO      recordatorio FALLIDO (chat_input_not_found) -
17/4_19:10_csi            46720267726          ENVIADO      recordatorio FALLIDO (chat_input_not_found) -
17/4_20:40_csi            34637987468          ENVIADO      recordatorio FALLIDO (chat_input_not_found) -
17/4_19:00_4e             966542212340         ENVIADO      recordatorio FALLIDO (chat_input_not_found) -

[2026-04-20 11:51:28] POSITIVO | Fotos nuevas: 0 | Envios OK: 0 | Envios FAIL: 0 | Reviews negativas: 0 | Fotos borradas: 0

=== SESIÓN 12:02-12:04 (20/04/2026) ===
RESERVA                   TELÉFONO             ESTADO       RESPUESTA                 REVIEW
-----------------------------------------------------------------------------------------------
17/4_17:40_csi            34%C2%A0607%C2%A098%C2%A019%C2%A068%E2%80%AC ENVIADO      recordatorio FALLIDO (chat_input_not_found) -
17/4_19:10_csi            46720267726          ENVIADO      recordatorio FALLIDO (chat_input_not_found) -
17/4_20:40_csi            34637987468          ENVIADO      recordatorio FALLIDO (chat_input_not_found) -
17/4_19:00_4e             966542212340         ENVIADO      recordatorio FALLIDO (chat_input_not_found) -

[2026-04-20 12:06:44] POSITIVO | Fotos nuevas: 0 | Envios OK: 0 | Envios FAIL: 0 | Reviews negativas: 0 | Fotos borradas: 0

=== SESIÓN 12:17-12:18 (20/04/2026) ===
RESERVA                   TELÉFONO             ESTADO       RESPUESTA                 REVIEW
-----------------------------------------------------------------------------------------------
17/4_17:40_csi            34%C2%A0607%C2%A098%C2%A019%C2%A068%E2%80%AC ENVIADO      recordatorio FALLIDO (chat_input_not_found) -
17/4_19:10_csi            46720267726          ENVIADO      recordatorio FALLIDO (chat_input_not_found) -
17/4_20:40_csi            34637987468          ENVIADO      recordatorio FALLIDO (chat_input_not_found) -
17/4_19:00_4e             966542212340         ENVIADO      recordatorio FALLIDO (chat_input_not_found) -

[2026-04-20 12:21:36] POSITIVO | Fotos nuevas: 0 | Envios OK: 0 | Envios FAIL: 0 | Reviews negativas: 0 | Fotos borradas: 0

=== SESIÓN 12:32-12:33 (20/04/2026) ===
RESERVA                   TELÉFONO             ESTADO       RESPUESTA                 REVIEW
-----------------------------------------------------------------------------------------------
17/4_17:40_csi            34%C2%A0607%C2%A098%C2%A019%C2%A068%E2%80%AC ENVIADO      recordatorio FALLIDO (chat_input_not_found) -
17/4_19:10_csi            46720267726          ENVIADO      recordatorio FALLIDO (chat_input_not_found) -
17/4_20:40_csi            34637987468          ENVIADO      recordatorio FALLIDO (chat_input_not_found) -
17/4_19:00_4e             966542212340         ENVIADO      recordatorio FALLIDO (chat_input_not_found) -

[2026-04-20 12:36:46] POSITIVO | Fotos nuevas: 0 | Envios OK: 0 | Envios FAIL: 0 | Reviews negativas: 0 | Fotos borradas: 0

=== SESIÓN 12:47-12:49 (20/04/2026) ===
RESERVA                   TELÉFONO             ESTADO       RESPUESTA                 REVIEW
-----------------------------------------------------------------------------------------------
17/4_17:40_csi            34%C2%A0607%C2%A098%C2%A019%C2%A068%E2%80%AC ENVIADO      recordatorio FALLIDO (chat_input_not_found) -
17/4_19:10_csi            46720267726          ENVIADO      recordatorio FALLIDO (chat_input_not_found) -
17/4_20:40_csi            34637987468          ENVIADO      recordatorio FALLIDO (chat_input_not_found) -
17/4_19:00_4e             966542212340         ENVIADO      recordatorio FALLIDO (chat_input_not_found) -

[2026-04-20 12:52:02] POSITIVO | Fotos nuevas: 0 | Envios OK: 0 | Envios FAIL: 0 | Reviews negativas: 0 | Fotos borradas: 0

=== SESIÓN 13:02-13:04 (20/04/2026) ===
RESERVA                   TELÉFONO             ESTADO       RESPUESTA                 REVIEW
-----------------------------------------------------------------------------------------------
17/4_17:40_csi            34%C2%A0607%C2%A098%C2%A019%C2%A068%E2%80%AC ENVIADO      recordatorio FALLIDO (chat_input_not_found) -
17/4_19:10_csi            46720267726          ENVIADO      recordatorio FALLIDO (chat_input_not_found) -
17/4_20:40_csi            34637987468          ENVIADO      recordatorio FALLIDO (chat_input_not_found) -
17/4_19:00_4e             966542212340         ENVIADO      recordatorio FALLIDO (chat_input_not_found) -

[2026-04-20 13:07:22] POSITIVO | Fotos nuevas: 0 | Envios OK: 0 | Envios FAIL: 0 | Reviews negativas: 0 | Fotos borradas: 0

=== SESIÓN 13:17-13:19 (20/04/2026) ===
RESERVA                   TELÉFONO             ESTADO       RESPUESTA                 REVIEW
-----------------------------------------------------------------------------------------------
17/4_17:40_csi            34%C2%A0607%C2%A098%C2%A019%C2%A068%E2%80%AC ENVIADO      recordatorio FALLIDO (chat_input_not_found) -
17/4_19:10_csi            46720267726          ENVIADO      recordatorio FALLIDO (chat_input_not_found) -
17/4_20:40_csi            34637987468          ENVIADO      recordatorio FALLIDO (chat_input_not_found) -
17/4_19:00_4e             966542212340         ENVIADO      recordatorio FALLIDO (chat_input_not_found) -

[2026-04-20 13:21:51] POSITIVO | Fotos nuevas: 0 | Envios OK: 0 | Envios FAIL: 0 | Reviews negativas: 0 | Fotos borradas: 0

=== SESIÓN 13:32-13:33 (20/04/2026) ===
RESERVA                   TELÉFONO             ESTADO       RESPUESTA                 REVIEW
-----------------------------------------------------------------------------------------------
17/4_17:40_csi            34%C2%A0607%C2%A098%C2%A019%C2%A068%E2%80%AC ENVIADO      recordatorio FALLIDO (chat_input_not_found) -
17/4_19:10_csi            46720267726          ENVIADO      recordatorio FALLIDO (chat_input_not_found) -
17/4_20:40_csi            34637987468          ENVIADO      recordatorio FALLIDO (chat_input_not_found) -
17/4_19:00_4e             966542212340         ENVIADO      recordatorio FALLIDO (chat_input_not_found) -

[2026-04-20 13:36:44] POSITIVO | Fotos nuevas: 0 | Envios OK: 0 | Envios FAIL: 0 | Reviews negativas: 0 | Fotos borradas: 0

=== SESIÓN 13:47-13:48 (20/04/2026) ===
RESERVA                   TELÉFONO             ESTADO       RESPUESTA                 REVIEW
-----------------------------------------------------------------------------------------------
17/4_17:40_csi            34%C2%A0607%C2%A098%C2%A019%C2%A068%E2%80%AC ENVIADO      recordatorio FALLIDO (chat_input_not_found) -
17/4_19:10_csi            46720267726          ENVIADO      recordatorio FALLIDO (chat_input_not_found) -
17/4_20:40_csi            34637987468          ENVIADO      recordatorio FALLIDO (chat_input_not_found) -
17/4_19:00_4e             966542212340         ENVIADO      recordatorio FALLIDO (chat_input_not_found) -

[2026-04-20 13:51:56] POSITIVO | Fotos nuevas: 0 | Envios OK: 0 | Envios FAIL: 0 | Reviews negativas: 0 | Fotos borradas: 0

=== SESIÓN 14:02-14:03 (20/04/2026) ===
RESERVA                   TELÉFONO             ESTADO       RESPUESTA                 REVIEW
-----------------------------------------------------------------------------------------------
17/4_17:40_csi            34%C2%A0607%C2%A098%C2%A019%C2%A068%E2%80%AC ENVIADO      recordatorio FALLIDO (chat_input_not_found) -
17/4_19:10_csi            46720267726          ENVIADO      recordatorio FALLIDO (chat_input_not_found) -
17/4_20:40_csi            34637987468          ENVIADO      recordatorio FALLIDO (chat_input_not_found) -
17/4_19:00_4e             966542212340         ENVIADO      recordatorio FALLIDO (chat_input_not_found) -

[2026-04-20 14:06:40] POSITIVO | Fotos nuevas: 0 | Envios OK: 0 | Envios FAIL: 0 | Reviews negativas: 0 | Fotos borradas: 0

=== SESIÓN 14:17-14:19 (20/04/2026) ===
RESERVA                   TELÉFONO             ESTADO       RESPUESTA                 REVIEW
-----------------------------------------------------------------------------------------------
17/4_17:40_csi            34%C2%A0607%C2%A098%C2%A019%C2%A068%E2%80%AC ENVIADO      recordatorio FALLIDO (chat_input_not_found) -
17/4_19:10_csi            46720267726          ENVIADO      recordatorio FALLIDO (chat_input_not_found) -
17/4_20:40_csi            34637987468          ENVIADO      recordatorio FALLIDO (chat_input_not_found) -
17/4_19:00_4e             966542212340         ENVIADO      recordatorio FALLIDO (chat_input_not_found) -
18/4_13:00_4e             34660201114          ENVIADO      recordatorio FALLIDO (chat_input_not_found) -

[2026-04-20 14:21:34] POSITIVO | Fotos nuevas: 0 | Envios OK: 0 | Envios FAIL: 0 | Reviews negativas: 0 | Fotos borradas: 0

=== SESIÓN 14:32-14:34 (20/04/2026) ===
RESERVA                   TELÉFONO             ESTADO       RESPUESTA                 REVIEW
-----------------------------------------------------------------------------------------------
17/4_17:40_csi            34%C2%A0607%C2%A098%C2%A019%C2%A068%E2%80%AC ENVIADO      recordatorio FALLIDO (chat_input_not_found) -
17/4_19:10_csi            46720267726          ENVIADO      recordatorio FALLIDO (chat_input_not_found) -
17/4_20:40_csi            34637987468          ENVIADO      recordatorio FALLIDO (chat_input_not_found) -
17/4_19:00_4e             966542212340         ENVIADO      recordatorio FALLIDO (chat_input_not_found) -
18/4_13:00_4e             34660201114          ENVIADO      recordatorio FALLIDO (chat_input_not_found) -

[2026-04-20 14:36:57] POSITIVO | Fotos nuevas: 0 | Envios OK: 0 | Envios FAIL: 0 | Reviews negativas: 0 | Fotos borradas: 0

=== SESIÓN 14:47-14:49 (20/04/2026) ===
RESERVA                   TELÉFONO             ESTADO       RESPUESTA                 REVIEW
-----------------------------------------------------------------------------------------------
17/4_17:40_csi            34%C2%A0607%C2%A098%C2%A019%C2%A068%E2%80%AC ENVIADO      recordatorio FALLIDO (chat_input_not_found) -
17/4_19:10_csi            46720267726          ENVIADO      recordatorio FALLIDO (chat_input_not_found) -
17/4_20:40_csi            34637987468          ENVIADO      recordatorio FALLIDO (chat_input_not_found) -
17/4_19:00_4e             966542212340         ENVIADO      recordatorio FALLIDO (chat_input_not_found) -
18/4_13:00_4e             34660201114          ENVIADO      recordatorio FALLIDO (chat_input_not_found) -

[2026-04-20 14:51:52] POSITIVO | Fotos nuevas: 0 | Envios OK: 0 | Envios FAIL: 0 | Reviews negativas: 0 | Fotos borradas: 0

=== SESIÓN 15:02-15:04 (20/04/2026) ===
RESERVA                   TELÉFONO             ESTADO       RESPUESTA                 REVIEW
-----------------------------------------------------------------------------------------------
17/4_17:40_csi            34%C2%A0607%C2%A098%C2%A019%C2%A068%E2%80%AC ENVIADO      recordatorio FALLIDO (chat_input_not_found) -
17/4_19:10_csi            46720267726          ENVIADO      recordatorio FALLIDO (chat_input_not_found) -
17/4_20:40_csi            34637987468          ENVIADO      recordatorio FALLIDO (chat_input_not_found) -
17/4_19:00_4e             966542212340         ENVIADO      recordatorio FALLIDO (chat_input_not_found) -
18/4_13:00_4e             34660201114          ENVIADO      recordatorio FALLIDO (chat_input_not_found) -

[2026-04-20 15:06:33] POSITIVO | Fotos nuevas: 0 | Envios OK: 0 | Envios FAIL: 0 | Reviews negativas: 0 | Fotos borradas: 0

=== SESIÓN 15:17-15:19 (20/04/2026) ===
RESERVA                   TELÉFONO             ESTADO       RESPUESTA                 REVIEW
-----------------------------------------------------------------------------------------------
17/4_17:40_csi            34%C2%A0607%C2%A098%C2%A019%C2%A068%E2%80%AC ENVIADO      recordatorio FALLIDO (chat_input_not_found) -
17/4_19:10_csi            46720267726          ENVIADO      recordatorio FALLIDO (chat_input_not_found) -
17/4_20:40_csi            34637987468          ENVIADO      recordatorio FALLIDO (chat_input_not_found) -
17/4_19:00_4e             966542212340         ENVIADO      recordatorio FALLIDO (chat_input_not_found) -
18/4_13:00_4e             34660201114          ENVIADO      recordatorio FALLIDO (chat_input_not_found) -

[2026-04-20 15:21:47] POSITIVO | Fotos nuevas: 0 | Envios OK: 0 | Envios FAIL: 0 | Reviews negativas: 0 | Fotos borradas: 0

=== SESIÓN 15:32-15:34 (20/04/2026) ===
RESERVA                   TELÉFONO             ESTADO       RESPUESTA                 REVIEW
-----------------------------------------------------------------------------------------------
17/4_17:40_csi            34%C2%A0607%C2%A098%C2%A019%C2%A068%E2%80%AC ENVIADO      recordatorio FALLIDO (chat_input_not_found) -
17/4_19:10_csi            46720267726          ENVIADO      recordatorio FALLIDO (chat_input_not_found) -
17/4_20:40_csi            34637987468          ENVIADO      recordatorio FALLIDO (chat_input_not_found) -
17/4_19:00_4e             966542212340         ENVIADO      recordatorio FALLIDO (chat_input_not_found) -
18/4_13:00_4e             34660201114          ENVIADO      recordatorio FALLIDO (chat_input_not_found) -

[2026-04-20 15:36:18] POSITIVO | Fotos nuevas: 0 | Envios OK: 0 | Envios FAIL: 0 | Reviews negativas: 0 | Fotos borradas: 0

=== SESIÓN 15:47-15:49 (20/04/2026) ===
RESERVA                   TELÉFONO             ESTADO       RESPUESTA                 REVIEW
-----------------------------------------------------------------------------------------------
17/4_17:40_csi            34%C2%A0607%C2%A098%C2%A019%C2%A068%E2%80%AC ENVIADO      recordatorio FALLIDO (chat_input_not_found) -
17/4_19:10_csi            46720267726          ENVIADO      recordatorio FALLIDO (chat_input_not_found) -
17/4_20:40_csi            34637987468          ENVIADO      recordatorio FALLIDO (chat_input_not_found) -
17/4_19:00_4e             966542212340         ENVIADO      recordatorio FALLIDO (chat_input_not_found) -
18/4_13:00_4e             34660201114          ENVIADO      recordatorio FALLIDO (chat_input_not_found) -

[2026-04-20 15:51:39] POSITIVO | Fotos nuevas: 0 | Envios OK: 0 | Envios FAIL: 0 | Reviews negativas: 0 | Fotos borradas: 0

=== SESIÓN 16:02-16:04 (20/04/2026) ===
RESERVA                   TELÉFONO             ESTADO       RESPUESTA                 REVIEW
-----------------------------------------------------------------------------------------------
17/4_17:40_csi            34%C2%A0607%C2%A098%C2%A019%C2%A068%E2%80%AC ENVIADO      recordatorio FALLIDO (chat_input_not_found) -
17/4_19:10_csi            46720267726          ENVIADO      recordatorio FALLIDO (chat_input_not_found) -
17/4_20:40_csi            34637987468          ENVIADO      recordatorio FALLIDO (chat_input_not_found) -
17/4_19:00_4e             966542212340         ENVIADO      recordatorio FALLIDO (chat_input_not_found) -
18/4_13:00_4e             34660201114          ENVIADO      recordatorio FALLIDO (chat_input_not_found) -

[2026-04-20 16:06:34] POSITIVO | Fotos nuevas: 0 | Envios OK: 0 | Envios FAIL: 0 | Reviews negativas: 0 | Fotos borradas: 0

=== SESIÓN 16:17-16:19 (20/04/2026) ===
RESERVA                   TELÉFONO             ESTADO       RESPUESTA                 REVIEW
-----------------------------------------------------------------------------------------------
17/4_17:40_csi            34%C2%A0607%C2%A098%C2%A019%C2%A068%E2%80%AC ENVIADO      recordatorio FALLIDO (chat_input_not_found) -
17/4_19:10_csi            46720267726          ENVIADO      recordatorio FALLIDO (chat_input_not_found) -
17/4_20:40_csi            34637987468          ENVIADO      recordatorio FALLIDO (chat_input_not_found) -
17/4_19:00_4e             966542212340         ENVIADO      recordatorio FALLIDO (chat_input_not_found) -
18/4_13:00_4e             34660201114          ENVIADO      recordatorio FALLIDO (chat_input_not_found) -

[2026-04-20 16:21:36] POSITIVO | Fotos nuevas: 0 | Envios OK: 0 | Envios FAIL: 0 | Reviews negativas: 0 | Fotos borradas: 0

=== SESIÓN 16:32-16:34 (20/04/2026) ===
RESERVA                   TELÉFONO             ESTADO       RESPUESTA                 REVIEW
-----------------------------------------------------------------------------------------------
17/4_17:40_csi            34%C2%A0607%C2%A098%C2%A019%C2%A068%E2%80%AC ENVIADO      recordatorio FALLIDO (chat_input_not_found) -
17/4_19:10_csi            46720267726          ENVIADO      recordatorio FALLIDO (chat_input_not_found) -
17/4_20:40_csi            34637987468          ENVIADO      recordatorio FALLIDO (chat_input_not_found) -
17/4_19:00_4e             966542212340         ENVIADO      recordatorio FALLIDO (chat_input_not_found) -
18/4_13:00_4e             34660201114          ENVIADO      recordatorio FALLIDO (chat_input_not_found) -

[2026-04-20 16:36:51] POSITIVO | Fotos nuevas: 0 | Envios OK: 0 | Envios FAIL: 0 | Reviews negativas: 0 | Fotos borradas: 0

=== SESIÓN 16:47-16:49 (20/04/2026) ===
RESERVA                   TELÉFONO             ESTADO       RESPUESTA                 REVIEW
-----------------------------------------------------------------------------------------------
17/4_17:40_csi            34%C2%A0607%C2%A098%C2%A019%C2%A068%E2%80%AC ENVIADO      recordatorio FALLIDO (chat_input_not_found) -
17/4_19:10_csi            46720267726          ENVIADO      recordatorio FALLIDO (chat_input_not_found) -
17/4_20:40_csi            34637987468          ENVIADO      recordatorio FALLIDO (chat_input_not_found) -
17/4_19:00_4e             966542212340         ENVIADO      recordatorio FALLIDO (chat_input_not_found) -
18/4_13:00_4e             34660201114          ENVIADO      recordatorio FALLIDO (chat_input_not_found) -

[2026-04-20 16:51:35] POSITIVO | Fotos nuevas: 0 | Envios OK: 0 | Envios FAIL: 0 | Reviews negativas: 0 | Fotos borradas: 0

=== SESIÓN 17:02-17:04 (20/04/2026) ===
RESERVA                   TELÉFONO             ESTADO       RESPUESTA                 REVIEW
-----------------------------------------------------------------------------------------------
17/4_17:40_csi            34%C2%A0607%C2%A098%C2%A019%C2%A068%E2%80%AC ENVIADO      recordatorio FALLIDO (chat_input_not_found) -
17/4_19:10_csi            46720267726          ENVIADO      recordatorio FALLIDO (chat_input_not_found) -
17/4_20:40_csi            34637987468          ENVIADO      recordatorio FALLIDO (chat_input_not_found) -
17/4_19:00_4e             966542212340         ENVIADO      recordatorio FALLIDO (chat_input_not_found) -
18/4_13:00_4e             34660201114          ENVIADO      recordatorio FALLIDO (chat_input_not_found) -

[2026-04-20 17:06:15] POSITIVO | Fotos nuevas: 0 | Envios OK: 0 | Envios FAIL: 0 | Reviews negativas: 0 | Fotos borradas: 0

=== SESIÓN 17:17-17:19 (20/04/2026) ===
RESERVA                   TELÉFONO             ESTADO       RESPUESTA                 REVIEW
-----------------------------------------------------------------------------------------------
17/4_17:40_csi            34%C2%A0607%C2%A098%C2%A019%C2%A068%E2%80%AC ENVIADO      recordatorio FALLIDO (chat_input_not_found) -
17/4_19:10_csi            46720267726          ENVIADO      recordatorio FALLIDO (chat_input_not_found) -
17/4_20:40_csi            34637987468          ENVIADO      recordatorio FALLIDO (chat_input_not_found) -
17/4_19:00_4e             966542212340         ENVIADO      recordatorio FALLIDO (chat_input_not_found) -
18/4_13:00_4e             34660201114          ENVIADO      recordatorio FALLIDO (chat_input_not_found) -

[2026-04-20 17:21:36] POSITIVO | Fotos nuevas: 0 | Envios OK: 0 | Envios FAIL: 0 | Reviews negativas: 0 | Fotos borradas: 0

=== SESIÓN 17:32-17:34 (20/04/2026) ===
RESERVA                   TELÉFONO             ESTADO       RESPUESTA                 REVIEW
-----------------------------------------------------------------------------------------------
17/4_17:40_csi            34%C2%A0607%C2%A098%C2%A019%C2%A068%E2%80%AC ENVIADO      recordatorio FALLIDO (chat_input_not_found) -
17/4_19:10_csi            46720267726          ENVIADO      recordatorio FALLIDO (chat_input_not_found) -
17/4_20:40_csi            34637987468          ENVIADO      recordatorio FALLIDO (chat_input_not_found) -
17/4_19:00_4e             966542212340         ENVIADO      recordatorio FALLIDO (chat_input_not_found) -
18/4_13:00_4e             34660201114          ENVIADO      recordatorio FALLIDO (chat_input_not_found) -

[2026-04-20 17:36:22] POSITIVO | Fotos nuevas: 0 | Envios OK: 0 | Envios FAIL: 0 | Reviews negativas: 0 | Fotos borradas: 0

=== SESIÓN 17:47-17:49 (20/04/2026) ===
RESERVA                   TELÉFONO             ESTADO       RESPUESTA                 REVIEW
-----------------------------------------------------------------------------------------------
17/4_17:40_csi            34%C2%A0607%C2%A098%C2%A019%C2%A068%E2%80%AC ENVIADO      recordatorio FALLIDO (chat_input_not_found) -
17/4_19:10_csi            46720267726          ENVIADO      recordatorio FALLIDO (chat_input_not_found) -
17/4_20:40_csi            34637987468          ENVIADO      recordatorio FALLIDO (chat_input_not_found) -
17/4_19:00_4e             966542212340         ENVIADO      recordatorio FALLIDO (chat_input_not_found) -
18/4_13:00_4e             34660201114          ENVIADO      recordatorio FALLIDO (chat_input_not_found) -

[2026-04-20 17:51:30] POSITIVO | Fotos nuevas: 0 | Envios OK: 0 | Envios FAIL: 0 | Reviews negativas: 0 | Fotos borradas: 0

=== SESIÓN 18:02-18:04 (20/04/2026) ===
RESERVA                   TELÉFONO             ESTADO       RESPUESTA                 REVIEW
-----------------------------------------------------------------------------------------------
17/4_17:40_csi            34%C2%A0607%C2%A098%C2%A019%C2%A068%E2%80%AC ENVIADO      recordatorio FALLIDO (chat_input_not_found) -
17/4_19:10_csi            46720267726          ENVIADO      recordatorio FALLIDO (chat_input_not_found) -
17/4_20:40_csi            34637987468          ENVIADO      recordatorio FALLIDO (chat_input_not_found) -
17/4_19:00_4e             966542212340         ENVIADO      recordatorio FALLIDO (chat_input_not_found) -
18/4_13:00_4e             34660201114          ENVIADO      recordatorio FALLIDO (chat_input_not_found) -

[2026-04-20 18:06:47] POSITIVO | Fotos nuevas: 0 | Envios OK: 0 | Envios FAIL: 0 | Reviews negativas: 0 | Fotos borradas: 0

=== SESIÓN 18:17-18:19 (20/04/2026) ===
RESERVA                   TELÉFONO             ESTADO       RESPUESTA                 REVIEW
-----------------------------------------------------------------------------------------------
17/4_17:40_csi            34%C2%A0607%C2%A098%C2%A019%C2%A068%E2%80%AC ENVIADO      recordatorio FALLIDO (chat_input_not_found) -
17/4_19:10_csi            46720267726          ENVIADO      recordatorio FALLIDO (chat_input_not_found) -
17/4_20:40_csi            34637987468          ENVIADO      recordatorio FALLIDO (chat_input_not_found) -
17/4_19:00_4e             966542212340         ENVIADO      recordatorio FALLIDO (chat_input_not_found) -
18/4_13:00_4e             34660201114          ENVIADO      recordatorio FALLIDO (chat_input_not_found) -

[2026-04-20 18:21:40] POSITIVO | Fotos nuevas: 0 | Envios OK: 0 | Envios FAIL: 0 | Reviews negativas: 0 | Fotos borradas: 0

=== SESIÓN 18:32-18:33 (20/04/2026) ===
RESERVA                   TELÉFONO             ESTADO       RESPUESTA                 REVIEW
-----------------------------------------------------------------------------------------------
17/4_17:40_csi            34%C2%A0607%C2%A098%C2%A019%C2%A068%E2%80%AC ENVIADO      recordatorio FALLIDO (chat_input_not_found) -
17/4_19:10_csi            46720267726          ENVIADO      recordatorio FALLIDO (chat_input_not_found) -
17/4_20:40_csi            34637987468          ENVIADO      recordatorio FALLIDO (chat_input_not_found) -
17/4_19:00_4e             966542212340         ENVIADO      recordatorio FALLIDO (chat_input_not_found) -
18/4_13:00_4e             34660201114          ENVIADO      recordatorio FALLIDO (chat_input_not_found) -

[2026-04-20 18:35:52] POSITIVO | Fotos nuevas: 0 | Envios OK: 0 | Envios FAIL: 0 | Reviews negativas: 0 | Fotos borradas: 0

=== SESIÓN 18:47-18:49 (20/04/2026) ===
RESERVA                   TELÉFONO             ESTADO       RESPUESTA                 REVIEW
-----------------------------------------------------------------------------------------------
17/4_17:40_csi            34%C2%A0607%C2%A098%C2%A019%C2%A068%E2%80%AC ENVIADO      recordatorio FALLIDO (chat_input_not_found) -
17/4_19:10_csi            46720267726          ENVIADO      recordatorio FALLIDO (chat_input_not_found) -
17/4_20:40_csi            34637987468          ENVIADO      recordatorio FALLIDO (chat_input_not_found) -
17/4_19:00_4e             966542212340         ENVIADO      recordatorio FALLIDO (chat_input_not_found) -
18/4_13:00_4e             34660201114          ENVIADO      recordatorio FALLIDO (chat_input_not_found) -
18/4_16:00_4e/csi         34649648412          ENVIADO      recordatorio FALLIDO (chat_input_not_found) -

[2026-04-20 18:50:35] POSITIVO | Fotos nuevas: 0 | Envios OK: 0 | Envios FAIL: 0 | Reviews negativas: 0 | Fotos borradas: 0

=== SESIÓN 19:02-19:04 (20/04/2026) ===
RESERVA                   TELÉFONO             ESTADO       RESPUESTA                 REVIEW
-----------------------------------------------------------------------------------------------
17/4_17:40_csi            34%C2%A0607%C2%A098%C2%A019%C2%A068%E2%80%AC ENVIADO      recordatorio FALLIDO (chat_input_not_found) -
17/4_19:10_csi            46720267726          ENVIADO      recordatorio FALLIDO (chat_input_not_found) -
17/4_20:40_csi            34637987468          ENVIADO      recordatorio FALLIDO (chat_input_not_found) -
17/4_19:00_4e             966542212340         ENVIADO      recordatorio FALLIDO (chat_input_not_found) -
18/4_13:00_4e             34660201114          ENVIADO      recordatorio FALLIDO (chat_input_not_found) -
18/4_16:00_4e/csi         34649648412          ENVIADO      recordatorio FALLIDO (chat_input_not_found) -
18/4_17:30_4e             34617371228          ENVIADO      recordatorio FALLIDO (chat_input_not_found) -

[2026-04-20 19:06:14] POSITIVO | Fotos nuevas: 0 | Envios OK: 0 | Envios FAIL: 0 | Reviews negativas: 0 | Fotos borradas: 0

=== SESIÓN 19:17-19:20 (20/04/2026) ===
RESERVA                   TELÉFONO             ESTADO       RESPUESTA                 REVIEW
-----------------------------------------------------------------------------------------------
17/4_17:40_csi            34%C2%A0607%C2%A098%C2%A019%C2%A068%E2%80%AC ENVIADO      recordatorio FALLIDO (chat_input_not_found) -
17/4_19:10_csi            46720267726          ENVIADO      recordatorio FALLIDO (chat_input_not_found) -
17/4_20:40_csi            34637987468          ENVIADO      recordatorio FALLIDO (chat_input_not_found) -
17/4_19:00_4e             966542212340         ENVIADO      recordatorio FALLIDO (chat_input_not_found) -
18/4_13:00_4e             34660201114          ENVIADO      recordatorio FALLIDO (chat_input_not_found) -
18/4_16:00_4e/csi         34649648412          ENVIADO      recordatorio FALLIDO (chat_input_not_found) -
18/4_17:30_4e             34617371228          ENVIADO      recordatorio FALLIDO (chat_input_not_found) -

[2026-04-20 19:21:23] POSITIVO | Fotos nuevas: 0 | Envios OK: 0 | Envios FAIL: 0 | Reviews negativas: 0 | Fotos borradas: 0

=== SESIÓN 19:32-19:34 (20/04/2026) ===
RESERVA                   TELÉFONO             ESTADO       RESPUESTA                 REVIEW
-----------------------------------------------------------------------------------------------
17/4_17:40_csi            34%C2%A0607%C2%A098%C2%A019%C2%A068%E2%80%AC ENVIADO      recordatorio FALLIDO (chat_input_not_found) -
17/4_19:10_csi            46720267726          ENVIADO      recordatorio FALLIDO (chat_input_not_found) -
17/4_20:40_csi            34637987468          ENVIADO      recordatorio FALLIDO (chat_input_not_found) -
17/4_19:00_4e             966542212340         ENVIADO      recordatorio FALLIDO (chat_input_not_found) -
18/4_13:00_4e             34660201114          ENVIADO      recordatorio FALLIDO (chat_input_not_found) -
18/4_16:00_4e/csi         34649648412          ENVIADO      recordatorio FALLIDO (chat_input_not_found) -
18/4_17:30_4e             34617371228          ENVIADO      recordatorio FALLIDO (chat_input_not_found) -

[2026-04-20 19:36:15] POSITIVO | Fotos nuevas: 0 | Envios OK: 0 | Envios FAIL: 0 | Reviews negativas: 0 | Fotos borradas: 0

=== SESIÓN 19:47-19:49 (20/04/2026) ===
RESERVA                   TELÉFONO             ESTADO       RESPUESTA                 REVIEW
-----------------------------------------------------------------------------------------------
17/4_17:40_csi            34%C2%A0607%C2%A098%C2%A019%C2%A068%E2%80%AC ENVIADO      recordatorio FALLIDO (chat_input_not_found) -
17/4_19:10_csi            46720267726          ENVIADO      recordatorio FALLIDO (chat_input_not_found) -
17/4_20:40_csi            34637987468          ENVIADO      recordatorio FALLIDO (chat_input_not_found) -
17/4_19:00_4e             966542212340         ENVIADO      recordatorio FALLIDO (chat_input_not_found) -
18/4_13:00_4e             34660201114          ENVIADO      recordatorio FALLIDO (chat_input_not_found) -
18/4_16:00_4e/csi         34649648412          ENVIADO      recordatorio FALLIDO (chat_input_not_found) -
18/4_17:30_4e             34617371228          ENVIADO      recordatorio FALLIDO (chat_input_not_found) -

[2026-04-20 19:51:09] POSITIVO | Fotos nuevas: 0 | Envios OK: 0 | Envios FAIL: 0 | Reviews negativas: 0 | Fotos borradas: 0

=== SESIÓN 20:02-20:05 (20/04/2026) ===
RESERVA                   TELÉFONO             ESTADO       RESPUESTA                 REVIEW
-----------------------------------------------------------------------------------------------
17/4_17:40_csi            34%C2%A0607%C2%A098%C2%A019%C2%A068%E2%80%AC ENVIADO      recordatorio FALLIDO (chat_input_not_found) -
17/4_19:10_csi            46720267726          ENVIADO      recordatorio FALLIDO (chat_input_not_found) -
17/4_20:40_csi            34637987468          ENVIADO      recordatorio FALLIDO (chat_input_not_found) -
17/4_19:00_4e             966542212340         ENVIADO      recordatorio FALLIDO (chat_input_not_found) -
18/4_13:00_4e             34660201114          ENVIADO      recordatorio FALLIDO (chat_input_not_found) -
18/4_16:00_4e/csi         34649648412          ENVIADO      recordatorio FALLIDO (chat_input_not_found) -
18/4_17:30_4e             34617371228          ENVIADO      recordatorio FALLIDO (chat_input_not_found) -

[2026-04-20 20:06:34] POSITIVO | Fotos nuevas: 0 | Envios OK: 0 | Envios FAIL: 0 | Reviews negativas: 0 | Fotos borradas: 0

=== SESIÓN 20:17-20:19 (20/04/2026) ===
RESERVA                   TELÉFONO             ESTADO       RESPUESTA                 REVIEW
-----------------------------------------------------------------------------------------------
17/4_17:40_csi            34%C2%A0607%C2%A098%C2%A019%C2%A068%E2%80%AC ENVIADO      recordatorio FALLIDO (chat_input_not_found) -
17/4_19:10_csi            46720267726          ENVIADO      recordatorio FALLIDO (chat_input_not_found) -
17/4_20:40_csi            34637987468          ENVIADO      recordatorio FALLIDO (chat_input_not_found) -
17/4_19:00_4e             966542212340         ENVIADO      recordatorio FALLIDO (chat_input_not_found) -
18/4_13:00_4e             34660201114          ENVIADO      recordatorio FALLIDO (chat_input_not_found) -
18/4_16:00_4e/csi         34649648412          ENVIADO      recordatorio FALLIDO (chat_input_not_found) -
18/4_17:30_4e             34617371228          ENVIADO      recordatorio FALLIDO (chat_input_not_found) -

[2026-04-20 20:20:56] POSITIVO | Fotos nuevas: 0 | Envios OK: 0 | Envios FAIL: 0 | Reviews negativas: 0 | Fotos borradas: 0

=== SESIÓN 20:32-20:34 (20/04/2026) ===
RESERVA                   TELÉFONO             ESTADO       RESPUESTA                 REVIEW
-----------------------------------------------------------------------------------------------
17/4_17:40_csi            34%C2%A0607%C2%A098%C2%A019%C2%A068%E2%80%AC ENVIADO      recordatorio FALLIDO (chat_input_not_found) -
17/4_19:10_csi            46720267726          ENVIADO      recordatorio FALLIDO (chat_input_not_found) -
17/4_20:40_csi            34637987468          ENVIADO      recordatorio FALLIDO (chat_input_not_found) -
17/4_19:00_4e             966542212340         ENVIADO      recordatorio FALLIDO (chat_input_not_found) -
18/4_13:00_4e             34660201114          ENVIADO      recordatorio FALLIDO (chat_input_not_found) -
18/4_16:00_4e/csi         34649648412          ENVIADO      recordatorio FALLIDO (chat_input_not_found) -
18/4_17:30_4e             34617371228          ENVIADO      recordatorio FALLIDO (chat_input_not_found) -

[2026-04-20 20:35:50] POSITIVO | Fotos nuevas: 0 | Envios OK: 0 | Envios FAIL: 0 | Reviews negativas: 0 | Fotos borradas: 0

=== SESIÓN 20:47-20:49 (20/04/2026) ===
RESERVA                   TELÉFONO             ESTADO       RESPUESTA                 REVIEW
-----------------------------------------------------------------------------------------------
17/4_17:40_csi            34%C2%A0607%C2%A098%C2%A019%C2%A068%E2%80%AC ENVIADO      recordatorio FALLIDO (chat_input_not_found) -
17/4_19:10_csi            46720267726          ENVIADO      recordatorio FALLIDO (chat_input_not_found) -
17/4_20:40_csi            34637987468          ENVIADO      recordatorio FALLIDO (chat_input_not_found) -
17/4_19:00_4e             966542212340         ENVIADO      recordatorio FALLIDO (chat_input_not_found) -
18/4_13:00_4e             34660201114          ENVIADO      recordatorio FALLIDO (chat_input_not_found) -
18/4_16:00_4e/csi         34649648412          ENVIADO      recordatorio FALLIDO (chat_input_not_found) -
18/4_17:30_4e             34617371228          ENVIADO      recordatorio FALLIDO (chat_input_not_found) -

[2026-04-20 20:50:47] POSITIVO | Fotos nuevas: 0 | Envios OK: 0 | Envios FAIL: 0 | Reviews negativas: 0 | Fotos borradas: 0

=== SESIÓN 21:02-21:04 (20/04/2026) ===
RESERVA                   TELÉFONO             ESTADO       RESPUESTA                 REVIEW
-----------------------------------------------------------------------------------------------
17/4_17:40_csi            34%C2%A0607%C2%A098%C2%A019%C2%A068%E2%80%AC ENVIADO      recordatorio FALLIDO (chat_input_not_found) -
17/4_19:10_csi            46720267726          ENVIADO      recordatorio FALLIDO (chat_input_not_found) -
17/4_20:40_csi            34637987468          ENVIADO      recordatorio FALLIDO (chat_input_not_found) -
17/4_19:00_4e             966542212340         ENVIADO      recordatorio FALLIDO (chat_input_not_found) -
18/4_13:00_4e             34660201114          ENVIADO      recordatorio FALLIDO (chat_input_not_found) -
18/4_16:00_4e/csi         34649648412          ENVIADO      recordatorio FALLIDO (chat_input_not_found) -
18/4_17:30_4e             34617371228          ENVIADO      recordatorio FALLIDO (chat_input_not_found) -

[2026-04-20 21:06:02] POSITIVO | Fotos nuevas: 0 | Envios OK: 0 | Envios FAIL: 0 | Reviews negativas: 0 | Fotos borradas: 0

=== SESIÓN 21:17-21:19 (20/04/2026) ===
RESERVA                   TELÉFONO             ESTADO       RESPUESTA                 REVIEW
-----------------------------------------------------------------------------------------------
17/4_17:40_csi            34%C2%A0607%C2%A098%C2%A019%C2%A068%E2%80%AC ENVIADO      recordatorio FALLIDO (chat_input_not_found) -
17/4_19:10_csi            46720267726          ENVIADO      recordatorio FALLIDO (chat_input_not_found) -
17/4_20:40_csi            34637987468          ENVIADO      recordatorio FALLIDO (chat_input_not_found) -
17/4_19:00_4e             966542212340         ENVIADO      recordatorio FALLIDO (chat_input_not_found) -
18/4_13:00_4e             34660201114          ENVIADO      recordatorio FALLIDO (chat_input_not_found) -
18/4_16:00_4e/csi         34649648412          ENVIADO      recordatorio FALLIDO (chat_input_not_found) -
18/4_17:30_4e             34617371228          ENVIADO      recordatorio FALLIDO (chat_input_not_found) -

[2026-04-20 21:20:45] POSITIVO | Fotos nuevas: 0 | Envios OK: 0 | Envios FAIL: 0 | Reviews negativas: 0 | Fotos borradas: 0

=== SESIÓN 21:32-21:34 (20/04/2026) ===
RESERVA                   TELÉFONO             ESTADO       RESPUESTA                 REVIEW
-----------------------------------------------------------------------------------------------
17/4_17:40_csi            34%C2%A0607%C2%A098%C2%A019%C2%A068%E2%80%AC ENVIADO      recordatorio FALLIDO (chat_input_not_found) -
17/4_19:10_csi            46720267726          ENVIADO      recordatorio FALLIDO (chat_input_not_found) -
17/4_20:40_csi            34637987468          ENVIADO      recordatorio FALLIDO (chat_input_not_found) -
17/4_19:00_4e             966542212340         ENVIADO      recordatorio FALLIDO (chat_input_not_found) -
18/4_13:00_4e             34660201114          ENVIADO      recordatorio FALLIDO (chat_input_not_found) -
18/4_16:00_4e/csi         34649648412          ENVIADO      recordatorio FALLIDO (chat_input_not_found) -
18/4_17:30_4e             34617371228          ENVIADO      recordatorio FALLIDO (chat_input_not_found) -

[2026-04-20 21:35:42] POSITIVO | Fotos nuevas: 0 | Envios OK: 0 | Envios FAIL: 0 | Reviews negativas: 0 | Fotos borradas: 0

=== SESIÓN 21:47-21:49 (20/04/2026) ===
RESERVA                   TELÉFONO             ESTADO       RESPUESTA                 REVIEW
-----------------------------------------------------------------------------------------------
17/4_17:40_csi            34%C2%A0607%C2%A098%C2%A019%C2%A068%E2%80%AC ENVIADO      recordatorio FALLIDO (chat_input_not_found) -
17/4_19:10_csi            46720267726          ENVIADO      recordatorio FALLIDO (chat_input_not_found) -
17/4_20:40_csi            34637987468          ENVIADO      recordatorio FALLIDO (chat_input_not_found) -
17/4_19:00_4e             966542212340         ENVIADO      recordatorio FALLIDO (chat_input_not_found) -
18/4_13:00_4e             34660201114          ENVIADO      recordatorio FALLIDO (chat_input_not_found) -
18/4_16:00_4e/csi         34649648412          ENVIADO      recordatorio FALLIDO (chat_input_not_found) -
18/4_17:30_4e             34617371228          ENVIADO      recordatorio FALLIDO (chat_input_not_found) -

[2026-04-20 21:50:14] POSITIVO | Fotos nuevas: 0 | Envios OK: 0 | Envios FAIL: 0 | Reviews negativas: 0 | Fotos borradas: 0

=== SESIÓN 22:02-22:05 (20/04/2026) ===
RESERVA                   TELÉFONO             ESTADO       RESPUESTA                 REVIEW
-----------------------------------------------------------------------------------------------
17/4_17:40_csi            34%C2%A0607%C2%A098%C2%A019%C2%A068%E2%80%AC ENVIADO      recordatorio FALLIDO (chat_input_not_found) -
17/4_19:10_csi            46720267726          ENVIADO      recordatorio FALLIDO (chat_input_not_found) -
17/4_20:40_csi            34637987468          ENVIADO      recordatorio FALLIDO (chat_input_not_found) -
17/4_19:00_4e             966542212340         ENVIADO      recordatorio FALLIDO (chat_input_not_found) -
18/4_13:00_4e             34660201114          ENVIADO      recordatorio FALLIDO (chat_input_not_found) -
18/4_16:00_4e/csi         34649648412          ENVIADO      recordatorio FALLIDO (chat_input_not_found) -
18/4_17:30_4e             34617371228          ENVIADO      recordatorio FALLIDO (chat_input_not_found) -
18/4_20:30_4e             34683548136          ENVIADO      recordatorio FALLIDO (chat_input_not_found) -
18/4_20:30_4e/csi         34683548136          ENVIADO      recordatorio FALLIDO (chat_input_not_found) -

[2026-04-20 22:05:23] POSITIVO | Fotos nuevas: 0 | Envios OK: 0 | Envios FAIL: 0 | Reviews negativas: 0 | Fotos borradas: 0

=== SESIÓN 22:17-22:19 (20/04/2026) ===
RESERVA                   TELÉFONO             ESTADO       RESPUESTA                 REVIEW
-----------------------------------------------------------------------------------------------
17/4_17:40_csi            34%C2%A0607%C2%A098%C2%A019%C2%A068%E2%80%AC ENVIADO      recordatorio FALLIDO (chat_input_not_found) -
17/4_19:10_csi            46720267726          ENVIADO      recordatorio FALLIDO (chat_input_not_found) -
17/4_20:40_csi            34637987468          ENVIADO      recordatorio FALLIDO (chat_input_not_found) -
17/4_19:00_4e             966542212340         ENVIADO      recordatorio FALLIDO (chat_input_not_found) -
18/4_13:00_4e             34660201114          ENVIADO      recordatorio FALLIDO (chat_input_not_found) -
18/4_16:00_4e/csi         34649648412          ENVIADO      recordatorio FALLIDO (chat_input_not_found) -
18/4_17:30_4e             34617371228          ENVIADO      recordatorio FALLIDO (chat_input_not_found) -
18/4_20:30_4e             34683548136          ENVIADO      recordatorio FALLIDO (chat_input_not_found) -
18/4_20:30_4e/csi         34683548136          ENVIADO      recordatorio FALLIDO (chat_input_not_found) -

[2026-04-20 22:20:10] POSITIVO | Fotos nuevas: 0 | Envios OK: 0 | Envios FAIL: 0 | Reviews negativas: 0 | Fotos borradas: 0

=== SESIÓN 22:32-22:35 (20/04/2026) ===
RESERVA                   TELÉFONO             ESTADO       RESPUESTA                 REVIEW
-----------------------------------------------------------------------------------------------
17/4_17:40_csi            34%C2%A0607%C2%A098%C2%A019%C2%A068%E2%80%AC ENVIADO      recordatorio FALLIDO (chat_input_not_found) -
17/4_19:10_csi            46720267726          ENVIADO      recordatorio FALLIDO (chat_input_not_found) -
17/4_20:40_csi            34637987468          ENVIADO      recordatorio FALLIDO (chat_input_not_found) -
17/4_19:00_4e             966542212340         ENVIADO      recordatorio FALLIDO (chat_input_not_found) -
18/4_13:00_4e             34660201114          ENVIADO      recordatorio FALLIDO (chat_input_not_found) -
18/4_16:00_4e/csi         34649648412          ENVIADO      recordatorio FALLIDO (chat_input_not_found) -
18/4_17:30_4e             34617371228          ENVIADO      recordatorio FALLIDO (chat_input_not_found) -
18/4_20:30_4e             34683548136          ENVIADO      recordatorio FALLIDO (chat_input_not_found) -
18/4_20:30_4e/csi         34683548136          ENVIADO      recordatorio FALLIDO (chat_input_not_found) -

[2026-04-20 22:35:26] POSITIVO | Fotos nuevas: 0 | Envios OK: 0 | Envios FAIL: 0 | Reviews negativas: 0 | Fotos borradas: 0

=== SESIÓN 22:47-22:50 (20/04/2026) ===
RESERVA                   TELÉFONO             ESTADO       RESPUESTA                 REVIEW
-----------------------------------------------------------------------------------------------
17/4_17:40_csi            34%C2%A0607%C2%A098%C2%A019%C2%A068%E2%80%AC ENVIADO      recordatorio FALLIDO (chat_input_not_found) -
17/4_19:10_csi            46720267726          ENVIADO      recordatorio FALLIDO (chat_input_not_found) -
17/4_20:40_csi            34637987468          ENVIADO      recordatorio FALLIDO (chat_input_not_found) -
17/4_19:00_4e             966542212340         ENVIADO      recordatorio FALLIDO (chat_input_not_found) -
18/4_13:00_4e             34660201114          ENVIADO      recordatorio FALLIDO (chat_input_not_found) -
18/4_16:00_4e/csi         34649648412          ENVIADO      recordatorio FALLIDO (chat_input_not_found) -
18/4_17:30_4e             34617371228          ENVIADO      recordatorio FALLIDO (chat_input_not_found) -
18/4_20:30_4e             34683548136          ENVIADO      recordatorio FALLIDO (chat_input_not_found) -
18/4_20:30_4e/csi         34683548136          ENVIADO      recordatorio FALLIDO (chat_input_not_found) -

[2026-04-20 22:50:26] POSITIVO | Fotos nuevas: 0 | Envios OK: 0 | Envios FAIL: 0 | Reviews negativas: 0 | Fotos borradas: 0

=== SESIÓN 23:02-23:03 (20/04/2026) ===
RESERVA                   TELÉFONO             ESTADO       RESPUESTA                 REVIEW
-----------------------------------------------------------------------------------------------
17/4_17:40_csi            34%C2%A0607%C2%A098%C2%A019%C2%A068%E2%80%AC ENVIADO      recordatorio FALLIDO (chat_input_not_found) -
17/4_19:10_csi            46720267726          ENVIADO      recordatorio FALLIDO (chat_input_not_found) -
17/4_20:40_csi            34637987468          ENVIADO      recordatorio FALLIDO (chat_input_not_found) -
17/4_19:00_4e             966542212340         ENVIADO      recordatorio FALLIDO (chat_input_not_found) -
18/4_13:00_4e             34660201114          ENVIADO      recordatorio FALLIDO (chat_input_not_found) -
18/4_16:00_4e/csi         34649648412          ENVIADO      recordatorio FALLIDO (chat_input_not_found) -
18/4_17:30_4e             34617371228          ENVIADO      recordatorio FALLIDO (chat_input_not_found) -
18/4_20:30_4e             34683548136          ENVIADO      recordatorio FALLIDO (chat_input_not_found) -
18/4_20:30_4e/csi         34683548136          ENVIADO      recordatorio FALLIDO (chat_input_not_found) -

[2026-04-20 23:04:12] POSITIVO | Fotos nuevas: 0 | Envios OK: 0 | Envios FAIL: 0 | Reviews negativas: 0 | Fotos borradas: 0
