
=== SESIÓN 13:53-16:23 (04/06/2026) ===
RESERVA                   TELÉFONO             ESTADO       RESPUESTA                 REVIEW
-----------------------------------------------------------------------------------------------
30/5_19:00_4e             34625490565          ENVIADO      sin respuesta             -
30/5_20:30_4e             34665943110          ENVIADO      sin respuesta             -
23/5_17:30_maf            34603458949          ENVIADO      recordatorio enviado (reacción en foto) -
23/5_19:00_maf            34649814146          ENVIADO      POSITIVA                  review enviada
24/5_19:00_4e             34649515037          ENVIADO      recordatorio enviado (48h) -
24/5_16:10_csi            34635280014          ENVIADO      recordatorio enviado (48h) -
29/5_17:30_4e             34610648642          ENVIADO      recordatorio FALLIDO (send_not_confirmed) -
29/5_17:40_csi            34651560074          ENVIADO      POSITIVA                  review enviada
30/5_11:30_4e             34647357305          ENVIADO      recordatorio enviado (48h) -
30/5_14:40_csi            31657059941          ENVIADO      POSITIVA                  review enviada
30/5_20:30_4e             34665943110          ENVIADO      POSITIVA                  review enviada
23/5_16:00_4e             34635122835          ENVIADO      recordatorio FALLIDO (send_not_confirmed) -
24/5_16:10_csi            34635280014          ENVIADO      POSITIVA                  review enviada
29/5_17:30_4e             34610648642          ENVIADO      recordatorio FALLIDO (send_not_confirmed) -
30/5_19:00_4e             34625490565          ENVIADO      POSITIVA                  review enviada
23/5_16:00_4e             34635122835          ENVIADO      POSITIVA (reacción emoji en texto) review enviada
29/5_17:30_4e             34610648642          ENVIADO      recordatorio FALLIDO (send_not_confirmed) -
29/5_17:30_4e             34610648642          ENVIADO      recordatorio FALLIDO (send_not_confirmed) -
29/5_17:30_4e             34610648642          ENVIADO      recordatorio FALLIDO (send_not_confirmed) -
29/5_17:30_4e             34610648642          ENVIADO      recordatorio FALLIDO (send_not_confirmed) -
29/5_17:30_4e             34610648642          ENVIADO      recordatorio enviado (48h) -
24/5_19:00_4e             34649515037          ENVIADO      POSITIVA                  review enviada

[2026-06-04 10:06:03] POSITIVO | Fotos nuevas: 0 | Envios OK: 0 | Envios FAIL: 0 | Reviews negativas: 0 | Fotos borradas: 0

=== SESIÓN 13:53-16:23 (04/06/2026) ===
RESERVA                   TELÉFONO             ESTADO       RESPUESTA                 REVIEW
-----------------------------------------------------------------------------------------------
30/5_19:00_4e             34625490565          ENVIADO      sin respuesta             -
30/5_20:30_4e             34665943110          ENVIADO      sin respuesta             -
23/5_17:30_maf            34603458949          ENVIADO      recordatorio enviado (reacción en foto) -
23/5_19:00_maf            34649814146          ENVIADO      POSITIVA                  review enviada
24/5_19:00_4e             34649515037          ENVIADO      recordatorio enviado (48h) -
24/5_16:10_csi            34635280014          ENVIADO      recordatorio enviado (48h) -
29/5_17:30_4e             34610648642          ENVIADO      recordatorio FALLIDO (send_not_confirmed) -
29/5_17:40_csi            34651560074          ENVIADO      POSITIVA                  review enviada
30/5_11:30_4e             34647357305          ENVIADO      recordatorio enviado (48h) -
30/5_14:40_csi            31657059941          ENVIADO      POSITIVA                  review enviada
30/5_20:30_4e             34665943110          ENVIADO      POSITIVA                  review enviada
23/5_16:00_4e             34635122835          ENVIADO      recordatorio FALLIDO (send_not_confirmed) -
24/5_16:10_csi            34635280014          ENVIADO      POSITIVA                  review enviada
29/5_17:30_4e             34610648642          ENVIADO      recordatorio FALLIDO (send_not_confirmed) -
30/5_19:00_4e             34625490565          ENVIADO      POSITIVA                  review enviada
23/5_16:00_4e             34635122835          ENVIADO      POSITIVA (reacción emoji en texto) review enviada
29/5_17:30_4e             34610648642          ENVIADO      recordatorio FALLIDO (send_not_confirmed) -
29/5_17:30_4e             34610648642          ENVIADO      recordatorio FALLIDO (send_not_confirmed) -
29/5_17:30_4e             34610648642          ENVIADO      recordatorio FALLIDO (send_not_confirmed) -
29/5_17:30_4e             34610648642          ENVIADO      recordatorio FALLIDO (send_not_confirmed) -
29/5_17:30_4e             34610648642          ENVIADO      recordatorio enviado (48h) -
24/5_19:00_4e             34649515037          ENVIADO      POSITIVA                  review enviada

[2026-06-04 10:22:25] POSITIVO | Fotos nuevas: 0 | Envios OK: 0 | Envios FAIL: 0 | Reviews negativas: 0 | Fotos borradas: 0

=== SESIÓN 13:53-16:23 (04/06/2026) ===
RESERVA                   TELÉFONO             ESTADO       RESPUESTA                 REVIEW
-----------------------------------------------------------------------------------------------
30/5_19:00_4e             34625490565          ENVIADO      sin respuesta             -
30/5_20:30_4e             34665943110          ENVIADO      sin respuesta             -
23/5_17:30_maf            34603458949          ENVIADO      recordatorio enviado (reacción en foto) -
23/5_19:00_maf            34649814146          ENVIADO      POSITIVA                  review enviada
24/5_19:00_4e             34649515037          ENVIADO      recordatorio enviado (48h) -
24/5_16:10_csi            34635280014          ENVIADO      recordatorio enviado (48h) -
29/5_17:30_4e             34610648642          ENVIADO      recordatorio FALLIDO (send_not_confirmed) -
29/5_17:40_csi            34651560074          ENVIADO      POSITIVA                  review enviada
30/5_11:30_4e             34647357305          ENVIADO      recordatorio enviado (48h) -
30/5_14:40_csi            31657059941          ENVIADO      POSITIVA                  review enviada
30/5_20:30_4e             34665943110          ENVIADO      POSITIVA                  review enviada
23/5_16:00_4e             34635122835          ENVIADO      recordatorio FALLIDO (send_not_confirmed) -
24/5_16:10_csi            34635280014          ENVIADO      POSITIVA                  review enviada
29/5_17:30_4e             34610648642          ENVIADO      recordatorio FALLIDO (send_not_confirmed) -
30/5_19:00_4e             34625490565          ENVIADO      POSITIVA                  review enviada
23/5_16:00_4e             34635122835          ENVIADO      POSITIVA (reacción emoji en texto) review enviada
29/5_17:30_4e             34610648642          ENVIADO      recordatorio FALLIDO (send_not_confirmed) -
29/5_17:30_4e             34610648642          ENVIADO      recordatorio FALLIDO (send_not_confirmed) -
29/5_17:30_4e             34610648642          ENVIADO      recordatorio FALLIDO (send_not_confirmed) -
29/5_17:30_4e             34610648642          ENVIADO      recordatorio FALLIDO (send_not_confirmed) -
29/5_17:30_4e             34610648642          ENVIADO      recordatorio enviado (48h) -
24/5_19:00_4e             34649515037          ENVIADO      POSITIVA                  review enviada

[2026-06-04 10:38:49] POSITIVO | Fotos nuevas: 0 | Envios OK: 0 | Envios FAIL: 0 | Reviews negativas: 0 | Fotos borradas: 0

=== SESIÓN 13:53-16:23 (04/06/2026) ===
RESERVA                   TELÉFONO             ESTADO       RESPUESTA                 REVIEW
-----------------------------------------------------------------------------------------------
30/5_19:00_4e             34625490565          ENVIADO      sin respuesta             -
30/5_20:30_4e             34665943110          ENVIADO      sin respuesta             -
23/5_17:30_maf            34603458949          ENVIADO      recordatorio enviado (reacción en foto) -
23/5_19:00_maf            34649814146          ENVIADO      POSITIVA                  review enviada
24/5_19:00_4e             34649515037          ENVIADO      recordatorio enviado (48h) -
24/5_16:10_csi            34635280014          ENVIADO      recordatorio enviado (48h) -
29/5_17:30_4e             34610648642          ENVIADO      recordatorio FALLIDO (send_not_confirmed) -
29/5_17:40_csi            34651560074          ENVIADO      POSITIVA                  review enviada
30/5_11:30_4e             34647357305          ENVIADO      recordatorio enviado (48h) -
30/5_14:40_csi            31657059941          ENVIADO      POSITIVA                  review enviada
30/5_20:30_4e             34665943110          ENVIADO      POSITIVA                  review enviada
23/5_16:00_4e             34635122835          ENVIADO      recordatorio FALLIDO (send_not_confirmed) -
24/5_16:10_csi            34635280014          ENVIADO      POSITIVA                  review enviada
29/5_17:30_4e             34610648642          ENVIADO      recordatorio FALLIDO (send_not_confirmed) -
30/5_19:00_4e             34625490565          ENVIADO      POSITIVA                  review enviada
23/5_16:00_4e             34635122835          ENVIADO      POSITIVA (reacción emoji en texto) review enviada
29/5_17:30_4e             34610648642          ENVIADO      recordatorio FALLIDO (send_not_confirmed) -
29/5_17:30_4e             34610648642          ENVIADO      recordatorio FALLIDO (send_not_confirmed) -
29/5_17:30_4e             34610648642          ENVIADO      recordatorio FALLIDO (send_not_confirmed) -
29/5_17:30_4e             34610648642          ENVIADO      recordatorio FALLIDO (send_not_confirmed) -
29/5_17:30_4e             34610648642          ENVIADO      recordatorio enviado (48h) -
24/5_19:00_4e             34649515037          ENVIADO      POSITIVA                  review enviada

[2026-06-04 10:55:09] POSITIVO | Fotos nuevas: 0 | Envios OK: 0 | Envios FAIL: 0 | Reviews negativas: 0 | Fotos borradas: 0

=== SESIÓN 13:53-16:23 (04/06/2026) ===
RESERVA                   TELÉFONO             ESTADO       RESPUESTA                 REVIEW
-----------------------------------------------------------------------------------------------
30/5_19:00_4e             34625490565          ENVIADO      sin respuesta             -
30/5_20:30_4e             34665943110          ENVIADO      sin respuesta             -
23/5_17:30_maf            34603458949          ENVIADO      recordatorio enviado (reacción en foto) -
23/5_19:00_maf            34649814146          ENVIADO      POSITIVA                  review enviada
24/5_19:00_4e             34649515037          ENVIADO      recordatorio enviado (48h) -
24/5_16:10_csi            34635280014          ENVIADO      recordatorio enviado (48h) -
29/5_17:30_4e             34610648642          ENVIADO      recordatorio FALLIDO (send_not_confirmed) -
29/5_17:40_csi            34651560074          ENVIADO      POSITIVA                  review enviada
30/5_11:30_4e             34647357305          ENVIADO      recordatorio enviado (48h) -
30/5_14:40_csi            31657059941          ENVIADO      POSITIVA                  review enviada
30/5_20:30_4e             34665943110          ENVIADO      POSITIVA                  review enviada
23/5_16:00_4e             34635122835          ENVIADO      recordatorio FALLIDO (send_not_confirmed) -
24/5_16:10_csi            34635280014          ENVIADO      POSITIVA                  review enviada
29/5_17:30_4e             34610648642          ENVIADO      recordatorio FALLIDO (send_not_confirmed) -
30/5_19:00_4e             34625490565          ENVIADO      POSITIVA                  review enviada
23/5_16:00_4e             34635122835          ENVIADO      POSITIVA (reacción emoji en texto) review enviada
29/5_17:30_4e             34610648642          ENVIADO      recordatorio FALLIDO (send_not_confirmed) -
29/5_17:30_4e             34610648642          ENVIADO      recordatorio FALLIDO (send_not_confirmed) -
29/5_17:30_4e             34610648642          ENVIADO      recordatorio FALLIDO (send_not_confirmed) -
29/5_17:30_4e             34610648642          ENVIADO      recordatorio FALLIDO (send_not_confirmed) -
29/5_17:30_4e             34610648642          ENVIADO      recordatorio enviado (48h) -
24/5_19:00_4e             34649515037          ENVIADO      POSITIVA                  review enviada

[2026-06-04 11:11:32] POSITIVO | Fotos nuevas: 0 | Envios OK: 0 | Envios FAIL: 0 | Reviews negativas: 0 | Fotos borradas: 0

=== SESIÓN 13:53-16:23 (04/06/2026) ===
RESERVA                   TELÉFONO             ESTADO       RESPUESTA                 REVIEW
-----------------------------------------------------------------------------------------------
30/5_19:00_4e             34625490565          ENVIADO      sin respuesta             -
30/5_20:30_4e             34665943110          ENVIADO      sin respuesta             -
23/5_17:30_maf            34603458949          ENVIADO      recordatorio enviado (reacción en foto) -
23/5_19:00_maf            34649814146          ENVIADO      POSITIVA                  review enviada
24/5_19:00_4e             34649515037          ENVIADO      recordatorio enviado (48h) -
24/5_16:10_csi            34635280014          ENVIADO      recordatorio enviado (48h) -
29/5_17:30_4e             34610648642          ENVIADO      recordatorio FALLIDO (send_not_confirmed) -
29/5_17:40_csi            34651560074          ENVIADO      POSITIVA                  review enviada
30/5_11:30_4e             34647357305          ENVIADO      recordatorio enviado (48h) -
30/5_14:40_csi            31657059941          ENVIADO      POSITIVA                  review enviada
30/5_20:30_4e             34665943110          ENVIADO      POSITIVA                  review enviada
23/5_16:00_4e             34635122835          ENVIADO      recordatorio FALLIDO (send_not_confirmed) -
24/5_16:10_csi            34635280014          ENVIADO      POSITIVA                  review enviada
29/5_17:30_4e             34610648642          ENVIADO      recordatorio FALLIDO (send_not_confirmed) -
30/5_19:00_4e             34625490565          ENVIADO      POSITIVA                  review enviada
23/5_16:00_4e             34635122835          ENVIADO      POSITIVA (reacción emoji en texto) review enviada
29/5_17:30_4e             34610648642          ENVIADO      recordatorio FALLIDO (send_not_confirmed) -
29/5_17:30_4e             34610648642          ENVIADO      recordatorio FALLIDO (send_not_confirmed) -
29/5_17:30_4e             34610648642          ENVIADO      recordatorio FALLIDO (send_not_confirmed) -
29/5_17:30_4e             34610648642          ENVIADO      recordatorio FALLIDO (send_not_confirmed) -
29/5_17:30_4e             34610648642          ENVIADO      recordatorio enviado (48h) -
24/5_19:00_4e             34649515037          ENVIADO      POSITIVA                  review enviada

[2026-06-04 11:27:57] POSITIVO | Fotos nuevas: 0 | Envios OK: 0 | Envios FAIL: 0 | Reviews negativas: 0 | Fotos borradas: 0

=== SESIÓN 13:53-16:23 (04/06/2026) ===
RESERVA                   TELÉFONO             ESTADO       RESPUESTA                 REVIEW
-----------------------------------------------------------------------------------------------
30/5_19:00_4e             34625490565          ENVIADO      sin respuesta             -
30/5_20:30_4e             34665943110          ENVIADO      sin respuesta             -
23/5_17:30_maf            34603458949          ENVIADO      recordatorio enviado (reacción en foto) -
23/5_19:00_maf            34649814146          ENVIADO      POSITIVA                  review enviada
24/5_19:00_4e             34649515037          ENVIADO      recordatorio enviado (48h) -
24/5_16:10_csi            34635280014          ENVIADO      recordatorio enviado (48h) -
29/5_17:30_4e             34610648642          ENVIADO      recordatorio FALLIDO (send_not_confirmed) -
29/5_17:40_csi            34651560074          ENVIADO      POSITIVA                  review enviada
30/5_11:30_4e             34647357305          ENVIADO      recordatorio enviado (48h) -
30/5_14:40_csi            31657059941          ENVIADO      POSITIVA                  review enviada
30/5_20:30_4e             34665943110          ENVIADO      POSITIVA                  review enviada
23/5_16:00_4e             34635122835          ENVIADO      recordatorio FALLIDO (send_not_confirmed) -
24/5_16:10_csi            34635280014          ENVIADO      POSITIVA                  review enviada
29/5_17:30_4e             34610648642          ENVIADO      recordatorio FALLIDO (send_not_confirmed) -
30/5_19:00_4e             34625490565          ENVIADO      POSITIVA                  review enviada
23/5_16:00_4e             34635122835          ENVIADO      POSITIVA (reacción emoji en texto) review enviada
29/5_17:30_4e             34610648642          ENVIADO      recordatorio FALLIDO (send_not_confirmed) -
29/5_17:30_4e             34610648642          ENVIADO      recordatorio FALLIDO (send_not_confirmed) -
29/5_17:30_4e             34610648642          ENVIADO      recordatorio FALLIDO (send_not_confirmed) -
29/5_17:30_4e             34610648642          ENVIADO      recordatorio FALLIDO (send_not_confirmed) -
29/5_17:30_4e             34610648642          ENVIADO      recordatorio enviado (48h) -
24/5_19:00_4e             34649515037          ENVIADO      POSITIVA                  review enviada

[2026-06-04 11:44:16] POSITIVO | Fotos nuevas: 0 | Envios OK: 0 | Envios FAIL: 0 | Reviews negativas: 0 | Fotos borradas: 0

=== SESIÓN 13:53-16:23 (04/06/2026) ===
RESERVA                   TELÉFONO             ESTADO       RESPUESTA                 REVIEW
-----------------------------------------------------------------------------------------------
30/5_19:00_4e             34625490565          ENVIADO      sin respuesta             -
30/5_20:30_4e             34665943110          ENVIADO      sin respuesta             -
23/5_17:30_maf            34603458949          ENVIADO      recordatorio enviado (reacción en foto) -
23/5_19:00_maf            34649814146          ENVIADO      POSITIVA                  review enviada
24/5_19:00_4e             34649515037          ENVIADO      recordatorio enviado (48h) -
24/5_16:10_csi            34635280014          ENVIADO      recordatorio enviado (48h) -
29/5_17:30_4e             34610648642          ENVIADO      recordatorio FALLIDO (send_not_confirmed) -
29/5_17:40_csi            34651560074          ENVIADO      POSITIVA                  review enviada
30/5_11:30_4e             34647357305          ENVIADO      recordatorio enviado (48h) -
30/5_14:40_csi            31657059941          ENVIADO      POSITIVA                  review enviada
30/5_20:30_4e             34665943110          ENVIADO      POSITIVA                  review enviada
23/5_16:00_4e             34635122835          ENVIADO      recordatorio FALLIDO (send_not_confirmed) -
24/5_16:10_csi            34635280014          ENVIADO      POSITIVA                  review enviada
29/5_17:30_4e             34610648642          ENVIADO      recordatorio FALLIDO (send_not_confirmed) -
30/5_19:00_4e             34625490565          ENVIADO      POSITIVA                  review enviada
23/5_16:00_4e             34635122835          ENVIADO      POSITIVA (reacción emoji en texto) review enviada
29/5_17:30_4e             34610648642          ENVIADO      recordatorio FALLIDO (send_not_confirmed) -
29/5_17:30_4e             34610648642          ENVIADO      recordatorio FALLIDO (send_not_confirmed) -
29/5_17:30_4e             34610648642          ENVIADO      recordatorio FALLIDO (send_not_confirmed) -
29/5_17:30_4e             34610648642          ENVIADO      recordatorio FALLIDO (send_not_confirmed) -
29/5_17:30_4e             34610648642          ENVIADO      recordatorio enviado (48h) -
24/5_19:00_4e             34649515037          ENVIADO      POSITIVA                  review enviada

[2026-06-04 12:00:33] POSITIVO | Fotos nuevas: 0 | Envios OK: 0 | Envios FAIL: 0 | Reviews negativas: 0 | Fotos borradas: 0

=== SESIÓN 13:53-16:23 (04/06/2026) ===
RESERVA                   TELÉFONO             ESTADO       RESPUESTA                 REVIEW
-----------------------------------------------------------------------------------------------
30/5_19:00_4e             34625490565          ENVIADO      sin respuesta             -
30/5_20:30_4e             34665943110          ENVIADO      sin respuesta             -
23/5_17:30_maf            34603458949          ENVIADO      recordatorio enviado (reacción en foto) -
23/5_19:00_maf            34649814146          ENVIADO      POSITIVA                  review enviada
24/5_19:00_4e             34649515037          ENVIADO      recordatorio enviado (48h) -
24/5_16:10_csi            34635280014          ENVIADO      recordatorio enviado (48h) -
29/5_17:30_4e             34610648642          ENVIADO      recordatorio FALLIDO (send_not_confirmed) -
29/5_17:40_csi            34651560074          ENVIADO      POSITIVA                  review enviada
30/5_11:30_4e             34647357305          ENVIADO      recordatorio enviado (48h) -
30/5_14:40_csi            31657059941          ENVIADO      POSITIVA                  review enviada
30/5_20:30_4e             34665943110          ENVIADO      POSITIVA                  review enviada
23/5_16:00_4e             34635122835          ENVIADO      recordatorio FALLIDO (send_not_confirmed) -
24/5_16:10_csi            34635280014          ENVIADO      POSITIVA                  review enviada
29/5_17:30_4e             34610648642          ENVIADO      recordatorio FALLIDO (send_not_confirmed) -
30/5_19:00_4e             34625490565          ENVIADO      POSITIVA                  review enviada
23/5_16:00_4e             34635122835          ENVIADO      POSITIVA (reacción emoji en texto) review enviada
29/5_17:30_4e             34610648642          ENVIADO      recordatorio FALLIDO (send_not_confirmed) -
29/5_17:30_4e             34610648642          ENVIADO      recordatorio FALLIDO (send_not_confirmed) -
29/5_17:30_4e             34610648642          ENVIADO      recordatorio FALLIDO (send_not_confirmed) -
29/5_17:30_4e             34610648642          ENVIADO      recordatorio FALLIDO (send_not_confirmed) -
29/5_17:30_4e             34610648642          ENVIADO      recordatorio enviado (48h) -
24/5_19:00_4e             34649515037          ENVIADO      POSITIVA                  review enviada

[2026-06-04 12:16:52] POSITIVO | Fotos nuevas: 0 | Envios OK: 0 | Envios FAIL: 0 | Reviews negativas: 0 | Fotos borradas: 0

=== SESIÓN 13:53-16:23 (04/06/2026) ===
RESERVA                   TELÉFONO             ESTADO       RESPUESTA                 REVIEW
-----------------------------------------------------------------------------------------------
30/5_19:00_4e             34625490565          ENVIADO      sin respuesta             -
30/5_20:30_4e             34665943110          ENVIADO      sin respuesta             -
23/5_17:30_maf            34603458949          ENVIADO      recordatorio enviado (reacción en foto) -
23/5_19:00_maf            34649814146          ENVIADO      POSITIVA                  review enviada
24/5_19:00_4e             34649515037          ENVIADO      recordatorio enviado (48h) -
24/5_16:10_csi            34635280014          ENVIADO      recordatorio enviado (48h) -
29/5_17:30_4e             34610648642          ENVIADO      recordatorio FALLIDO (send_not_confirmed) -
29/5_17:40_csi            34651560074          ENVIADO      POSITIVA                  review enviada
30/5_11:30_4e             34647357305          ENVIADO      recordatorio enviado (48h) -
30/5_14:40_csi            31657059941          ENVIADO      POSITIVA                  review enviada
30/5_20:30_4e             34665943110          ENVIADO      POSITIVA                  review enviada
23/5_16:00_4e             34635122835          ENVIADO      recordatorio FALLIDO (send_not_confirmed) -
24/5_16:10_csi            34635280014          ENVIADO      POSITIVA                  review enviada
29/5_17:30_4e             34610648642          ENVIADO      recordatorio FALLIDO (send_not_confirmed) -
30/5_19:00_4e             34625490565          ENVIADO      POSITIVA                  review enviada
23/5_16:00_4e             34635122835          ENVIADO      POSITIVA (reacción emoji en texto) review enviada
29/5_17:30_4e             34610648642          ENVIADO      recordatorio FALLIDO (send_not_confirmed) -
29/5_17:30_4e             34610648642          ENVIADO      recordatorio FALLIDO (send_not_confirmed) -
29/5_17:30_4e             34610648642          ENVIADO      recordatorio FALLIDO (send_not_confirmed) -
29/5_17:30_4e             34610648642          ENVIADO      recordatorio FALLIDO (send_not_confirmed) -
29/5_17:30_4e             34610648642          ENVIADO      recordatorio enviado (48h) -
24/5_19:00_4e             34649515037          ENVIADO      POSITIVA                  review enviada

[2026-06-04 12:33:15] POSITIVO | Fotos nuevas: 0 | Envios OK: 0 | Envios FAIL: 0 | Reviews negativas: 0 | Fotos borradas: 0

=== SESIÓN 13:53-16:23 (04/06/2026) ===
RESERVA                   TELÉFONO             ESTADO       RESPUESTA                 REVIEW
-----------------------------------------------------------------------------------------------
30/5_19:00_4e             34625490565          ENVIADO      sin respuesta             -
30/5_20:30_4e             34665943110          ENVIADO      sin respuesta             -
23/5_17:30_maf            34603458949          ENVIADO      recordatorio enviado (reacción en foto) -
23/5_19:00_maf            34649814146          ENVIADO      POSITIVA                  review enviada
24/5_19:00_4e             34649515037          ENVIADO      recordatorio enviado (48h) -
24/5_16:10_csi            34635280014          ENVIADO      recordatorio enviado (48h) -
29/5_17:30_4e             34610648642          ENVIADO      recordatorio FALLIDO (send_not_confirmed) -
29/5_17:40_csi            34651560074          ENVIADO      POSITIVA                  review enviada
30/5_11:30_4e             34647357305          ENVIADO      recordatorio enviado (48h) -
30/5_14:40_csi            31657059941          ENVIADO      POSITIVA                  review enviada
30/5_20:30_4e             34665943110          ENVIADO      POSITIVA                  review enviada
23/5_16:00_4e             34635122835          ENVIADO      recordatorio FALLIDO (send_not_confirmed) -
24/5_16:10_csi            34635280014          ENVIADO      POSITIVA                  review enviada
29/5_17:30_4e             34610648642          ENVIADO      recordatorio FALLIDO (send_not_confirmed) -
30/5_19:00_4e             34625490565          ENVIADO      POSITIVA                  review enviada
23/5_16:00_4e             34635122835          ENVIADO      POSITIVA (reacción emoji en texto) review enviada
29/5_17:30_4e             34610648642          ENVIADO      recordatorio FALLIDO (send_not_confirmed) -
29/5_17:30_4e             34610648642          ENVIADO      recordatorio FALLIDO (send_not_confirmed) -
29/5_17:30_4e             34610648642          ENVIADO      recordatorio FALLIDO (send_not_confirmed) -
29/5_17:30_4e             34610648642          ENVIADO      recordatorio FALLIDO (send_not_confirmed) -
29/5_17:30_4e             34610648642          ENVIADO      recordatorio enviado (48h) -
24/5_19:00_4e             34649515037          ENVIADO      POSITIVA                  review enviada

[2026-06-04 12:49:31] POSITIVO | Fotos nuevas: 0 | Envios OK: 0 | Envios FAIL: 0 | Reviews negativas: 0 | Fotos borradas: 0

=== SESIÓN 13:53-16:23 (04/06/2026) ===
RESERVA                   TELÉFONO             ESTADO       RESPUESTA                 REVIEW
-----------------------------------------------------------------------------------------------
30/5_19:00_4e             34625490565          ENVIADO      sin respuesta             -
30/5_20:30_4e             34665943110          ENVIADO      sin respuesta             -
23/5_17:30_maf            34603458949          ENVIADO      recordatorio enviado (reacción en foto) -
23/5_19:00_maf            34649814146          ENVIADO      POSITIVA                  review enviada
24/5_19:00_4e             34649515037          ENVIADO      recordatorio enviado (48h) -
24/5_16:10_csi            34635280014          ENVIADO      recordatorio enviado (48h) -
29/5_17:30_4e             34610648642          ENVIADO      recordatorio FALLIDO (send_not_confirmed) -
29/5_17:40_csi            34651560074          ENVIADO      POSITIVA                  review enviada
30/5_11:30_4e             34647357305          ENVIADO      recordatorio enviado (48h) -
30/5_14:40_csi            31657059941          ENVIADO      POSITIVA                  review enviada
30/5_20:30_4e             34665943110          ENVIADO      POSITIVA                  review enviada
23/5_16:00_4e             34635122835          ENVIADO      recordatorio FALLIDO (send_not_confirmed) -
24/5_16:10_csi            34635280014          ENVIADO      POSITIVA                  review enviada
29/5_17:30_4e             34610648642          ENVIADO      recordatorio FALLIDO (send_not_confirmed) -
30/5_19:00_4e             34625490565          ENVIADO      POSITIVA                  review enviada
23/5_16:00_4e             34635122835          ENVIADO      POSITIVA (reacción emoji en texto) review enviada
29/5_17:30_4e             34610648642          ENVIADO      recordatorio FALLIDO (send_not_confirmed) -
29/5_17:30_4e             34610648642          ENVIADO      recordatorio FALLIDO (send_not_confirmed) -
29/5_17:30_4e             34610648642          ENVIADO      recordatorio FALLIDO (send_not_confirmed) -
29/5_17:30_4e             34610648642          ENVIADO      recordatorio FALLIDO (send_not_confirmed) -
29/5_17:30_4e             34610648642          ENVIADO      recordatorio enviado (48h) -
24/5_19:00_4e             34649515037          ENVIADO      POSITIVA                  review enviada

[2026-06-04 13:05:49] POSITIVO | Fotos nuevas: 0 | Envios OK: 0 | Envios FAIL: 0 | Reviews negativas: 0 | Fotos borradas: 0

=== SESIÓN 13:53-16:23 (04/06/2026) ===
RESERVA                   TELÉFONO             ESTADO       RESPUESTA                 REVIEW
-----------------------------------------------------------------------------------------------
30/5_19:00_4e             34625490565          ENVIADO      sin respuesta             -
30/5_20:30_4e             34665943110          ENVIADO      sin respuesta             -
23/5_17:30_maf            34603458949          ENVIADO      recordatorio enviado (reacción en foto) -
23/5_19:00_maf            34649814146          ENVIADO      POSITIVA                  review enviada
24/5_19:00_4e             34649515037          ENVIADO      recordatorio enviado (48h) -
24/5_16:10_csi            34635280014          ENVIADO      recordatorio enviado (48h) -
29/5_17:30_4e             34610648642          ENVIADO      recordatorio FALLIDO (send_not_confirmed) -
29/5_17:40_csi            34651560074          ENVIADO      POSITIVA                  review enviada
30/5_11:30_4e             34647357305          ENVIADO      recordatorio enviado (48h) -
30/5_14:40_csi            31657059941          ENVIADO      POSITIVA                  review enviada
30/5_20:30_4e             34665943110          ENVIADO      POSITIVA                  review enviada
23/5_16:00_4e             34635122835          ENVIADO      recordatorio FALLIDO (send_not_confirmed) -
24/5_16:10_csi            34635280014          ENVIADO      POSITIVA                  review enviada
29/5_17:30_4e             34610648642          ENVIADO      recordatorio FALLIDO (send_not_confirmed) -
30/5_19:00_4e             34625490565          ENVIADO      POSITIVA                  review enviada
23/5_16:00_4e             34635122835          ENVIADO      POSITIVA (reacción emoji en texto) review enviada
29/5_17:30_4e             34610648642          ENVIADO      recordatorio FALLIDO (send_not_confirmed) -
29/5_17:30_4e             34610648642          ENVIADO      recordatorio FALLIDO (send_not_confirmed) -
29/5_17:30_4e             34610648642          ENVIADO      recordatorio FALLIDO (send_not_confirmed) -
29/5_17:30_4e             34610648642          ENVIADO      recordatorio FALLIDO (send_not_confirmed) -
29/5_17:30_4e             34610648642          ENVIADO      recordatorio enviado (48h) -
24/5_19:00_4e             34649515037          ENVIADO      POSITIVA                  review enviada

[2026-06-04 13:22:09] POSITIVO | Fotos nuevas: 0 | Envios OK: 0 | Envios FAIL: 0 | Reviews negativas: 0 | Fotos borradas: 0

=== SESIÓN 13:53-16:23 (04/06/2026) ===
RESERVA                   TELÉFONO             ESTADO       RESPUESTA                 REVIEW
-----------------------------------------------------------------------------------------------
30/5_19:00_4e             34625490565          ENVIADO      sin respuesta             -
30/5_20:30_4e             34665943110          ENVIADO      sin respuesta             -
23/5_17:30_maf            34603458949          ENVIADO      recordatorio enviado (reacción en foto) -
23/5_19:00_maf            34649814146          ENVIADO      POSITIVA                  review enviada
24/5_19:00_4e             34649515037          ENVIADO      recordatorio enviado (48h) -
24/5_16:10_csi            34635280014          ENVIADO      recordatorio enviado (48h) -
29/5_17:30_4e             34610648642          ENVIADO      recordatorio FALLIDO (send_not_confirmed) -
29/5_17:40_csi            34651560074          ENVIADO      POSITIVA                  review enviada
30/5_11:30_4e             34647357305          ENVIADO      recordatorio enviado (48h) -
30/5_14:40_csi            31657059941          ENVIADO      POSITIVA                  review enviada
30/5_20:30_4e             34665943110          ENVIADO      POSITIVA                  review enviada
23/5_16:00_4e             34635122835          ENVIADO      recordatorio FALLIDO (send_not_confirmed) -
24/5_16:10_csi            34635280014          ENVIADO      POSITIVA                  review enviada
29/5_17:30_4e             34610648642          ENVIADO      recordatorio FALLIDO (send_not_confirmed) -
30/5_19:00_4e             34625490565          ENVIADO      POSITIVA                  review enviada
23/5_16:00_4e             34635122835          ENVIADO      POSITIVA (reacción emoji en texto) review enviada
29/5_17:30_4e             34610648642          ENVIADO      recordatorio FALLIDO (send_not_confirmed) -
29/5_17:30_4e             34610648642          ENVIADO      recordatorio FALLIDO (send_not_confirmed) -
29/5_17:30_4e             34610648642          ENVIADO      recordatorio FALLIDO (send_not_confirmed) -
29/5_17:30_4e             34610648642          ENVIADO      recordatorio FALLIDO (send_not_confirmed) -
29/5_17:30_4e             34610648642          ENVIADO      recordatorio enviado (48h) -
24/5_19:00_4e             34649515037          ENVIADO      POSITIVA                  review enviada

[2026-06-04 13:38:26] POSITIVO | Fotos nuevas: 0 | Envios OK: 0 | Envios FAIL: 0 | Reviews negativas: 0 | Fotos borradas: 0

=== SESIÓN 13:53-16:23 (04/06/2026) ===
RESERVA                   TELÉFONO             ESTADO       RESPUESTA                 REVIEW
-----------------------------------------------------------------------------------------------
30/5_19:00_4e             34625490565          ENVIADO      sin respuesta             -
30/5_20:30_4e             34665943110          ENVIADO      sin respuesta             -
23/5_17:30_maf            34603458949          ENVIADO      recordatorio enviado (reacción en foto) -
23/5_19:00_maf            34649814146          ENVIADO      POSITIVA                  review enviada
24/5_19:00_4e             34649515037          ENVIADO      recordatorio enviado (48h) -
24/5_16:10_csi            34635280014          ENVIADO      recordatorio enviado (48h) -
29/5_17:30_4e             34610648642          ENVIADO      recordatorio FALLIDO (send_not_confirmed) -
29/5_17:40_csi            34651560074          ENVIADO      POSITIVA                  review enviada
30/5_11:30_4e             34647357305          ENVIADO      recordatorio enviado (48h) -
30/5_14:40_csi            31657059941          ENVIADO      POSITIVA                  review enviada
30/5_20:30_4e             34665943110          ENVIADO      POSITIVA                  review enviada
23/5_16:00_4e             34635122835          ENVIADO      recordatorio FALLIDO (send_not_confirmed) -
24/5_16:10_csi            34635280014          ENVIADO      POSITIVA                  review enviada
29/5_17:30_4e             34610648642          ENVIADO      recordatorio FALLIDO (send_not_confirmed) -
30/5_19:00_4e             34625490565          ENVIADO      POSITIVA                  review enviada
23/5_16:00_4e             34635122835          ENVIADO      POSITIVA (reacción emoji en texto) review enviada
29/5_17:30_4e             34610648642          ENVIADO      recordatorio FALLIDO (send_not_confirmed) -
29/5_17:30_4e             34610648642          ENVIADO      recordatorio FALLIDO (send_not_confirmed) -
29/5_17:30_4e             34610648642          ENVIADO      recordatorio FALLIDO (send_not_confirmed) -
29/5_17:30_4e             34610648642          ENVIADO      recordatorio FALLIDO (send_not_confirmed) -
29/5_17:30_4e             34610648642          ENVIADO      recordatorio enviado (48h) -
24/5_19:00_4e             34649515037          ENVIADO      POSITIVA                  review enviada

[2026-06-04 13:54:42] POSITIVO | Fotos nuevas: 0 | Envios OK: 0 | Envios FAIL: 0 | Reviews negativas: 0 | Fotos borradas: 0

=== SESIÓN 13:53-16:23 (04/06/2026) ===
RESERVA                   TELÉFONO             ESTADO       RESPUESTA                 REVIEW
-----------------------------------------------------------------------------------------------
30/5_19:00_4e             34625490565          ENVIADO      sin respuesta             -
30/5_20:30_4e             34665943110          ENVIADO      sin respuesta             -
23/5_17:30_maf            34603458949          ENVIADO      recordatorio enviado (reacción en foto) -
23/5_19:00_maf            34649814146          ENVIADO      POSITIVA                  review enviada
24/5_19:00_4e             34649515037          ENVIADO      recordatorio enviado (48h) -
24/5_16:10_csi            34635280014          ENVIADO      recordatorio enviado (48h) -
29/5_17:30_4e             34610648642          ENVIADO      recordatorio FALLIDO (send_not_confirmed) -
29/5_17:40_csi            34651560074          ENVIADO      POSITIVA                  review enviada
30/5_11:30_4e             34647357305          ENVIADO      recordatorio enviado (48h) -
30/5_14:40_csi            31657059941          ENVIADO      POSITIVA                  review enviada
30/5_20:30_4e             34665943110          ENVIADO      POSITIVA                  review enviada
23/5_16:00_4e             34635122835          ENVIADO      recordatorio FALLIDO (send_not_confirmed) -
24/5_16:10_csi            34635280014          ENVIADO      POSITIVA                  review enviada
29/5_17:30_4e             34610648642          ENVIADO      recordatorio FALLIDO (send_not_confirmed) -
30/5_19:00_4e             34625490565          ENVIADO      POSITIVA                  review enviada
23/5_16:00_4e             34635122835          ENVIADO      POSITIVA (reacción emoji en texto) review enviada
29/5_17:30_4e             34610648642          ENVIADO      recordatorio FALLIDO (send_not_confirmed) -
29/5_17:30_4e             34610648642          ENVIADO      recordatorio FALLIDO (send_not_confirmed) -
29/5_17:30_4e             34610648642          ENVIADO      recordatorio FALLIDO (send_not_confirmed) -
29/5_17:30_4e             34610648642          ENVIADO      recordatorio FALLIDO (send_not_confirmed) -
29/5_17:30_4e             34610648642          ENVIADO      recordatorio enviado (48h) -
24/5_19:00_4e             34649515037          ENVIADO      POSITIVA                  review enviada

[2026-06-04 14:11:00] POSITIVO | Fotos nuevas: 0 | Envios OK: 0 | Envios FAIL: 0 | Reviews negativas: 0 | Fotos borradas: 0

=== SESIÓN 13:53-16:23 (04/06/2026) ===
RESERVA                   TELÉFONO             ESTADO       RESPUESTA                 REVIEW
-----------------------------------------------------------------------------------------------
30/5_19:00_4e             34625490565          ENVIADO      sin respuesta             -
30/5_20:30_4e             34665943110          ENVIADO      sin respuesta             -
23/5_17:30_maf            34603458949          ENVIADO      recordatorio enviado (reacción en foto) -
23/5_19:00_maf            34649814146          ENVIADO      POSITIVA                  review enviada
24/5_19:00_4e             34649515037          ENVIADO      recordatorio enviado (48h) -
24/5_16:10_csi            34635280014          ENVIADO      recordatorio enviado (48h) -
29/5_17:30_4e             34610648642          ENVIADO      recordatorio FALLIDO (send_not_confirmed) -
29/5_17:40_csi            34651560074          ENVIADO      POSITIVA                  review enviada
30/5_11:30_4e             34647357305          ENVIADO      recordatorio enviado (48h) -
30/5_14:40_csi            31657059941          ENVIADO      POSITIVA                  review enviada
30/5_20:30_4e             34665943110          ENVIADO      POSITIVA                  review enviada
23/5_16:00_4e             34635122835          ENVIADO      recordatorio FALLIDO (send_not_confirmed) -
24/5_16:10_csi            34635280014          ENVIADO      POSITIVA                  review enviada
29/5_17:30_4e             34610648642          ENVIADO      recordatorio FALLIDO (send_not_confirmed) -
30/5_19:00_4e             34625490565          ENVIADO      POSITIVA                  review enviada
23/5_16:00_4e             34635122835          ENVIADO      POSITIVA (reacción emoji en texto) review enviada
29/5_17:30_4e             34610648642          ENVIADO      recordatorio FALLIDO (send_not_confirmed) -
29/5_17:30_4e             34610648642          ENVIADO      recordatorio FALLIDO (send_not_confirmed) -
29/5_17:30_4e             34610648642          ENVIADO      recordatorio FALLIDO (send_not_confirmed) -
29/5_17:30_4e             34610648642          ENVIADO      recordatorio FALLIDO (send_not_confirmed) -
29/5_17:30_4e             34610648642          ENVIADO      recordatorio enviado (48h) -
24/5_19:00_4e             34649515037          ENVIADO      POSITIVA                  review enviada

[2026-06-04 14:27:22] POSITIVO | Fotos nuevas: 0 | Envios OK: 0 | Envios FAIL: 0 | Reviews negativas: 0 | Fotos borradas: 0

=== SESIÓN 13:53-16:23 (04/06/2026) ===
RESERVA                   TELÉFONO             ESTADO       RESPUESTA                 REVIEW
-----------------------------------------------------------------------------------------------
30/5_19:00_4e             34625490565          ENVIADO      sin respuesta             -
30/5_20:30_4e             34665943110          ENVIADO      sin respuesta             -
23/5_17:30_maf            34603458949          ENVIADO      recordatorio enviado (reacción en foto) -
23/5_19:00_maf            34649814146          ENVIADO      POSITIVA                  review enviada
24/5_19:00_4e             34649515037          ENVIADO      recordatorio enviado (48h) -
24/5_16:10_csi            34635280014          ENVIADO      recordatorio enviado (48h) -
29/5_17:30_4e             34610648642          ENVIADO      recordatorio FALLIDO (send_not_confirmed) -
29/5_17:40_csi            34651560074          ENVIADO      POSITIVA                  review enviada
30/5_11:30_4e             34647357305          ENVIADO      recordatorio enviado (48h) -
30/5_14:40_csi            31657059941          ENVIADO      POSITIVA                  review enviada
30/5_20:30_4e             34665943110          ENVIADO      POSITIVA                  review enviada
23/5_16:00_4e             34635122835          ENVIADO      recordatorio FALLIDO (send_not_confirmed) -
24/5_16:10_csi            34635280014          ENVIADO      POSITIVA                  review enviada
29/5_17:30_4e             34610648642          ENVIADO      recordatorio FALLIDO (send_not_confirmed) -
30/5_19:00_4e             34625490565          ENVIADO      POSITIVA                  review enviada
23/5_16:00_4e             34635122835          ENVIADO      POSITIVA (reacción emoji en texto) review enviada
29/5_17:30_4e             34610648642          ENVIADO      recordatorio FALLIDO (send_not_confirmed) -
29/5_17:30_4e             34610648642          ENVIADO      recordatorio FALLIDO (send_not_confirmed) -
29/5_17:30_4e             34610648642          ENVIADO      recordatorio FALLIDO (send_not_confirmed) -
29/5_17:30_4e             34610648642          ENVIADO      recordatorio FALLIDO (send_not_confirmed) -
29/5_17:30_4e             34610648642          ENVIADO      recordatorio enviado (48h) -
24/5_19:00_4e             34649515037          ENVIADO      POSITIVA                  review enviada

[2026-06-04 14:43:39] POSITIVO | Fotos nuevas: 0 | Envios OK: 0 | Envios FAIL: 0 | Reviews negativas: 0 | Fotos borradas: 0

=== SESIÓN 13:53-16:23 (04/06/2026) ===
RESERVA                   TELÉFONO             ESTADO       RESPUESTA                 REVIEW
-----------------------------------------------------------------------------------------------
30/5_19:00_4e             34625490565          ENVIADO      sin respuesta             -
30/5_20:30_4e             34665943110          ENVIADO      sin respuesta             -
23/5_17:30_maf            34603458949          ENVIADO      recordatorio enviado (reacción en foto) -
23/5_19:00_maf            34649814146          ENVIADO      POSITIVA                  review enviada
24/5_19:00_4e             34649515037          ENVIADO      recordatorio enviado (48h) -
24/5_16:10_csi            34635280014          ENVIADO      recordatorio enviado (48h) -
29/5_17:30_4e             34610648642          ENVIADO      recordatorio FALLIDO (send_not_confirmed) -
29/5_17:40_csi            34651560074          ENVIADO      POSITIVA                  review enviada
30/5_11:30_4e             34647357305          ENVIADO      recordatorio enviado (48h) -
30/5_14:40_csi            31657059941          ENVIADO      POSITIVA                  review enviada
30/5_20:30_4e             34665943110          ENVIADO      POSITIVA                  review enviada
23/5_16:00_4e             34635122835          ENVIADO      recordatorio FALLIDO (send_not_confirmed) -
24/5_16:10_csi            34635280014          ENVIADO      POSITIVA                  review enviada
29/5_17:30_4e             34610648642          ENVIADO      recordatorio FALLIDO (send_not_confirmed) -
30/5_19:00_4e             34625490565          ENVIADO      POSITIVA                  review enviada
23/5_16:00_4e             34635122835          ENVIADO      POSITIVA (reacción emoji en texto) review enviada
29/5_17:30_4e             34610648642          ENVIADO      recordatorio FALLIDO (send_not_confirmed) -
29/5_17:30_4e             34610648642          ENVIADO      recordatorio FALLIDO (send_not_confirmed) -
29/5_17:30_4e             34610648642          ENVIADO      recordatorio FALLIDO (send_not_confirmed) -
29/5_17:30_4e             34610648642          ENVIADO      recordatorio FALLIDO (send_not_confirmed) -
29/5_17:30_4e             34610648642          ENVIADO      recordatorio enviado (48h) -
24/5_19:00_4e             34649515037          ENVIADO      POSITIVA                  review enviada

[2026-06-04 14:59:56] POSITIVO | Fotos nuevas: 0 | Envios OK: 0 | Envios FAIL: 0 | Reviews negativas: 0 | Fotos borradas: 0

=== SESIÓN 13:53-16:23 (04/06/2026) ===
RESERVA                   TELÉFONO             ESTADO       RESPUESTA                 REVIEW
-----------------------------------------------------------------------------------------------
30/5_19:00_4e             34625490565          ENVIADO      sin respuesta             -
30/5_20:30_4e             34665943110          ENVIADO      sin respuesta             -
23/5_17:30_maf            34603458949          ENVIADO      recordatorio enviado (reacción en foto) -
23/5_19:00_maf            34649814146          ENVIADO      POSITIVA                  review enviada
24/5_19:00_4e             34649515037          ENVIADO      recordatorio enviado (48h) -
24/5_16:10_csi            34635280014          ENVIADO      recordatorio enviado (48h) -
29/5_17:30_4e             34610648642          ENVIADO      recordatorio FALLIDO (send_not_confirmed) -
29/5_17:40_csi            34651560074          ENVIADO      POSITIVA                  review enviada
30/5_11:30_4e             34647357305          ENVIADO      recordatorio enviado (48h) -
30/5_14:40_csi            31657059941          ENVIADO      POSITIVA                  review enviada
30/5_20:30_4e             34665943110          ENVIADO      POSITIVA                  review enviada
23/5_16:00_4e             34635122835          ENVIADO      recordatorio FALLIDO (send_not_confirmed) -
24/5_16:10_csi            34635280014          ENVIADO      POSITIVA                  review enviada
29/5_17:30_4e             34610648642          ENVIADO      recordatorio FALLIDO (send_not_confirmed) -
30/5_19:00_4e             34625490565          ENVIADO      POSITIVA                  review enviada
23/5_16:00_4e             34635122835          ENVIADO      POSITIVA (reacción emoji en texto) review enviada
29/5_17:30_4e             34610648642          ENVIADO      recordatorio FALLIDO (send_not_confirmed) -
29/5_17:30_4e             34610648642          ENVIADO      recordatorio FALLIDO (send_not_confirmed) -
29/5_17:30_4e             34610648642          ENVIADO      recordatorio FALLIDO (send_not_confirmed) -
29/5_17:30_4e             34610648642          ENVIADO      recordatorio FALLIDO (send_not_confirmed) -
29/5_17:30_4e             34610648642          ENVIADO      recordatorio enviado (48h) -
24/5_19:00_4e             34649515037          ENVIADO      POSITIVA                  review enviada

[2026-06-04 15:16:15] POSITIVO | Fotos nuevas: 0 | Envios OK: 0 | Envios FAIL: 0 | Reviews negativas: 0 | Fotos borradas: 0

=== SESIÓN 13:53-16:23 (04/06/2026) ===
RESERVA                   TELÉFONO             ESTADO       RESPUESTA                 REVIEW
-----------------------------------------------------------------------------------------------
30/5_19:00_4e             34625490565          ENVIADO      sin respuesta             -
30/5_20:30_4e             34665943110          ENVIADO      sin respuesta             -
23/5_17:30_maf            34603458949          ENVIADO      recordatorio enviado (reacción en foto) -
23/5_19:00_maf            34649814146          ENVIADO      POSITIVA                  review enviada
24/5_19:00_4e             34649515037          ENVIADO      recordatorio enviado (48h) -
24/5_16:10_csi            34635280014          ENVIADO      recordatorio enviado (48h) -
29/5_17:30_4e             34610648642          ENVIADO      recordatorio FALLIDO (send_not_confirmed) -
29/5_17:40_csi            34651560074          ENVIADO      POSITIVA                  review enviada
30/5_11:30_4e             34647357305          ENVIADO      recordatorio enviado (48h) -
30/5_14:40_csi            31657059941          ENVIADO      POSITIVA                  review enviada
30/5_20:30_4e             34665943110          ENVIADO      POSITIVA                  review enviada
23/5_16:00_4e             34635122835          ENVIADO      recordatorio FALLIDO (send_not_confirmed) -
24/5_16:10_csi            34635280014          ENVIADO      POSITIVA                  review enviada
29/5_17:30_4e             34610648642          ENVIADO      recordatorio FALLIDO (send_not_confirmed) -
30/5_19:00_4e             34625490565          ENVIADO      POSITIVA                  review enviada
23/5_16:00_4e             34635122835          ENVIADO      POSITIVA (reacción emoji en texto) review enviada
29/5_17:30_4e             34610648642          ENVIADO      recordatorio FALLIDO (send_not_confirmed) -
29/5_17:30_4e             34610648642          ENVIADO      recordatorio FALLIDO (send_not_confirmed) -
29/5_17:30_4e             34610648642          ENVIADO      recordatorio FALLIDO (send_not_confirmed) -
29/5_17:30_4e             34610648642          ENVIADO      recordatorio FALLIDO (send_not_confirmed) -
29/5_17:30_4e             34610648642          ENVIADO      recordatorio enviado (48h) -
24/5_19:00_4e             34649515037          ENVIADO      POSITIVA                  review enviada

[2026-06-04 15:32:37] POSITIVO | Fotos nuevas: 0 | Envios OK: 0 | Envios FAIL: 0 | Reviews negativas: 0 | Fotos borradas: 0

=== SESIÓN 13:53-16:23 (04/06/2026) ===
RESERVA                   TELÉFONO             ESTADO       RESPUESTA                 REVIEW
-----------------------------------------------------------------------------------------------
30/5_19:00_4e             34625490565          ENVIADO      sin respuesta             -
30/5_20:30_4e             34665943110          ENVIADO      sin respuesta             -
23/5_17:30_maf            34603458949          ENVIADO      recordatorio enviado (reacción en foto) -
23/5_19:00_maf            34649814146          ENVIADO      POSITIVA                  review enviada
24/5_19:00_4e             34649515037          ENVIADO      recordatorio enviado (48h) -
24/5_16:10_csi            34635280014          ENVIADO      recordatorio enviado (48h) -
29/5_17:30_4e             34610648642          ENVIADO      recordatorio FALLIDO (send_not_confirmed) -
29/5_17:40_csi            34651560074          ENVIADO      POSITIVA                  review enviada
30/5_11:30_4e             34647357305          ENVIADO      recordatorio enviado (48h) -
30/5_14:40_csi            31657059941          ENVIADO      POSITIVA                  review enviada
30/5_20:30_4e             34665943110          ENVIADO      POSITIVA                  review enviada
23/5_16:00_4e             34635122835          ENVIADO      recordatorio FALLIDO (send_not_confirmed) -
24/5_16:10_csi            34635280014          ENVIADO      POSITIVA                  review enviada
29/5_17:30_4e             34610648642          ENVIADO      recordatorio FALLIDO (send_not_confirmed) -
30/5_19:00_4e             34625490565          ENVIADO      POSITIVA                  review enviada
23/5_16:00_4e             34635122835          ENVIADO      POSITIVA (reacción emoji en texto) review enviada
29/5_17:30_4e             34610648642          ENVIADO      recordatorio FALLIDO (send_not_confirmed) -
29/5_17:30_4e             34610648642          ENVIADO      recordatorio FALLIDO (send_not_confirmed) -
29/5_17:30_4e             34610648642          ENVIADO      recordatorio FALLIDO (send_not_confirmed) -
29/5_17:30_4e             34610648642          ENVIADO      recordatorio FALLIDO (send_not_confirmed) -
29/5_17:30_4e             34610648642          ENVIADO      recordatorio enviado (48h) -
24/5_19:00_4e             34649515037          ENVIADO      POSITIVA                  review enviada

[2026-06-04 15:48:55] POSITIVO | Fotos nuevas: 0 | Envios OK: 0 | Envios FAIL: 0 | Reviews negativas: 0 | Fotos borradas: 0

=== SESIÓN 13:53-16:23 (04/06/2026) ===
RESERVA                   TELÉFONO             ESTADO       RESPUESTA                 REVIEW
-----------------------------------------------------------------------------------------------
30/5_19:00_4e             34625490565          ENVIADO      sin respuesta             -
30/5_20:30_4e             34665943110          ENVIADO      sin respuesta             -
23/5_17:30_maf            34603458949          ENVIADO      recordatorio enviado (reacción en foto) -
23/5_19:00_maf            34649814146          ENVIADO      POSITIVA                  review enviada
24/5_19:00_4e             34649515037          ENVIADO      recordatorio enviado (48h) -
24/5_16:10_csi            34635280014          ENVIADO      recordatorio enviado (48h) -
29/5_17:30_4e             34610648642          ENVIADO      recordatorio FALLIDO (send_not_confirmed) -
29/5_17:40_csi            34651560074          ENVIADO      POSITIVA                  review enviada
30/5_11:30_4e             34647357305          ENVIADO      recordatorio enviado (48h) -
30/5_14:40_csi            31657059941          ENVIADO      POSITIVA                  review enviada
30/5_20:30_4e             34665943110          ENVIADO      POSITIVA                  review enviada
23/5_16:00_4e             34635122835          ENVIADO      recordatorio FALLIDO (send_not_confirmed) -
24/5_16:10_csi            34635280014          ENVIADO      POSITIVA                  review enviada
29/5_17:30_4e             34610648642          ENVIADO      recordatorio FALLIDO (send_not_confirmed) -
30/5_19:00_4e             34625490565          ENVIADO      POSITIVA                  review enviada
23/5_16:00_4e             34635122835          ENVIADO      POSITIVA (reacción emoji en texto) review enviada
29/5_17:30_4e             34610648642          ENVIADO      recordatorio FALLIDO (send_not_confirmed) -
29/5_17:30_4e             34610648642          ENVIADO      recordatorio FALLIDO (send_not_confirmed) -
29/5_17:30_4e             34610648642          ENVIADO      recordatorio FALLIDO (send_not_confirmed) -
29/5_17:30_4e             34610648642          ENVIADO      recordatorio FALLIDO (send_not_confirmed) -
29/5_17:30_4e             34610648642          ENVIADO      recordatorio enviado (48h) -
24/5_19:00_4e             34649515037          ENVIADO      POSITIVA                  review enviada

[2026-06-04 16:05:14] POSITIVO | Fotos nuevas: 0 | Envios OK: 0 | Envios FAIL: 0 | Reviews negativas: 0 | Fotos borradas: 0

=== SESIÓN 13:53-16:23 (04/06/2026) ===
RESERVA                   TELÉFONO             ESTADO       RESPUESTA                 REVIEW
-----------------------------------------------------------------------------------------------
30/5_19:00_4e             34625490565          ENVIADO      sin respuesta             -
30/5_20:30_4e             34665943110          ENVIADO      sin respuesta             -
23/5_17:30_maf            34603458949          ENVIADO      recordatorio enviado (reacción en foto) -
23/5_19:00_maf            34649814146          ENVIADO      POSITIVA                  review enviada
24/5_19:00_4e             34649515037          ENVIADO      recordatorio enviado (48h) -
24/5_16:10_csi            34635280014          ENVIADO      recordatorio enviado (48h) -
29/5_17:30_4e             34610648642          ENVIADO      recordatorio FALLIDO (send_not_confirmed) -
29/5_17:40_csi            34651560074          ENVIADO      POSITIVA                  review enviada
30/5_11:30_4e             34647357305          ENVIADO      recordatorio enviado (48h) -
30/5_14:40_csi            31657059941          ENVIADO      POSITIVA                  review enviada
30/5_20:30_4e             34665943110          ENVIADO      POSITIVA                  review enviada
23/5_16:00_4e             34635122835          ENVIADO      recordatorio FALLIDO (send_not_confirmed) -
24/5_16:10_csi            34635280014          ENVIADO      POSITIVA                  review enviada
29/5_17:30_4e             34610648642          ENVIADO      recordatorio FALLIDO (send_not_confirmed) -
30/5_19:00_4e             34625490565          ENVIADO      POSITIVA                  review enviada
23/5_16:00_4e             34635122835          ENVIADO      POSITIVA (reacción emoji en texto) review enviada
29/5_17:30_4e             34610648642          ENVIADO      recordatorio FALLIDO (send_not_confirmed) -
29/5_17:30_4e             34610648642          ENVIADO      recordatorio FALLIDO (send_not_confirmed) -
29/5_17:30_4e             34610648642          ENVIADO      recordatorio FALLIDO (send_not_confirmed) -
29/5_17:30_4e             34610648642          ENVIADO      recordatorio FALLIDO (send_not_confirmed) -
29/5_17:30_4e             34610648642          ENVIADO      recordatorio enviado (48h) -
24/5_19:00_4e             34649515037          ENVIADO      POSITIVA                  review enviada

[2026-06-04 16:21:31] POSITIVO | Fotos nuevas: 0 | Envios OK: 0 | Envios FAIL: 0 | Reviews negativas: 0 | Fotos borradas: 0

=== SESIÓN 13:53-16:23 (04/06/2026) ===
RESERVA                   TELÉFONO             ESTADO       RESPUESTA                 REVIEW
-----------------------------------------------------------------------------------------------
30/5_19:00_4e             34625490565          ENVIADO      sin respuesta             -
30/5_20:30_4e             34665943110          ENVIADO      sin respuesta             -
23/5_17:30_maf            34603458949          ENVIADO      recordatorio enviado (reacción en foto) -
23/5_19:00_maf            34649814146          ENVIADO      POSITIVA                  review enviada
24/5_19:00_4e             34649515037          ENVIADO      recordatorio enviado (48h) -
24/5_16:10_csi            34635280014          ENVIADO      recordatorio enviado (48h) -
29/5_17:30_4e             34610648642          ENVIADO      recordatorio FALLIDO (send_not_confirmed) -
29/5_17:40_csi            34651560074          ENVIADO      POSITIVA                  review enviada
30/5_11:30_4e             34647357305          ENVIADO      recordatorio enviado (48h) -
30/5_14:40_csi            31657059941          ENVIADO      POSITIVA                  review enviada
30/5_20:30_4e             34665943110          ENVIADO      POSITIVA                  review enviada
23/5_16:00_4e             34635122835          ENVIADO      recordatorio FALLIDO (send_not_confirmed) -
24/5_16:10_csi            34635280014          ENVIADO      POSITIVA                  review enviada
29/5_17:30_4e             34610648642          ENVIADO      recordatorio FALLIDO (send_not_confirmed) -
30/5_19:00_4e             34625490565          ENVIADO      POSITIVA                  review enviada
23/5_16:00_4e             34635122835          ENVIADO      POSITIVA (reacción emoji en texto) review enviada
29/5_17:30_4e             34610648642          ENVIADO      recordatorio FALLIDO (send_not_confirmed) -
29/5_17:30_4e             34610648642          ENVIADO      recordatorio FALLIDO (send_not_confirmed) -
29/5_17:30_4e             34610648642          ENVIADO      recordatorio FALLIDO (send_not_confirmed) -
29/5_17:30_4e             34610648642          ENVIADO      recordatorio FALLIDO (send_not_confirmed) -
29/5_17:30_4e             34610648642          ENVIADO      recordatorio enviado (48h) -
24/5_19:00_4e             34649515037          ENVIADO      POSITIVA                  review enviada

[2026-06-04 16:37:54] POSITIVO | Fotos nuevas: 0 | Envios OK: 0 | Envios FAIL: 0 | Reviews negativas: 0 | Fotos borradas: 0

=== SESIÓN 13:53-16:23 (04/06/2026) ===
RESERVA                   TELÉFONO             ESTADO       RESPUESTA                 REVIEW
-----------------------------------------------------------------------------------------------
30/5_19:00_4e             34625490565          ENVIADO      sin respuesta             -
30/5_20:30_4e             34665943110          ENVIADO      sin respuesta             -
23/5_17:30_maf            34603458949          ENVIADO      recordatorio enviado (reacción en foto) -
23/5_19:00_maf            34649814146          ENVIADO      POSITIVA                  review enviada
24/5_19:00_4e             34649515037          ENVIADO      recordatorio enviado (48h) -
24/5_16:10_csi            34635280014          ENVIADO      recordatorio enviado (48h) -
29/5_17:30_4e             34610648642          ENVIADO      recordatorio FALLIDO (send_not_confirmed) -
29/5_17:40_csi            34651560074          ENVIADO      POSITIVA                  review enviada
30/5_11:30_4e             34647357305          ENVIADO      recordatorio enviado (48h) -
30/5_14:40_csi            31657059941          ENVIADO      POSITIVA                  review enviada
30/5_20:30_4e             34665943110          ENVIADO      POSITIVA                  review enviada
23/5_16:00_4e             34635122835          ENVIADO      recordatorio FALLIDO (send_not_confirmed) -
24/5_16:10_csi            34635280014          ENVIADO      POSITIVA                  review enviada
29/5_17:30_4e             34610648642          ENVIADO      recordatorio FALLIDO (send_not_confirmed) -
30/5_19:00_4e             34625490565          ENVIADO      POSITIVA                  review enviada
23/5_16:00_4e             34635122835          ENVIADO      POSITIVA (reacción emoji en texto) review enviada
29/5_17:30_4e             34610648642          ENVIADO      recordatorio FALLIDO (send_not_confirmed) -
29/5_17:30_4e             34610648642          ENVIADO      recordatorio FALLIDO (send_not_confirmed) -
29/5_17:30_4e             34610648642          ENVIADO      recordatorio FALLIDO (send_not_confirmed) -
29/5_17:30_4e             34610648642          ENVIADO      recordatorio FALLIDO (send_not_confirmed) -
29/5_17:30_4e             34610648642          ENVIADO      recordatorio enviado (48h) -
24/5_19:00_4e             34649515037          ENVIADO      POSITIVA                  review enviada

[2026-06-04 16:54:11] POSITIVO | Fotos nuevas: 0 | Envios OK: 0 | Envios FAIL: 0 | Reviews negativas: 0 | Fotos borradas: 0

=== SESIÓN 13:53-16:23 (04/06/2026) ===
RESERVA                   TELÉFONO             ESTADO       RESPUESTA                 REVIEW
-----------------------------------------------------------------------------------------------
30/5_19:00_4e             34625490565          ENVIADO      sin respuesta             -
30/5_20:30_4e             34665943110          ENVIADO      sin respuesta             -
23/5_17:30_maf            34603458949          ENVIADO      recordatorio enviado (reacción en foto) -
23/5_19:00_maf            34649814146          ENVIADO      POSITIVA                  review enviada
24/5_19:00_4e             34649515037          ENVIADO      recordatorio enviado (48h) -
24/5_16:10_csi            34635280014          ENVIADO      recordatorio enviado (48h) -
29/5_17:30_4e             34610648642          ENVIADO      recordatorio FALLIDO (send_not_confirmed) -
29/5_17:40_csi            34651560074          ENVIADO      POSITIVA                  review enviada
30/5_11:30_4e             34647357305          ENVIADO      recordatorio enviado (48h) -
30/5_14:40_csi            31657059941          ENVIADO      POSITIVA                  review enviada
30/5_20:30_4e             34665943110          ENVIADO      POSITIVA                  review enviada
23/5_16:00_4e             34635122835          ENVIADO      recordatorio FALLIDO (send_not_confirmed) -
24/5_16:10_csi            34635280014          ENVIADO      POSITIVA                  review enviada
29/5_17:30_4e             34610648642          ENVIADO      recordatorio FALLIDO (send_not_confirmed) -
30/5_19:00_4e             34625490565          ENVIADO      POSITIVA                  review enviada
23/5_16:00_4e             34635122835          ENVIADO      POSITIVA (reacción emoji en texto) review enviada
29/5_17:30_4e             34610648642          ENVIADO      recordatorio FALLIDO (send_not_confirmed) -
29/5_17:30_4e             34610648642          ENVIADO      recordatorio FALLIDO (send_not_confirmed) -
29/5_17:30_4e             34610648642          ENVIADO      recordatorio FALLIDO (send_not_confirmed) -
29/5_17:30_4e             34610648642          ENVIADO      recordatorio FALLIDO (send_not_confirmed) -
29/5_17:30_4e             34610648642          ENVIADO      recordatorio enviado (48h) -
24/5_19:00_4e             34649515037          ENVIADO      POSITIVA                  review enviada

[2026-06-04 17:10:28] POSITIVO | Fotos nuevas: 0 | Envios OK: 0 | Envios FAIL: 0 | Reviews negativas: 0 | Fotos borradas: 0

=== SESIÓN 13:53-16:23 (04/06/2026) ===
RESERVA                   TELÉFONO             ESTADO       RESPUESTA                 REVIEW
-----------------------------------------------------------------------------------------------
30/5_19:00_4e             34625490565          ENVIADO      sin respuesta             -
30/5_20:30_4e             34665943110          ENVIADO      sin respuesta             -
23/5_17:30_maf            34603458949          ENVIADO      recordatorio enviado (reacción en foto) -
23/5_19:00_maf            34649814146          ENVIADO      POSITIVA                  review enviada
24/5_19:00_4e             34649515037          ENVIADO      recordatorio enviado (48h) -
24/5_16:10_csi            34635280014          ENVIADO      recordatorio enviado (48h) -
29/5_17:30_4e             34610648642          ENVIADO      recordatorio FALLIDO (send_not_confirmed) -
29/5_17:40_csi            34651560074          ENVIADO      POSITIVA                  review enviada
30/5_11:30_4e             34647357305          ENVIADO      recordatorio enviado (48h) -
30/5_14:40_csi            31657059941          ENVIADO      POSITIVA                  review enviada
30/5_20:30_4e             34665943110          ENVIADO      POSITIVA                  review enviada
23/5_16:00_4e             34635122835          ENVIADO      recordatorio FALLIDO (send_not_confirmed) -
24/5_16:10_csi            34635280014          ENVIADO      POSITIVA                  review enviada
29/5_17:30_4e             34610648642          ENVIADO      recordatorio FALLIDO (send_not_confirmed) -
30/5_19:00_4e             34625490565          ENVIADO      POSITIVA                  review enviada
23/5_16:00_4e             34635122835          ENVIADO      POSITIVA (reacción emoji en texto) review enviada
29/5_17:30_4e             34610648642          ENVIADO      recordatorio FALLIDO (send_not_confirmed) -
29/5_17:30_4e             34610648642          ENVIADO      recordatorio FALLIDO (send_not_confirmed) -
29/5_17:30_4e             34610648642          ENVIADO      recordatorio FALLIDO (send_not_confirmed) -
29/5_17:30_4e             34610648642          ENVIADO      recordatorio FALLIDO (send_not_confirmed) -
29/5_17:30_4e             34610648642          ENVIADO      recordatorio enviado (48h) -
24/5_19:00_4e             34649515037          ENVIADO      POSITIVA                  review enviada

[2026-06-04 17:26:49] POSITIVO | Fotos nuevas: 0 | Envios OK: 0 | Envios FAIL: 0 | Reviews negativas: 0 | Fotos borradas: 0

=== SESIÓN 13:53-16:23 (04/06/2026) ===
RESERVA                   TELÉFONO             ESTADO       RESPUESTA                 REVIEW
-----------------------------------------------------------------------------------------------
30/5_19:00_4e             34625490565          ENVIADO      sin respuesta             -
30/5_20:30_4e             34665943110          ENVIADO      sin respuesta             -
23/5_17:30_maf            34603458949          ENVIADO      recordatorio enviado (reacción en foto) -
23/5_19:00_maf            34649814146          ENVIADO      POSITIVA                  review enviada
24/5_19:00_4e             34649515037          ENVIADO      recordatorio enviado (48h) -
24/5_16:10_csi            34635280014          ENVIADO      recordatorio enviado (48h) -
29/5_17:30_4e             34610648642          ENVIADO      recordatorio FALLIDO (send_not_confirmed) -
29/5_17:40_csi            34651560074          ENVIADO      POSITIVA                  review enviada
30/5_11:30_4e             34647357305          ENVIADO      recordatorio enviado (48h) -
30/5_14:40_csi            31657059941          ENVIADO      POSITIVA                  review enviada
30/5_20:30_4e             34665943110          ENVIADO      POSITIVA                  review enviada
23/5_16:00_4e             34635122835          ENVIADO      recordatorio FALLIDO (send_not_confirmed) -
24/5_16:10_csi            34635280014          ENVIADO      POSITIVA                  review enviada
29/5_17:30_4e             34610648642          ENVIADO      recordatorio FALLIDO (send_not_confirmed) -
30/5_19:00_4e             34625490565          ENVIADO      POSITIVA                  review enviada
23/5_16:00_4e             34635122835          ENVIADO      POSITIVA (reacción emoji en texto) review enviada
29/5_17:30_4e             34610648642          ENVIADO      recordatorio FALLIDO (send_not_confirmed) -
29/5_17:30_4e             34610648642          ENVIADO      recordatorio FALLIDO (send_not_confirmed) -
29/5_17:30_4e             34610648642          ENVIADO      recordatorio FALLIDO (send_not_confirmed) -
29/5_17:30_4e             34610648642          ENVIADO      recordatorio FALLIDO (send_not_confirmed) -
29/5_17:30_4e             34610648642          ENVIADO      recordatorio enviado (48h) -
24/5_19:00_4e             34649515037          ENVIADO      POSITIVA                  review enviada

[2026-06-04 17:43:04] POSITIVO | Fotos nuevas: 0 | Envios OK: 0 | Envios FAIL: 0 | Reviews negativas: 0 | Fotos borradas: 0

=== SESIÓN 13:53-16:23 (04/06/2026) ===
RESERVA                   TELÉFONO             ESTADO       RESPUESTA                 REVIEW
-----------------------------------------------------------------------------------------------
30/5_19:00_4e             34625490565          ENVIADO      sin respuesta             -
30/5_20:30_4e             34665943110          ENVIADO      sin respuesta             -
23/5_17:30_maf            34603458949          ENVIADO      recordatorio enviado (reacción en foto) -
23/5_19:00_maf            34649814146          ENVIADO      POSITIVA                  review enviada
24/5_19:00_4e             34649515037          ENVIADO      recordatorio enviado (48h) -
24/5_16:10_csi            34635280014          ENVIADO      recordatorio enviado (48h) -
29/5_17:30_4e             34610648642          ENVIADO      recordatorio FALLIDO (send_not_confirmed) -
29/5_17:40_csi            34651560074          ENVIADO      POSITIVA                  review enviada
30/5_11:30_4e             34647357305          ENVIADO      recordatorio enviado (48h) -
30/5_14:40_csi            31657059941          ENVIADO      POSITIVA                  review enviada
30/5_20:30_4e             34665943110          ENVIADO      POSITIVA                  review enviada
23/5_16:00_4e             34635122835          ENVIADO      recordatorio FALLIDO (send_not_confirmed) -
24/5_16:10_csi            34635280014          ENVIADO      POSITIVA                  review enviada
29/5_17:30_4e             34610648642          ENVIADO      recordatorio FALLIDO (send_not_confirmed) -
30/5_19:00_4e             34625490565          ENVIADO      POSITIVA                  review enviada
23/5_16:00_4e             34635122835          ENVIADO      POSITIVA (reacción emoji en texto) review enviada
29/5_17:30_4e             34610648642          ENVIADO      recordatorio FALLIDO (send_not_confirmed) -
29/5_17:30_4e             34610648642          ENVIADO      recordatorio FALLIDO (send_not_confirmed) -
29/5_17:30_4e             34610648642          ENVIADO      recordatorio FALLIDO (send_not_confirmed) -
29/5_17:30_4e             34610648642          ENVIADO      recordatorio FALLIDO (send_not_confirmed) -
29/5_17:30_4e             34610648642          ENVIADO      recordatorio enviado (48h) -
24/5_19:00_4e             34649515037          ENVIADO      POSITIVA                  review enviada

[2026-06-04 17:59:20] POSITIVO | Fotos nuevas: 0 | Envios OK: 0 | Envios FAIL: 0 | Reviews negativas: 0 | Fotos borradas: 0

=== SESIÓN 13:53-16:23 (04/06/2026) ===
RESERVA                   TELÉFONO             ESTADO       RESPUESTA                 REVIEW
-----------------------------------------------------------------------------------------------
30/5_19:00_4e             34625490565          ENVIADO      sin respuesta             -
30/5_20:30_4e             34665943110          ENVIADO      sin respuesta             -
23/5_17:30_maf            34603458949          ENVIADO      recordatorio enviado (reacción en foto) -
23/5_19:00_maf            34649814146          ENVIADO      POSITIVA                  review enviada
24/5_19:00_4e             34649515037          ENVIADO      recordatorio enviado (48h) -
24/5_16:10_csi            34635280014          ENVIADO      recordatorio enviado (48h) -
29/5_17:30_4e             34610648642          ENVIADO      recordatorio FALLIDO (send_not_confirmed) -
29/5_17:40_csi            34651560074          ENVIADO      POSITIVA                  review enviada
30/5_11:30_4e             34647357305          ENVIADO      recordatorio enviado (48h) -
30/5_14:40_csi            31657059941          ENVIADO      POSITIVA                  review enviada
30/5_20:30_4e             34665943110          ENVIADO      POSITIVA                  review enviada
23/5_16:00_4e             34635122835          ENVIADO      recordatorio FALLIDO (send_not_confirmed) -
24/5_16:10_csi            34635280014          ENVIADO      POSITIVA                  review enviada
29/5_17:30_4e             34610648642          ENVIADO      recordatorio FALLIDO (send_not_confirmed) -
30/5_19:00_4e             34625490565          ENVIADO      POSITIVA                  review enviada
23/5_16:00_4e             34635122835          ENVIADO      POSITIVA (reacción emoji en texto) review enviada
29/5_17:30_4e             34610648642          ENVIADO      recordatorio FALLIDO (send_not_confirmed) -
29/5_17:30_4e             34610648642          ENVIADO      recordatorio FALLIDO (send_not_confirmed) -
29/5_17:30_4e             34610648642          ENVIADO      recordatorio FALLIDO (send_not_confirmed) -
29/5_17:30_4e             34610648642          ENVIADO      recordatorio FALLIDO (send_not_confirmed) -
29/5_17:30_4e             34610648642          ENVIADO      recordatorio enviado (48h) -
24/5_19:00_4e             34649515037          ENVIADO      POSITIVA                  review enviada

[2026-06-04 18:15:39] POSITIVO | Fotos nuevas: 0 | Envios OK: 0 | Envios FAIL: 0 | Reviews negativas: 0 | Fotos borradas: 0

=== SESIÓN 13:53-16:23 (04/06/2026) ===
RESERVA                   TELÉFONO             ESTADO       RESPUESTA                 REVIEW
-----------------------------------------------------------------------------------------------
30/5_19:00_4e             34625490565          ENVIADO      sin respuesta             -
30/5_20:30_4e             34665943110          ENVIADO      sin respuesta             -
23/5_17:30_maf            34603458949          ENVIADO      recordatorio enviado (reacción en foto) -
23/5_19:00_maf            34649814146          ENVIADO      POSITIVA                  review enviada
24/5_19:00_4e             34649515037          ENVIADO      recordatorio enviado (48h) -
24/5_16:10_csi            34635280014          ENVIADO      recordatorio enviado (48h) -
29/5_17:30_4e             34610648642          ENVIADO      recordatorio FALLIDO (send_not_confirmed) -
29/5_17:40_csi            34651560074          ENVIADO      POSITIVA                  review enviada
30/5_11:30_4e             34647357305          ENVIADO      recordatorio enviado (48h) -
30/5_14:40_csi            31657059941          ENVIADO      POSITIVA                  review enviada
30/5_20:30_4e             34665943110          ENVIADO      POSITIVA                  review enviada
23/5_16:00_4e             34635122835          ENVIADO      recordatorio FALLIDO (send_not_confirmed) -
24/5_16:10_csi            34635280014          ENVIADO      POSITIVA                  review enviada
29/5_17:30_4e             34610648642          ENVIADO      recordatorio FALLIDO (send_not_confirmed) -
30/5_19:00_4e             34625490565          ENVIADO      POSITIVA                  review enviada
23/5_16:00_4e             34635122835          ENVIADO      POSITIVA (reacción emoji en texto) review enviada
29/5_17:30_4e             34610648642          ENVIADO      recordatorio FALLIDO (send_not_confirmed) -
29/5_17:30_4e             34610648642          ENVIADO      recordatorio FALLIDO (send_not_confirmed) -
29/5_17:30_4e             34610648642          ENVIADO      recordatorio FALLIDO (send_not_confirmed) -
29/5_17:30_4e             34610648642          ENVIADO      recordatorio FALLIDO (send_not_confirmed) -
29/5_17:30_4e             34610648642          ENVIADO      recordatorio enviado (48h) -
24/5_19:00_4e             34649515037          ENVIADO      POSITIVA                  review enviada

[2026-06-04 18:31:54] POSITIVO | Fotos nuevas: 0 | Envios OK: 0 | Envios FAIL: 0 | Reviews negativas: 0 | Fotos borradas: 0

=== SESIÓN 13:53-16:23 (04/06/2026) ===
RESERVA                   TELÉFONO             ESTADO       RESPUESTA                 REVIEW
-----------------------------------------------------------------------------------------------
30/5_19:00_4e             34625490565          ENVIADO      sin respuesta             -
30/5_20:30_4e             34665943110          ENVIADO      sin respuesta             -
23/5_17:30_maf            34603458949          ENVIADO      recordatorio enviado (reacción en foto) -
23/5_19:00_maf            34649814146          ENVIADO      POSITIVA                  review enviada
24/5_19:00_4e             34649515037          ENVIADO      recordatorio enviado (48h) -
24/5_16:10_csi            34635280014          ENVIADO      recordatorio enviado (48h) -
29/5_17:30_4e             34610648642          ENVIADO      recordatorio FALLIDO (send_not_confirmed) -
29/5_17:40_csi            34651560074          ENVIADO      POSITIVA                  review enviada
30/5_11:30_4e             34647357305          ENVIADO      recordatorio enviado (48h) -
30/5_14:40_csi            31657059941          ENVIADO      POSITIVA                  review enviada
30/5_20:30_4e             34665943110          ENVIADO      POSITIVA                  review enviada
23/5_16:00_4e             34635122835          ENVIADO      recordatorio FALLIDO (send_not_confirmed) -
24/5_16:10_csi            34635280014          ENVIADO      POSITIVA                  review enviada
29/5_17:30_4e             34610648642          ENVIADO      recordatorio FALLIDO (send_not_confirmed) -
30/5_19:00_4e             34625490565          ENVIADO      POSITIVA                  review enviada
23/5_16:00_4e             34635122835          ENVIADO      POSITIVA (reacción emoji en texto) review enviada
29/5_17:30_4e             34610648642          ENVIADO      recordatorio FALLIDO (send_not_confirmed) -
29/5_17:30_4e             34610648642          ENVIADO      recordatorio FALLIDO (send_not_confirmed) -
29/5_17:30_4e             34610648642          ENVIADO      recordatorio FALLIDO (send_not_confirmed) -
29/5_17:30_4e             34610648642          ENVIADO      recordatorio FALLIDO (send_not_confirmed) -
29/5_17:30_4e             34610648642          ENVIADO      recordatorio enviado (48h) -
24/5_19:00_4e             34649515037          ENVIADO      POSITIVA                  review enviada

[2026-06-04 18:48:07] POSITIVO | Fotos nuevas: 0 | Envios OK: 0 | Envios FAIL: 0 | Reviews negativas: 0 | Fotos borradas: 0

=== SESIÓN 13:53-16:23 (04/06/2026) ===
RESERVA                   TELÉFONO             ESTADO       RESPUESTA                 REVIEW
-----------------------------------------------------------------------------------------------
30/5_19:00_4e             34625490565          ENVIADO      sin respuesta             -
30/5_20:30_4e             34665943110          ENVIADO      sin respuesta             -
23/5_17:30_maf            34603458949          ENVIADO      recordatorio enviado (reacción en foto) -
23/5_19:00_maf            34649814146          ENVIADO      POSITIVA                  review enviada
24/5_19:00_4e             34649515037          ENVIADO      recordatorio enviado (48h) -
24/5_16:10_csi            34635280014          ENVIADO      recordatorio enviado (48h) -
29/5_17:30_4e             34610648642          ENVIADO      recordatorio FALLIDO (send_not_confirmed) -
29/5_17:40_csi            34651560074          ENVIADO      POSITIVA                  review enviada
30/5_11:30_4e             34647357305          ENVIADO      recordatorio enviado (48h) -
30/5_14:40_csi            31657059941          ENVIADO      POSITIVA                  review enviada
30/5_20:30_4e             34665943110          ENVIADO      POSITIVA                  review enviada
23/5_16:00_4e             34635122835          ENVIADO      recordatorio FALLIDO (send_not_confirmed) -
24/5_16:10_csi            34635280014          ENVIADO      POSITIVA                  review enviada
29/5_17:30_4e             34610648642          ENVIADO      recordatorio FALLIDO (send_not_confirmed) -
30/5_19:00_4e             34625490565          ENVIADO      POSITIVA                  review enviada
23/5_16:00_4e             34635122835          ENVIADO      POSITIVA (reacción emoji en texto) review enviada
29/5_17:30_4e             34610648642          ENVIADO      recordatorio FALLIDO (send_not_confirmed) -
29/5_17:30_4e             34610648642          ENVIADO      recordatorio FALLIDO (send_not_confirmed) -
29/5_17:30_4e             34610648642          ENVIADO      recordatorio FALLIDO (send_not_confirmed) -
29/5_17:30_4e             34610648642          ENVIADO      recordatorio FALLIDO (send_not_confirmed) -
29/5_17:30_4e             34610648642          ENVIADO      recordatorio enviado (48h) -
24/5_19:00_4e             34649515037          ENVIADO      POSITIVA                  review enviada

[2026-06-04 19:04:21] POSITIVO | Fotos nuevas: 0 | Envios OK: 0 | Envios FAIL: 0 | Reviews negativas: 0 | Fotos borradas: 0

=== SESIÓN 13:53-16:23 (04/06/2026) ===
RESERVA                   TELÉFONO             ESTADO       RESPUESTA                 REVIEW
-----------------------------------------------------------------------------------------------
30/5_19:00_4e             34625490565          ENVIADO      sin respuesta             -
30/5_20:30_4e             34665943110          ENVIADO      sin respuesta             -
23/5_17:30_maf            34603458949          ENVIADO      recordatorio enviado (reacción en foto) -
23/5_19:00_maf            34649814146          ENVIADO      POSITIVA                  review enviada
24/5_19:00_4e             34649515037          ENVIADO      recordatorio enviado (48h) -
24/5_16:10_csi            34635280014          ENVIADO      recordatorio enviado (48h) -
29/5_17:30_4e             34610648642          ENVIADO      recordatorio FALLIDO (send_not_confirmed) -
29/5_17:40_csi            34651560074          ENVIADO      POSITIVA                  review enviada
30/5_11:30_4e             34647357305          ENVIADO      recordatorio enviado (48h) -
30/5_14:40_csi            31657059941          ENVIADO      POSITIVA                  review enviada
30/5_20:30_4e             34665943110          ENVIADO      POSITIVA                  review enviada
23/5_16:00_4e             34635122835          ENVIADO      recordatorio FALLIDO (send_not_confirmed) -
24/5_16:10_csi            34635280014          ENVIADO      POSITIVA                  review enviada
29/5_17:30_4e             34610648642          ENVIADO      recordatorio FALLIDO (send_not_confirmed) -
30/5_19:00_4e             34625490565          ENVIADO      POSITIVA                  review enviada
23/5_16:00_4e             34635122835          ENVIADO      POSITIVA (reacción emoji en texto) review enviada
29/5_17:30_4e             34610648642          ENVIADO      recordatorio FALLIDO (send_not_confirmed) -
29/5_17:30_4e             34610648642          ENVIADO      recordatorio FALLIDO (send_not_confirmed) -
29/5_17:30_4e             34610648642          ENVIADO      recordatorio FALLIDO (send_not_confirmed) -
29/5_17:30_4e             34610648642          ENVIADO      recordatorio FALLIDO (send_not_confirmed) -
29/5_17:30_4e             34610648642          ENVIADO      recordatorio enviado (48h) -
24/5_19:00_4e             34649515037          ENVIADO      POSITIVA                  review enviada

[2026-06-04 19:20:37] POSITIVO | Fotos nuevas: 0 | Envios OK: 0 | Envios FAIL: 0 | Reviews negativas: 0 | Fotos borradas: 0

=== SESIÓN 13:53-16:23 (04/06/2026) ===
RESERVA                   TELÉFONO             ESTADO       RESPUESTA                 REVIEW
-----------------------------------------------------------------------------------------------
30/5_19:00_4e             34625490565          ENVIADO      sin respuesta             -
30/5_20:30_4e             34665943110          ENVIADO      sin respuesta             -
23/5_17:30_maf            34603458949          ENVIADO      recordatorio enviado (reacción en foto) -
23/5_19:00_maf            34649814146          ENVIADO      POSITIVA                  review enviada
24/5_19:00_4e             34649515037          ENVIADO      recordatorio enviado (48h) -
24/5_16:10_csi            34635280014          ENVIADO      recordatorio enviado (48h) -
29/5_17:30_4e             34610648642          ENVIADO      recordatorio FALLIDO (send_not_confirmed) -
29/5_17:40_csi            34651560074          ENVIADO      POSITIVA                  review enviada
30/5_11:30_4e             34647357305          ENVIADO      recordatorio enviado (48h) -
30/5_14:40_csi            31657059941          ENVIADO      POSITIVA                  review enviada
30/5_20:30_4e             34665943110          ENVIADO      POSITIVA                  review enviada
23/5_16:00_4e             34635122835          ENVIADO      recordatorio FALLIDO (send_not_confirmed) -
24/5_16:10_csi            34635280014          ENVIADO      POSITIVA                  review enviada
29/5_17:30_4e             34610648642          ENVIADO      recordatorio FALLIDO (send_not_confirmed) -
30/5_19:00_4e             34625490565          ENVIADO      POSITIVA                  review enviada
23/5_16:00_4e             34635122835          ENVIADO      POSITIVA (reacción emoji en texto) review enviada
29/5_17:30_4e             34610648642          ENVIADO      recordatorio FALLIDO (send_not_confirmed) -
29/5_17:30_4e             34610648642          ENVIADO      recordatorio FALLIDO (send_not_confirmed) -
29/5_17:30_4e             34610648642          ENVIADO      recordatorio FALLIDO (send_not_confirmed) -
29/5_17:30_4e             34610648642          ENVIADO      recordatorio FALLIDO (send_not_confirmed) -
29/5_17:30_4e             34610648642          ENVIADO      recordatorio enviado (48h) -
24/5_19:00_4e             34649515037          ENVIADO      POSITIVA                  review enviada

[2026-06-04 19:36:52] POSITIVO | Fotos nuevas: 0 | Envios OK: 0 | Envios FAIL: 0 | Reviews negativas: 0 | Fotos borradas: 0

=== SESIÓN 13:53-16:23 (04/06/2026) ===
RESERVA                   TELÉFONO             ESTADO       RESPUESTA                 REVIEW
-----------------------------------------------------------------------------------------------
30/5_19:00_4e             34625490565          ENVIADO      sin respuesta             -
30/5_20:30_4e             34665943110          ENVIADO      sin respuesta             -
23/5_17:30_maf            34603458949          ENVIADO      recordatorio enviado (reacción en foto) -
23/5_19:00_maf            34649814146          ENVIADO      POSITIVA                  review enviada
24/5_19:00_4e             34649515037          ENVIADO      recordatorio enviado (48h) -
24/5_16:10_csi            34635280014          ENVIADO      recordatorio enviado (48h) -
29/5_17:30_4e             34610648642          ENVIADO      recordatorio FALLIDO (send_not_confirmed) -
29/5_17:40_csi            34651560074          ENVIADO      POSITIVA                  review enviada
30/5_11:30_4e             34647357305          ENVIADO      recordatorio enviado (48h) -
30/5_14:40_csi            31657059941          ENVIADO      POSITIVA                  review enviada
30/5_20:30_4e             34665943110          ENVIADO      POSITIVA                  review enviada
23/5_16:00_4e             34635122835          ENVIADO      recordatorio FALLIDO (send_not_confirmed) -
24/5_16:10_csi            34635280014          ENVIADO      POSITIVA                  review enviada
29/5_17:30_4e             34610648642          ENVIADO      recordatorio FALLIDO (send_not_confirmed) -
30/5_19:00_4e             34625490565          ENVIADO      POSITIVA                  review enviada
23/5_16:00_4e             34635122835          ENVIADO      POSITIVA (reacción emoji en texto) review enviada
29/5_17:30_4e             34610648642          ENVIADO      recordatorio FALLIDO (send_not_confirmed) -
29/5_17:30_4e             34610648642          ENVIADO      recordatorio FALLIDO (send_not_confirmed) -
29/5_17:30_4e             34610648642          ENVIADO      recordatorio FALLIDO (send_not_confirmed) -
29/5_17:30_4e             34610648642          ENVIADO      recordatorio FALLIDO (send_not_confirmed) -
29/5_17:30_4e             34610648642          ENVIADO      recordatorio enviado (48h) -
24/5_19:00_4e             34649515037          ENVIADO      POSITIVA                  review enviada

[2026-06-04 19:53:07] POSITIVO | Fotos nuevas: 0 | Envios OK: 0 | Envios FAIL: 0 | Reviews negativas: 0 | Fotos borradas: 0

=== SESIÓN 13:53-16:23 (04/06/2026) ===
RESERVA                   TELÉFONO             ESTADO       RESPUESTA                 REVIEW
-----------------------------------------------------------------------------------------------
30/5_19:00_4e             34625490565          ENVIADO      sin respuesta             -
30/5_20:30_4e             34665943110          ENVIADO      sin respuesta             -
23/5_17:30_maf            34603458949          ENVIADO      recordatorio enviado (reacción en foto) -
23/5_19:00_maf            34649814146          ENVIADO      POSITIVA                  review enviada
24/5_19:00_4e             34649515037          ENVIADO      recordatorio enviado (48h) -
24/5_16:10_csi            34635280014          ENVIADO      recordatorio enviado (48h) -
29/5_17:30_4e             34610648642          ENVIADO      recordatorio FALLIDO (send_not_confirmed) -
29/5_17:40_csi            34651560074          ENVIADO      POSITIVA                  review enviada
30/5_11:30_4e             34647357305          ENVIADO      recordatorio enviado (48h) -
30/5_14:40_csi            31657059941          ENVIADO      POSITIVA                  review enviada
30/5_20:30_4e             34665943110          ENVIADO      POSITIVA                  review enviada
23/5_16:00_4e             34635122835          ENVIADO      recordatorio FALLIDO (send_not_confirmed) -
24/5_16:10_csi            34635280014          ENVIADO      POSITIVA                  review enviada
29/5_17:30_4e             34610648642          ENVIADO      recordatorio FALLIDO (send_not_confirmed) -
30/5_19:00_4e             34625490565          ENVIADO      POSITIVA                  review enviada
23/5_16:00_4e             34635122835          ENVIADO      POSITIVA (reacción emoji en texto) review enviada
29/5_17:30_4e             34610648642          ENVIADO      recordatorio FALLIDO (send_not_confirmed) -
29/5_17:30_4e             34610648642          ENVIADO      recordatorio FALLIDO (send_not_confirmed) -
29/5_17:30_4e             34610648642          ENVIADO      recordatorio FALLIDO (send_not_confirmed) -
29/5_17:30_4e             34610648642          ENVIADO      recordatorio FALLIDO (send_not_confirmed) -
29/5_17:30_4e             34610648642          ENVIADO      recordatorio enviado (48h) -
24/5_19:00_4e             34649515037          ENVIADO      POSITIVA                  review enviada

[2026-06-04 20:09:20] POSITIVO | Fotos nuevas: 0 | Envios OK: 0 | Envios FAIL: 0 | Reviews negativas: 0 | Fotos borradas: 0

=== SESIÓN 13:53-16:23 (04/06/2026) ===
RESERVA                   TELÉFONO             ESTADO       RESPUESTA                 REVIEW
-----------------------------------------------------------------------------------------------
30/5_19:00_4e             34625490565          ENVIADO      sin respuesta             -
30/5_20:30_4e             34665943110          ENVIADO      sin respuesta             -
23/5_17:30_maf            34603458949          ENVIADO      recordatorio enviado (reacción en foto) -
23/5_19:00_maf            34649814146          ENVIADO      POSITIVA                  review enviada
24/5_19:00_4e             34649515037          ENVIADO      recordatorio enviado (48h) -
24/5_16:10_csi            34635280014          ENVIADO      recordatorio enviado (48h) -
29/5_17:30_4e             34610648642          ENVIADO      recordatorio FALLIDO (send_not_confirmed) -
29/5_17:40_csi            34651560074          ENVIADO      POSITIVA                  review enviada
30/5_11:30_4e             34647357305          ENVIADO      recordatorio enviado (48h) -
30/5_14:40_csi            31657059941          ENVIADO      POSITIVA                  review enviada
30/5_20:30_4e             34665943110          ENVIADO      POSITIVA                  review enviada
23/5_16:00_4e             34635122835          ENVIADO      recordatorio FALLIDO (send_not_confirmed) -
24/5_16:10_csi            34635280014          ENVIADO      POSITIVA                  review enviada
29/5_17:30_4e             34610648642          ENVIADO      recordatorio FALLIDO (send_not_confirmed) -
30/5_19:00_4e             34625490565          ENVIADO      POSITIVA                  review enviada
23/5_16:00_4e             34635122835          ENVIADO      POSITIVA (reacción emoji en texto) review enviada
29/5_17:30_4e             34610648642          ENVIADO      recordatorio FALLIDO (send_not_confirmed) -
29/5_17:30_4e             34610648642          ENVIADO      recordatorio FALLIDO (send_not_confirmed) -
29/5_17:30_4e             34610648642          ENVIADO      recordatorio FALLIDO (send_not_confirmed) -
29/5_17:30_4e             34610648642          ENVIADO      recordatorio FALLIDO (send_not_confirmed) -
29/5_17:30_4e             34610648642          ENVIADO      recordatorio enviado (48h) -
24/5_19:00_4e             34649515037          ENVIADO      POSITIVA                  review enviada

[2026-06-04 20:25:37] POSITIVO | Fotos nuevas: 0 | Envios OK: 0 | Envios FAIL: 0 | Reviews negativas: 0 | Fotos borradas: 0
