[2026-06-15 10:11:50] POSITIVO | Fotos nuevas: 2 | Envios OK: 0 | Envios FAIL: 0 | Reviews negativas: 0 | Fotos borradas: 0
[2026-06-15 10:33:44] POSITIVO | Fotos nuevas: 2 | Envios OK: 0 | Envios FAIL: 0 | Reviews negativas: 0 | Fotos borradas: 0
[2026-06-15 10:56:05] POSITIVO | Fotos nuevas: 2 | Envios OK: 0 | Envios FAIL: 0 | Reviews negativas: 0 | Fotos borradas: 0
[2026-06-15 11:19:58] POSITIVO | Fotos nuevas: 2 | Envios OK: 0 | Envios FAIL: 0 | Reviews negativas: 0 | Fotos borradas: 0
[2026-06-15 11:42:11] POSITIVO | Fotos nuevas: 2 | Envios OK: 0 | Envios FAIL: 0 | Reviews negativas: 0 | Fotos borradas: 0
[2026-06-15 12:05:28] POSITIVO | Fotos nuevas: 2 | Envios OK: 0 | Envios FAIL: 0 | Reviews negativas: 0 | Fotos borradas: 0
[2026-06-15 12:27:37] POSITIVO | Fotos nuevas: 2 | Envios OK: 0 | Envios FAIL: 0 | Reviews negativas: 0 | Fotos borradas: 0
[2026-06-15 12:49:50] POSITIVO | Fotos nuevas: 2 | Envios OK: 0 | Envios FAIL: 0 | Reviews negativas: 0 | Fotos borradas: 0
[2026-06-15 13:12:29] POSITIVO | Fotos nuevas: 2 | Envios OK: 0 | Envios FAIL: 0 | Reviews negativas: 0 | Fotos borradas: 0
[2026-06-15 13:35:12] POSITIVO | Fotos nuevas: 2 | Envios OK: 0 | Envios FAIL: 0 | Reviews negativas: 0 | Fotos borradas: 0
[2026-06-15 13:57:27] POSITIVO | Fotos nuevas: 2 | Envios OK: 0 | Envios FAIL: 0 | Reviews negativas: 0 | Fotos borradas: 0
[2026-06-15 14:19:49] POSITIVO | Fotos nuevas: 2 | Envios OK: 0 | Envios FAIL: 0 | Reviews negativas: 0 | Fotos borradas: 0
[2026-06-15 14:41:52] POSITIVO | Fotos nuevas: 2 | Envios OK: 0 | Envios FAIL: 0 | Reviews negativas: 0 | Fotos borradas: 0
[2026-06-15 15:04:41] POSITIVO | Fotos nuevas: 2 | Envios OK: 0 | Envios FAIL: 0 | Reviews negativas: 0 | Fotos borradas: 0
[2026-06-15 15:27:37] POSITIVO | Fotos nuevas: 2 | Envios OK: 0 | Envios FAIL: 0 | Reviews negativas: 0 | Fotos borradas: 0
[2026-06-15 15:50:28] POSITIVO | Fotos nuevas: 2 | Envios OK: 0 | Envios FAIL: 0 | Reviews negativas: 0 | Fotos borradas: 0
[2026-06-15 16:13:24] POSITIVO | Fotos nuevas: 2 | Envios OK: 0 | Envios FAIL: 0 | Reviews negativas: 0 | Fotos borradas: 0
[2026-06-15 16:36:13] POSITIVO | Fotos nuevas: 2 | Envios OK: 0 | Envios FAIL: 0 | Reviews negativas: 0 | Fotos borradas: 0
[2026-06-15 16:59:13] POSITIVO | Fotos nuevas: 2 | Envios OK: 0 | Envios FAIL: 0 | Reviews negativas: 0 | Fotos borradas: 0
[2026-06-15 17:22:31] POSITIVO | Fotos nuevas: 2 | Envios OK: 0 | Envios FAIL: 0 | Reviews negativas: 0 | Fotos borradas: 0
[2026-06-15 17:45:18] POSITIVO | Fotos nuevas: 2 | Envios OK: 0 | Envios FAIL: 0 | Reviews negativas: 0 | Fotos borradas: 0
[2026-06-15 18:08:17] POSITIVO | Fotos nuevas: 2 | Envios OK: 0 | Envios FAIL: 0 | Reviews negativas: 0 | Fotos borradas: 0
[2026-06-15 18:30:34] POSITIVO | Fotos nuevas: 2 | Envios OK: 0 | Envios FAIL: 0 | Reviews negativas: 0 | Fotos borradas: 0
[2026-06-15 18:55:06] POSITIVO | Fotos nuevas: 4 | Envios OK: 0 | Envios FAIL: 0 | Reviews negativas: 0 | Fotos borradas: 0

=== SESIÓN 19:15-19:15 (15/06/2026) ===
RESERVA                   TELÉFONO             ESTADO       RESPUESTA                 REVIEW
-----------------------------------------------------------------------------------------------
15/6_17:30_4e             34639610397          ENVIADO      sin respuesta             -

[2026-06-15 19:22:09] POSITIVO | Fotos nuevas: 4 | Envios OK: 1 | Envios FAIL: 0 | Reviews negativas: 0 | Fotos borradas: 1

=== SESIÓN 19:15-19:15 (15/06/2026) ===
RESERVA                   TELÉFONO             ESTADO       RESPUESTA                 REVIEW
-----------------------------------------------------------------------------------------------
15/6_17:30_4e             34639610397          ENVIADO      sin respuesta             -

[2026-06-15 19:46:09] POSITIVO | Fotos nuevas: 3 | Envios OK: 1 | Envios FAIL: 0 | Reviews negativas: 0 | Fotos borradas: 0

=== SESIÓN 19:15-19:15 (15/06/2026) ===
RESERVA                   TELÉFONO             ESTADO       RESPUESTA                 REVIEW
-----------------------------------------------------------------------------------------------
15/6_17:30_4e             34639610397          ENVIADO      sin respuesta             -

[2026-06-15 20:11:05] POSITIVO | Fotos nuevas: 3 | Envios OK: 1 | Envios FAIL: 0 | Reviews negativas: 0 | Fotos borradas: 0

=== SESIÓN 19:15-19:15 (15/06/2026) ===
RESERVA                   TELÉFONO             ESTADO       RESPUESTA                 REVIEW
-----------------------------------------------------------------------------------------------
15/6_17:30_4e             34639610397          ENVIADO      sin respuesta             -

[2026-06-15 20:36:21] POSITIVO | Fotos nuevas: 3 | Envios OK: 1 | Envios FAIL: 0 | Reviews negativas: 0 | Fotos borradas: 0
