
=== SESIÓN 10:04-10:05 (18/04/2026) ===
RESERVA                   TELÉFONO             ESTADO       RESPUESTA                 REVIEW
-----------------------------------------------------------------------------------------------
17/4_20:40_csi            34637987468          ENVIADO      sin respuesta             -
17/4_19:00_4e             966542212340         ENVIADO      sin respuesta             -
10/4_19:10_csi            34662100781          ENVIADO      POSITIVA                  review enviada

[2026-04-18 10:07:25] POSITIVO | Fotos nuevas: 2 | Envios OK: 2 | Envios FAIL: 0 | Reviews negativas: 0 | Fotos borradas: 0
[2026-04-18 10:18:28] POSITIVO | Fotos nuevas: 0 | Envios OK: 2 | Envios FAIL: 0 | Reviews negativas: 0 | Fotos borradas: 0
[2026-04-18 10:33:21] POSITIVO | Fotos nuevas: 0 | Envios OK: 2 | Envios FAIL: 0 | Reviews negativas: 0 | Fotos borradas: 0
[2026-04-18 10:48:23] POSITIVO | Fotos nuevas: 0 | Envios OK: 2 | Envios FAIL: 0 | Reviews negativas: 0 | Fotos borradas: 0
[2026-04-18 11:03:34] POSITIVO | Fotos nuevas: 0 | Envios OK: 2 | Envios FAIL: 0 | Reviews negativas: 0 | Fotos borradas: 0
[2026-04-18 11:18:26] POSITIVO | Fotos nuevas: 0 | Envios OK: 2 | Envios FAIL: 0 | Reviews negativas: 0 | Fotos borradas: 0
[2026-04-18 11:33:27] POSITIVO | Fotos nuevas: 0 | Envios OK: 2 | Envios FAIL: 0 | Reviews negativas: 0 | Fotos borradas: 0
[2026-04-18 11:48:32] POSITIVO | Fotos nuevas: 0 | Envios OK: 2 | Envios FAIL: 0 | Reviews negativas: 0 | Fotos borradas: 0
[2026-04-18 12:03:42] POSITIVO | Fotos nuevas: 0 | Envios OK: 2 | Envios FAIL: 0 | Reviews negativas: 0 | Fotos borradas: 0
[2026-04-18 12:18:29] POSITIVO | Fotos nuevas: 0 | Envios OK: 2 | Envios FAIL: 0 | Reviews negativas: 0 | Fotos borradas: 0
[2026-04-18 12:33:28] POSITIVO | Fotos nuevas: 0 | Envios OK: 2 | Envios FAIL: 0 | Reviews negativas: 0 | Fotos borradas: 0
[2026-04-18 12:48:29] POSITIVO | Fotos nuevas: 0 | Envios OK: 2 | Envios FAIL: 0 | Reviews negativas: 0 | Fotos borradas: 0
[2026-04-18 13:03:30] POSITIVO | Fotos nuevas: 0 | Envios OK: 2 | Envios FAIL: 0 | Reviews negativas: 0 | Fotos borradas: 0
[2026-04-18 13:18:37] POSITIVO | Fotos nuevas: 0 | Envios OK: 2 | Envios FAIL: 0 | Reviews negativas: 0 | Fotos borradas: 0
[2026-04-18 13:33:31] POSITIVO | Fotos nuevas: 0 | Envios OK: 2 | Envios FAIL: 0 | Reviews negativas: 0 | Fotos borradas: 0
[2026-04-18 13:48:30] POSITIVO | Fotos nuevas: 0 | Envios OK: 2 | Envios FAIL: 0 | Reviews negativas: 0 | Fotos borradas: 0

=== SESIÓN 14:04-14:04 (18/04/2026) ===
RESERVA                   TELÉFONO             ESTADO       RESPUESTA                 REVIEW
-----------------------------------------------------------------------------------------------
18/4_13:00_4e             34660201114          ENVIADO      sin respuesta             -

[2026-04-18 14:06:41] POSITIVO | Fotos nuevas: 1 | Envios OK: 3 | Envios FAIL: 0 | Reviews negativas: 0 | Fotos borradas: 1
[2026-04-18 14:18:48] POSITIVO | Fotos nuevas: 0 | Envios OK: 3 | Envios FAIL: 0 | Reviews negativas: 0 | Fotos borradas: 0
[2026-04-18 14:33:39] POSITIVO | Fotos nuevas: 0 | Envios OK: 3 | Envios FAIL: 0 | Reviews negativas: 0 | Fotos borradas: 0
[2026-04-18 14:48:40] POSITIVO | Fotos nuevas: 0 | Envios OK: 3 | Envios FAIL: 0 | Reviews negativas: 0 | Fotos borradas: 0
[2026-04-18 15:03:35] POSITIVO | Fotos nuevas: 0 | Envios OK: 3 | Envios FAIL: 0 | Reviews negativas: 0 | Fotos borradas: 0
[2026-04-18 16:26:54] POSITIVO | Fotos nuevas: 0 | Envios OK: 3 | Envios FAIL: 0 | Reviews negativas: 0 | Fotos borradas: 0
[2026-04-18 16:33:39] POSITIVO | Fotos nuevas: 0 | Envios OK: 3 | Envios FAIL: 0 | Reviews negativas: 0 | Fotos borradas: 0
[2026-04-18 16:48:37] POSITIVO | Fotos nuevas: 0 | Envios OK: 3 | Envios FAIL: 0 | Reviews negativas: 0 | Fotos borradas: 0
[2026-04-18 17:03:37] POSITIVO | Fotos nuevas: 0 | Envios OK: 3 | Envios FAIL: 0 | Reviews negativas: 0 | Fotos borradas: 0
[2026-04-18 17:18:44] POSITIVO | Fotos nuevas: 0 | Envios OK: 3 | Envios FAIL: 0 | Reviews negativas: 0 | Fotos borradas: 0
[2026-04-18 17:33:31] POSITIVO | Fotos nuevas: 0 | Envios OK: 3 | Envios FAIL: 0 | Reviews negativas: 0 | Fotos borradas: 0
[2026-04-18 17:48:35] POSITIVO | Fotos nuevas: 0 | Envios OK: 3 | Envios FAIL: 0 | Reviews negativas: 0 | Fotos borradas: 0
[2026-04-18 18:03:33] POSITIVO | Fotos nuevas: 0 | Envios OK: 3 | Envios FAIL: 0 | Reviews negativas: 0 | Fotos borradas: 0
[2026-04-18 18:18:41] POSITIVO | Fotos nuevas: 0 | Envios OK: 3 | Envios FAIL: 0 | Reviews negativas: 0 | Fotos borradas: 0

=== SESIÓN 18:33-18:33 (18/04/2026) ===
RESERVA                   TELÉFONO             ESTADO       RESPUESTA                 REVIEW
-----------------------------------------------------------------------------------------------
18/4_16:00_4e/csi         34649648412          ENVIADO      sin respuesta             -

[2026-04-18 18:36:33] POSITIVO | Fotos nuevas: 1 | Envios OK: 4 | Envios FAIL: 0 | Reviews negativas: 0 | Fotos borradas: 1

=== SESIÓN 18:49-18:49 (18/04/2026) ===
RESERVA                   TELÉFONO             ESTADO       RESPUESTA                 REVIEW
-----------------------------------------------------------------------------------------------
18/4_17:30_4e             34617371228          ENVIADO      sin respuesta             -

[2026-04-18 18:51:58] POSITIVO | Fotos nuevas: 1 | Envios OK: 5 | Envios FAIL: 0 | Reviews negativas: 0 | Fotos borradas: 0
[2026-04-18 19:04:09] POSITIVO | Fotos nuevas: 0 | Envios OK: 5 | Envios FAIL: 0 | Reviews negativas: 0 | Fotos borradas: 0
[2026-04-18 19:19:16] POSITIVO | Fotos nuevas: 0 | Envios OK: 5 | Envios FAIL: 0 | Reviews negativas: 0 | Fotos borradas: 0
[2026-04-18 19:33:59] POSITIVO | Fotos nuevas: 0 | Envios OK: 5 | Envios FAIL: 0 | Reviews negativas: 0 | Fotos borradas: 0
[2026-04-18 19:48:59] POSITIVO | Fotos nuevas: 0 | Envios OK: 5 | Envios FAIL: 0 | Reviews negativas: 0 | Fotos borradas: 0
[2026-04-18 20:04:13] POSITIVO | Fotos nuevas: 0 | Envios OK: 5 | Envios FAIL: 0 | Reviews negativas: 0 | Fotos borradas: 0

=== SESIÓN 20:19-20:19 (18/04/2026) ===
RESERVA                   TELÉFONO             ESTADO       RESPUESTA                 REVIEW
-----------------------------------------------------------------------------------------------
18/4_19:00_maf            34674956369          ENVIADO      sin respuesta             -

[2026-04-18 20:22:22] POSITIVO | Fotos nuevas: 1 | Envios OK: 6 | Envios FAIL: 0 | Reviews negativas: 0 | Fotos borradas: 0

=== SESIÓN 20:34-20:34 (18/04/2026) ===
RESERVA                   TELÉFONO             ESTADO       RESPUESTA                 REVIEW
-----------------------------------------------------------------------------------------------
18/4_19:00_maf            34674956369          ENVIADO      POSITIVA                  review enviada

[2026-04-18 20:34:54] POSITIVO | Fotos nuevas: 0 | Envios OK: 6 | Envios FAIL: 0 | Reviews negativas: 0 | Fotos borradas: 0
[2026-04-18 20:49:04] POSITIVO | Fotos nuevas: 0 | Envios OK: 6 | Envios FAIL: 0 | Reviews negativas: 0 | Fotos borradas: 0
[2026-04-18 21:04:06] POSITIVO | Fotos nuevas: 0 | Envios OK: 6 | Envios FAIL: 0 | Reviews negativas: 0 | Fotos borradas: 0
[2026-04-18 21:19:14] POSITIVO | Fotos nuevas: 0 | Envios OK: 6 | Envios FAIL: 0 | Reviews negativas: 0 | Fotos borradas: 0
[2026-04-18 21:34:05] POSITIVO | Fotos nuevas: 0 | Envios OK: 6 | Envios FAIL: 0 | Reviews negativas: 0 | Fotos borradas: 0

=== SESIÓN 21:48-21:50 (18/04/2026) ===
RESERVA                   TELÉFONO             ESTADO       RESPUESTA                 REVIEW
-----------------------------------------------------------------------------------------------
18/4_20:30_4e             34683548136          ENVIADO      sin respuesta             -
18/4_20:30_4e/csi         34683548136          ENVIADO      sin respuesta             -
18/4_19:00_4e/csi         34679291529          ENVIADO      sin respuesta             -

[2026-04-18 21:54:01] POSITIVO | Fotos nuevas: 3 | Envios OK: 9 | Envios FAIL: 0 | Reviews negativas: 0 | Fotos borradas: 2
[2026-04-18 22:04:37] POSITIVO | Fotos nuevas: 0 | Envios OK: 9 | Envios FAIL: 0 | Reviews negativas: 0 | Fotos borradas: 0
