
=== SESIÓN 10:06-10:06 (19/04/2026) ===
RESERVA                   TELÉFONO             ESTADO       RESPUESTA                 REVIEW
-----------------------------------------------------------------------------------------------
18/4_19:00_4e/csi         34679291529          ENVIADO      POSITIVA                  review enviada

[2026-04-19 10:06:27] POSITIVO | Fotos nuevas: 0 | Envios OK: 0 | Envios FAIL: 0 | Reviews negativas: 0 | Fotos borradas: 0
[2026-04-19 10:20:38] POSITIVO | Fotos nuevas: 0 | Envios OK: 0 | Envios FAIL: 0 | Reviews negativas: 0 | Fotos borradas: 0
[2026-04-19 10:35:30] POSITIVO | Fotos nuevas: 0 | Envios OK: 0 | Envios FAIL: 0 | Reviews negativas: 0 | Fotos borradas: 0
[2026-04-19 10:50:33] POSITIVO | Fotos nuevas: 0 | Envios OK: 0 | Envios FAIL: 0 | Reviews negativas: 0 | Fotos borradas: 0
[2026-04-19 11:05:45] POSITIVO | Fotos nuevas: 0 | Envios OK: 0 | Envios FAIL: 0 | Reviews negativas: 0 | Fotos borradas: 0
[2026-04-19 11:20:41] POSITIVO | Fotos nuevas: 0 | Envios OK: 0 | Envios FAIL: 0 | Reviews negativas: 0 | Fotos borradas: 0
[2026-04-19 11:35:47] POSITIVO | Fotos nuevas: 0 | Envios OK: 0 | Envios FAIL: 0 | Reviews negativas: 0 | Fotos borradas: 0
[2026-04-19 11:50:38] POSITIVO | Fotos nuevas: 0 | Envios OK: 0 | Envios FAIL: 0 | Reviews negativas: 0 | Fotos borradas: 0
[2026-04-19 12:05:46] POSITIVO | Fotos nuevas: 0 | Envios OK: 0 | Envios FAIL: 0 | Reviews negativas: 0 | Fotos borradas: 0
[2026-04-19 12:20:46] POSITIVO | Fotos nuevas: 0 | Envios OK: 0 | Envios FAIL: 0 | Reviews negativas: 0 | Fotos borradas: 0
[2026-04-19 12:36:22] POSITIVO | Fotos nuevas: 0 | Envios OK: 0 | Envios FAIL: 0 | Reviews negativas: 0 | Fotos borradas: 0
[2026-04-19 12:50:38] POSITIVO | Fotos nuevas: 0 | Envios OK: 0 | Envios FAIL: 0 | Reviews negativas: 0 | Fotos borradas: 0
[2026-04-19 13:05:49] POSITIVO | Fotos nuevas: 0 | Envios OK: 0 | Envios FAIL: 0 | Reviews negativas: 0 | Fotos borradas: 0
[2026-04-19 13:21:25] POSITIVO | Fotos nuevas: 0 | Envios OK: 0 | Envios FAIL: 0 | Reviews negativas: 0 | Fotos borradas: 0
[2026-04-19 13:35:40] POSITIVO | Fotos nuevas: 0 | Envios OK: 0 | Envios FAIL: 0 | Reviews negativas: 0 | Fotos borradas: 0
[2026-04-19 13:51:03] POSITIVO | Fotos nuevas: 0 | Envios OK: 0 | Envios FAIL: 0 | Reviews negativas: 0 | Fotos borradas: 0
[2026-04-19 14:06:23] POSITIVO | Fotos nuevas: 0 | Envios OK: 0 | Envios FAIL: 0 | Reviews negativas: 0 | Fotos borradas: 0

=== SESIÓN 14:18-14:19 (19/04/2026) ===
RESERVA                   TELÉFONO             ESTADO       RESPUESTA                 REVIEW
-----------------------------------------------------------------------------------------------
19/4_13:00_maf            34676518530          ENVIADO      sin respuesta             -
19/4_13:10_csi            34%C2%A0617%C2%A082%C2%A081%C2%A044%E2%80%AC ENVIADO      sin respuesta             -

[2026-04-19 14:25:14] POSITIVO | Fotos nuevas: 2 | Envios OK: 2 | Envios FAIL: 0 | Reviews negativas: 0 | Fotos borradas: 2

=== SESIÓN 14:36-14:36 (19/04/2026) ===
RESERVA                   TELÉFONO             ESTADO       RESPUESTA                 REVIEW
-----------------------------------------------------------------------------------------------
19/4_13:10_csi            34%C2%A0617%C2%A082%C2%A081%C2%A044%E2%80%AC ENVIADO      POSITIVA                  review enviada

[2026-04-19 14:36:49] POSITIVO | Fotos nuevas: 0 | Envios OK: 2 | Envios FAIL: 0 | Reviews negativas: 0 | Fotos borradas: 0
[2026-04-19 14:50:54] POSITIVO | Fotos nuevas: 0 | Envios OK: 2 | Envios FAIL: 0 | Reviews negativas: 0 | Fotos borradas: 0
[2026-04-19 15:06:00] POSITIVO | Fotos nuevas: 0 | Envios OK: 2 | Envios FAIL: 0 | Reviews negativas: 0 | Fotos borradas: 0
[2026-04-19 15:21:17] POSITIVO | Fotos nuevas: 0 | Envios OK: 2 | Envios FAIL: 0 | Reviews negativas: 0 | Fotos borradas: 0
[2026-04-19 15:36:06] POSITIVO | Fotos nuevas: 0 | Envios OK: 2 | Envios FAIL: 0 | Reviews negativas: 0 | Fotos borradas: 0
[2026-04-19 15:51:03] POSITIVO | Fotos nuevas: 0 | Envios OK: 2 | Envios FAIL: 0 | Reviews negativas: 0 | Fotos borradas: 0
[2026-04-19 16:05:51] POSITIVO | Fotos nuevas: 0 | Envios OK: 2 | Envios FAIL: 0 | Reviews negativas: 0 | Fotos borradas: 0
[2026-04-19 16:20:43] POSITIVO | Fotos nuevas: 0 | Envios OK: 2 | Envios FAIL: 0 | Reviews negativas: 0 | Fotos borradas: 0
[2026-04-19 16:35:27] POSITIVO | Fotos nuevas: 0 | Envios OK: 2 | Envios FAIL: 0 | Reviews negativas: 0 | Fotos borradas: 0
[2026-04-19 16:51:01] POSITIVO | Fotos nuevas: 0 | Envios OK: 2 | Envios FAIL: 0 | Reviews negativas: 0 | Fotos borradas: 0
[2026-04-19 17:05:41] POSITIVO | Fotos nuevas: 0 | Envios OK: 2 | Envios FAIL: 0 | Reviews negativas: 0 | Fotos borradas: 0
[2026-04-19 17:20:20] POSITIVO | Fotos nuevas: 0 | Envios OK: 2 | Envios FAIL: 0 | Reviews negativas: 0 | Fotos borradas: 0
[2026-04-19 17:35:20] POSITIVO | Fotos nuevas: 0 | Envios OK: 2 | Envios FAIL: 0 | Reviews negativas: 0 | Fotos borradas: 0
[2026-04-19 17:50:23] POSITIVO | Fotos nuevas: 0 | Envios OK: 2 | Envios FAIL: 0 | Reviews negativas: 0 | Fotos borradas: 0
[2026-04-19 18:05:18] POSITIVO | Fotos nuevas: 0 | Envios OK: 2 | Envios FAIL: 0 | Reviews negativas: 0 | Fotos borradas: 0
[2026-04-19 18:19:46] POSITIVO | Fotos nuevas: 0 | Envios OK: 2 | Envios FAIL: 0 | Reviews negativas: 0 | Fotos borradas: 0
[2026-04-19 18:34:55] POSITIVO | Fotos nuevas: 0 | Envios OK: 2 | Envios FAIL: 0 | Reviews negativas: 0 | Fotos borradas: 0
[2026-04-19 18:50:11] POSITIVO | Fotos nuevas: 0 | Envios OK: 2 | Envios FAIL: 0 | Reviews negativas: 0 | Fotos borradas: 0
[2026-04-19 19:05:07] POSITIVO | Fotos nuevas: 0 | Envios OK: 2 | Envios FAIL: 0 | Reviews negativas: 0 | Fotos borradas: 0

=== SESIÓN 19:17-19:17 (19/04/2026) ===
RESERVA                   TELÉFONO             ESTADO       RESPUESTA                 REVIEW
-----------------------------------------------------------------------------------------------
17/4_17:40_csi            34%C2%A0607%C2%A098%C2%A019%C2%A068%E2%80%AC ENVIADO      recordatorio FALLIDO (chat_input_not_found) -

[2026-04-19 19:20:00] POSITIVO | Fotos nuevas: 0 | Envios OK: 2 | Envios FAIL: 0 | Reviews negativas: 0 | Fotos borradas: 0

=== SESIÓN 19:32-19:32 (19/04/2026) ===
RESERVA                   TELÉFONO             ESTADO       RESPUESTA                 REVIEW
-----------------------------------------------------------------------------------------------
17/4_17:40_csi            34%C2%A0607%C2%A098%C2%A019%C2%A068%E2%80%AC ENVIADO      recordatorio FALLIDO (chat_input_not_found) -

[2026-04-19 19:34:57] POSITIVO | Fotos nuevas: 0 | Envios OK: 2 | Envios FAIL: 0 | Reviews negativas: 0 | Fotos borradas: 0

=== SESIÓN 19:47-19:47 (19/04/2026) ===
RESERVA                   TELÉFONO             ESTADO       RESPUESTA                 REVIEW
-----------------------------------------------------------------------------------------------
17/4_17:40_csi            34%C2%A0607%C2%A098%C2%A019%C2%A068%E2%80%AC ENVIADO      recordatorio FALLIDO (chat_input_not_found) -

[2026-04-19 19:50:09] POSITIVO | Fotos nuevas: 0 | Envios OK: 2 | Envios FAIL: 0 | Reviews negativas: 0 | Fotos borradas: 0

=== SESIÓN 20:02-20:02 (19/04/2026) ===
RESERVA                   TELÉFONO             ESTADO       RESPUESTA                 REVIEW
-----------------------------------------------------------------------------------------------
17/4_17:40_csi            34%C2%A0607%C2%A098%C2%A019%C2%A068%E2%80%AC ENVIADO      recordatorio FALLIDO (chat_input_not_found) -

[2026-04-19 20:04:55] POSITIVO | Fotos nuevas: 0 | Envios OK: 2 | Envios FAIL: 0 | Reviews negativas: 0 | Fotos borradas: 0

=== SESIÓN 20:17-20:17 (19/04/2026) ===
RESERVA                   TELÉFONO             ESTADO       RESPUESTA                 REVIEW
-----------------------------------------------------------------------------------------------
17/4_17:40_csi            34%C2%A0607%C2%A098%C2%A019%C2%A068%E2%80%AC ENVIADO      recordatorio FALLIDO (chat_input_not_found) -
17/4_19:10_csi            46720267726          ENVIADO      recordatorio FALLIDO (chat_input_not_found) -

[2026-04-19 20:19:48] POSITIVO | Fotos nuevas: 0 | Envios OK: 2 | Envios FAIL: 0 | Reviews negativas: 0 | Fotos borradas: 0

=== SESIÓN 20:32-20:32 (19/04/2026) ===
RESERVA                   TELÉFONO             ESTADO       RESPUESTA                 REVIEW
-----------------------------------------------------------------------------------------------
17/4_17:40_csi            34%C2%A0607%C2%A098%C2%A019%C2%A068%E2%80%AC ENVIADO      recordatorio FALLIDO (chat_input_not_found) -
17/4_19:10_csi            46720267726          ENVIADO      recordatorio FALLIDO (chat_input_not_found) -

[2026-04-19 20:34:44] POSITIVO | Fotos nuevas: 0 | Envios OK: 2 | Envios FAIL: 0 | Reviews negativas: 0 | Fotos borradas: 0

=== SESIÓN 20:47-20:47 (19/04/2026) ===
RESERVA                   TELÉFONO             ESTADO       RESPUESTA                 REVIEW
-----------------------------------------------------------------------------------------------
17/4_17:40_csi            34%C2%A0607%C2%A098%C2%A019%C2%A068%E2%80%AC ENVIADO      recordatorio FALLIDO (chat_input_not_found) -
17/4_19:10_csi            46720267726          ENVIADO      recordatorio FALLIDO (chat_input_not_found) -

[2026-04-19 20:49:59] POSITIVO | Fotos nuevas: 0 | Envios OK: 2 | Envios FAIL: 0 | Reviews negativas: 0 | Fotos borradas: 0

=== SESIÓN 21:02-21:02 (19/04/2026) ===
RESERVA                   TELÉFONO             ESTADO       RESPUESTA                 REVIEW
-----------------------------------------------------------------------------------------------
17/4_17:40_csi            34%C2%A0607%C2%A098%C2%A019%C2%A068%E2%80%AC ENVIADO      recordatorio FALLIDO (chat_input_not_found) -
17/4_19:10_csi            46720267726          ENVIADO      recordatorio FALLIDO (chat_input_not_found) -

[2026-04-19 21:04:44] POSITIVO | Fotos nuevas: 0 | Envios OK: 2 | Envios FAIL: 0 | Reviews negativas: 0 | Fotos borradas: 0

=== SESIÓN 21:17-21:17 (19/04/2026) ===
RESERVA                   TELÉFONO             ESTADO       RESPUESTA                 REVIEW
-----------------------------------------------------------------------------------------------
17/4_17:40_csi            34%C2%A0607%C2%A098%C2%A019%C2%A068%E2%80%AC ENVIADO      recordatorio FALLIDO (chat_input_not_found) -
17/4_19:10_csi            46720267726          ENVIADO      recordatorio FALLIDO (chat_input_not_found) -

[2026-04-19 21:19:57] POSITIVO | Fotos nuevas: 0 | Envios OK: 2 | Envios FAIL: 0 | Reviews negativas: 0 | Fotos borradas: 0

=== SESIÓN 21:32-21:32 (19/04/2026) ===
RESERVA                   TELÉFONO             ESTADO       RESPUESTA                 REVIEW
-----------------------------------------------------------------------------------------------
17/4_17:40_csi            34%C2%A0607%C2%A098%C2%A019%C2%A068%E2%80%AC ENVIADO      recordatorio FALLIDO (chat_input_not_found) -
17/4_19:10_csi            46720267726          ENVIADO      recordatorio FALLIDO (chat_input_not_found) -

[2026-04-19 21:34:44] POSITIVO | Fotos nuevas: 0 | Envios OK: 2 | Envios FAIL: 0 | Reviews negativas: 0 | Fotos borradas: 0

=== SESIÓN 21:47-21:47 (19/04/2026) ===
RESERVA                   TELÉFONO             ESTADO       RESPUESTA                 REVIEW
-----------------------------------------------------------------------------------------------
17/4_17:40_csi            34%C2%A0607%C2%A098%C2%A019%C2%A068%E2%80%AC ENVIADO      recordatorio FALLIDO (chat_input_not_found) -
17/4_19:10_csi            46720267726          ENVIADO      recordatorio FALLIDO (chat_input_not_found) -

[2026-04-19 21:49:50] POSITIVO | Fotos nuevas: 0 | Envios OK: 2 | Envios FAIL: 0 | Reviews negativas: 0 | Fotos borradas: 0

=== SESIÓN 22:02-22:02 (19/04/2026) ===
RESERVA                   TELÉFONO             ESTADO       RESPUESTA                 REVIEW
-----------------------------------------------------------------------------------------------
17/4_17:40_csi            34%C2%A0607%C2%A098%C2%A019%C2%A068%E2%80%AC ENVIADO      recordatorio FALLIDO (chat_input_not_found) -
17/4_19:10_csi            46720267726          ENVIADO      recordatorio FALLIDO (chat_input_not_found) -

[2026-04-19 22:05:13] POSITIVO | Fotos nuevas: 0 | Envios OK: 2 | Envios FAIL: 0 | Reviews negativas: 0 | Fotos borradas: 0

=== SESIÓN 22:17-22:17 (19/04/2026) ===
RESERVA                   TELÉFONO             ESTADO       RESPUESTA                 REVIEW
-----------------------------------------------------------------------------------------------
17/4_17:40_csi            34%C2%A0607%C2%A098%C2%A019%C2%A068%E2%80%AC ENVIADO      recordatorio FALLIDO (chat_input_not_found) -
17/4_19:10_csi            46720267726          ENVIADO      recordatorio FALLIDO (chat_input_not_found) -

[2026-04-19 22:20:01] POSITIVO | Fotos nuevas: 0 | Envios OK: 2 | Envios FAIL: 0 | Reviews negativas: 0 | Fotos borradas: 0

=== SESIÓN 22:32-22:32 (19/04/2026) ===
RESERVA                   TELÉFONO             ESTADO       RESPUESTA                 REVIEW
-----------------------------------------------------------------------------------------------
17/4_17:40_csi            34%C2%A0607%C2%A098%C2%A019%C2%A068%E2%80%AC ENVIADO      recordatorio FALLIDO (chat_input_not_found) -
17/4_19:10_csi            46720267726          ENVIADO      recordatorio FALLIDO (chat_input_not_found) -

[2026-04-19 22:34:54] POSITIVO | Fotos nuevas: 0 | Envios OK: 2 | Envios FAIL: 0 | Reviews negativas: 0 | Fotos borradas: 0

=== SESIÓN 22:47-22:47 (19/04/2026) ===
RESERVA                   TELÉFONO             ESTADO       RESPUESTA                 REVIEW
-----------------------------------------------------------------------------------------------
17/4_17:40_csi            34%C2%A0607%C2%A098%C2%A019%C2%A068%E2%80%AC ENVIADO      recordatorio FALLIDO (chat_input_not_found) -
17/4_19:10_csi            46720267726          ENVIADO      recordatorio FALLIDO (chat_input_not_found) -

[2026-04-19 22:50:02] POSITIVO | Fotos nuevas: 0 | Envios OK: 2 | Envios FAIL: 0 | Reviews negativas: 0 | Fotos borradas: 0

=== SESIÓN 23:02-23:02 (19/04/2026) ===
RESERVA                   TELÉFONO             ESTADO       RESPUESTA                 REVIEW
-----------------------------------------------------------------------------------------------
17/4_17:40_csi            34%C2%A0607%C2%A098%C2%A019%C2%A068%E2%80%AC ENVIADO      recordatorio FALLIDO (chat_input_not_found) -
17/4_19:10_csi            46720267726          ENVIADO      recordatorio FALLIDO (chat_input_not_found) -

[2026-04-19 23:04:47] POSITIVO | Fotos nuevas: 0 | Envios OK: 2 | Envios FAIL: 0 | Reviews negativas: 0 | Fotos borradas: 0
