
=== SESIÓN 18:26-22:16 (27/05/2026) ===
RESERVA                   TELÉFONO             ESTADO       RESPUESTA                 REVIEW
-----------------------------------------------------------------------------------------------
16/5_17:30_4e             34662691916          ENVIADO      sin respuesta             -
16/5_17:40_csi            34661826756          ENVIADO      sin respuesta             -
15/5_19:00_4e             34680445843          ENVIADO      POSITIVA                  review enviada
16/5_17:40_csi            34661826756          ENVIADO      POSITIVA                  review enviada
16/5_19:10_csi            34676007933          ENVIADO      sin respuesta             -
16/5_19:10_csi            34676007933          ENVIADO      POSITIVA                  review enviada
16/5_19:00_4e             34%C2%A0635%C2%A088%C2%A014%C2%A013%E2%80%AC ENVIADO      sin respuesta             -
16/5_19:00_4e             34%C2%A0635%C2%A088%C2%A014%C2%A013%E2%80%AC ENVIADO      POSITIVA                  review enviada
16/5_20:40_csi            34670238951          ENVIADO      sin respuesta             -
17/5_17:30_4e             34674807460          ENVIADO      sin respuesta             -
17/5_16:00_4e             34%C2%A0652%C2%A090%C2%A019%C2%A066%E2%80%AC ENVIADO      sin respuesta             -
17/5_16:00_4e             34%C2%A0652%C2%A090%C2%A019%C2%A066%E2%80%AC ENVIADO      POSITIVA                  review enviada
17/5_17:30_4e             34674807460          ENVIADO      POSITIVA                  review enviada
15/5_16:00_maf            34630660579          ENVIADO      recordatorio enviado (48h) -
15/5_19:10_csi            34657852342          ENVIADO      recordatorio enviado (48h) -
15/5_16:00_maf            34630660579          ENVIADO      NEUTRAL (guardado para revisión) -
15/5_19:10_csi            34657852342          ENVIADO      POSITIVA                  review enviada
16/5_17:30_4e             34662691916          ENVIADO      recordatorio FALLIDO (send_not_confirmed) -
16/5_17:30_4e             34662691916          ENVIADO      recordatorio FALLIDO (send_not_confirmed) -
16/5_17:30_4e             34662691916          ENVIADO      recordatorio enviado (48h) -
16/5_20:40_csi            34670238951          ENVIADO      recordatorio enviado (48h) -

[2026-05-27 10:03:47] POSITIVO | Fotos nuevas: 0 | Envios OK: 0 | Envios FAIL: 0 | Reviews negativas: 0 | Fotos borradas: 0

=== SESIÓN 18:26-22:16 (27/05/2026) ===
RESERVA                   TELÉFONO             ESTADO       RESPUESTA                 REVIEW
-----------------------------------------------------------------------------------------------
16/5_17:30_4e             34662691916          ENVIADO      sin respuesta             -
16/5_17:40_csi            34661826756          ENVIADO      sin respuesta             -
15/5_19:00_4e             34680445843          ENVIADO      POSITIVA                  review enviada
16/5_17:40_csi            34661826756          ENVIADO      POSITIVA                  review enviada
16/5_19:10_csi            34676007933          ENVIADO      sin respuesta             -
16/5_19:10_csi            34676007933          ENVIADO      POSITIVA                  review enviada
16/5_19:00_4e             34%C2%A0635%C2%A088%C2%A014%C2%A013%E2%80%AC ENVIADO      sin respuesta             -
16/5_19:00_4e             34%C2%A0635%C2%A088%C2%A014%C2%A013%E2%80%AC ENVIADO      POSITIVA                  review enviada
16/5_20:40_csi            34670238951          ENVIADO      sin respuesta             -
17/5_17:30_4e             34674807460          ENVIADO      sin respuesta             -
17/5_16:00_4e             34%C2%A0652%C2%A090%C2%A019%C2%A066%E2%80%AC ENVIADO      sin respuesta             -
17/5_16:00_4e             34%C2%A0652%C2%A090%C2%A019%C2%A066%E2%80%AC ENVIADO      POSITIVA                  review enviada
17/5_17:30_4e             34674807460          ENVIADO      POSITIVA                  review enviada
15/5_16:00_maf            34630660579          ENVIADO      recordatorio enviado (48h) -
15/5_19:10_csi            34657852342          ENVIADO      recordatorio enviado (48h) -
15/5_16:00_maf            34630660579          ENVIADO      NEUTRAL (guardado para revisión) -
15/5_19:10_csi            34657852342          ENVIADO      POSITIVA                  review enviada
16/5_17:30_4e             34662691916          ENVIADO      recordatorio FALLIDO (send_not_confirmed) -
16/5_17:30_4e             34662691916          ENVIADO      recordatorio FALLIDO (send_not_confirmed) -
16/5_17:30_4e             34662691916          ENVIADO      recordatorio enviado (48h) -
16/5_20:40_csi            34670238951          ENVIADO      recordatorio enviado (48h) -

[2026-05-27 10:20:12] POSITIVO | Fotos nuevas: 0 | Envios OK: 0 | Envios FAIL: 0 | Reviews negativas: 0 | Fotos borradas: 0

=== SESIÓN 18:26-22:16 (27/05/2026) ===
RESERVA                   TELÉFONO             ESTADO       RESPUESTA                 REVIEW
-----------------------------------------------------------------------------------------------
16/5_17:30_4e             34662691916          ENVIADO      sin respuesta             -
16/5_17:40_csi            34661826756          ENVIADO      sin respuesta             -
15/5_19:00_4e             34680445843          ENVIADO      POSITIVA                  review enviada
16/5_17:40_csi            34661826756          ENVIADO      POSITIVA                  review enviada
16/5_19:10_csi            34676007933          ENVIADO      sin respuesta             -
16/5_19:10_csi            34676007933          ENVIADO      POSITIVA                  review enviada
16/5_19:00_4e             34%C2%A0635%C2%A088%C2%A014%C2%A013%E2%80%AC ENVIADO      sin respuesta             -
16/5_19:00_4e             34%C2%A0635%C2%A088%C2%A014%C2%A013%E2%80%AC ENVIADO      POSITIVA                  review enviada
16/5_20:40_csi            34670238951          ENVIADO      sin respuesta             -
17/5_17:30_4e             34674807460          ENVIADO      sin respuesta             -
17/5_16:00_4e             34%C2%A0652%C2%A090%C2%A019%C2%A066%E2%80%AC ENVIADO      sin respuesta             -
17/5_16:00_4e             34%C2%A0652%C2%A090%C2%A019%C2%A066%E2%80%AC ENVIADO      POSITIVA                  review enviada
17/5_17:30_4e             34674807460          ENVIADO      POSITIVA                  review enviada
15/5_16:00_maf            34630660579          ENVIADO      recordatorio enviado (48h) -
15/5_19:10_csi            34657852342          ENVIADO      recordatorio enviado (48h) -
15/5_16:00_maf            34630660579          ENVIADO      NEUTRAL (guardado para revisión) -
15/5_19:10_csi            34657852342          ENVIADO      POSITIVA                  review enviada
16/5_17:30_4e             34662691916          ENVIADO      recordatorio FALLIDO (send_not_confirmed) -
16/5_17:30_4e             34662691916          ENVIADO      recordatorio FALLIDO (send_not_confirmed) -
16/5_17:30_4e             34662691916          ENVIADO      recordatorio enviado (48h) -
16/5_20:40_csi            34670238951          ENVIADO      recordatorio enviado (48h) -

[2026-05-27 10:36:30] POSITIVO | Fotos nuevas: 0 | Envios OK: 0 | Envios FAIL: 0 | Reviews negativas: 0 | Fotos borradas: 0

=== SESIÓN 18:26-22:16 (27/05/2026) ===
RESERVA                   TELÉFONO             ESTADO       RESPUESTA                 REVIEW
-----------------------------------------------------------------------------------------------
16/5_17:30_4e             34662691916          ENVIADO      sin respuesta             -
16/5_17:40_csi            34661826756          ENVIADO      sin respuesta             -
15/5_19:00_4e             34680445843          ENVIADO      POSITIVA                  review enviada
16/5_17:40_csi            34661826756          ENVIADO      POSITIVA                  review enviada
16/5_19:10_csi            34676007933          ENVIADO      sin respuesta             -
16/5_19:10_csi            34676007933          ENVIADO      POSITIVA                  review enviada
16/5_19:00_4e             34%C2%A0635%C2%A088%C2%A014%C2%A013%E2%80%AC ENVIADO      sin respuesta             -
16/5_19:00_4e             34%C2%A0635%C2%A088%C2%A014%C2%A013%E2%80%AC ENVIADO      POSITIVA                  review enviada
16/5_20:40_csi            34670238951          ENVIADO      sin respuesta             -
17/5_17:30_4e             34674807460          ENVIADO      sin respuesta             -
17/5_16:00_4e             34%C2%A0652%C2%A090%C2%A019%C2%A066%E2%80%AC ENVIADO      sin respuesta             -
17/5_16:00_4e             34%C2%A0652%C2%A090%C2%A019%C2%A066%E2%80%AC ENVIADO      POSITIVA                  review enviada
17/5_17:30_4e             34674807460          ENVIADO      POSITIVA                  review enviada
15/5_16:00_maf            34630660579          ENVIADO      recordatorio enviado (48h) -
15/5_19:10_csi            34657852342          ENVIADO      recordatorio enviado (48h) -
15/5_16:00_maf            34630660579          ENVIADO      NEUTRAL (guardado para revisión) -
15/5_19:10_csi            34657852342          ENVIADO      POSITIVA                  review enviada
16/5_17:30_4e             34662691916          ENVIADO      recordatorio FALLIDO (send_not_confirmed) -
16/5_17:30_4e             34662691916          ENVIADO      recordatorio FALLIDO (send_not_confirmed) -
16/5_17:30_4e             34662691916          ENVIADO      recordatorio enviado (48h) -
16/5_20:40_csi            34670238951          ENVIADO      recordatorio enviado (48h) -

[2026-05-27 10:52:48] POSITIVO | Fotos nuevas: 0 | Envios OK: 0 | Envios FAIL: 0 | Reviews negativas: 0 | Fotos borradas: 0

=== SESIÓN 18:26-22:16 (27/05/2026) ===
RESERVA                   TELÉFONO             ESTADO       RESPUESTA                 REVIEW
-----------------------------------------------------------------------------------------------
16/5_17:30_4e             34662691916          ENVIADO      sin respuesta             -
16/5_17:40_csi            34661826756          ENVIADO      sin respuesta             -
15/5_19:00_4e             34680445843          ENVIADO      POSITIVA                  review enviada
16/5_17:40_csi            34661826756          ENVIADO      POSITIVA                  review enviada
16/5_19:10_csi            34676007933          ENVIADO      sin respuesta             -
16/5_19:10_csi            34676007933          ENVIADO      POSITIVA                  review enviada
16/5_19:00_4e             34%C2%A0635%C2%A088%C2%A014%C2%A013%E2%80%AC ENVIADO      sin respuesta             -
16/5_19:00_4e             34%C2%A0635%C2%A088%C2%A014%C2%A013%E2%80%AC ENVIADO      POSITIVA                  review enviada
16/5_20:40_csi            34670238951          ENVIADO      sin respuesta             -
17/5_17:30_4e             34674807460          ENVIADO      sin respuesta             -
17/5_16:00_4e             34%C2%A0652%C2%A090%C2%A019%C2%A066%E2%80%AC ENVIADO      sin respuesta             -
17/5_16:00_4e             34%C2%A0652%C2%A090%C2%A019%C2%A066%E2%80%AC ENVIADO      POSITIVA                  review enviada
17/5_17:30_4e             34674807460          ENVIADO      POSITIVA                  review enviada
15/5_16:00_maf            34630660579          ENVIADO      recordatorio enviado (48h) -
15/5_19:10_csi            34657852342          ENVIADO      recordatorio enviado (48h) -
15/5_16:00_maf            34630660579          ENVIADO      NEUTRAL (guardado para revisión) -
15/5_19:10_csi            34657852342          ENVIADO      POSITIVA                  review enviada
16/5_17:30_4e             34662691916          ENVIADO      recordatorio FALLIDO (send_not_confirmed) -
16/5_17:30_4e             34662691916          ENVIADO      recordatorio FALLIDO (send_not_confirmed) -
16/5_17:30_4e             34662691916          ENVIADO      recordatorio enviado (48h) -
16/5_20:40_csi            34670238951          ENVIADO      recordatorio enviado (48h) -

[2026-05-27 11:09:07] POSITIVO | Fotos nuevas: 0 | Envios OK: 0 | Envios FAIL: 0 | Reviews negativas: 0 | Fotos borradas: 0

=== SESIÓN 18:26-22:16 (27/05/2026) ===
RESERVA                   TELÉFONO             ESTADO       RESPUESTA                 REVIEW
-----------------------------------------------------------------------------------------------
16/5_17:30_4e             34662691916          ENVIADO      sin respuesta             -
16/5_17:40_csi            34661826756          ENVIADO      sin respuesta             -
15/5_19:00_4e             34680445843          ENVIADO      POSITIVA                  review enviada
16/5_17:40_csi            34661826756          ENVIADO      POSITIVA                  review enviada
16/5_19:10_csi            34676007933          ENVIADO      sin respuesta             -
16/5_19:10_csi            34676007933          ENVIADO      POSITIVA                  review enviada
16/5_19:00_4e             34%C2%A0635%C2%A088%C2%A014%C2%A013%E2%80%AC ENVIADO      sin respuesta             -
16/5_19:00_4e             34%C2%A0635%C2%A088%C2%A014%C2%A013%E2%80%AC ENVIADO      POSITIVA                  review enviada
16/5_20:40_csi            34670238951          ENVIADO      sin respuesta             -
17/5_17:30_4e             34674807460          ENVIADO      sin respuesta             -
17/5_16:00_4e             34%C2%A0652%C2%A090%C2%A019%C2%A066%E2%80%AC ENVIADO      sin respuesta             -
17/5_16:00_4e             34%C2%A0652%C2%A090%C2%A019%C2%A066%E2%80%AC ENVIADO      POSITIVA                  review enviada
17/5_17:30_4e             34674807460          ENVIADO      POSITIVA                  review enviada
15/5_16:00_maf            34630660579          ENVIADO      recordatorio enviado (48h) -
15/5_19:10_csi            34657852342          ENVIADO      recordatorio enviado (48h) -
15/5_16:00_maf            34630660579          ENVIADO      NEUTRAL (guardado para revisión) -
15/5_19:10_csi            34657852342          ENVIADO      POSITIVA                  review enviada
16/5_17:30_4e             34662691916          ENVIADO      recordatorio FALLIDO (send_not_confirmed) -
16/5_17:30_4e             34662691916          ENVIADO      recordatorio FALLIDO (send_not_confirmed) -
16/5_17:30_4e             34662691916          ENVIADO      recordatorio enviado (48h) -
16/5_20:40_csi            34670238951          ENVIADO      recordatorio enviado (48h) -

[2026-05-27 11:25:27] POSITIVO | Fotos nuevas: 0 | Envios OK: 0 | Envios FAIL: 0 | Reviews negativas: 0 | Fotos borradas: 0

=== SESIÓN 18:26-22:16 (27/05/2026) ===
RESERVA                   TELÉFONO             ESTADO       RESPUESTA                 REVIEW
-----------------------------------------------------------------------------------------------
16/5_17:30_4e             34662691916          ENVIADO      sin respuesta             -
16/5_17:40_csi            34661826756          ENVIADO      sin respuesta             -
15/5_19:00_4e             34680445843          ENVIADO      POSITIVA                  review enviada
16/5_17:40_csi            34661826756          ENVIADO      POSITIVA                  review enviada
16/5_19:10_csi            34676007933          ENVIADO      sin respuesta             -
16/5_19:10_csi            34676007933          ENVIADO      POSITIVA                  review enviada
16/5_19:00_4e             34%C2%A0635%C2%A088%C2%A014%C2%A013%E2%80%AC ENVIADO      sin respuesta             -
16/5_19:00_4e             34%C2%A0635%C2%A088%C2%A014%C2%A013%E2%80%AC ENVIADO      POSITIVA                  review enviada
16/5_20:40_csi            34670238951          ENVIADO      sin respuesta             -
17/5_17:30_4e             34674807460          ENVIADO      sin respuesta             -
17/5_16:00_4e             34%C2%A0652%C2%A090%C2%A019%C2%A066%E2%80%AC ENVIADO      sin respuesta             -
17/5_16:00_4e             34%C2%A0652%C2%A090%C2%A019%C2%A066%E2%80%AC ENVIADO      POSITIVA                  review enviada
17/5_17:30_4e             34674807460          ENVIADO      POSITIVA                  review enviada
15/5_16:00_maf            34630660579          ENVIADO      recordatorio enviado (48h) -
15/5_19:10_csi            34657852342          ENVIADO      recordatorio enviado (48h) -
15/5_16:00_maf            34630660579          ENVIADO      NEUTRAL (guardado para revisión) -
15/5_19:10_csi            34657852342          ENVIADO      POSITIVA                  review enviada
16/5_17:30_4e             34662691916          ENVIADO      recordatorio FALLIDO (send_not_confirmed) -
16/5_17:30_4e             34662691916          ENVIADO      recordatorio FALLIDO (send_not_confirmed) -
16/5_17:30_4e             34662691916          ENVIADO      recordatorio enviado (48h) -
16/5_20:40_csi            34670238951          ENVIADO      recordatorio enviado (48h) -

[2026-05-27 11:41:45] POSITIVO | Fotos nuevas: 0 | Envios OK: 0 | Envios FAIL: 0 | Reviews negativas: 0 | Fotos borradas: 0

=== SESIÓN 18:26-22:16 (27/05/2026) ===
RESERVA                   TELÉFONO             ESTADO       RESPUESTA                 REVIEW
-----------------------------------------------------------------------------------------------
16/5_17:30_4e             34662691916          ENVIADO      sin respuesta             -
16/5_17:40_csi            34661826756          ENVIADO      sin respuesta             -
15/5_19:00_4e             34680445843          ENVIADO      POSITIVA                  review enviada
16/5_17:40_csi            34661826756          ENVIADO      POSITIVA                  review enviada
16/5_19:10_csi            34676007933          ENVIADO      sin respuesta             -
16/5_19:10_csi            34676007933          ENVIADO      POSITIVA                  review enviada
16/5_19:00_4e             34%C2%A0635%C2%A088%C2%A014%C2%A013%E2%80%AC ENVIADO      sin respuesta             -
16/5_19:00_4e             34%C2%A0635%C2%A088%C2%A014%C2%A013%E2%80%AC ENVIADO      POSITIVA                  review enviada
16/5_20:40_csi            34670238951          ENVIADO      sin respuesta             -
17/5_17:30_4e             34674807460          ENVIADO      sin respuesta             -
17/5_16:00_4e             34%C2%A0652%C2%A090%C2%A019%C2%A066%E2%80%AC ENVIADO      sin respuesta             -
17/5_16:00_4e             34%C2%A0652%C2%A090%C2%A019%C2%A066%E2%80%AC ENVIADO      POSITIVA                  review enviada
17/5_17:30_4e             34674807460          ENVIADO      POSITIVA                  review enviada
15/5_16:00_maf            34630660579          ENVIADO      recordatorio enviado (48h) -
15/5_19:10_csi            34657852342          ENVIADO      recordatorio enviado (48h) -
15/5_16:00_maf            34630660579          ENVIADO      NEUTRAL (guardado para revisión) -
15/5_19:10_csi            34657852342          ENVIADO      POSITIVA                  review enviada
16/5_17:30_4e             34662691916          ENVIADO      recordatorio FALLIDO (send_not_confirmed) -
16/5_17:30_4e             34662691916          ENVIADO      recordatorio FALLIDO (send_not_confirmed) -
16/5_17:30_4e             34662691916          ENVIADO      recordatorio enviado (48h) -
16/5_20:40_csi            34670238951          ENVIADO      recordatorio enviado (48h) -

[2026-05-27 11:58:03] POSITIVO | Fotos nuevas: 0 | Envios OK: 0 | Envios FAIL: 0 | Reviews negativas: 0 | Fotos borradas: 0

=== SESIÓN 18:26-22:16 (27/05/2026) ===
RESERVA                   TELÉFONO             ESTADO       RESPUESTA                 REVIEW
-----------------------------------------------------------------------------------------------
16/5_17:30_4e             34662691916          ENVIADO      sin respuesta             -
16/5_17:40_csi            34661826756          ENVIADO      sin respuesta             -
15/5_19:00_4e             34680445843          ENVIADO      POSITIVA                  review enviada
16/5_17:40_csi            34661826756          ENVIADO      POSITIVA                  review enviada
16/5_19:10_csi            34676007933          ENVIADO      sin respuesta             -
16/5_19:10_csi            34676007933          ENVIADO      POSITIVA                  review enviada
16/5_19:00_4e             34%C2%A0635%C2%A088%C2%A014%C2%A013%E2%80%AC ENVIADO      sin respuesta             -
16/5_19:00_4e             34%C2%A0635%C2%A088%C2%A014%C2%A013%E2%80%AC ENVIADO      POSITIVA                  review enviada
16/5_20:40_csi            34670238951          ENVIADO      sin respuesta             -
17/5_17:30_4e             34674807460          ENVIADO      sin respuesta             -
17/5_16:00_4e             34%C2%A0652%C2%A090%C2%A019%C2%A066%E2%80%AC ENVIADO      sin respuesta             -
17/5_16:00_4e             34%C2%A0652%C2%A090%C2%A019%C2%A066%E2%80%AC ENVIADO      POSITIVA                  review enviada
17/5_17:30_4e             34674807460          ENVIADO      POSITIVA                  review enviada
15/5_16:00_maf            34630660579          ENVIADO      recordatorio enviado (48h) -
15/5_19:10_csi            34657852342          ENVIADO      recordatorio enviado (48h) -
15/5_16:00_maf            34630660579          ENVIADO      NEUTRAL (guardado para revisión) -
15/5_19:10_csi            34657852342          ENVIADO      POSITIVA                  review enviada
16/5_17:30_4e             34662691916          ENVIADO      recordatorio FALLIDO (send_not_confirmed) -
16/5_17:30_4e             34662691916          ENVIADO      recordatorio FALLIDO (send_not_confirmed) -
16/5_17:30_4e             34662691916          ENVIADO      recordatorio enviado (48h) -
16/5_20:40_csi            34670238951          ENVIADO      recordatorio enviado (48h) -

[2026-05-27 12:14:19] POSITIVO | Fotos nuevas: 0 | Envios OK: 0 | Envios FAIL: 0 | Reviews negativas: 0 | Fotos borradas: 0

=== SESIÓN 18:26-22:16 (27/05/2026) ===
RESERVA                   TELÉFONO             ESTADO       RESPUESTA                 REVIEW
-----------------------------------------------------------------------------------------------
16/5_17:30_4e             34662691916          ENVIADO      sin respuesta             -
16/5_17:40_csi            34661826756          ENVIADO      sin respuesta             -
15/5_19:00_4e             34680445843          ENVIADO      POSITIVA                  review enviada
16/5_17:40_csi            34661826756          ENVIADO      POSITIVA                  review enviada
16/5_19:10_csi            34676007933          ENVIADO      sin respuesta             -
16/5_19:10_csi            34676007933          ENVIADO      POSITIVA                  review enviada
16/5_19:00_4e             34%C2%A0635%C2%A088%C2%A014%C2%A013%E2%80%AC ENVIADO      sin respuesta             -
16/5_19:00_4e             34%C2%A0635%C2%A088%C2%A014%C2%A013%E2%80%AC ENVIADO      POSITIVA                  review enviada
16/5_20:40_csi            34670238951          ENVIADO      sin respuesta             -
17/5_17:30_4e             34674807460          ENVIADO      sin respuesta             -
17/5_16:00_4e             34%C2%A0652%C2%A090%C2%A019%C2%A066%E2%80%AC ENVIADO      sin respuesta             -
17/5_16:00_4e             34%C2%A0652%C2%A090%C2%A019%C2%A066%E2%80%AC ENVIADO      POSITIVA                  review enviada
17/5_17:30_4e             34674807460          ENVIADO      POSITIVA                  review enviada
15/5_16:00_maf            34630660579          ENVIADO      recordatorio enviado (48h) -
15/5_19:10_csi            34657852342          ENVIADO      recordatorio enviado (48h) -
15/5_16:00_maf            34630660579          ENVIADO      NEUTRAL (guardado para revisión) -
15/5_19:10_csi            34657852342          ENVIADO      POSITIVA                  review enviada
16/5_17:30_4e             34662691916          ENVIADO      recordatorio FALLIDO (send_not_confirmed) -
16/5_17:30_4e             34662691916          ENVIADO      recordatorio FALLIDO (send_not_confirmed) -
16/5_17:30_4e             34662691916          ENVIADO      recordatorio enviado (48h) -
16/5_20:40_csi            34670238951          ENVIADO      recordatorio enviado (48h) -

[2026-05-27 12:30:38] POSITIVO | Fotos nuevas: 0 | Envios OK: 0 | Envios FAIL: 0 | Reviews negativas: 0 | Fotos borradas: 0

=== SESIÓN 18:26-22:16 (27/05/2026) ===
RESERVA                   TELÉFONO             ESTADO       RESPUESTA                 REVIEW
-----------------------------------------------------------------------------------------------
16/5_17:30_4e             34662691916          ENVIADO      sin respuesta             -
16/5_17:40_csi            34661826756          ENVIADO      sin respuesta             -
15/5_19:00_4e             34680445843          ENVIADO      POSITIVA                  review enviada
16/5_17:40_csi            34661826756          ENVIADO      POSITIVA                  review enviada
16/5_19:10_csi            34676007933          ENVIADO      sin respuesta             -
16/5_19:10_csi            34676007933          ENVIADO      POSITIVA                  review enviada
16/5_19:00_4e             34%C2%A0635%C2%A088%C2%A014%C2%A013%E2%80%AC ENVIADO      sin respuesta             -
16/5_19:00_4e             34%C2%A0635%C2%A088%C2%A014%C2%A013%E2%80%AC ENVIADO      POSITIVA                  review enviada
16/5_20:40_csi            34670238951          ENVIADO      sin respuesta             -
17/5_17:30_4e             34674807460          ENVIADO      sin respuesta             -
17/5_16:00_4e             34%C2%A0652%C2%A090%C2%A019%C2%A066%E2%80%AC ENVIADO      sin respuesta             -
17/5_16:00_4e             34%C2%A0652%C2%A090%C2%A019%C2%A066%E2%80%AC ENVIADO      POSITIVA                  review enviada
17/5_17:30_4e             34674807460          ENVIADO      POSITIVA                  review enviada
15/5_16:00_maf            34630660579          ENVIADO      recordatorio enviado (48h) -
15/5_19:10_csi            34657852342          ENVIADO      recordatorio enviado (48h) -
15/5_16:00_maf            34630660579          ENVIADO      NEUTRAL (guardado para revisión) -
15/5_19:10_csi            34657852342          ENVIADO      POSITIVA                  review enviada
16/5_17:30_4e             34662691916          ENVIADO      recordatorio FALLIDO (send_not_confirmed) -
16/5_17:30_4e             34662691916          ENVIADO      recordatorio FALLIDO (send_not_confirmed) -
16/5_17:30_4e             34662691916          ENVIADO      recordatorio enviado (48h) -
16/5_20:40_csi            34670238951          ENVIADO      recordatorio enviado (48h) -

[2026-05-27 12:46:57] POSITIVO | Fotos nuevas: 0 | Envios OK: 0 | Envios FAIL: 0 | Reviews negativas: 0 | Fotos borradas: 0

=== SESIÓN 18:26-22:16 (27/05/2026) ===
RESERVA                   TELÉFONO             ESTADO       RESPUESTA                 REVIEW
-----------------------------------------------------------------------------------------------
16/5_17:30_4e             34662691916          ENVIADO      sin respuesta             -
16/5_17:40_csi            34661826756          ENVIADO      sin respuesta             -
15/5_19:00_4e             34680445843          ENVIADO      POSITIVA                  review enviada
16/5_17:40_csi            34661826756          ENVIADO      POSITIVA                  review enviada
16/5_19:10_csi            34676007933          ENVIADO      sin respuesta             -
16/5_19:10_csi            34676007933          ENVIADO      POSITIVA                  review enviada
16/5_19:00_4e             34%C2%A0635%C2%A088%C2%A014%C2%A013%E2%80%AC ENVIADO      sin respuesta             -
16/5_19:00_4e             34%C2%A0635%C2%A088%C2%A014%C2%A013%E2%80%AC ENVIADO      POSITIVA                  review enviada
16/5_20:40_csi            34670238951          ENVIADO      sin respuesta             -
17/5_17:30_4e             34674807460          ENVIADO      sin respuesta             -
17/5_16:00_4e             34%C2%A0652%C2%A090%C2%A019%C2%A066%E2%80%AC ENVIADO      sin respuesta             -
17/5_16:00_4e             34%C2%A0652%C2%A090%C2%A019%C2%A066%E2%80%AC ENVIADO      POSITIVA                  review enviada
17/5_17:30_4e             34674807460          ENVIADO      POSITIVA                  review enviada
15/5_16:00_maf            34630660579          ENVIADO      recordatorio enviado (48h) -
15/5_19:10_csi            34657852342          ENVIADO      recordatorio enviado (48h) -
15/5_16:00_maf            34630660579          ENVIADO      NEUTRAL (guardado para revisión) -
15/5_19:10_csi            34657852342          ENVIADO      POSITIVA                  review enviada
16/5_17:30_4e             34662691916          ENVIADO      recordatorio FALLIDO (send_not_confirmed) -
16/5_17:30_4e             34662691916          ENVIADO      recordatorio FALLIDO (send_not_confirmed) -
16/5_17:30_4e             34662691916          ENVIADO      recordatorio enviado (48h) -
16/5_20:40_csi            34670238951          ENVIADO      recordatorio enviado (48h) -

[2026-05-27 13:03:18] POSITIVO | Fotos nuevas: 0 | Envios OK: 0 | Envios FAIL: 0 | Reviews negativas: 0 | Fotos borradas: 0

=== SESIÓN 18:26-22:16 (27/05/2026) ===
RESERVA                   TELÉFONO             ESTADO       RESPUESTA                 REVIEW
-----------------------------------------------------------------------------------------------
16/5_17:30_4e             34662691916          ENVIADO      sin respuesta             -
16/5_17:40_csi            34661826756          ENVIADO      sin respuesta             -
15/5_19:00_4e             34680445843          ENVIADO      POSITIVA                  review enviada
16/5_17:40_csi            34661826756          ENVIADO      POSITIVA                  review enviada
16/5_19:10_csi            34676007933          ENVIADO      sin respuesta             -
16/5_19:10_csi            34676007933          ENVIADO      POSITIVA                  review enviada
16/5_19:00_4e             34%C2%A0635%C2%A088%C2%A014%C2%A013%E2%80%AC ENVIADO      sin respuesta             -
16/5_19:00_4e             34%C2%A0635%C2%A088%C2%A014%C2%A013%E2%80%AC ENVIADO      POSITIVA                  review enviada
16/5_20:40_csi            34670238951          ENVIADO      sin respuesta             -
17/5_17:30_4e             34674807460          ENVIADO      sin respuesta             -
17/5_16:00_4e             34%C2%A0652%C2%A090%C2%A019%C2%A066%E2%80%AC ENVIADO      sin respuesta             -
17/5_16:00_4e             34%C2%A0652%C2%A090%C2%A019%C2%A066%E2%80%AC ENVIADO      POSITIVA                  review enviada
17/5_17:30_4e             34674807460          ENVIADO      POSITIVA                  review enviada
15/5_16:00_maf            34630660579          ENVIADO      recordatorio enviado (48h) -
15/5_19:10_csi            34657852342          ENVIADO      recordatorio enviado (48h) -
15/5_16:00_maf            34630660579          ENVIADO      NEUTRAL (guardado para revisión) -
15/5_19:10_csi            34657852342          ENVIADO      POSITIVA                  review enviada
16/5_17:30_4e             34662691916          ENVIADO      recordatorio FALLIDO (send_not_confirmed) -
16/5_17:30_4e             34662691916          ENVIADO      recordatorio FALLIDO (send_not_confirmed) -
16/5_17:30_4e             34662691916          ENVIADO      recordatorio enviado (48h) -
16/5_20:40_csi            34670238951          ENVIADO      recordatorio enviado (48h) -

[2026-05-27 13:19:44] POSITIVO | Fotos nuevas: 0 | Envios OK: 0 | Envios FAIL: 0 | Reviews negativas: 0 | Fotos borradas: 0

=== SESIÓN 18:26-22:16 (27/05/2026) ===
RESERVA                   TELÉFONO             ESTADO       RESPUESTA                 REVIEW
-----------------------------------------------------------------------------------------------
16/5_17:30_4e             34662691916          ENVIADO      sin respuesta             -
16/5_17:40_csi            34661826756          ENVIADO      sin respuesta             -
15/5_19:00_4e             34680445843          ENVIADO      POSITIVA                  review enviada
16/5_17:40_csi            34661826756          ENVIADO      POSITIVA                  review enviada
16/5_19:10_csi            34676007933          ENVIADO      sin respuesta             -
16/5_19:10_csi            34676007933          ENVIADO      POSITIVA                  review enviada
16/5_19:00_4e             34%C2%A0635%C2%A088%C2%A014%C2%A013%E2%80%AC ENVIADO      sin respuesta             -
16/5_19:00_4e             34%C2%A0635%C2%A088%C2%A014%C2%A013%E2%80%AC ENVIADO      POSITIVA                  review enviada
16/5_20:40_csi            34670238951          ENVIADO      sin respuesta             -
17/5_17:30_4e             34674807460          ENVIADO      sin respuesta             -
17/5_16:00_4e             34%C2%A0652%C2%A090%C2%A019%C2%A066%E2%80%AC ENVIADO      sin respuesta             -
17/5_16:00_4e             34%C2%A0652%C2%A090%C2%A019%C2%A066%E2%80%AC ENVIADO      POSITIVA                  review enviada
17/5_17:30_4e             34674807460          ENVIADO      POSITIVA                  review enviada
15/5_16:00_maf            34630660579          ENVIADO      recordatorio enviado (48h) -
15/5_19:10_csi            34657852342          ENVIADO      recordatorio enviado (48h) -
15/5_16:00_maf            34630660579          ENVIADO      NEUTRAL (guardado para revisión) -
15/5_19:10_csi            34657852342          ENVIADO      POSITIVA                  review enviada
16/5_17:30_4e             34662691916          ENVIADO      recordatorio FALLIDO (send_not_confirmed) -
16/5_17:30_4e             34662691916          ENVIADO      recordatorio FALLIDO (send_not_confirmed) -
16/5_17:30_4e             34662691916          ENVIADO      recordatorio enviado (48h) -
16/5_20:40_csi            34670238951          ENVIADO      recordatorio enviado (48h) -

[2026-05-27 13:36:04] POSITIVO | Fotos nuevas: 0 | Envios OK: 0 | Envios FAIL: 0 | Reviews negativas: 0 | Fotos borradas: 0

=== SESIÓN 18:26-22:16 (27/05/2026) ===
RESERVA                   TELÉFONO             ESTADO       RESPUESTA                 REVIEW
-----------------------------------------------------------------------------------------------
16/5_17:30_4e             34662691916          ENVIADO      sin respuesta             -
16/5_17:40_csi            34661826756          ENVIADO      sin respuesta             -
15/5_19:00_4e             34680445843          ENVIADO      POSITIVA                  review enviada
16/5_17:40_csi            34661826756          ENVIADO      POSITIVA                  review enviada
16/5_19:10_csi            34676007933          ENVIADO      sin respuesta             -
16/5_19:10_csi            34676007933          ENVIADO      POSITIVA                  review enviada
16/5_19:00_4e             34%C2%A0635%C2%A088%C2%A014%C2%A013%E2%80%AC ENVIADO      sin respuesta             -
16/5_19:00_4e             34%C2%A0635%C2%A088%C2%A014%C2%A013%E2%80%AC ENVIADO      POSITIVA                  review enviada
16/5_20:40_csi            34670238951          ENVIADO      sin respuesta             -
17/5_17:30_4e             34674807460          ENVIADO      sin respuesta             -
17/5_16:00_4e             34%C2%A0652%C2%A090%C2%A019%C2%A066%E2%80%AC ENVIADO      sin respuesta             -
17/5_16:00_4e             34%C2%A0652%C2%A090%C2%A019%C2%A066%E2%80%AC ENVIADO      POSITIVA                  review enviada
17/5_17:30_4e             34674807460          ENVIADO      POSITIVA                  review enviada
15/5_16:00_maf            34630660579          ENVIADO      recordatorio enviado (48h) -
15/5_19:10_csi            34657852342          ENVIADO      recordatorio enviado (48h) -
15/5_16:00_maf            34630660579          ENVIADO      NEUTRAL (guardado para revisión) -
15/5_19:10_csi            34657852342          ENVIADO      POSITIVA                  review enviada
16/5_17:30_4e             34662691916          ENVIADO      recordatorio FALLIDO (send_not_confirmed) -
16/5_17:30_4e             34662691916          ENVIADO      recordatorio FALLIDO (send_not_confirmed) -
16/5_17:30_4e             34662691916          ENVIADO      recordatorio enviado (48h) -
16/5_20:40_csi            34670238951          ENVIADO      recordatorio enviado (48h) -

[2026-05-27 13:52:22] POSITIVO | Fotos nuevas: 0 | Envios OK: 0 | Envios FAIL: 0 | Reviews negativas: 0 | Fotos borradas: 0
