
=== SESIÓN 10:13-10:13 (28/04/2026) ===
RESERVA                   TELÉFONO             ESTADO       RESPUESTA                 REVIEW
-----------------------------------------------------------------------------------------------
25/4_11:30_4e             34%C2%A0674%C2%A055%C2%A021%C2%A033%E2%80%AC ENVIADO      recordatorio FALLIDO (chat_input_not_found) -
25/4_17:40_csi            34%C2%A0675%C2%A077%C2%A080%C2%A073%E2%80%AC ENVIADO      recordatorio FALLIDO (chat_input_not_found) -

[2026-04-28 10:13:59] POSITIVO | Fotos nuevas: 0 | Envios OK: 0 | Envios FAIL: 0 | Reviews negativas: 0 | Fotos borradas: 0

=== SESIÓN 10:28-10:28 (28/04/2026) ===
RESERVA                   TELÉFONO             ESTADO       RESPUESTA                 REVIEW
-----------------------------------------------------------------------------------------------
25/4_11:30_4e             34%C2%A0674%C2%A055%C2%A021%C2%A033%E2%80%AC ENVIADO      recordatorio FALLIDO (chat_input_not_found) -
25/4_17:40_csi            34%C2%A0675%C2%A077%C2%A080%C2%A073%E2%80%AC ENVIADO      recordatorio FALLIDO (chat_input_not_found) -

[2026-04-28 10:28:43] POSITIVO | Fotos nuevas: 0 | Envios OK: 0 | Envios FAIL: 0 | Reviews negativas: 0 | Fotos borradas: 0

=== SESIÓN 10:43-10:43 (28/04/2026) ===
RESERVA                   TELÉFONO             ESTADO       RESPUESTA                 REVIEW
-----------------------------------------------------------------------------------------------
25/4_11:30_4e             34%C2%A0674%C2%A055%C2%A021%C2%A033%E2%80%AC ENVIADO      recordatorio FALLIDO (chat_input_not_found) -
25/4_17:40_csi            34%C2%A0675%C2%A077%C2%A080%C2%A073%E2%80%AC ENVIADO      recordatorio FALLIDO (chat_input_not_found) -

[2026-04-28 10:43:50] POSITIVO | Fotos nuevas: 0 | Envios OK: 0 | Envios FAIL: 0 | Reviews negativas: 0 | Fotos borradas: 0

=== SESIÓN 10:58-10:58 (28/04/2026) ===
RESERVA                   TELÉFONO             ESTADO       RESPUESTA                 REVIEW
-----------------------------------------------------------------------------------------------
25/4_11:30_4e             34%C2%A0674%C2%A055%C2%A021%C2%A033%E2%80%AC ENVIADO      recordatorio FALLIDO (chat_input_not_found) -
25/4_17:40_csi            34%C2%A0675%C2%A077%C2%A080%C2%A073%E2%80%AC ENVIADO      recordatorio FALLIDO (chat_input_not_found) -

[2026-04-28 10:58:43] POSITIVO | Fotos nuevas: 0 | Envios OK: 0 | Envios FAIL: 0 | Reviews negativas: 0 | Fotos borradas: 0

=== SESIÓN 11:13-11:13 (28/04/2026) ===
RESERVA                   TELÉFONO             ESTADO       RESPUESTA                 REVIEW
-----------------------------------------------------------------------------------------------
25/4_11:30_4e             34%C2%A0674%C2%A055%C2%A021%C2%A033%E2%80%AC ENVIADO      recordatorio FALLIDO (chat_input_not_found) -
25/4_17:40_csi            34%C2%A0675%C2%A077%C2%A080%C2%A073%E2%80%AC ENVIADO      recordatorio FALLIDO (chat_input_not_found) -

[2026-04-28 11:13:45] POSITIVO | Fotos nuevas: 0 | Envios OK: 0 | Envios FAIL: 0 | Reviews negativas: 0 | Fotos borradas: 0

=== SESIÓN 11:28-11:28 (28/04/2026) ===
RESERVA                   TELÉFONO             ESTADO       RESPUESTA                 REVIEW
-----------------------------------------------------------------------------------------------
25/4_11:30_4e             34%C2%A0674%C2%A055%C2%A021%C2%A033%E2%80%AC ENVIADO      recordatorio FALLIDO (chat_input_not_found) -
25/4_17:40_csi            34%C2%A0675%C2%A077%C2%A080%C2%A073%E2%80%AC ENVIADO      recordatorio FALLIDO (chat_input_not_found) -

[2026-04-28 11:28:42] POSITIVO | Fotos nuevas: 0 | Envios OK: 0 | Envios FAIL: 0 | Reviews negativas: 0 | Fotos borradas: 0

=== SESIÓN 11:43-11:43 (28/04/2026) ===
RESERVA                   TELÉFONO             ESTADO       RESPUESTA                 REVIEW
-----------------------------------------------------------------------------------------------
25/4_11:30_4e             34%C2%A0674%C2%A055%C2%A021%C2%A033%E2%80%AC ENVIADO      recordatorio FALLIDO (chat_input_not_found) -
25/4_17:40_csi            34%C2%A0675%C2%A077%C2%A080%C2%A073%E2%80%AC ENVIADO      recordatorio FALLIDO (chat_input_not_found) -

[2026-04-28 11:43:49] POSITIVO | Fotos nuevas: 0 | Envios OK: 0 | Envios FAIL: 0 | Reviews negativas: 0 | Fotos borradas: 0

=== SESIÓN 11:58-11:58 (28/04/2026) ===
RESERVA                   TELÉFONO             ESTADO       RESPUESTA                 REVIEW
-----------------------------------------------------------------------------------------------
25/4_11:30_4e             34%C2%A0674%C2%A055%C2%A021%C2%A033%E2%80%AC ENVIADO      recordatorio FALLIDO (chat_input_not_found) -
25/4_17:40_csi            34%C2%A0675%C2%A077%C2%A080%C2%A073%E2%80%AC ENVIADO      recordatorio FALLIDO (chat_input_not_found) -

[2026-04-28 11:58:47] POSITIVO | Fotos nuevas: 0 | Envios OK: 0 | Envios FAIL: 0 | Reviews negativas: 0 | Fotos borradas: 0

=== SESIÓN 12:13-12:13 (28/04/2026) ===
RESERVA                   TELÉFONO             ESTADO       RESPUESTA                 REVIEW
-----------------------------------------------------------------------------------------------
25/4_11:30_4e             34%C2%A0674%C2%A055%C2%A021%C2%A033%E2%80%AC ENVIADO      recordatorio FALLIDO (chat_input_not_found) -
25/4_17:40_csi            34%C2%A0675%C2%A077%C2%A080%C2%A073%E2%80%AC ENVIADO      recordatorio FALLIDO (chat_input_not_found) -

[2026-04-28 12:13:45] POSITIVO | Fotos nuevas: 0 | Envios OK: 0 | Envios FAIL: 0 | Reviews negativas: 0 | Fotos borradas: 0

=== SESIÓN 12:28-12:28 (28/04/2026) ===
RESERVA                   TELÉFONO             ESTADO       RESPUESTA                 REVIEW
-----------------------------------------------------------------------------------------------
25/4_11:30_4e             34%C2%A0674%C2%A055%C2%A021%C2%A033%E2%80%AC ENVIADO      recordatorio FALLIDO (chat_input_not_found) -
25/4_17:40_csi            34%C2%A0675%C2%A077%C2%A080%C2%A073%E2%80%AC ENVIADO      recordatorio FALLIDO (chat_input_not_found) -

[2026-04-28 12:28:45] POSITIVO | Fotos nuevas: 0 | Envios OK: 0 | Envios FAIL: 0 | Reviews negativas: 0 | Fotos borradas: 0

=== SESIÓN 12:43-12:43 (28/04/2026) ===
RESERVA                   TELÉFONO             ESTADO       RESPUESTA                 REVIEW
-----------------------------------------------------------------------------------------------
25/4_11:30_4e             34%C2%A0674%C2%A055%C2%A021%C2%A033%E2%80%AC ENVIADO      recordatorio FALLIDO (chat_input_not_found) -
25/4_17:40_csi            34%C2%A0675%C2%A077%C2%A080%C2%A073%E2%80%AC ENVIADO      recordatorio FALLIDO (chat_input_not_found) -

[2026-04-28 12:43:46] POSITIVO | Fotos nuevas: 0 | Envios OK: 0 | Envios FAIL: 0 | Reviews negativas: 0 | Fotos borradas: 0

=== SESIÓN 12:58-12:58 (28/04/2026) ===
RESERVA                   TELÉFONO             ESTADO       RESPUESTA                 REVIEW
-----------------------------------------------------------------------------------------------
25/4_11:30_4e             34%C2%A0674%C2%A055%C2%A021%C2%A033%E2%80%AC ENVIADO      recordatorio FALLIDO (chat_input_not_found) -
25/4_17:40_csi            34%C2%A0675%C2%A077%C2%A080%C2%A073%E2%80%AC ENVIADO      recordatorio FALLIDO (chat_input_not_found) -

[2026-04-28 12:58:49] POSITIVO | Fotos nuevas: 0 | Envios OK: 0 | Envios FAIL: 0 | Reviews negativas: 0 | Fotos borradas: 0

=== SESIÓN 13:13-13:13 (28/04/2026) ===
RESERVA                   TELÉFONO             ESTADO       RESPUESTA                 REVIEW
-----------------------------------------------------------------------------------------------
25/4_11:30_4e             34%C2%A0674%C2%A055%C2%A021%C2%A033%E2%80%AC ENVIADO      recordatorio FALLIDO (chat_input_not_found) -
25/4_17:40_csi            34%C2%A0675%C2%A077%C2%A080%C2%A073%E2%80%AC ENVIADO      recordatorio FALLIDO (chat_input_not_found) -

[2026-04-28 13:13:45] POSITIVO | Fotos nuevas: 0 | Envios OK: 0 | Envios FAIL: 0 | Reviews negativas: 0 | Fotos borradas: 0

=== SESIÓN 13:28-13:28 (28/04/2026) ===
RESERVA                   TELÉFONO             ESTADO       RESPUESTA                 REVIEW
-----------------------------------------------------------------------------------------------
25/4_11:30_4e             34%C2%A0674%C2%A055%C2%A021%C2%A033%E2%80%AC ENVIADO      recordatorio FALLIDO (chat_input_not_found) -
25/4_17:40_csi            34%C2%A0675%C2%A077%C2%A080%C2%A073%E2%80%AC ENVIADO      recordatorio FALLIDO (chat_input_not_found) -

[2026-04-28 13:28:48] POSITIVO | Fotos nuevas: 0 | Envios OK: 0 | Envios FAIL: 0 | Reviews negativas: 0 | Fotos borradas: 0

=== SESIÓN 13:43-13:43 (28/04/2026) ===
RESERVA                   TELÉFONO             ESTADO       RESPUESTA                 REVIEW
-----------------------------------------------------------------------------------------------
25/4_11:30_4e             34%C2%A0674%C2%A055%C2%A021%C2%A033%E2%80%AC ENVIADO      recordatorio FALLIDO (chat_input_not_found) -
25/4_17:40_csi            34%C2%A0675%C2%A077%C2%A080%C2%A073%E2%80%AC ENVIADO      recordatorio FALLIDO (chat_input_not_found) -

[2026-04-28 13:43:52] POSITIVO | Fotos nuevas: 0 | Envios OK: 0 | Envios FAIL: 0 | Reviews negativas: 0 | Fotos borradas: 0

=== SESIÓN 13:58-13:58 (28/04/2026) ===
RESERVA                   TELÉFONO             ESTADO       RESPUESTA                 REVIEW
-----------------------------------------------------------------------------------------------
25/4_11:30_4e             34%C2%A0674%C2%A055%C2%A021%C2%A033%E2%80%AC ENVIADO      recordatorio FALLIDO (chat_input_not_found) -
25/4_17:40_csi            34%C2%A0675%C2%A077%C2%A080%C2%A073%E2%80%AC ENVIADO      recordatorio FALLIDO (chat_input_not_found) -

[2026-04-28 13:58:53] POSITIVO | Fotos nuevas: 0 | Envios OK: 0 | Envios FAIL: 0 | Reviews negativas: 0 | Fotos borradas: 0

=== SESIÓN 14:13-14:13 (28/04/2026) ===
RESERVA                   TELÉFONO             ESTADO       RESPUESTA                 REVIEW
-----------------------------------------------------------------------------------------------
25/4_11:30_4e             34%C2%A0674%C2%A055%C2%A021%C2%A033%E2%80%AC ENVIADO      recordatorio FALLIDO (chat_input_not_found) -
25/4_17:40_csi            34%C2%A0675%C2%A077%C2%A080%C2%A073%E2%80%AC ENVIADO      recordatorio FALLIDO (chat_input_not_found) -

[2026-04-28 14:13:50] POSITIVO | Fotos nuevas: 0 | Envios OK: 0 | Envios FAIL: 0 | Reviews negativas: 0 | Fotos borradas: 0

=== SESIÓN 14:28-14:28 (28/04/2026) ===
RESERVA                   TELÉFONO             ESTADO       RESPUESTA                 REVIEW
-----------------------------------------------------------------------------------------------
25/4_11:30_4e             34%C2%A0674%C2%A055%C2%A021%C2%A033%E2%80%AC ENVIADO      recordatorio FALLIDO (chat_input_not_found) -
25/4_17:40_csi            34%C2%A0675%C2%A077%C2%A080%C2%A073%E2%80%AC ENVIADO      recordatorio FALLIDO (chat_input_not_found) -

[2026-04-28 14:28:44] POSITIVO | Fotos nuevas: 0 | Envios OK: 0 | Envios FAIL: 0 | Reviews negativas: 0 | Fotos borradas: 0

=== SESIÓN 14:43-14:43 (28/04/2026) ===
RESERVA                   TELÉFONO             ESTADO       RESPUESTA                 REVIEW
-----------------------------------------------------------------------------------------------
25/4_11:30_4e             34%C2%A0674%C2%A055%C2%A021%C2%A033%E2%80%AC ENVIADO      recordatorio FALLIDO (chat_input_not_found) -
25/4_17:40_csi            34%C2%A0675%C2%A077%C2%A080%C2%A073%E2%80%AC ENVIADO      recordatorio FALLIDO (chat_input_not_found) -
26/4_13:10_csi            34681874418          ENVIADO      recordatorio FALLIDO (chat_input_not_found) -

[2026-04-28 14:43:48] POSITIVO | Fotos nuevas: 0 | Envios OK: 0 | Envios FAIL: 0 | Reviews negativas: 0 | Fotos borradas: 0

=== SESIÓN 14:58-14:58 (28/04/2026) ===
RESERVA                   TELÉFONO             ESTADO       RESPUESTA                 REVIEW
-----------------------------------------------------------------------------------------------
25/4_11:30_4e             34%C2%A0674%C2%A055%C2%A021%C2%A033%E2%80%AC ENVIADO      recordatorio FALLIDO (chat_input_not_found) -
25/4_17:40_csi            34%C2%A0675%C2%A077%C2%A080%C2%A073%E2%80%AC ENVIADO      recordatorio FALLIDO (chat_input_not_found) -
26/4_13:10_csi            34681874418          ENVIADO      recordatorio FALLIDO (chat_input_not_found) -

[2026-04-28 14:58:43] POSITIVO | Fotos nuevas: 0 | Envios OK: 0 | Envios FAIL: 0 | Reviews negativas: 0 | Fotos borradas: 0

=== SESIÓN 15:13-15:13 (28/04/2026) ===
RESERVA                   TELÉFONO             ESTADO       RESPUESTA                 REVIEW
-----------------------------------------------------------------------------------------------
25/4_11:30_4e             34%C2%A0674%C2%A055%C2%A021%C2%A033%E2%80%AC ENVIADO      recordatorio FALLIDO (chat_input_not_found) -
25/4_17:40_csi            34%C2%A0675%C2%A077%C2%A080%C2%A073%E2%80%AC ENVIADO      recordatorio FALLIDO (chat_input_not_found) -
26/4_13:10_csi            34681874418          ENVIADO      recordatorio FALLIDO (chat_input_not_found) -

[2026-04-28 15:13:49] POSITIVO | Fotos nuevas: 0 | Envios OK: 0 | Envios FAIL: 0 | Reviews negativas: 0 | Fotos borradas: 0

=== SESIÓN 15:28-15:28 (28/04/2026) ===
RESERVA                   TELÉFONO             ESTADO       RESPUESTA                 REVIEW
-----------------------------------------------------------------------------------------------
25/4_11:30_4e             34%C2%A0674%C2%A055%C2%A021%C2%A033%E2%80%AC ENVIADO      recordatorio FALLIDO (chat_input_not_found) -
25/4_17:40_csi            34%C2%A0675%C2%A077%C2%A080%C2%A073%E2%80%AC ENVIADO      recordatorio FALLIDO (chat_input_not_found) -
26/4_13:10_csi            34681874418          ENVIADO      recordatorio FALLIDO (chat_input_not_found) -

[2026-04-28 15:28:41] POSITIVO | Fotos nuevas: 0 | Envios OK: 0 | Envios FAIL: 0 | Reviews negativas: 0 | Fotos borradas: 0

=== SESIÓN 15:43-15:43 (28/04/2026) ===
RESERVA                   TELÉFONO             ESTADO       RESPUESTA                 REVIEW
-----------------------------------------------------------------------------------------------
25/4_11:30_4e             34%C2%A0674%C2%A055%C2%A021%C2%A033%E2%80%AC ENVIADO      recordatorio FALLIDO (chat_input_not_found) -
25/4_17:40_csi            34%C2%A0675%C2%A077%C2%A080%C2%A073%E2%80%AC ENVIADO      recordatorio FALLIDO (chat_input_not_found) -
26/4_13:10_csi            34681874418          ENVIADO      recordatorio FALLIDO (chat_input_not_found) -

[2026-04-28 15:43:51] POSITIVO | Fotos nuevas: 0 | Envios OK: 0 | Envios FAIL: 0 | Reviews negativas: 0 | Fotos borradas: 0

=== SESIÓN 15:58-15:58 (28/04/2026) ===
RESERVA                   TELÉFONO             ESTADO       RESPUESTA                 REVIEW
-----------------------------------------------------------------------------------------------
25/4_11:30_4e             34%C2%A0674%C2%A055%C2%A021%C2%A033%E2%80%AC ENVIADO      recordatorio FALLIDO (chat_input_not_found) -
25/4_17:40_csi            34%C2%A0675%C2%A077%C2%A080%C2%A073%E2%80%AC ENVIADO      recordatorio FALLIDO (chat_input_not_found) -
26/4_13:10_csi            34681874418          ENVIADO      recordatorio FALLIDO (chat_input_not_found) -

[2026-04-28 15:58:50] POSITIVO | Fotos nuevas: 0 | Envios OK: 0 | Envios FAIL: 0 | Reviews negativas: 0 | Fotos borradas: 0

=== SESIÓN 16:13-16:13 (28/04/2026) ===
RESERVA                   TELÉFONO             ESTADO       RESPUESTA                 REVIEW
-----------------------------------------------------------------------------------------------
25/4_11:30_4e             34%C2%A0674%C2%A055%C2%A021%C2%A033%E2%80%AC ENVIADO      recordatorio FALLIDO (chat_input_not_found) -
25/4_17:40_csi            34%C2%A0675%C2%A077%C2%A080%C2%A073%E2%80%AC ENVIADO      recordatorio FALLIDO (chat_input_not_found) -
26/4_13:10_csi            34681874418          ENVIADO      recordatorio FALLIDO (chat_input_not_found) -

[2026-04-28 16:13:45] POSITIVO | Fotos nuevas: 0 | Envios OK: 0 | Envios FAIL: 0 | Reviews negativas: 0 | Fotos borradas: 0

=== SESIÓN 16:28-16:29 (28/04/2026) ===
RESERVA                   TELÉFONO             ESTADO       RESPUESTA                 REVIEW
-----------------------------------------------------------------------------------------------
25/4_11:30_4e             34%C2%A0674%C2%A055%C2%A021%C2%A033%E2%80%AC ENVIADO      recordatorio FALLIDO (chat_input_not_found) -
25/4_17:40_csi            34%C2%A0675%C2%A077%C2%A080%C2%A073%E2%80%AC ENVIADO      recordatorio FALLIDO (chat_input_not_found) -
26/4_13:10_csi            34681874418          ENVIADO      recordatorio FALLIDO (chat_input_not_found) -

[2026-04-28 16:29:00] POSITIVO | Fotos nuevas: 0 | Envios OK: 0 | Envios FAIL: 0 | Reviews negativas: 0 | Fotos borradas: 0

=== SESIÓN 16:43-16:43 (28/04/2026) ===
RESERVA                   TELÉFONO             ESTADO       RESPUESTA                 REVIEW
-----------------------------------------------------------------------------------------------
25/4_11:30_4e             34%C2%A0674%C2%A055%C2%A021%C2%A033%E2%80%AC ENVIADO      recordatorio FALLIDO (chat_input_not_found) -
25/4_17:40_csi            34%C2%A0675%C2%A077%C2%A080%C2%A073%E2%80%AC ENVIADO      recordatorio FALLIDO (chat_input_not_found) -
26/4_13:10_csi            34681874418          ENVIADO      recordatorio FALLIDO (chat_input_not_found) -

[2026-04-28 16:43:53] POSITIVO | Fotos nuevas: 0 | Envios OK: 0 | Envios FAIL: 0 | Reviews negativas: 0 | Fotos borradas: 0

=== SESIÓN 16:58-16:59 (28/04/2026) ===
RESERVA                   TELÉFONO             ESTADO       RESPUESTA                 REVIEW
-----------------------------------------------------------------------------------------------
25/4_11:30_4e             34%C2%A0674%C2%A055%C2%A021%C2%A033%E2%80%AC ENVIADO      recordatorio FALLIDO (chat_input_not_found) -
25/4_17:40_csi            34%C2%A0675%C2%A077%C2%A080%C2%A073%E2%80%AC ENVIADO      recordatorio FALLIDO (chat_input_not_found) -
26/4_13:10_csi            34681874418          ENVIADO      recordatorio FALLIDO (chat_input_not_found) -

[2026-04-28 16:59:07] POSITIVO | Fotos nuevas: 0 | Envios OK: 0 | Envios FAIL: 0 | Reviews negativas: 0 | Fotos borradas: 0

=== SESIÓN 17:13-17:13 (28/04/2026) ===
RESERVA                   TELÉFONO             ESTADO       RESPUESTA                 REVIEW
-----------------------------------------------------------------------------------------------
25/4_11:30_4e             34%C2%A0674%C2%A055%C2%A021%C2%A033%E2%80%AC ENVIADO      recordatorio FALLIDO (chat_input_not_found) -
25/4_17:40_csi            34%C2%A0675%C2%A077%C2%A080%C2%A073%E2%80%AC ENVIADO      recordatorio FALLIDO (chat_input_not_found) -
26/4_13:10_csi            34681874418          ENVIADO      recordatorio FALLIDO (chat_input_not_found) -

[2026-04-28 17:13:55] POSITIVO | Fotos nuevas: 0 | Envios OK: 0 | Envios FAIL: 0 | Reviews negativas: 0 | Fotos borradas: 0

=== SESIÓN 17:28-17:28 (28/04/2026) ===
RESERVA                   TELÉFONO             ESTADO       RESPUESTA                 REVIEW
-----------------------------------------------------------------------------------------------
25/4_11:30_4e             34%C2%A0674%C2%A055%C2%A021%C2%A033%E2%80%AC ENVIADO      recordatorio FALLIDO (chat_input_not_found) -
25/4_17:40_csi            34%C2%A0675%C2%A077%C2%A080%C2%A073%E2%80%AC ENVIADO      recordatorio FALLIDO (chat_input_not_found) -
26/4_13:10_csi            34681874418          ENVIADO      recordatorio FALLIDO (chat_input_not_found) -

[2026-04-28 17:28:55] POSITIVO | Fotos nuevas: 0 | Envios OK: 0 | Envios FAIL: 0 | Reviews negativas: 0 | Fotos borradas: 0

=== SESIÓN 17:43-17:43 (28/04/2026) ===
RESERVA                   TELÉFONO             ESTADO       RESPUESTA                 REVIEW
-----------------------------------------------------------------------------------------------
25/4_11:30_4e             34%C2%A0674%C2%A055%C2%A021%C2%A033%E2%80%AC ENVIADO      recordatorio FALLIDO (chat_input_not_found) -
25/4_17:40_csi            34%C2%A0675%C2%A077%C2%A080%C2%A073%E2%80%AC ENVIADO      recordatorio FALLIDO (chat_input_not_found) -
26/4_13:10_csi            34681874418          ENVIADO      recordatorio FALLIDO (chat_input_not_found) -

[2026-04-28 17:43:57] POSITIVO | Fotos nuevas: 0 | Envios OK: 0 | Envios FAIL: 0 | Reviews negativas: 0 | Fotos borradas: 0

=== SESIÓN 17:58-17:58 (28/04/2026) ===
RESERVA                   TELÉFONO             ESTADO       RESPUESTA                 REVIEW
-----------------------------------------------------------------------------------------------
25/4_11:30_4e             34%C2%A0674%C2%A055%C2%A021%C2%A033%E2%80%AC ENVIADO      recordatorio FALLIDO (chat_input_not_found) -
25/4_17:40_csi            34%C2%A0675%C2%A077%C2%A080%C2%A073%E2%80%AC ENVIADO      recordatorio FALLIDO (chat_input_not_found) -
26/4_13:10_csi            34681874418          ENVIADO      recordatorio FALLIDO (chat_input_not_found) -

[2026-04-28 17:58:43] POSITIVO | Fotos nuevas: 0 | Envios OK: 0 | Envios FAIL: 0 | Reviews negativas: 0 | Fotos borradas: 0

=== SESIÓN 18:13-18:13 (28/04/2026) ===
RESERVA                   TELÉFONO             ESTADO       RESPUESTA                 REVIEW
-----------------------------------------------------------------------------------------------
25/4_11:30_4e             34%C2%A0674%C2%A055%C2%A021%C2%A033%E2%80%AC ENVIADO      recordatorio FALLIDO (chat_input_not_found) -
25/4_17:40_csi            34%C2%A0675%C2%A077%C2%A080%C2%A073%E2%80%AC ENVIADO      recordatorio FALLIDO (chat_input_not_found) -
26/4_13:10_csi            34681874418          ENVIADO      recordatorio FALLIDO (chat_input_not_found) -

[2026-04-28 18:13:40] POSITIVO | Fotos nuevas: 0 | Envios OK: 0 | Envios FAIL: 0 | Reviews negativas: 0 | Fotos borradas: 0

=== SESIÓN 18:28-18:28 (28/04/2026) ===
RESERVA                   TELÉFONO             ESTADO       RESPUESTA                 REVIEW
-----------------------------------------------------------------------------------------------
25/4_11:30_4e             34%C2%A0674%C2%A055%C2%A021%C2%A033%E2%80%AC ENVIADO      recordatorio FALLIDO (chat_input_not_found) -
25/4_17:40_csi            34%C2%A0675%C2%A077%C2%A080%C2%A073%E2%80%AC ENVIADO      recordatorio FALLIDO (chat_input_not_found) -
26/4_13:10_csi            34681874418          ENVIADO      recordatorio FALLIDO (chat_input_not_found) -

[2026-04-28 18:28:40] POSITIVO | Fotos nuevas: 0 | Envios OK: 0 | Envios FAIL: 0 | Reviews negativas: 0 | Fotos borradas: 0

=== SESIÓN 18:43-18:43 (28/04/2026) ===
RESERVA                   TELÉFONO             ESTADO       RESPUESTA                 REVIEW
-----------------------------------------------------------------------------------------------
25/4_11:30_4e             34%C2%A0674%C2%A055%C2%A021%C2%A033%E2%80%AC ENVIADO      recordatorio FALLIDO (chat_input_not_found) -
25/4_17:40_csi            34%C2%A0675%C2%A077%C2%A080%C2%A073%E2%80%AC ENVIADO      recordatorio FALLIDO (chat_input_not_found) -
26/4_13:10_csi            34681874418          ENVIADO      recordatorio FALLIDO (chat_input_not_found) -

[2026-04-28 18:43:43] POSITIVO | Fotos nuevas: 0 | Envios OK: 0 | Envios FAIL: 0 | Reviews negativas: 0 | Fotos borradas: 0

=== SESIÓN 18:58-18:58 (28/04/2026) ===
RESERVA                   TELÉFONO             ESTADO       RESPUESTA                 REVIEW
-----------------------------------------------------------------------------------------------
25/4_11:30_4e             34%C2%A0674%C2%A055%C2%A021%C2%A033%E2%80%AC ENVIADO      recordatorio FALLIDO (chat_input_not_found) -
25/4_17:40_csi            34%C2%A0675%C2%A077%C2%A080%C2%A073%E2%80%AC ENVIADO      recordatorio FALLIDO (chat_input_not_found) -
26/4_13:10_csi            34681874418          ENVIADO      recordatorio FALLIDO (chat_input_not_found) -

[2026-04-28 18:58:41] POSITIVO | Fotos nuevas: 0 | Envios OK: 0 | Envios FAIL: 0 | Reviews negativas: 0 | Fotos borradas: 0

=== SESIÓN 19:13-19:13 (28/04/2026) ===
RESERVA                   TELÉFONO             ESTADO       RESPUESTA                 REVIEW
-----------------------------------------------------------------------------------------------
25/4_11:30_4e             34%C2%A0674%C2%A055%C2%A021%C2%A033%E2%80%AC ENVIADO      recordatorio FALLIDO (chat_input_not_found) -
25/4_17:40_csi            34%C2%A0675%C2%A077%C2%A080%C2%A073%E2%80%AC ENVIADO      recordatorio FALLIDO (chat_input_not_found) -
26/4_13:10_csi            34681874418          ENVIADO      recordatorio FALLIDO (chat_input_not_found) -

[2026-04-28 19:13:41] POSITIVO | Fotos nuevas: 0 | Envios OK: 0 | Envios FAIL: 0 | Reviews negativas: 0 | Fotos borradas: 0

=== SESIÓN 19:28-19:28 (28/04/2026) ===
RESERVA                   TELÉFONO             ESTADO       RESPUESTA                 REVIEW
-----------------------------------------------------------------------------------------------
25/4_11:30_4e             34%C2%A0674%C2%A055%C2%A021%C2%A033%E2%80%AC ENVIADO      recordatorio FALLIDO (chat_input_not_found) -
25/4_17:40_csi            34%C2%A0675%C2%A077%C2%A080%C2%A073%E2%80%AC ENVIADO      recordatorio FALLIDO (chat_input_not_found) -
26/4_13:10_csi            34681874418          ENVIADO      recordatorio FALLIDO (chat_input_not_found) -

[2026-04-28 19:28:58] POSITIVO | Fotos nuevas: 0 | Envios OK: 0 | Envios FAIL: 0 | Reviews negativas: 0 | Fotos borradas: 0

=== SESIÓN 19:43-19:43 (28/04/2026) ===
RESERVA                   TELÉFONO             ESTADO       RESPUESTA                 REVIEW
-----------------------------------------------------------------------------------------------
25/4_11:30_4e             34%C2%A0674%C2%A055%C2%A021%C2%A033%E2%80%AC ENVIADO      recordatorio FALLIDO (chat_input_not_found) -
25/4_17:40_csi            34%C2%A0675%C2%A077%C2%A080%C2%A073%E2%80%AC ENVIADO      recordatorio FALLIDO (chat_input_not_found) -
26/4_13:10_csi            34681874418          ENVIADO      recordatorio FALLIDO (chat_input_not_found) -

[2026-04-28 19:43:48] POSITIVO | Fotos nuevas: 0 | Envios OK: 0 | Envios FAIL: 0 | Reviews negativas: 0 | Fotos borradas: 0

=== SESIÓN 19:58-19:58 (28/04/2026) ===
RESERVA                   TELÉFONO             ESTADO       RESPUESTA                 REVIEW
-----------------------------------------------------------------------------------------------
25/4_11:30_4e             34%C2%A0674%C2%A055%C2%A021%C2%A033%E2%80%AC ENVIADO      recordatorio FALLIDO (chat_input_not_found) -
25/4_17:40_csi            34%C2%A0675%C2%A077%C2%A080%C2%A073%E2%80%AC ENVIADO      recordatorio FALLIDO (chat_input_not_found) -
26/4_13:10_csi            34681874418          ENVIADO      recordatorio FALLIDO (chat_input_not_found) -

[2026-04-28 19:58:55] POSITIVO | Fotos nuevas: 0 | Envios OK: 0 | Envios FAIL: 0 | Reviews negativas: 0 | Fotos borradas: 0

=== SESIÓN 20:13-20:13 (28/04/2026) ===
RESERVA                   TELÉFONO             ESTADO       RESPUESTA                 REVIEW
-----------------------------------------------------------------------------------------------
25/4_11:30_4e             34%C2%A0674%C2%A055%C2%A021%C2%A033%E2%80%AC ENVIADO      recordatorio FALLIDO (chat_input_not_found) -
25/4_17:40_csi            34%C2%A0675%C2%A077%C2%A080%C2%A073%E2%80%AC ENVIADO      recordatorio FALLIDO (chat_input_not_found) -
26/4_13:10_csi            34681874418          ENVIADO      recordatorio FALLIDO (chat_input_not_found) -

[2026-04-28 20:13:51] POSITIVO | Fotos nuevas: 0 | Envios OK: 0 | Envios FAIL: 0 | Reviews negativas: 0 | Fotos borradas: 0

=== SESIÓN 20:28-20:28 (28/04/2026) ===
RESERVA                   TELÉFONO             ESTADO       RESPUESTA                 REVIEW
-----------------------------------------------------------------------------------------------
25/4_11:30_4e             34%C2%A0674%C2%A055%C2%A021%C2%A033%E2%80%AC ENVIADO      recordatorio FALLIDO (chat_input_not_found) -
25/4_17:40_csi            34%C2%A0675%C2%A077%C2%A080%C2%A073%E2%80%AC ENVIADO      recordatorio FALLIDO (chat_input_not_found) -
26/4_13:10_csi            34681874418          ENVIADO      recordatorio FALLIDO (chat_input_not_found) -

[2026-04-28 20:28:41] POSITIVO | Fotos nuevas: 0 | Envios OK: 0 | Envios FAIL: 0 | Reviews negativas: 0 | Fotos borradas: 0

=== SESIÓN 20:43-20:43 (28/04/2026) ===
RESERVA                   TELÉFONO             ESTADO       RESPUESTA                 REVIEW
-----------------------------------------------------------------------------------------------
25/4_11:30_4e             34%C2%A0674%C2%A055%C2%A021%C2%A033%E2%80%AC ENVIADO      recordatorio FALLIDO (chat_input_not_found) -
25/4_17:40_csi            34%C2%A0675%C2%A077%C2%A080%C2%A073%E2%80%AC ENVIADO      recordatorio FALLIDO (chat_input_not_found) -
26/4_13:10_csi            34681874418          ENVIADO      recordatorio FALLIDO (chat_input_not_found) -

[2026-04-28 20:43:44] POSITIVO | Fotos nuevas: 0 | Envios OK: 0 | Envios FAIL: 0 | Reviews negativas: 0 | Fotos borradas: 0

=== SESIÓN 20:58-20:58 (28/04/2026) ===
RESERVA                   TELÉFONO             ESTADO       RESPUESTA                 REVIEW
-----------------------------------------------------------------------------------------------
25/4_11:30_4e             34%C2%A0674%C2%A055%C2%A021%C2%A033%E2%80%AC ENVIADO      recordatorio FALLIDO (chat_input_not_found) -
25/4_17:40_csi            34%C2%A0675%C2%A077%C2%A080%C2%A073%E2%80%AC ENVIADO      recordatorio FALLIDO (chat_input_not_found) -
26/4_13:10_csi            34681874418          ENVIADO      recordatorio FALLIDO (chat_input_not_found) -

[2026-04-28 20:58:55] POSITIVO | Fotos nuevas: 0 | Envios OK: 0 | Envios FAIL: 0 | Reviews negativas: 0 | Fotos borradas: 0

=== SESIÓN 21:13-21:13 (28/04/2026) ===
RESERVA                   TELÉFONO             ESTADO       RESPUESTA                 REVIEW
-----------------------------------------------------------------------------------------------
25/4_11:30_4e             34%C2%A0674%C2%A055%C2%A021%C2%A033%E2%80%AC ENVIADO      recordatorio FALLIDO (chat_input_not_found) -
25/4_17:40_csi            34%C2%A0675%C2%A077%C2%A080%C2%A073%E2%80%AC ENVIADO      recordatorio FALLIDO (chat_input_not_found) -
26/4_13:10_csi            34681874418          ENVIADO      recordatorio FALLIDO (chat_input_not_found) -

[2026-04-28 21:13:44] POSITIVO | Fotos nuevas: 0 | Envios OK: 0 | Envios FAIL: 0 | Reviews negativas: 0 | Fotos borradas: 0

=== SESIÓN 21:28-21:28 (28/04/2026) ===
RESERVA                   TELÉFONO             ESTADO       RESPUESTA                 REVIEW
-----------------------------------------------------------------------------------------------
25/4_11:30_4e             34%C2%A0674%C2%A055%C2%A021%C2%A033%E2%80%AC ENVIADO      recordatorio FALLIDO (chat_input_not_found) -
25/4_17:40_csi            34%C2%A0675%C2%A077%C2%A080%C2%A073%E2%80%AC ENVIADO      recordatorio FALLIDO (chat_input_not_found) -
26/4_13:10_csi            34681874418          ENVIADO      recordatorio FALLIDO (chat_input_not_found) -

[2026-04-28 21:28:49] POSITIVO | Fotos nuevas: 0 | Envios OK: 0 | Envios FAIL: 0 | Reviews negativas: 0 | Fotos borradas: 0

=== SESIÓN 21:43-21:43 (28/04/2026) ===
RESERVA                   TELÉFONO             ESTADO       RESPUESTA                 REVIEW
-----------------------------------------------------------------------------------------------
25/4_11:30_4e             34%C2%A0674%C2%A055%C2%A021%C2%A033%E2%80%AC ENVIADO      recordatorio FALLIDO (chat_input_not_found) -
25/4_17:40_csi            34%C2%A0675%C2%A077%C2%A080%C2%A073%E2%80%AC ENVIADO      recordatorio FALLIDO (chat_input_not_found) -
26/4_13:10_csi            34681874418          ENVIADO      recordatorio FALLIDO (chat_input_not_found) -

[2026-04-28 21:43:54] POSITIVO | Fotos nuevas: 0 | Envios OK: 0 | Envios FAIL: 0 | Reviews negativas: 0 | Fotos borradas: 0

=== SESIÓN 21:58-21:58 (28/04/2026) ===
RESERVA                   TELÉFONO             ESTADO       RESPUESTA                 REVIEW
-----------------------------------------------------------------------------------------------
25/4_11:30_4e             34%C2%A0674%C2%A055%C2%A021%C2%A033%E2%80%AC ENVIADO      recordatorio FALLIDO (chat_input_not_found) -
25/4_17:40_csi            34%C2%A0675%C2%A077%C2%A080%C2%A073%E2%80%AC ENVIADO      recordatorio FALLIDO (chat_input_not_found) -
26/4_13:10_csi            34681874418          ENVIADO      recordatorio FALLIDO (chat_input_not_found) -

[2026-04-28 21:58:43] POSITIVO | Fotos nuevas: 0 | Envios OK: 0 | Envios FAIL: 0 | Reviews negativas: 0 | Fotos borradas: 0

=== SESIÓN 22:13-22:13 (28/04/2026) ===
RESERVA                   TELÉFONO             ESTADO       RESPUESTA                 REVIEW
-----------------------------------------------------------------------------------------------
25/4_11:30_4e             34%C2%A0674%C2%A055%C2%A021%C2%A033%E2%80%AC ENVIADO      recordatorio FALLIDO (chat_input_not_found) -
25/4_17:40_csi            34%C2%A0675%C2%A077%C2%A080%C2%A073%E2%80%AC ENVIADO      recordatorio FALLIDO (chat_input_not_found) -
26/4_13:10_csi            34681874418          ENVIADO      recordatorio FALLIDO (chat_input_not_found) -

[2026-04-28 22:13:48] POSITIVO | Fotos nuevas: 0 | Envios OK: 0 | Envios FAIL: 0 | Reviews negativas: 0 | Fotos borradas: 0

=== SESIÓN 22:28-22:28 (28/04/2026) ===
RESERVA                   TELÉFONO             ESTADO       RESPUESTA                 REVIEW
-----------------------------------------------------------------------------------------------
25/4_11:30_4e             34%C2%A0674%C2%A055%C2%A021%C2%A033%E2%80%AC ENVIADO      recordatorio FALLIDO (chat_input_not_found) -
25/4_17:40_csi            34%C2%A0675%C2%A077%C2%A080%C2%A073%E2%80%AC ENVIADO      recordatorio FALLIDO (chat_input_not_found) -
26/4_13:10_csi            34681874418          ENVIADO      recordatorio FALLIDO (chat_input_not_found) -

[2026-04-28 22:28:38] POSITIVO | Fotos nuevas: 0 | Envios OK: 0 | Envios FAIL: 0 | Reviews negativas: 0 | Fotos borradas: 0

=== SESIÓN 22:43-22:43 (28/04/2026) ===
RESERVA                   TELÉFONO             ESTADO       RESPUESTA                 REVIEW
-----------------------------------------------------------------------------------------------
25/4_11:30_4e             34%C2%A0674%C2%A055%C2%A021%C2%A033%E2%80%AC ENVIADO      recordatorio FALLIDO (chat_input_not_found) -
25/4_17:40_csi            34%C2%A0675%C2%A077%C2%A080%C2%A073%E2%80%AC ENVIADO      recordatorio FALLIDO (chat_input_not_found) -
26/4_13:10_csi            34681874418          ENVIADO      recordatorio FALLIDO (chat_input_not_found) -

[2026-04-28 22:43:39] POSITIVO | Fotos nuevas: 0 | Envios OK: 0 | Envios FAIL: 0 | Reviews negativas: 0 | Fotos borradas: 0

=== SESIÓN 22:58-22:58 (28/04/2026) ===
RESERVA                   TELÉFONO             ESTADO       RESPUESTA                 REVIEW
-----------------------------------------------------------------------------------------------
25/4_11:30_4e             34%C2%A0674%C2%A055%C2%A021%C2%A033%E2%80%AC ENVIADO      recordatorio FALLIDO (chat_input_not_found) -
25/4_17:40_csi            34%C2%A0675%C2%A077%C2%A080%C2%A073%E2%80%AC ENVIADO      recordatorio FALLIDO (chat_input_not_found) -
26/4_13:10_csi            34681874418          ENVIADO      recordatorio FALLIDO (chat_input_not_found) -

[2026-04-28 22:58:38] POSITIVO | Fotos nuevas: 0 | Envios OK: 0 | Envios FAIL: 0 | Reviews negativas: 0 | Fotos borradas: 0

=== SESIÓN 23:13-23:13 (28/04/2026) ===
RESERVA                   TELÉFONO             ESTADO       RESPUESTA                 REVIEW
-----------------------------------------------------------------------------------------------
25/4_11:30_4e             34%C2%A0674%C2%A055%C2%A021%C2%A033%E2%80%AC ENVIADO      recordatorio FALLIDO (chat_input_not_found) -
25/4_17:40_csi            34%C2%A0675%C2%A077%C2%A080%C2%A073%E2%80%AC ENVIADO      recordatorio FALLIDO (chat_input_not_found) -
26/4_13:10_csi            34681874418          ENVIADO      recordatorio FALLIDO (chat_input_not_found) -

[2026-04-28 23:13:31] POSITIVO | Fotos nuevas: 0 | Envios OK: 0 | Envios FAIL: 0 | Reviews negativas: 0 | Fotos borradas: 0
