
=== SESIÓN 10:02-10:06 (21/04/2026) ===
RESERVA                   TELÉFONO             ESTADO       RESPUESTA                 REVIEW
-----------------------------------------------------------------------------------------------
17/4_17:40_csi            34%C2%A0607%C2%A098%C2%A019%C2%A068%E2%80%AC ENVIADO      recordatorio FALLIDO (chat_input_not_found) -
17/4_19:10_csi            46720267726          ENVIADO      recordatorio FALLIDO (chat_input_not_found) -
17/4_20:40_csi            34637987468          ENVIADO      recordatorio FALLIDO (chat_input_not_found) -
17/4_19:00_4e             966542212340         ENVIADO      recordatorio FALLIDO (chat_input_not_found) -
18/4_13:00_4e             34660201114          ENVIADO      recordatorio FALLIDO (chat_input_not_found) -
18/4_16:00_4e/csi         34649648412          ENVIADO      recordatorio FALLIDO (chat_input_not_found) -
18/4_17:30_4e             34617371228          ENVIADO      recordatorio FALLIDO (chat_input_not_found) -
18/4_20:30_4e             34683548136          ENVIADO      recordatorio FALLIDO (chat_input_not_found) -
18/4_20:30_4e/csi         34683548136          ENVIADO      recordatorio FALLIDO (chat_input_not_found) -

[2026-04-21 10:07:15] POSITIVO | Fotos nuevas: 0 | Envios OK: 0 | Envios FAIL: 0 | Reviews negativas: 0 | Fotos borradas: 0

=== SESIÓN 10:17-10:21 (21/04/2026) ===
RESERVA                   TELÉFONO             ESTADO       RESPUESTA                 REVIEW
-----------------------------------------------------------------------------------------------
17/4_17:40_csi            34%C2%A0607%C2%A098%C2%A019%C2%A068%E2%80%AC ENVIADO      recordatorio FALLIDO (chat_input_not_found) -
17/4_19:10_csi            46720267726          ENVIADO      recordatorio FALLIDO (chat_input_not_found) -
17/4_20:40_csi            34637987468          ENVIADO      recordatorio FALLIDO (chat_input_not_found) -
17/4_19:00_4e             966542212340         ENVIADO      recordatorio FALLIDO (chat_input_not_found) -
18/4_13:00_4e             34660201114          ENVIADO      recordatorio FALLIDO (chat_input_not_found) -
18/4_16:00_4e/csi         34649648412          ENVIADO      recordatorio FALLIDO (chat_input_not_found) -
18/4_17:30_4e             34617371228          ENVIADO      recordatorio FALLIDO (chat_input_not_found) -
18/4_20:30_4e             34683548136          ENVIADO      recordatorio FALLIDO (chat_input_not_found) -
18/4_20:30_4e/csi         34683548136          ENVIADO      recordatorio FALLIDO (chat_input_not_found) -

[2026-04-21 10:21:50] POSITIVO | Fotos nuevas: 0 | Envios OK: 0 | Envios FAIL: 0 | Reviews negativas: 0 | Fotos borradas: 0

=== SESIÓN 10:32-10:35 (21/04/2026) ===
RESERVA                   TELÉFONO             ESTADO       RESPUESTA                 REVIEW
-----------------------------------------------------------------------------------------------
17/4_17:40_csi            34%C2%A0607%C2%A098%C2%A019%C2%A068%E2%80%AC ENVIADO      recordatorio FALLIDO (chat_input_not_found) -
17/4_19:10_csi            46720267726          ENVIADO      recordatorio FALLIDO (chat_input_not_found) -
17/4_20:40_csi            34637987468          ENVIADO      recordatorio FALLIDO (chat_input_not_found) -
17/4_19:00_4e             966542212340         ENVIADO      recordatorio FALLIDO (chat_input_not_found) -
18/4_13:00_4e             34660201114          ENVIADO      recordatorio FALLIDO (chat_input_not_found) -
18/4_16:00_4e/csi         34649648412          ENVIADO      recordatorio FALLIDO (chat_input_not_found) -
18/4_17:30_4e             34617371228          ENVIADO      recordatorio FALLIDO (chat_input_not_found) -
18/4_20:30_4e             34683548136          ENVIADO      recordatorio FALLIDO (chat_input_not_found) -
18/4_20:30_4e/csi         34683548136          ENVIADO      recordatorio FALLIDO (chat_input_not_found) -

[2026-04-21 10:36:02] POSITIVO | Fotos nuevas: 0 | Envios OK: 0 | Envios FAIL: 0 | Reviews negativas: 0 | Fotos borradas: 0

=== SESIÓN 10:47-10:51 (21/04/2026) ===
RESERVA                   TELÉFONO             ESTADO       RESPUESTA                 REVIEW
-----------------------------------------------------------------------------------------------
17/4_17:40_csi            34%C2%A0607%C2%A098%C2%A019%C2%A068%E2%80%AC ENVIADO      recordatorio FALLIDO (chat_input_not_found) -
17/4_19:10_csi            46720267726          ENVIADO      recordatorio FALLIDO (chat_input_not_found) -
17/4_20:40_csi            34637987468          ENVIADO      recordatorio FALLIDO (chat_input_not_found) -
17/4_19:00_4e             966542212340         ENVIADO      recordatorio FALLIDO (chat_input_not_found) -
18/4_13:00_4e             34660201114          ENVIADO      recordatorio FALLIDO (chat_input_not_found) -
18/4_16:00_4e/csi         34649648412          ENVIADO      recordatorio FALLIDO (chat_input_not_found) -
18/4_17:30_4e             34617371228          ENVIADO      recordatorio FALLIDO (chat_input_not_found) -
18/4_20:30_4e             34683548136          ENVIADO      recordatorio FALLIDO (chat_input_not_found) -
18/4_20:30_4e/csi         34683548136          ENVIADO      recordatorio FALLIDO (chat_input_not_found) -

[2026-04-21 10:51:49] POSITIVO | Fotos nuevas: 0 | Envios OK: 0 | Envios FAIL: 0 | Reviews negativas: 0 | Fotos borradas: 0

=== SESIÓN 11:02-11:05 (21/04/2026) ===
RESERVA                   TELÉFONO             ESTADO       RESPUESTA                 REVIEW
-----------------------------------------------------------------------------------------------
17/4_17:40_csi            34%C2%A0607%C2%A098%C2%A019%C2%A068%E2%80%AC ENVIADO      recordatorio FALLIDO (chat_input_not_found) -
17/4_19:10_csi            46720267726          ENVIADO      recordatorio FALLIDO (chat_input_not_found) -
17/4_20:40_csi            34637987468          ENVIADO      recordatorio FALLIDO (chat_input_not_found) -
17/4_19:00_4e             966542212340         ENVIADO      recordatorio FALLIDO (chat_input_not_found) -
18/4_13:00_4e             34660201114          ENVIADO      recordatorio FALLIDO (chat_input_not_found) -
18/4_16:00_4e/csi         34649648412          ENVIADO      recordatorio FALLIDO (chat_input_not_found) -
18/4_17:30_4e             34617371228          ENVIADO      recordatorio FALLIDO (chat_input_not_found) -
18/4_20:30_4e             34683548136          ENVIADO      recordatorio FALLIDO (chat_input_not_found) -
18/4_20:30_4e/csi         34683548136          ENVIADO      recordatorio FALLIDO (chat_input_not_found) -

[2026-04-21 11:06:17] POSITIVO | Fotos nuevas: 0 | Envios OK: 0 | Envios FAIL: 0 | Reviews negativas: 0 | Fotos borradas: 0

=== SESIÓN 11:17-11:20 (21/04/2026) ===
RESERVA                   TELÉFONO             ESTADO       RESPUESTA                 REVIEW
-----------------------------------------------------------------------------------------------
17/4_17:40_csi            34%C2%A0607%C2%A098%C2%A019%C2%A068%E2%80%AC ENVIADO      recordatorio FALLIDO (chat_input_not_found) -
17/4_19:10_csi            46720267726          ENVIADO      recordatorio FALLIDO (chat_input_not_found) -
17/4_20:40_csi            34637987468          ENVIADO      recordatorio FALLIDO (chat_input_not_found) -
17/4_19:00_4e             966542212340         ENVIADO      recordatorio FALLIDO (chat_input_not_found) -
18/4_13:00_4e             34660201114          ENVIADO      recordatorio FALLIDO (chat_input_not_found) -
18/4_16:00_4e/csi         34649648412          ENVIADO      recordatorio FALLIDO (chat_input_not_found) -
18/4_17:30_4e             34617371228          ENVIADO      recordatorio FALLIDO (chat_input_not_found) -
18/4_20:30_4e             34683548136          ENVIADO      recordatorio FALLIDO (chat_input_not_found) -
18/4_20:30_4e/csi         34683548136          ENVIADO      recordatorio FALLIDO (chat_input_not_found) -

[2026-04-21 11:21:24] POSITIVO | Fotos nuevas: 0 | Envios OK: 0 | Envios FAIL: 0 | Reviews negativas: 0 | Fotos borradas: 0

=== SESIÓN 11:32-11:35 (21/04/2026) ===
RESERVA                   TELÉFONO             ESTADO       RESPUESTA                 REVIEW
-----------------------------------------------------------------------------------------------
17/4_17:40_csi            34%C2%A0607%C2%A098%C2%A019%C2%A068%E2%80%AC ENVIADO      recordatorio FALLIDO (chat_input_not_found) -
17/4_19:10_csi            46720267726          ENVIADO      recordatorio FALLIDO (chat_input_not_found) -
17/4_20:40_csi            34637987468          ENVIADO      recordatorio FALLIDO (chat_input_not_found) -
17/4_19:00_4e             966542212340         ENVIADO      recordatorio FALLIDO (chat_input_not_found) -
18/4_13:00_4e             34660201114          ENVIADO      recordatorio FALLIDO (chat_input_not_found) -
18/4_16:00_4e/csi         34649648412          ENVIADO      recordatorio FALLIDO (chat_input_not_found) -
18/4_17:30_4e             34617371228          ENVIADO      recordatorio FALLIDO (chat_input_not_found) -
18/4_20:30_4e             34683548136          ENVIADO      recordatorio FALLIDO (chat_input_not_found) -
18/4_20:30_4e/csi         34683548136          ENVIADO      recordatorio FALLIDO (chat_input_not_found) -

[2026-04-21 11:36:22] POSITIVO | Fotos nuevas: 0 | Envios OK: 0 | Envios FAIL: 0 | Reviews negativas: 0 | Fotos borradas: 0

=== SESIÓN 11:47-11:50 (21/04/2026) ===
RESERVA                   TELÉFONO             ESTADO       RESPUESTA                 REVIEW
-----------------------------------------------------------------------------------------------
17/4_17:40_csi            34%C2%A0607%C2%A098%C2%A019%C2%A068%E2%80%AC ENVIADO      recordatorio FALLIDO (chat_input_not_found) -
17/4_19:10_csi            46720267726          ENVIADO      recordatorio FALLIDO (chat_input_not_found) -
17/4_20:40_csi            34637987468          ENVIADO      recordatorio FALLIDO (chat_input_not_found) -
17/4_19:00_4e             966542212340         ENVIADO      recordatorio FALLIDO (chat_input_not_found) -
18/4_13:00_4e             34660201114          ENVIADO      recordatorio FALLIDO (chat_input_not_found) -
18/4_16:00_4e/csi         34649648412          ENVIADO      recordatorio FALLIDO (chat_input_not_found) -
18/4_17:30_4e             34617371228          ENVIADO      recordatorio FALLIDO (chat_input_not_found) -
18/4_20:30_4e             34683548136          ENVIADO      recordatorio FALLIDO (chat_input_not_found) -
18/4_20:30_4e/csi         34683548136          ENVIADO      recordatorio FALLIDO (chat_input_not_found) -

[2026-04-21 11:50:47] POSITIVO | Fotos nuevas: 0 | Envios OK: 0 | Envios FAIL: 0 | Reviews negativas: 0 | Fotos borradas: 0

=== SESIÓN 12:02-12:05 (21/04/2026) ===
RESERVA                   TELÉFONO             ESTADO       RESPUESTA                 REVIEW
-----------------------------------------------------------------------------------------------
17/4_17:40_csi            34%C2%A0607%C2%A098%C2%A019%C2%A068%E2%80%AC ENVIADO      recordatorio FALLIDO (chat_input_not_found) -
17/4_19:10_csi            46720267726          ENVIADO      recordatorio FALLIDO (chat_input_not_found) -
17/4_20:40_csi            34637987468          ENVIADO      recordatorio FALLIDO (chat_input_not_found) -
17/4_19:00_4e             966542212340         ENVIADO      recordatorio FALLIDO (chat_input_not_found) -
18/4_13:00_4e             34660201114          ENVIADO      recordatorio FALLIDO (chat_input_not_found) -
18/4_16:00_4e/csi         34649648412          ENVIADO      recordatorio FALLIDO (chat_input_not_found) -
18/4_17:30_4e             34617371228          ENVIADO      recordatorio FALLIDO (chat_input_not_found) -
18/4_20:30_4e             34683548136          ENVIADO      recordatorio FALLIDO (chat_input_not_found) -
18/4_20:30_4e/csi         34683548136          ENVIADO      recordatorio FALLIDO (chat_input_not_found) -

[2026-04-21 12:05:52] POSITIVO | Fotos nuevas: 0 | Envios OK: 0 | Envios FAIL: 0 | Reviews negativas: 0 | Fotos borradas: 0

=== SESIÓN 12:17-12:20 (21/04/2026) ===
RESERVA                   TELÉFONO             ESTADO       RESPUESTA                 REVIEW
-----------------------------------------------------------------------------------------------
17/4_17:40_csi            34%C2%A0607%C2%A098%C2%A019%C2%A068%E2%80%AC ENVIADO      recordatorio FALLIDO (chat_input_not_found) -
17/4_19:10_csi            46720267726          ENVIADO      recordatorio FALLIDO (chat_input_not_found) -
17/4_20:40_csi            34637987468          ENVIADO      recordatorio FALLIDO (chat_input_not_found) -
17/4_19:00_4e             966542212340         ENVIADO      recordatorio FALLIDO (chat_input_not_found) -
18/4_13:00_4e             34660201114          ENVIADO      recordatorio FALLIDO (chat_input_not_found) -
18/4_16:00_4e/csi         34649648412          ENVIADO      recordatorio FALLIDO (chat_input_not_found) -
18/4_17:30_4e             34617371228          ENVIADO      recordatorio FALLIDO (chat_input_not_found) -
18/4_20:30_4e             34683548136          ENVIADO      recordatorio FALLIDO (chat_input_not_found) -
18/4_20:30_4e/csi         34683548136          ENVIADO      recordatorio FALLIDO (chat_input_not_found) -

[2026-04-21 12:21:19] POSITIVO | Fotos nuevas: 0 | Envios OK: 0 | Envios FAIL: 0 | Reviews negativas: 0 | Fotos borradas: 0

=== SESIÓN 12:32-12:35 (21/04/2026) ===
RESERVA                   TELÉFONO             ESTADO       RESPUESTA                 REVIEW
-----------------------------------------------------------------------------------------------
17/4_17:40_csi            34%C2%A0607%C2%A098%C2%A019%C2%A068%E2%80%AC ENVIADO      recordatorio FALLIDO (chat_input_not_found) -
17/4_19:10_csi            46720267726          ENVIADO      recordatorio FALLIDO (chat_input_not_found) -
17/4_20:40_csi            34637987468          ENVIADO      recordatorio FALLIDO (chat_input_not_found) -
17/4_19:00_4e             966542212340         ENVIADO      recordatorio FALLIDO (chat_input_not_found) -
18/4_13:00_4e             34660201114          ENVIADO      recordatorio FALLIDO (chat_input_not_found) -
18/4_16:00_4e/csi         34649648412          ENVIADO      recordatorio FALLIDO (chat_input_not_found) -
18/4_17:30_4e             34617371228          ENVIADO      recordatorio FALLIDO (chat_input_not_found) -
18/4_20:30_4e             34683548136          ENVIADO      recordatorio FALLIDO (chat_input_not_found) -
18/4_20:30_4e/csi         34683548136          ENVIADO      recordatorio FALLIDO (chat_input_not_found) -

[2026-04-21 12:35:55] POSITIVO | Fotos nuevas: 0 | Envios OK: 0 | Envios FAIL: 0 | Reviews negativas: 0 | Fotos borradas: 0

=== SESIÓN 12:47-12:51 (21/04/2026) ===
RESERVA                   TELÉFONO             ESTADO       RESPUESTA                 REVIEW
-----------------------------------------------------------------------------------------------
17/4_17:40_csi            34%C2%A0607%C2%A098%C2%A019%C2%A068%E2%80%AC ENVIADO      recordatorio FALLIDO (chat_input_not_found) -
17/4_19:10_csi            46720267726          ENVIADO      recordatorio FALLIDO (chat_input_not_found) -
17/4_20:40_csi            34637987468          ENVIADO      recordatorio FALLIDO (chat_input_not_found) -
17/4_19:00_4e             966542212340         ENVIADO      recordatorio FALLIDO (chat_input_not_found) -
18/4_13:00_4e             34660201114          ENVIADO      recordatorio FALLIDO (chat_input_not_found) -
18/4_16:00_4e/csi         34649648412          ENVIADO      recordatorio FALLIDO (chat_input_not_found) -
18/4_17:30_4e             34617371228          ENVIADO      recordatorio FALLIDO (chat_input_not_found) -
18/4_20:30_4e             34683548136          ENVIADO      recordatorio FALLIDO (chat_input_not_found) -
18/4_20:30_4e/csi         34683548136          ENVIADO      recordatorio FALLIDO (chat_input_not_found) -

[2026-04-21 12:51:40] POSITIVO | Fotos nuevas: 0 | Envios OK: 0 | Envios FAIL: 0 | Reviews negativas: 0 | Fotos borradas: 0

=== SESIÓN 13:02-13:05 (21/04/2026) ===
RESERVA                   TELÉFONO             ESTADO       RESPUESTA                 REVIEW
-----------------------------------------------------------------------------------------------
17/4_17:40_csi            34%C2%A0607%C2%A098%C2%A019%C2%A068%E2%80%AC ENVIADO      recordatorio FALLIDO (chat_input_not_found) -
17/4_19:10_csi            46720267726          ENVIADO      recordatorio FALLIDO (chat_input_not_found) -
17/4_20:40_csi            34637987468          ENVIADO      recordatorio FALLIDO (chat_input_not_found) -
17/4_19:00_4e             966542212340         ENVIADO      recordatorio FALLIDO (chat_input_not_found) -
18/4_13:00_4e             34660201114          ENVIADO      recordatorio FALLIDO (chat_input_not_found) -
18/4_16:00_4e/csi         34649648412          ENVIADO      recordatorio FALLIDO (chat_input_not_found) -
18/4_17:30_4e             34617371228          ENVIADO      recordatorio FALLIDO (chat_input_not_found) -
18/4_20:30_4e             34683548136          ENVIADO      recordatorio FALLIDO (chat_input_not_found) -
18/4_20:30_4e/csi         34683548136          ENVIADO      recordatorio FALLIDO (chat_input_not_found) -

[2026-04-21 13:06:16] POSITIVO | Fotos nuevas: 0 | Envios OK: 0 | Envios FAIL: 0 | Reviews negativas: 0 | Fotos borradas: 0

=== SESIÓN 13:17-13:21 (21/04/2026) ===
RESERVA                   TELÉFONO             ESTADO       RESPUESTA                 REVIEW
-----------------------------------------------------------------------------------------------
17/4_17:40_csi            34%C2%A0607%C2%A098%C2%A019%C2%A068%E2%80%AC ENVIADO      recordatorio FALLIDO (chat_input_not_found) -
17/4_19:10_csi            46720267726          ENVIADO      recordatorio FALLIDO (chat_input_not_found) -
17/4_20:40_csi            34637987468          ENVIADO      recordatorio FALLIDO (chat_input_not_found) -
17/4_19:00_4e             966542212340         ENVIADO      recordatorio FALLIDO (chat_input_not_found) -
18/4_13:00_4e             34660201114          ENVIADO      recordatorio FALLIDO (chat_input_not_found) -
18/4_16:00_4e/csi         34649648412          ENVIADO      recordatorio FALLIDO (chat_input_not_found) -
18/4_17:30_4e             34617371228          ENVIADO      recordatorio FALLIDO (chat_input_not_found) -
18/4_20:30_4e             34683548136          ENVIADO      recordatorio FALLIDO (chat_input_not_found) -
18/4_20:30_4e/csi         34683548136          ENVIADO      recordatorio FALLIDO (chat_input_not_found) -

[2026-04-21 13:21:36] POSITIVO | Fotos nuevas: 0 | Envios OK: 0 | Envios FAIL: 0 | Reviews negativas: 0 | Fotos borradas: 0

=== SESIÓN 13:32-13:35 (21/04/2026) ===
RESERVA                   TELÉFONO             ESTADO       RESPUESTA                 REVIEW
-----------------------------------------------------------------------------------------------
17/4_17:40_csi            34%C2%A0607%C2%A098%C2%A019%C2%A068%E2%80%AC ENVIADO      recordatorio FALLIDO (chat_input_not_found) -
17/4_19:10_csi            46720267726          ENVIADO      recordatorio FALLIDO (chat_input_not_found) -
17/4_20:40_csi            34637987468          ENVIADO      recordatorio FALLIDO (chat_input_not_found) -
17/4_19:00_4e             966542212340         ENVIADO      recordatorio FALLIDO (chat_input_not_found) -
18/4_13:00_4e             34660201114          ENVIADO      recordatorio FALLIDO (chat_input_not_found) -
18/4_16:00_4e/csi         34649648412          ENVIADO      recordatorio FALLIDO (chat_input_not_found) -
18/4_17:30_4e             34617371228          ENVIADO      recordatorio FALLIDO (chat_input_not_found) -
18/4_20:30_4e             34683548136          ENVIADO      recordatorio FALLIDO (chat_input_not_found) -
18/4_20:30_4e/csi         34683548136          ENVIADO      recordatorio FALLIDO (chat_input_not_found) -

[2026-04-21 13:36:09] POSITIVO | Fotos nuevas: 0 | Envios OK: 0 | Envios FAIL: 0 | Reviews negativas: 0 | Fotos borradas: 0

=== SESIÓN 13:47-13:50 (21/04/2026) ===
RESERVA                   TELÉFONO             ESTADO       RESPUESTA                 REVIEW
-----------------------------------------------------------------------------------------------
17/4_17:40_csi            34%C2%A0607%C2%A098%C2%A019%C2%A068%E2%80%AC ENVIADO      recordatorio FALLIDO (chat_input_not_found) -
17/4_19:10_csi            46720267726          ENVIADO      recordatorio FALLIDO (chat_input_not_found) -
17/4_20:40_csi            34637987468          ENVIADO      recordatorio FALLIDO (chat_input_not_found) -
17/4_19:00_4e             966542212340         ENVIADO      recordatorio FALLIDO (chat_input_not_found) -
18/4_13:00_4e             34660201114          ENVIADO      recordatorio FALLIDO (chat_input_not_found) -
18/4_16:00_4e/csi         34649648412          ENVIADO      recordatorio FALLIDO (chat_input_not_found) -
18/4_17:30_4e             34617371228          ENVIADO      recordatorio FALLIDO (chat_input_not_found) -
18/4_20:30_4e             34683548136          ENVIADO      recordatorio FALLIDO (chat_input_not_found) -
18/4_20:30_4e/csi         34683548136          ENVIADO      recordatorio FALLIDO (chat_input_not_found) -

[2026-04-21 13:51:04] POSITIVO | Fotos nuevas: 0 | Envios OK: 0 | Envios FAIL: 0 | Reviews negativas: 0 | Fotos borradas: 0

=== SESIÓN 14:02-14:05 (21/04/2026) ===
RESERVA                   TELÉFONO             ESTADO       RESPUESTA                 REVIEW
-----------------------------------------------------------------------------------------------
17/4_17:40_csi            34%C2%A0607%C2%A098%C2%A019%C2%A068%E2%80%AC ENVIADO      recordatorio FALLIDO (chat_input_not_found) -
17/4_19:10_csi            46720267726          ENVIADO      recordatorio FALLIDO (chat_input_not_found) -
17/4_20:40_csi            34637987468          ENVIADO      recordatorio FALLIDO (chat_input_not_found) -
17/4_19:00_4e             966542212340         ENVIADO      recordatorio FALLIDO (chat_input_not_found) -
18/4_13:00_4e             34660201114          ENVIADO      recordatorio FALLIDO (chat_input_not_found) -
18/4_16:00_4e/csi         34649648412          ENVIADO      recordatorio FALLIDO (chat_input_not_found) -
18/4_17:30_4e             34617371228          ENVIADO      recordatorio FALLIDO (chat_input_not_found) -
18/4_20:30_4e             34683548136          ENVIADO      recordatorio FALLIDO (chat_input_not_found) -
18/4_20:30_4e/csi         34683548136          ENVIADO      recordatorio FALLIDO (chat_input_not_found) -

[2026-04-21 14:06:04] POSITIVO | Fotos nuevas: 0 | Envios OK: 0 | Envios FAIL: 0 | Reviews negativas: 0 | Fotos borradas: 0

=== SESIÓN 14:17-14:20 (21/04/2026) ===
RESERVA                   TELÉFONO             ESTADO       RESPUESTA                 REVIEW
-----------------------------------------------------------------------------------------------
17/4_17:40_csi            34%C2%A0607%C2%A098%C2%A019%C2%A068%E2%80%AC ENVIADO      recordatorio FALLIDO (chat_input_not_found) -
17/4_19:10_csi            46720267726          ENVIADO      recordatorio FALLIDO (chat_input_not_found) -
17/4_20:40_csi            34637987468          ENVIADO      recordatorio FALLIDO (chat_input_not_found) -
17/4_19:00_4e             966542212340         ENVIADO      recordatorio FALLIDO (chat_input_not_found) -
18/4_13:00_4e             34660201114          ENVIADO      recordatorio FALLIDO (chat_input_not_found) -
18/4_16:00_4e/csi         34649648412          ENVIADO      recordatorio FALLIDO (chat_input_not_found) -
18/4_17:30_4e             34617371228          ENVIADO      recordatorio FALLIDO (chat_input_not_found) -
18/4_20:30_4e             34683548136          ENVIADO      recordatorio FALLIDO (chat_input_not_found) -
18/4_20:30_4e/csi         34683548136          ENVIADO      recordatorio FALLIDO (chat_input_not_found) -

[2026-04-21 14:21:14] POSITIVO | Fotos nuevas: 0 | Envios OK: 0 | Envios FAIL: 0 | Reviews negativas: 0 | Fotos borradas: 0

=== SESIÓN 14:32-14:36 (21/04/2026) ===
RESERVA                   TELÉFONO             ESTADO       RESPUESTA                 REVIEW
-----------------------------------------------------------------------------------------------
17/4_17:40_csi            34%C2%A0607%C2%A098%C2%A019%C2%A068%E2%80%AC ENVIADO      recordatorio FALLIDO (chat_input_not_found) -
17/4_19:10_csi            46720267726          ENVIADO      recordatorio FALLIDO (chat_input_not_found) -
17/4_20:40_csi            34637987468          ENVIADO      recordatorio FALLIDO (chat_input_not_found) -
17/4_19:00_4e             966542212340         ENVIADO      recordatorio FALLIDO (chat_input_not_found) -
18/4_13:00_4e             34660201114          ENVIADO      recordatorio FALLIDO (chat_input_not_found) -
18/4_16:00_4e/csi         34649648412          ENVIADO      recordatorio FALLIDO (chat_input_not_found) -
18/4_17:30_4e             34617371228          ENVIADO      recordatorio FALLIDO (chat_input_not_found) -
18/4_20:30_4e             34683548136          ENVIADO      recordatorio FALLIDO (chat_input_not_found) -
18/4_20:30_4e/csi         34683548136          ENVIADO      recordatorio FALLIDO (chat_input_not_found) -
19/4_13:00_maf            34676518530          ENVIADO      recordatorio FALLIDO (chat_input_not_found) -

[2026-04-21 14:36:46] POSITIVO | Fotos nuevas: 0 | Envios OK: 0 | Envios FAIL: 0 | Reviews negativas: 0 | Fotos borradas: 0

=== SESIÓN 14:47-14:51 (21/04/2026) ===
RESERVA                   TELÉFONO             ESTADO       RESPUESTA                 REVIEW
-----------------------------------------------------------------------------------------------
17/4_17:40_csi            34%C2%A0607%C2%A098%C2%A019%C2%A068%E2%80%AC ENVIADO      recordatorio FALLIDO (chat_input_not_found) -
17/4_19:10_csi            46720267726          ENVIADO      recordatorio FALLIDO (chat_input_not_found) -
17/4_20:40_csi            34637987468          ENVIADO      recordatorio FALLIDO (chat_input_not_found) -
17/4_19:00_4e             966542212340         ENVIADO      recordatorio FALLIDO (chat_input_not_found) -
18/4_13:00_4e             34660201114          ENVIADO      recordatorio FALLIDO (chat_input_not_found) -
18/4_16:00_4e/csi         34649648412          ENVIADO      recordatorio FALLIDO (chat_input_not_found) -
18/4_17:30_4e             34617371228          ENVIADO      recordatorio FALLIDO (chat_input_not_found) -
18/4_20:30_4e             34683548136          ENVIADO      recordatorio FALLIDO (chat_input_not_found) -
18/4_20:30_4e/csi         34683548136          ENVIADO      recordatorio FALLIDO (chat_input_not_found) -
19/4_13:00_maf            34676518530          ENVIADO      recordatorio FALLIDO (chat_input_not_found) -

[2026-04-21 14:51:27] POSITIVO | Fotos nuevas: 0 | Envios OK: 0 | Envios FAIL: 0 | Reviews negativas: 0 | Fotos borradas: 0

=== SESIÓN 15:02-15:06 (21/04/2026) ===
RESERVA                   TELÉFONO             ESTADO       RESPUESTA                 REVIEW
-----------------------------------------------------------------------------------------------
17/4_17:40_csi            34%C2%A0607%C2%A098%C2%A019%C2%A068%E2%80%AC ENVIADO      recordatorio FALLIDO (chat_input_not_found) -
17/4_19:10_csi            46720267726          ENVIADO      recordatorio FALLIDO (chat_input_not_found) -
17/4_20:40_csi            34637987468          ENVIADO      recordatorio FALLIDO (chat_input_not_found) -
17/4_19:00_4e             966542212340         ENVIADO      recordatorio FALLIDO (chat_input_not_found) -
18/4_13:00_4e             34660201114          ENVIADO      recordatorio FALLIDO (chat_input_not_found) -
18/4_16:00_4e/csi         34649648412          ENVIADO      recordatorio FALLIDO (chat_input_not_found) -
18/4_17:30_4e             34617371228          ENVIADO      recordatorio FALLIDO (chat_input_not_found) -
18/4_20:30_4e             34683548136          ENVIADO      recordatorio FALLIDO (chat_input_not_found) -
18/4_20:30_4e/csi         34683548136          ENVIADO      recordatorio FALLIDO (chat_input_not_found) -
19/4_13:00_maf            34676518530          ENVIADO      recordatorio FALLIDO (chat_input_not_found) -

[2026-04-21 15:06:19] POSITIVO | Fotos nuevas: 0 | Envios OK: 0 | Envios FAIL: 0 | Reviews negativas: 0 | Fotos borradas: 0

=== SESIÓN 15:17-15:21 (21/04/2026) ===
RESERVA                   TELÉFONO             ESTADO       RESPUESTA                 REVIEW
-----------------------------------------------------------------------------------------------
17/4_17:40_csi            34%C2%A0607%C2%A098%C2%A019%C2%A068%E2%80%AC ENVIADO      recordatorio FALLIDO (chat_input_not_found) -
17/4_19:10_csi            46720267726          ENVIADO      recordatorio FALLIDO (chat_input_not_found) -
17/4_20:40_csi            34637987468          ENVIADO      recordatorio FALLIDO (chat_input_not_found) -
17/4_19:00_4e             966542212340         ENVIADO      recordatorio FALLIDO (chat_input_not_found) -
18/4_13:00_4e             34660201114          ENVIADO      recordatorio FALLIDO (chat_input_not_found) -
18/4_16:00_4e/csi         34649648412          ENVIADO      recordatorio FALLIDO (chat_input_not_found) -
18/4_17:30_4e             34617371228          ENVIADO      recordatorio FALLIDO (chat_input_not_found) -
18/4_20:30_4e             34683548136          ENVIADO      recordatorio FALLIDO (chat_input_not_found) -
18/4_20:30_4e/csi         34683548136          ENVIADO      recordatorio FALLIDO (chat_input_not_found) -
19/4_13:00_maf            34676518530          ENVIADO      recordatorio FALLIDO (chat_input_not_found) -

[2026-04-21 15:21:09] POSITIVO | Fotos nuevas: 0 | Envios OK: 0 | Envios FAIL: 0 | Reviews negativas: 0 | Fotos borradas: 0

=== SESIÓN 15:32-15:36 (21/04/2026) ===
RESERVA                   TELÉFONO             ESTADO       RESPUESTA                 REVIEW
-----------------------------------------------------------------------------------------------
17/4_17:40_csi            34%C2%A0607%C2%A098%C2%A019%C2%A068%E2%80%AC ENVIADO      recordatorio FALLIDO (chat_input_not_found) -
17/4_19:10_csi            46720267726          ENVIADO      recordatorio FALLIDO (chat_input_not_found) -
17/4_20:40_csi            34637987468          ENVIADO      recordatorio FALLIDO (chat_input_not_found) -
17/4_19:00_4e             966542212340         ENVIADO      recordatorio FALLIDO (chat_input_not_found) -
18/4_13:00_4e             34660201114          ENVIADO      recordatorio FALLIDO (chat_input_not_found) -
18/4_16:00_4e/csi         34649648412          ENVIADO      recordatorio FALLIDO (chat_input_not_found) -
18/4_17:30_4e             34617371228          ENVIADO      recordatorio FALLIDO (chat_input_not_found) -
18/4_20:30_4e             34683548136          ENVIADO      recordatorio FALLIDO (chat_input_not_found) -
18/4_20:30_4e/csi         34683548136          ENVIADO      recordatorio FALLIDO (chat_input_not_found) -
19/4_13:00_maf            34676518530          ENVIADO      recordatorio FALLIDO (chat_input_not_found) -

[2026-04-21 15:36:09] POSITIVO | Fotos nuevas: 0 | Envios OK: 0 | Envios FAIL: 0 | Reviews negativas: 0 | Fotos borradas: 0

=== SESIÓN 15:47-15:49 (21/04/2026) ===
RESERVA                   TELÉFONO             ESTADO       RESPUESTA                 REVIEW
-----------------------------------------------------------------------------------------------
17/4_17:40_csi            34%C2%A0607%C2%A098%C2%A019%C2%A068%E2%80%AC ENVIADO      recordatorio FALLIDO (chat_input_not_found) -
17/4_19:10_csi            46720267726          ENVIADO      recordatorio FALLIDO (chat_input_not_found) -
17/4_20:40_csi            34637987468          ENVIADO      recordatorio FALLIDO (chat_input_not_found) -
17/4_19:00_4e             966542212340         ENVIADO      recordatorio FALLIDO (chat_input_not_found) -
18/4_13:00_4e             34660201114          ENVIADO      recordatorio FALLIDO (chat_input_not_found) -
18/4_16:00_4e/csi         34649648412          ENVIADO      recordatorio FALLIDO (chat_input_not_found) -
18/4_17:30_4e             34617371228          ENVIADO      recordatorio FALLIDO (chat_input_not_found) -
18/4_20:30_4e             34683548136          ENVIADO      recordatorio FALLIDO (chat_input_not_found) -
18/4_20:30_4e/csi         34683548136          ENVIADO      recordatorio FALLIDO (chat_input_not_found) -
19/4_13:00_maf            34676518530          ENVIADO      recordatorio FALLIDO (chat_input_not_found) -

[2026-04-21 15:49:37] POSITIVO | Fotos nuevas: 0 | Envios OK: 0 | Envios FAIL: 0 | Reviews negativas: 0 | Fotos borradas: 0

=== SESIÓN 16:02-16:04 (21/04/2026) ===
RESERVA                   TELÉFONO             ESTADO       RESPUESTA                 REVIEW
-----------------------------------------------------------------------------------------------
17/4_17:40_csi            34%C2%A0607%C2%A098%C2%A019%C2%A068%E2%80%AC ENVIADO      recordatorio FALLIDO (chat_input_not_found) -
17/4_19:10_csi            46720267726          ENVIADO      recordatorio FALLIDO (chat_input_not_found) -
17/4_20:40_csi            34637987468          ENVIADO      recordatorio FALLIDO (chat_input_not_found) -
17/4_19:00_4e             966542212340         ENVIADO      recordatorio FALLIDO (chat_input_not_found) -
18/4_13:00_4e             34660201114          ENVIADO      recordatorio FALLIDO (chat_input_not_found) -
18/4_16:00_4e/csi         34649648412          ENVIADO      recordatorio FALLIDO (chat_input_not_found) -
18/4_17:30_4e             34617371228          ENVIADO      recordatorio FALLIDO (chat_input_not_found) -
18/4_20:30_4e             34683548136          ENVIADO      recordatorio FALLIDO (chat_input_not_found) -
18/4_20:30_4e/csi         34683548136          ENVIADO      recordatorio FALLIDO (chat_input_not_found) -
19/4_13:00_maf            34676518530          ENVIADO      recordatorio FALLIDO (chat_input_not_found) -

[2026-04-21 16:04:07] POSITIVO | Fotos nuevas: 0 | Envios OK: 0 | Envios FAIL: 0 | Reviews negativas: 0 | Fotos borradas: 0

=== SESIÓN 16:17-16:19 (21/04/2026) ===
RESERVA                   TELÉFONO             ESTADO       RESPUESTA                 REVIEW
-----------------------------------------------------------------------------------------------
17/4_17:40_csi            34%C2%A0607%C2%A098%C2%A019%C2%A068%E2%80%AC ENVIADO      recordatorio FALLIDO (chat_input_not_found) -
17/4_19:10_csi            46720267726          ENVIADO      recordatorio FALLIDO (chat_input_not_found) -
17/4_20:40_csi            34637987468          ENVIADO      recordatorio FALLIDO (chat_input_not_found) -
17/4_19:00_4e             966542212340         ENVIADO      recordatorio FALLIDO (chat_input_not_found) -
18/4_13:00_4e             34660201114          ENVIADO      recordatorio FALLIDO (chat_input_not_found) -
18/4_16:00_4e/csi         34649648412          ENVIADO      recordatorio FALLIDO (chat_input_not_found) -
18/4_17:30_4e             34617371228          ENVIADO      recordatorio FALLIDO (chat_input_not_found) -
18/4_20:30_4e             34683548136          ENVIADO      recordatorio FALLIDO (chat_input_not_found) -
18/4_20:30_4e/csi         34683548136          ENVIADO      recordatorio FALLIDO (chat_input_not_found) -
19/4_13:00_maf            34676518530          ENVIADO      recordatorio FALLIDO (chat_input_not_found) -

[2026-04-21 16:19:01] POSITIVO | Fotos nuevas: 0 | Envios OK: 0 | Envios FAIL: 0 | Reviews negativas: 0 | Fotos borradas: 0

=== SESIÓN 16:32-16:34 (21/04/2026) ===
RESERVA                   TELÉFONO             ESTADO       RESPUESTA                 REVIEW
-----------------------------------------------------------------------------------------------
17/4_17:40_csi            34%C2%A0607%C2%A098%C2%A019%C2%A068%E2%80%AC ENVIADO      recordatorio FALLIDO (chat_input_not_found) -
17/4_19:10_csi            46720267726          ENVIADO      recordatorio FALLIDO (chat_input_not_found) -
17/4_20:40_csi            34637987468          ENVIADO      recordatorio FALLIDO (chat_input_not_found) -
17/4_19:00_4e             966542212340         ENVIADO      recordatorio FALLIDO (chat_input_not_found) -
18/4_13:00_4e             34660201114          ENVIADO      recordatorio FALLIDO (chat_input_not_found) -
18/4_16:00_4e/csi         34649648412          ENVIADO      recordatorio FALLIDO (chat_input_not_found) -
18/4_17:30_4e             34617371228          ENVIADO      recordatorio FALLIDO (chat_input_not_found) -
18/4_20:30_4e             34683548136          ENVIADO      recordatorio FALLIDO (chat_input_not_found) -
18/4_20:30_4e/csi         34683548136          ENVIADO      recordatorio FALLIDO (chat_input_not_found) -
19/4_13:00_maf            34676518530          ENVIADO      recordatorio FALLIDO (chat_input_not_found) -

[2026-04-21 16:34:07] POSITIVO | Fotos nuevas: 0 | Envios OK: 0 | Envios FAIL: 0 | Reviews negativas: 0 | Fotos borradas: 0

=== SESIÓN 16:47-16:49 (21/04/2026) ===
RESERVA                   TELÉFONO             ESTADO       RESPUESTA                 REVIEW
-----------------------------------------------------------------------------------------------
17/4_17:40_csi            34%C2%A0607%C2%A098%C2%A019%C2%A068%E2%80%AC ENVIADO      recordatorio FALLIDO (chat_input_not_found) -
17/4_19:10_csi            46720267726          ENVIADO      recordatorio FALLIDO (chat_input_not_found) -
17/4_20:40_csi            34637987468          ENVIADO      recordatorio FALLIDO (chat_input_not_found) -
17/4_19:00_4e             966542212340         ENVIADO      recordatorio FALLIDO (chat_input_not_found) -
18/4_13:00_4e             34660201114          ENVIADO      recordatorio FALLIDO (chat_input_not_found) -
18/4_16:00_4e/csi         34649648412          ENVIADO      recordatorio FALLIDO (chat_input_not_found) -
18/4_17:30_4e             34617371228          ENVIADO      recordatorio FALLIDO (chat_input_not_found) -
18/4_20:30_4e             34683548136          ENVIADO      recordatorio FALLIDO (chat_input_not_found) -
18/4_20:30_4e/csi         34683548136          ENVIADO      recordatorio FALLIDO (chat_input_not_found) -
19/4_13:00_maf            34676518530          ENVIADO      recordatorio FALLIDO (chat_input_not_found) -

[2026-04-21 16:49:06] POSITIVO | Fotos nuevas: 0 | Envios OK: 0 | Envios FAIL: 0 | Reviews negativas: 0 | Fotos borradas: 0

=== SESIÓN 17:02-17:04 (21/04/2026) ===
RESERVA                   TELÉFONO             ESTADO       RESPUESTA                 REVIEW
-----------------------------------------------------------------------------------------------
17/4_17:40_csi            34%C2%A0607%C2%A098%C2%A019%C2%A068%E2%80%AC ENVIADO      recordatorio FALLIDO (chat_input_not_found) -
17/4_19:10_csi            46720267726          ENVIADO      recordatorio FALLIDO (chat_input_not_found) -
17/4_20:40_csi            34637987468          ENVIADO      recordatorio FALLIDO (chat_input_not_found) -
17/4_19:00_4e             966542212340         ENVIADO      recordatorio FALLIDO (chat_input_not_found) -
18/4_13:00_4e             34660201114          ENVIADO      recordatorio FALLIDO (chat_input_not_found) -
18/4_16:00_4e/csi         34649648412          ENVIADO      recordatorio FALLIDO (chat_input_not_found) -
18/4_17:30_4e             34617371228          ENVIADO      recordatorio FALLIDO (chat_input_not_found) -
18/4_20:30_4e             34683548136          ENVIADO      recordatorio FALLIDO (chat_input_not_found) -
18/4_20:30_4e/csi         34683548136          ENVIADO      recordatorio FALLIDO (chat_input_not_found) -
19/4_13:00_maf            34676518530          ENVIADO      recordatorio FALLIDO (chat_input_not_found) -

[2026-04-21 17:04:09] POSITIVO | Fotos nuevas: 0 | Envios OK: 0 | Envios FAIL: 0 | Reviews negativas: 0 | Fotos borradas: 0

=== SESIÓN 17:17-17:19 (21/04/2026) ===
RESERVA                   TELÉFONO             ESTADO       RESPUESTA                 REVIEW
-----------------------------------------------------------------------------------------------
17/4_17:40_csi            34%C2%A0607%C2%A098%C2%A019%C2%A068%E2%80%AC ENVIADO      recordatorio FALLIDO (chat_input_not_found) -
17/4_19:10_csi            46720267726          ENVIADO      recordatorio FALLIDO (chat_input_not_found) -
17/4_20:40_csi            34637987468          ENVIADO      recordatorio FALLIDO (chat_input_not_found) -
17/4_19:00_4e             966542212340         ENVIADO      recordatorio FALLIDO (chat_input_not_found) -
18/4_13:00_4e             34660201114          ENVIADO      recordatorio FALLIDO (chat_input_not_found) -
18/4_16:00_4e/csi         34649648412          ENVIADO      recordatorio FALLIDO (chat_input_not_found) -
18/4_17:30_4e             34617371228          ENVIADO      recordatorio FALLIDO (chat_input_not_found) -
18/4_20:30_4e             34683548136          ENVIADO      recordatorio FALLIDO (chat_input_not_found) -
18/4_20:30_4e/csi         34683548136          ENVIADO      recordatorio FALLIDO (chat_input_not_found) -
19/4_13:00_maf            34676518530          ENVIADO      recordatorio FALLIDO (chat_input_not_found) -

[2026-04-21 17:19:10] POSITIVO | Fotos nuevas: 0 | Envios OK: 0 | Envios FAIL: 0 | Reviews negativas: 0 | Fotos borradas: 0

=== SESIÓN 17:32-17:34 (21/04/2026) ===
RESERVA                   TELÉFONO             ESTADO       RESPUESTA                 REVIEW
-----------------------------------------------------------------------------------------------
17/4_17:40_csi            34%C2%A0607%C2%A098%C2%A019%C2%A068%E2%80%AC ENVIADO      recordatorio FALLIDO (chat_input_not_found) -
17/4_19:10_csi            46720267726          ENVIADO      recordatorio FALLIDO (chat_input_not_found) -
17/4_20:40_csi            34637987468          ENVIADO      recordatorio FALLIDO (chat_input_not_found) -
17/4_19:00_4e             966542212340         ENVIADO      recordatorio FALLIDO (chat_input_not_found) -
18/4_13:00_4e             34660201114          ENVIADO      recordatorio FALLIDO (chat_input_not_found) -
18/4_16:00_4e/csi         34649648412          ENVIADO      recordatorio FALLIDO (chat_input_not_found) -
18/4_17:30_4e             34617371228          ENVIADO      recordatorio FALLIDO (chat_input_not_found) -
18/4_20:30_4e             34683548136          ENVIADO      recordatorio FALLIDO (chat_input_not_found) -
18/4_20:30_4e/csi         34683548136          ENVIADO      recordatorio FALLIDO (chat_input_not_found) -
19/4_13:00_maf            34676518530          ENVIADO      recordatorio FALLIDO (chat_input_not_found) -

[2026-04-21 17:34:17] POSITIVO | Fotos nuevas: 0 | Envios OK: 0 | Envios FAIL: 0 | Reviews negativas: 0 | Fotos borradas: 0

=== SESIÓN 17:47-17:49 (21/04/2026) ===
RESERVA                   TELÉFONO             ESTADO       RESPUESTA                 REVIEW
-----------------------------------------------------------------------------------------------
17/4_17:40_csi            34%C2%A0607%C2%A098%C2%A019%C2%A068%E2%80%AC ENVIADO      recordatorio FALLIDO (chat_input_not_found) -
17/4_19:10_csi            46720267726          ENVIADO      recordatorio FALLIDO (chat_input_not_found) -
17/4_20:40_csi            34637987468          ENVIADO      recordatorio FALLIDO (chat_input_not_found) -
17/4_19:00_4e             966542212340         ENVIADO      recordatorio FALLIDO (chat_input_not_found) -
18/4_13:00_4e             34660201114          ENVIADO      recordatorio FALLIDO (chat_input_not_found) -
18/4_16:00_4e/csi         34649648412          ENVIADO      recordatorio FALLIDO (chat_input_not_found) -
18/4_17:30_4e             34617371228          ENVIADO      recordatorio FALLIDO (chat_input_not_found) -
18/4_20:30_4e             34683548136          ENVIADO      recordatorio FALLIDO (chat_input_not_found) -
18/4_20:30_4e/csi         34683548136          ENVIADO      recordatorio FALLIDO (chat_input_not_found) -
19/4_13:00_maf            34676518530          ENVIADO      recordatorio FALLIDO (chat_input_not_found) -

[2026-04-21 17:49:15] POSITIVO | Fotos nuevas: 0 | Envios OK: 0 | Envios FAIL: 0 | Reviews negativas: 0 | Fotos borradas: 0

=== SESIÓN 18:02-18:04 (21/04/2026) ===
RESERVA                   TELÉFONO             ESTADO       RESPUESTA                 REVIEW
-----------------------------------------------------------------------------------------------
17/4_17:40_csi            34%C2%A0607%C2%A098%C2%A019%C2%A068%E2%80%AC ENVIADO      recordatorio FALLIDO (chat_input_not_found) -
17/4_19:10_csi            46720267726          ENVIADO      recordatorio FALLIDO (chat_input_not_found) -
17/4_20:40_csi            34637987468          ENVIADO      recordatorio FALLIDO (chat_input_not_found) -
17/4_19:00_4e             966542212340         ENVIADO      recordatorio FALLIDO (chat_input_not_found) -
18/4_13:00_4e             34660201114          ENVIADO      recordatorio FALLIDO (chat_input_not_found) -
18/4_16:00_4e/csi         34649648412          ENVIADO      recordatorio FALLIDO (chat_input_not_found) -
18/4_17:30_4e             34617371228          ENVIADO      recordatorio FALLIDO (chat_input_not_found) -
18/4_20:30_4e             34683548136          ENVIADO      recordatorio FALLIDO (chat_input_not_found) -
18/4_20:30_4e/csi         34683548136          ENVIADO      recordatorio FALLIDO (chat_input_not_found) -
19/4_13:00_maf            34676518530          ENVIADO      recordatorio FALLIDO (chat_input_not_found) -

[2026-04-21 18:04:03] POSITIVO | Fotos nuevas: 0 | Envios OK: 0 | Envios FAIL: 0 | Reviews negativas: 0 | Fotos borradas: 0

=== SESIÓN 18:17-18:19 (21/04/2026) ===
RESERVA                   TELÉFONO             ESTADO       RESPUESTA                 REVIEW
-----------------------------------------------------------------------------------------------
17/4_17:40_csi            34%C2%A0607%C2%A098%C2%A019%C2%A068%E2%80%AC ENVIADO      recordatorio FALLIDO (chat_input_not_found) -
17/4_19:10_csi            46720267726          ENVIADO      recordatorio FALLIDO (chat_input_not_found) -
17/4_20:40_csi            34637987468          ENVIADO      recordatorio FALLIDO (chat_input_not_found) -
17/4_19:00_4e             966542212340         ENVIADO      recordatorio FALLIDO (chat_input_not_found) -
18/4_13:00_4e             34660201114          ENVIADO      recordatorio FALLIDO (chat_input_not_found) -
18/4_16:00_4e/csi         34649648412          ENVIADO      recordatorio FALLIDO (chat_input_not_found) -
18/4_17:30_4e             34617371228          ENVIADO      recordatorio FALLIDO (chat_input_not_found) -
18/4_20:30_4e             34683548136          ENVIADO      recordatorio FALLIDO (chat_input_not_found) -
18/4_20:30_4e/csi         34683548136          ENVIADO      recordatorio FALLIDO (chat_input_not_found) -
19/4_13:00_maf            34676518530          ENVIADO      recordatorio FALLIDO (chat_input_not_found) -

[2026-04-21 18:19:20] POSITIVO | Fotos nuevas: 0 | Envios OK: 0 | Envios FAIL: 0 | Reviews negativas: 0 | Fotos borradas: 0

=== SESIÓN 18:32-18:34 (21/04/2026) ===
RESERVA                   TELÉFONO             ESTADO       RESPUESTA                 REVIEW
-----------------------------------------------------------------------------------------------
17/4_17:40_csi            34%C2%A0607%C2%A098%C2%A019%C2%A068%E2%80%AC ENVIADO      recordatorio FALLIDO (chat_input_not_found) -
17/4_19:10_csi            46720267726          ENVIADO      recordatorio FALLIDO (chat_input_not_found) -
17/4_20:40_csi            34637987468          ENVIADO      recordatorio FALLIDO (chat_input_not_found) -
17/4_19:00_4e             966542212340         ENVIADO      recordatorio FALLIDO (chat_input_not_found) -
18/4_13:00_4e             34660201114          ENVIADO      recordatorio FALLIDO (chat_input_not_found) -
18/4_16:00_4e/csi         34649648412          ENVIADO      recordatorio FALLIDO (chat_input_not_found) -
18/4_17:30_4e             34617371228          ENVIADO      recordatorio FALLIDO (chat_input_not_found) -
18/4_20:30_4e             34683548136          ENVIADO      recordatorio FALLIDO (chat_input_not_found) -
18/4_20:30_4e/csi         34683548136          ENVIADO      recordatorio FALLIDO (chat_input_not_found) -
19/4_13:00_maf            34676518530          ENVIADO      recordatorio FALLIDO (chat_input_not_found) -

[2026-04-21 18:34:17] POSITIVO | Fotos nuevas: 0 | Envios OK: 0 | Envios FAIL: 0 | Reviews negativas: 0 | Fotos borradas: 0

=== SESIÓN 18:47-18:49 (21/04/2026) ===
RESERVA                   TELÉFONO             ESTADO       RESPUESTA                 REVIEW
-----------------------------------------------------------------------------------------------
17/4_17:40_csi            34%C2%A0607%C2%A098%C2%A019%C2%A068%E2%80%AC ENVIADO      recordatorio FALLIDO (chat_input_not_found) -
17/4_19:10_csi            46720267726          ENVIADO      recordatorio FALLIDO (chat_input_not_found) -
17/4_20:40_csi            34637987468          ENVIADO      recordatorio FALLIDO (chat_input_not_found) -
17/4_19:00_4e             966542212340         ENVIADO      recordatorio FALLIDO (chat_input_not_found) -
18/4_13:00_4e             34660201114          ENVIADO      recordatorio FALLIDO (chat_input_not_found) -
18/4_16:00_4e/csi         34649648412          ENVIADO      recordatorio FALLIDO (chat_input_not_found) -
18/4_17:30_4e             34617371228          ENVIADO      recordatorio FALLIDO (chat_input_not_found) -
18/4_20:30_4e             34683548136          ENVIADO      recordatorio FALLIDO (chat_input_not_found) -
18/4_20:30_4e/csi         34683548136          ENVIADO      recordatorio FALLIDO (chat_input_not_found) -
19/4_13:00_maf            34676518530          ENVIADO      recordatorio FALLIDO (chat_input_not_found) -

[2026-04-21 18:49:05] POSITIVO | Fotos nuevas: 0 | Envios OK: 0 | Envios FAIL: 0 | Reviews negativas: 0 | Fotos borradas: 0

=== SESIÓN 19:02-19:04 (21/04/2026) ===
RESERVA                   TELÉFONO             ESTADO       RESPUESTA                 REVIEW
-----------------------------------------------------------------------------------------------
17/4_17:40_csi            34%C2%A0607%C2%A098%C2%A019%C2%A068%E2%80%AC ENVIADO      recordatorio FALLIDO (chat_input_not_found) -
17/4_19:10_csi            46720267726          ENVIADO      recordatorio FALLIDO (chat_input_not_found) -
17/4_20:40_csi            34637987468          ENVIADO      recordatorio FALLIDO (chat_input_not_found) -
17/4_19:00_4e             966542212340         ENVIADO      recordatorio FALLIDO (chat_input_not_found) -
18/4_13:00_4e             34660201114          ENVIADO      recordatorio FALLIDO (chat_input_not_found) -
18/4_16:00_4e/csi         34649648412          ENVIADO      recordatorio FALLIDO (chat_input_not_found) -
18/4_17:30_4e             34617371228          ENVIADO      recordatorio FALLIDO (chat_input_not_found) -
18/4_20:30_4e             34683548136          ENVIADO      recordatorio FALLIDO (chat_input_not_found) -
18/4_20:30_4e/csi         34683548136          ENVIADO      recordatorio FALLIDO (chat_input_not_found) -
19/4_13:00_maf            34676518530          ENVIADO      recordatorio FALLIDO (chat_input_not_found) -

[2026-04-21 19:04:12] POSITIVO | Fotos nuevas: 0 | Envios OK: 0 | Envios FAIL: 0 | Reviews negativas: 0 | Fotos borradas: 0

=== SESIÓN 19:17-19:18 (21/04/2026) ===
RESERVA                   TELÉFONO             ESTADO       RESPUESTA                 REVIEW
-----------------------------------------------------------------------------------------------
17/4_19:10_csi            46720267726          ENVIADO      recordatorio FALLIDO (chat_input_not_found) -
17/4_20:40_csi            34637987468          ENVIADO      recordatorio FALLIDO (chat_input_not_found) -
17/4_19:00_4e             966542212340         ENVIADO      recordatorio FALLIDO (chat_input_not_found) -
18/4_13:00_4e             34660201114          ENVIADO      recordatorio FALLIDO (chat_input_not_found) -
18/4_16:00_4e/csi         34649648412          ENVIADO      recordatorio FALLIDO (chat_input_not_found) -
18/4_17:30_4e             34617371228          ENVIADO      recordatorio FALLIDO (chat_input_not_found) -
18/4_20:30_4e             34683548136          ENVIADO      recordatorio FALLIDO (chat_input_not_found) -
18/4_20:30_4e/csi         34683548136          ENVIADO      recordatorio FALLIDO (chat_input_not_found) -
19/4_13:00_maf            34676518530          ENVIADO      recordatorio FALLIDO (chat_input_not_found) -

[2026-04-21 19:18:55] POSITIVO | Fotos nuevas: 0 | Envios OK: 0 | Envios FAIL: 0 | Reviews negativas: 0 | Fotos borradas: 0

=== SESIÓN 19:32-19:33 (21/04/2026) ===
RESERVA                   TELÉFONO             ESTADO       RESPUESTA                 REVIEW
-----------------------------------------------------------------------------------------------
17/4_19:10_csi            46720267726          ENVIADO      recordatorio FALLIDO (chat_input_not_found) -
17/4_20:40_csi            34637987468          ENVIADO      recordatorio FALLIDO (chat_input_not_found) -
17/4_19:00_4e             966542212340         ENVIADO      recordatorio FALLIDO (chat_input_not_found) -
18/4_13:00_4e             34660201114          ENVIADO      recordatorio FALLIDO (chat_input_not_found) -
18/4_16:00_4e/csi         34649648412          ENVIADO      recordatorio FALLIDO (chat_input_not_found) -
18/4_17:30_4e             34617371228          ENVIADO      recordatorio FALLIDO (chat_input_not_found) -
18/4_20:30_4e             34683548136          ENVIADO      recordatorio FALLIDO (chat_input_not_found) -
18/4_20:30_4e/csi         34683548136          ENVIADO      recordatorio FALLIDO (chat_input_not_found) -
19/4_13:00_maf            34676518530          ENVIADO      recordatorio FALLIDO (chat_input_not_found) -

[2026-04-21 19:33:59] POSITIVO | Fotos nuevas: 0 | Envios OK: 0 | Envios FAIL: 0 | Reviews negativas: 0 | Fotos borradas: 0

=== SESIÓN 19:47-19:49 (21/04/2026) ===
RESERVA                   TELÉFONO             ESTADO       RESPUESTA                 REVIEW
-----------------------------------------------------------------------------------------------
17/4_19:10_csi            46720267726          ENVIADO      recordatorio FALLIDO (chat_input_not_found) -
17/4_20:40_csi            34637987468          ENVIADO      recordatorio FALLIDO (chat_input_not_found) -
17/4_19:00_4e             966542212340         ENVIADO      recordatorio FALLIDO (chat_input_not_found) -
18/4_13:00_4e             34660201114          ENVIADO      recordatorio FALLIDO (chat_input_not_found) -
18/4_16:00_4e/csi         34649648412          ENVIADO      recordatorio FALLIDO (chat_input_not_found) -
18/4_17:30_4e             34617371228          ENVIADO      recordatorio FALLIDO (chat_input_not_found) -
18/4_20:30_4e             34683548136          ENVIADO      recordatorio FALLIDO (chat_input_not_found) -
18/4_20:30_4e/csi         34683548136          ENVIADO      recordatorio FALLIDO (chat_input_not_found) -
19/4_13:00_maf            34676518530          ENVIADO      recordatorio FALLIDO (chat_input_not_found) -

[2026-04-21 19:49:00] POSITIVO | Fotos nuevas: 0 | Envios OK: 0 | Envios FAIL: 0 | Reviews negativas: 0 | Fotos borradas: 0

=== SESIÓN 20:02-20:03 (21/04/2026) ===
RESERVA                   TELÉFONO             ESTADO       RESPUESTA                 REVIEW
-----------------------------------------------------------------------------------------------
17/4_19:10_csi            46720267726          ENVIADO      recordatorio FALLIDO (chat_input_not_found) -
17/4_20:40_csi            34637987468          ENVIADO      recordatorio FALLIDO (chat_input_not_found) -
17/4_19:00_4e             966542212340         ENVIADO      recordatorio FALLIDO (chat_input_not_found) -
18/4_13:00_4e             34660201114          ENVIADO      recordatorio FALLIDO (chat_input_not_found) -
18/4_16:00_4e/csi         34649648412          ENVIADO      recordatorio FALLIDO (chat_input_not_found) -
18/4_17:30_4e             34617371228          ENVIADO      recordatorio FALLIDO (chat_input_not_found) -
18/4_20:30_4e             34683548136          ENVIADO      recordatorio FALLIDO (chat_input_not_found) -
18/4_20:30_4e/csi         34683548136          ENVIADO      recordatorio FALLIDO (chat_input_not_found) -
19/4_13:00_maf            34676518530          ENVIADO      recordatorio FALLIDO (chat_input_not_found) -

[2026-04-21 20:03:57] POSITIVO | Fotos nuevas: 0 | Envios OK: 0 | Envios FAIL: 0 | Reviews negativas: 0 | Fotos borradas: 0

=== SESIÓN 20:17-20:18 (21/04/2026) ===
RESERVA                   TELÉFONO             ESTADO       RESPUESTA                 REVIEW
-----------------------------------------------------------------------------------------------
17/4_20:40_csi            34637987468          ENVIADO      recordatorio FALLIDO (chat_input_not_found) -
17/4_19:00_4e             966542212340         ENVIADO      recordatorio FALLIDO (chat_input_not_found) -
18/4_13:00_4e             34660201114          ENVIADO      recordatorio FALLIDO (chat_input_not_found) -
18/4_16:00_4e/csi         34649648412          ENVIADO      recordatorio FALLIDO (chat_input_not_found) -
18/4_17:30_4e             34617371228          ENVIADO      recordatorio FALLIDO (chat_input_not_found) -
18/4_20:30_4e             34683548136          ENVIADO      recordatorio FALLIDO (chat_input_not_found) -
18/4_20:30_4e/csi         34683548136          ENVIADO      recordatorio FALLIDO (chat_input_not_found) -
19/4_13:00_maf            34676518530          ENVIADO      recordatorio FALLIDO (chat_input_not_found) -

[2026-04-21 20:18:47] POSITIVO | Fotos nuevas: 0 | Envios OK: 0 | Envios FAIL: 0 | Reviews negativas: 0 | Fotos borradas: 0

=== SESIÓN 20:32-20:34 (21/04/2026) ===
RESERVA                   TELÉFONO             ESTADO       RESPUESTA                 REVIEW
-----------------------------------------------------------------------------------------------
17/4_20:40_csi            34637987468          ENVIADO      recordatorio FALLIDO (chat_input_not_found) -
17/4_19:00_4e             966542212340         ENVIADO      recordatorio FALLIDO (chat_input_not_found) -
18/4_13:00_4e             34660201114          ENVIADO      recordatorio FALLIDO (chat_input_not_found) -
18/4_16:00_4e/csi         34649648412          ENVIADO      recordatorio FALLIDO (chat_input_not_found) -
18/4_17:30_4e             34617371228          ENVIADO      recordatorio FALLIDO (chat_input_not_found) -
18/4_20:30_4e             34683548136          ENVIADO      recordatorio FALLIDO (chat_input_not_found) -
18/4_20:30_4e/csi         34683548136          ENVIADO      recordatorio FALLIDO (chat_input_not_found) -
19/4_13:00_maf            34676518530          ENVIADO      recordatorio FALLIDO (chat_input_not_found) -

[2026-04-21 20:34:11] POSITIVO | Fotos nuevas: 0 | Envios OK: 0 | Envios FAIL: 0 | Reviews negativas: 0 | Fotos borradas: 0

=== SESIÓN 20:47-20:49 (21/04/2026) ===
RESERVA                   TELÉFONO             ESTADO       RESPUESTA                 REVIEW
-----------------------------------------------------------------------------------------------
17/4_20:40_csi            34637987468          ENVIADO      recordatorio FALLIDO (chat_input_not_found) -
17/4_19:00_4e             966542212340         ENVIADO      recordatorio FALLIDO (chat_input_not_found) -
18/4_13:00_4e             34660201114          ENVIADO      recordatorio FALLIDO (chat_input_not_found) -
18/4_16:00_4e/csi         34649648412          ENVIADO      recordatorio FALLIDO (chat_input_not_found) -
18/4_17:30_4e             34617371228          ENVIADO      recordatorio FALLIDO (chat_input_not_found) -
18/4_20:30_4e             34683548136          ENVIADO      recordatorio FALLIDO (chat_input_not_found) -
18/4_20:30_4e/csi         34683548136          ENVIADO      recordatorio FALLIDO (chat_input_not_found) -
19/4_13:00_maf            34676518530          ENVIADO      recordatorio FALLIDO (chat_input_not_found) -

[2026-04-21 20:49:02] POSITIVO | Fotos nuevas: 0 | Envios OK: 0 | Envios FAIL: 0 | Reviews negativas: 0 | Fotos borradas: 0

=== SESIÓN 21:02-21:03 (21/04/2026) ===
RESERVA                   TELÉFONO             ESTADO       RESPUESTA                 REVIEW
-----------------------------------------------------------------------------------------------
17/4_20:40_csi            34637987468          ENVIADO      recordatorio FALLIDO (chat_input_not_found) -
17/4_19:00_4e             966542212340         ENVIADO      recordatorio FALLIDO (chat_input_not_found) -
18/4_13:00_4e             34660201114          ENVIADO      recordatorio FALLIDO (chat_input_not_found) -
18/4_16:00_4e/csi         34649648412          ENVIADO      recordatorio FALLIDO (chat_input_not_found) -
18/4_17:30_4e             34617371228          ENVIADO      recordatorio FALLIDO (chat_input_not_found) -
18/4_20:30_4e             34683548136          ENVIADO      recordatorio FALLIDO (chat_input_not_found) -
18/4_20:30_4e/csi         34683548136          ENVIADO      recordatorio FALLIDO (chat_input_not_found) -
19/4_13:00_maf            34676518530          ENVIADO      recordatorio FALLIDO (chat_input_not_found) -

[2026-04-21 21:03:58] POSITIVO | Fotos nuevas: 0 | Envios OK: 0 | Envios FAIL: 0 | Reviews negativas: 0 | Fotos borradas: 0

=== SESIÓN 21:17-21:18 (21/04/2026) ===
RESERVA                   TELÉFONO             ESTADO       RESPUESTA                 REVIEW
-----------------------------------------------------------------------------------------------
17/4_20:40_csi            34637987468          ENVIADO      recordatorio FALLIDO (chat_input_not_found) -
17/4_19:00_4e             966542212340         ENVIADO      recordatorio FALLIDO (chat_input_not_found) -
18/4_13:00_4e             34660201114          ENVIADO      recordatorio FALLIDO (chat_input_not_found) -
18/4_16:00_4e/csi         34649648412          ENVIADO      recordatorio FALLIDO (chat_input_not_found) -
18/4_17:30_4e             34617371228          ENVIADO      recordatorio FALLIDO (chat_input_not_found) -
18/4_20:30_4e             34683548136          ENVIADO      recordatorio FALLIDO (chat_input_not_found) -
18/4_20:30_4e/csi         34683548136          ENVIADO      recordatorio FALLIDO (chat_input_not_found) -
19/4_13:00_maf            34676518530          ENVIADO      recordatorio FALLIDO (chat_input_not_found) -

[2026-04-21 21:18:58] POSITIVO | Fotos nuevas: 0 | Envios OK: 0 | Envios FAIL: 0 | Reviews negativas: 0 | Fotos borradas: 0

=== SESIÓN 21:32-21:33 (21/04/2026) ===
RESERVA                   TELÉFONO             ESTADO       RESPUESTA                 REVIEW
-----------------------------------------------------------------------------------------------
17/4_20:40_csi            34637987468          ENVIADO      recordatorio FALLIDO (chat_input_not_found) -
17/4_19:00_4e             966542212340         ENVIADO      recordatorio FALLIDO (chat_input_not_found) -
18/4_13:00_4e             34660201114          ENVIADO      recordatorio FALLIDO (chat_input_not_found) -
18/4_16:00_4e/csi         34649648412          ENVIADO      recordatorio FALLIDO (chat_input_not_found) -
18/4_17:30_4e             34617371228          ENVIADO      recordatorio FALLIDO (chat_input_not_found) -
18/4_20:30_4e             34683548136          ENVIADO      recordatorio FALLIDO (chat_input_not_found) -
18/4_20:30_4e/csi         34683548136          ENVIADO      recordatorio FALLIDO (chat_input_not_found) -
19/4_13:00_maf            34676518530          ENVIADO      recordatorio FALLIDO (chat_input_not_found) -

[2026-04-21 21:33:49] POSITIVO | Fotos nuevas: 0 | Envios OK: 0 | Envios FAIL: 0 | Reviews negativas: 0 | Fotos borradas: 0

=== SESIÓN 21:47-21:48 (21/04/2026) ===
RESERVA                   TELÉFONO             ESTADO       RESPUESTA                 REVIEW
-----------------------------------------------------------------------------------------------
17/4_20:40_csi            34637987468          ENVIADO      recordatorio FALLIDO (chat_input_not_found) -
17/4_19:00_4e             966542212340         ENVIADO      recordatorio FALLIDO (chat_input_not_found) -
18/4_13:00_4e             34660201114          ENVIADO      recordatorio FALLIDO (chat_input_not_found) -
18/4_16:00_4e/csi         34649648412          ENVIADO      recordatorio FALLIDO (chat_input_not_found) -
18/4_17:30_4e             34617371228          ENVIADO      recordatorio FALLIDO (chat_input_not_found) -
18/4_20:30_4e             34683548136          ENVIADO      recordatorio FALLIDO (chat_input_not_found) -
18/4_20:30_4e/csi         34683548136          ENVIADO      recordatorio FALLIDO (chat_input_not_found) -
19/4_13:00_maf            34676518530          ENVIADO      recordatorio FALLIDO (chat_input_not_found) -

[2026-04-21 21:48:52] POSITIVO | Fotos nuevas: 0 | Envios OK: 0 | Envios FAIL: 0 | Reviews negativas: 0 | Fotos borradas: 0

=== SESIÓN 22:02-22:04 (21/04/2026) ===
RESERVA                   TELÉFONO             ESTADO       RESPUESTA                 REVIEW
-----------------------------------------------------------------------------------------------
17/4_20:40_csi            34637987468          ENVIADO      recordatorio FALLIDO (chat_input_not_found) -
17/4_19:00_4e             966542212340         ENVIADO      recordatorio FALLIDO (chat_input_not_found) -
18/4_13:00_4e             34660201114          ENVIADO      recordatorio FALLIDO (chat_input_not_found) -
18/4_16:00_4e/csi         34649648412          ENVIADO      recordatorio FALLIDO (chat_input_not_found) -
18/4_17:30_4e             34617371228          ENVIADO      recordatorio FALLIDO (chat_input_not_found) -
18/4_20:30_4e             34683548136          ENVIADO      recordatorio FALLIDO (chat_input_not_found) -
18/4_20:30_4e/csi         34683548136          ENVIADO      recordatorio FALLIDO (chat_input_not_found) -
19/4_13:00_maf            34676518530          ENVIADO      recordatorio FALLIDO (chat_input_not_found) -

[2026-04-21 22:04:10] POSITIVO | Fotos nuevas: 0 | Envios OK: 0 | Envios FAIL: 0 | Reviews negativas: 0 | Fotos borradas: 0

=== SESIÓN 22:17-22:18 (21/04/2026) ===
RESERVA                   TELÉFONO             ESTADO       RESPUESTA                 REVIEW
-----------------------------------------------------------------------------------------------
17/4_20:40_csi            34637987468          ENVIADO      recordatorio FALLIDO (chat_input_not_found) -
17/4_19:00_4e             966542212340         ENVIADO      recordatorio FALLIDO (chat_input_not_found) -
18/4_13:00_4e             34660201114          ENVIADO      recordatorio FALLIDO (chat_input_not_found) -
18/4_16:00_4e/csi         34649648412          ENVIADO      recordatorio FALLIDO (chat_input_not_found) -
18/4_17:30_4e             34617371228          ENVIADO      recordatorio FALLIDO (chat_input_not_found) -
18/4_20:30_4e             34683548136          ENVIADO      recordatorio FALLIDO (chat_input_not_found) -
18/4_20:30_4e/csi         34683548136          ENVIADO      recordatorio FALLIDO (chat_input_not_found) -
19/4_13:00_maf            34676518530          ENVIADO      recordatorio FALLIDO (chat_input_not_found) -

[2026-04-21 22:18:57] POSITIVO | Fotos nuevas: 0 | Envios OK: 0 | Envios FAIL: 0 | Reviews negativas: 0 | Fotos borradas: 0

=== SESIÓN 22:32-22:34 (21/04/2026) ===
RESERVA                   TELÉFONO             ESTADO       RESPUESTA                 REVIEW
-----------------------------------------------------------------------------------------------
17/4_20:40_csi            34637987468          ENVIADO      recordatorio FALLIDO (chat_input_not_found) -
17/4_19:00_4e             966542212340         ENVIADO      recordatorio FALLIDO (chat_input_not_found) -
18/4_13:00_4e             34660201114          ENVIADO      recordatorio FALLIDO (chat_input_not_found) -
18/4_16:00_4e/csi         34649648412          ENVIADO      recordatorio FALLIDO (chat_input_not_found) -
18/4_17:30_4e             34617371228          ENVIADO      recordatorio FALLIDO (chat_input_not_found) -
18/4_20:30_4e             34683548136          ENVIADO      recordatorio FALLIDO (chat_input_not_found) -
18/4_20:30_4e/csi         34683548136          ENVIADO      recordatorio FALLIDO (chat_input_not_found) -
19/4_13:00_maf            34676518530          ENVIADO      recordatorio FALLIDO (chat_input_not_found) -

[2026-04-21 22:34:00] POSITIVO | Fotos nuevas: 0 | Envios OK: 0 | Envios FAIL: 0 | Reviews negativas: 0 | Fotos borradas: 0

=== SESIÓN 22:47-22:49 (21/04/2026) ===
RESERVA                   TELÉFONO             ESTADO       RESPUESTA                 REVIEW
-----------------------------------------------------------------------------------------------
17/4_20:40_csi            34637987468          ENVIADO      recordatorio FALLIDO (chat_input_not_found) -
17/4_19:00_4e             966542212340         ENVIADO      recordatorio FALLIDO (chat_input_not_found) -
18/4_13:00_4e             34660201114          ENVIADO      recordatorio FALLIDO (chat_input_not_found) -
18/4_16:00_4e/csi         34649648412          ENVIADO      recordatorio FALLIDO (chat_input_not_found) -
18/4_17:30_4e             34617371228          ENVIADO      recordatorio FALLIDO (chat_input_not_found) -
18/4_20:30_4e             34683548136          ENVIADO      recordatorio FALLIDO (chat_input_not_found) -
18/4_20:30_4e/csi         34683548136          ENVIADO      recordatorio FALLIDO (chat_input_not_found) -
19/4_13:00_maf            34676518530          ENVIADO      recordatorio FALLIDO (chat_input_not_found) -

[2026-04-21 22:49:21] POSITIVO | Fotos nuevas: 0 | Envios OK: 0 | Envios FAIL: 0 | Reviews negativas: 0 | Fotos borradas: 0

=== SESIÓN 23:02-23:03 (21/04/2026) ===
RESERVA                   TELÉFONO             ESTADO       RESPUESTA                 REVIEW
-----------------------------------------------------------------------------------------------
17/4_20:40_csi            34637987468          ENVIADO      recordatorio FALLIDO (chat_input_not_found) -
17/4_19:00_4e             966542212340         ENVIADO      recordatorio FALLIDO (chat_input_not_found) -
18/4_13:00_4e             34660201114          ENVIADO      recordatorio FALLIDO (chat_input_not_found) -
18/4_16:00_4e/csi         34649648412          ENVIADO      recordatorio FALLIDO (chat_input_not_found) -
18/4_17:30_4e             34617371228          ENVIADO      recordatorio FALLIDO (chat_input_not_found) -
18/4_20:30_4e             34683548136          ENVIADO      recordatorio FALLIDO (chat_input_not_found) -
18/4_20:30_4e/csi         34683548136          ENVIADO      recordatorio FALLIDO (chat_input_not_found) -
19/4_13:00_maf            34676518530          ENVIADO      recordatorio FALLIDO (chat_input_not_found) -

[2026-04-21 23:03:41] POSITIVO | Fotos nuevas: 0 | Envios OK: 0 | Envios FAIL: 0 | Reviews negativas: 0 | Fotos borradas: 0
