
=== SESIÓN 14:15-14:21 (16/05/2026) ===
RESERVA                   TELÉFONO             ESTADO       RESPUESTA                 REVIEW
-----------------------------------------------------------------------------------------------
15/5_16:00_maf            34630660579          ENVIADO      sin respuesta             -
15/5_17:30_4e/csi         34620615782          ENVIADO      sin respuesta             -
15/5_19:00_4e             34680445843          ENVIADO      sin respuesta             -
15/5_19:10_csi            34657852342          ENVIADO      sin respuesta             -
16/5_11:40_csi            4915168507981        ENVIADO      sin respuesta             -
16/5_13:10_tri            34637484655          ENVIADO      sin respuesta             -
16/5_11:40_csi            4915168507981        ENVIADO      POSITIVA (reacción emoji en texto) review enviada
16/5_13:10_tri            34637484655          ENVIADO      POSITIVA                  review enviada

[2026-05-16 14:23:55] POSITIVO | Fotos nuevas: 6 | Envios OK: 6 | Envios FAIL: 0 | Reviews negativas: 0 | Fotos borradas: 2
[2026-05-16 14:27:34] POSITIVO | Fotos nuevas: 0 | Envios OK: 6 | Envios FAIL: 0 | Reviews negativas: 0 | Fotos borradas: 0
[2026-05-16 14:31:31] POSITIVO | Fotos nuevas: 0 | Envios OK: 6 | Envios FAIL: 0 | Reviews negativas: 0 | Fotos borradas: 0
[2026-05-16 14:35:16] POSITIVO | Fotos nuevas: 0 | Envios OK: 6 | Envios FAIL: 0 | Reviews negativas: 0 | Fotos borradas: 0
[2026-05-16 14:38:53] POSITIVO | Fotos nuevas: 0 | Envios OK: 6 | Envios FAIL: 0 | Reviews negativas: 0 | Fotos borradas: 0
[2026-05-16 14:42:41] POSITIVO | Fotos nuevas: 0 | Envios OK: 6 | Envios FAIL: 0 | Reviews negativas: 0 | Fotos borradas: 0
[2026-05-16 14:46:32] POSITIVO | Fotos nuevas: 0 | Envios OK: 6 | Envios FAIL: 0 | Reviews negativas: 0 | Fotos borradas: 0
[2026-05-16 14:50:14] POSITIVO | Fotos nuevas: 0 | Envios OK: 6 | Envios FAIL: 0 | Reviews negativas: 0 | Fotos borradas: 0

=== SESIÓN 14:53-14:53 (16/05/2026) ===
RESERVA                   TELÉFONO             ESTADO       RESPUESTA                 REVIEW
-----------------------------------------------------------------------------------------------
15/5_17:30_4e/csi         34620615782          ENVIADO      POSITIVA                  review enviada

[2026-05-16 14:54:17] POSITIVO | Fotos nuevas: 0 | Envios OK: 6 | Envios FAIL: 0 | Reviews negativas: 0 | Fotos borradas: 0
[2026-05-16 14:57:29] POSITIVO | Fotos nuevas: 0 | Envios OK: 6 | Envios FAIL: 0 | Reviews negativas: 0 | Fotos borradas: 0
[2026-05-16 15:00:37] POSITIVO | Fotos nuevas: 0 | Envios OK: 6 | Envios FAIL: 0 | Reviews negativas: 0 | Fotos borradas: 0
[2026-05-16 15:03:49] POSITIVO | Fotos nuevas: 0 | Envios OK: 6 | Envios FAIL: 0 | Reviews negativas: 0 | Fotos borradas: 0
[2026-05-16 15:07:03] POSITIVO | Fotos nuevas: 0 | Envios OK: 6 | Envios FAIL: 0 | Reviews negativas: 0 | Fotos borradas: 0
[2026-05-16 15:10:10] POSITIVO | Fotos nuevas: 0 | Envios OK: 6 | Envios FAIL: 0 | Reviews negativas: 0 | Fotos borradas: 0
[2026-05-16 15:13:24] POSITIVO | Fotos nuevas: 0 | Envios OK: 6 | Envios FAIL: 0 | Reviews negativas: 0 | Fotos borradas: 0
[2026-05-16 15:16:41] POSITIVO | Fotos nuevas: 0 | Envios OK: 6 | Envios FAIL: 0 | Reviews negativas: 0 | Fotos borradas: 0
[2026-05-16 15:19:37] POSITIVO | Fotos nuevas: 0 | Envios OK: 6 | Envios FAIL: 0 | Reviews negativas: 0 | Fotos borradas: 0
[2026-05-16 15:22:44] POSITIVO | Fotos nuevas: 0 | Envios OK: 6 | Envios FAIL: 0 | Reviews negativas: 0 | Fotos borradas: 0
[2026-05-16 15:25:55] POSITIVO | Fotos nuevas: 0 | Envios OK: 6 | Envios FAIL: 0 | Reviews negativas: 0 | Fotos borradas: 0
[2026-05-16 15:29:01] POSITIVO | Fotos nuevas: 0 | Envios OK: 6 | Envios FAIL: 0 | Reviews negativas: 0 | Fotos borradas: 0
[2026-05-16 15:32:01] POSITIVO | Fotos nuevas: 0 | Envios OK: 6 | Envios FAIL: 0 | Reviews negativas: 0 | Fotos borradas: 0
[2026-05-16 15:35:06] POSITIVO | Fotos nuevas: 0 | Envios OK: 6 | Envios FAIL: 0 | Reviews negativas: 0 | Fotos borradas: 0
[2026-05-16 15:38:18] POSITIVO | Fotos nuevas: 0 | Envios OK: 6 | Envios FAIL: 0 | Reviews negativas: 0 | Fotos borradas: 0
[2026-05-16 15:41:16] POSITIVO | Fotos nuevas: 0 | Envios OK: 6 | Envios FAIL: 0 | Reviews negativas: 0 | Fotos borradas: 0
[2026-05-16 15:44:28] POSITIVO | Fotos nuevas: 0 | Envios OK: 6 | Envios FAIL: 0 | Reviews negativas: 0 | Fotos borradas: 0
[2026-05-16 15:47:47] POSITIVO | Fotos nuevas: 0 | Envios OK: 6 | Envios FAIL: 0 | Reviews negativas: 0 | Fotos borradas: 0
[2026-05-16 15:50:50] POSITIVO | Fotos nuevas: 0 | Envios OK: 6 | Envios FAIL: 0 | Reviews negativas: 0 | Fotos borradas: 0
[2026-05-16 15:53:58] POSITIVO | Fotos nuevas: 0 | Envios OK: 6 | Envios FAIL: 0 | Reviews negativas: 0 | Fotos borradas: 0
[2026-05-16 15:56:57] POSITIVO | Fotos nuevas: 0 | Envios OK: 6 | Envios FAIL: 0 | Reviews negativas: 0 | Fotos borradas: 0
[2026-05-16 15:59:58] POSITIVO | Fotos nuevas: 0 | Envios OK: 6 | Envios FAIL: 0 | Reviews negativas: 0 | Fotos borradas: 0
[2026-05-16 16:03:15] POSITIVO | Fotos nuevas: 0 | Envios OK: 6 | Envios FAIL: 0 | Reviews negativas: 0 | Fotos borradas: 0
[2026-05-16 16:06:26] POSITIVO | Fotos nuevas: 0 | Envios OK: 6 | Envios FAIL: 0 | Reviews negativas: 0 | Fotos borradas: 0
[2026-05-16 16:09:38] POSITIVO | Fotos nuevas: 0 | Envios OK: 6 | Envios FAIL: 0 | Reviews negativas: 0 | Fotos borradas: 0
[2026-05-16 16:12:50] POSITIVO | Fotos nuevas: 0 | Envios OK: 6 | Envios FAIL: 0 | Reviews negativas: 0 | Fotos borradas: 0
[2026-05-16 16:16:01] POSITIVO | Fotos nuevas: 0 | Envios OK: 6 | Envios FAIL: 0 | Reviews negativas: 0 | Fotos borradas: 0
[2026-05-16 16:19:11] POSITIVO | Fotos nuevas: 0 | Envios OK: 6 | Envios FAIL: 0 | Reviews negativas: 0 | Fotos borradas: 0
[2026-05-16 16:22:15] POSITIVO | Fotos nuevas: 0 | Envios OK: 6 | Envios FAIL: 0 | Reviews negativas: 0 | Fotos borradas: 0
[2026-05-16 16:25:16] POSITIVO | Fotos nuevas: 0 | Envios OK: 6 | Envios FAIL: 0 | Reviews negativas: 0 | Fotos borradas: 0
[2026-05-16 16:28:22] POSITIVO | Fotos nuevas: 0 | Envios OK: 6 | Envios FAIL: 0 | Reviews negativas: 0 | Fotos borradas: 0
[2026-05-16 16:31:33] POSITIVO | Fotos nuevas: 0 | Envios OK: 6 | Envios FAIL: 0 | Reviews negativas: 0 | Fotos borradas: 0
[2026-05-16 17:34:25] POSITIVO | Fotos nuevas: 0 | Envios OK: 6 | Envios FAIL: 0 | Reviews negativas: 0 | Fotos borradas: 0
[2026-05-16 17:52:00] POSITIVO | Fotos nuevas: 0 | Envios OK: 6 | Envios FAIL: 0 | Reviews negativas: 0 | Fotos borradas: 0
[2026-05-16 18:09:37] POSITIVO | Fotos nuevas: 0 | Envios OK: 6 | Envios FAIL: 0 | Reviews negativas: 0 | Fotos borradas: 0

=== SESIÓN 18:26-18:26 (16/05/2026) ===
RESERVA                   TELÉFONO             ESTADO       RESPUESTA                 REVIEW
-----------------------------------------------------------------------------------------------
16/5_17:30_4e             34662691916          ENVIADO      sin respuesta             -

[2026-05-16 18:30:13] POSITIVO | Fotos nuevas: 1 | Envios OK: 7 | Envios FAIL: 0 | Reviews negativas: 0 | Fotos borradas: 0

=== SESIÓN 18:26-18:26 (16/05/2026) ===
RESERVA                   TELÉFONO             ESTADO       RESPUESTA                 REVIEW
-----------------------------------------------------------------------------------------------
16/5_17:30_4e             34662691916          ENVIADO      sin respuesta             -

[2026-05-16 18:48:19] POSITIVO | Fotos nuevas: 0 | Envios OK: 7 | Envios FAIL: 0 | Reviews negativas: 0 | Fotos borradas: 0

=== SESIÓN 18:26-18:26 (16/05/2026) ===
RESERVA                   TELÉFONO             ESTADO       RESPUESTA                 REVIEW
-----------------------------------------------------------------------------------------------
16/5_17:30_4e             34662691916          ENVIADO      sin respuesta             -

[2026-05-16 19:06:46] POSITIVO | Fotos nuevas: 0 | Envios OK: 7 | Envios FAIL: 0 | Reviews negativas: 0 | Fotos borradas: 0

=== SESIÓN 18:26-19:27 (16/05/2026) ===
RESERVA                   TELÉFONO             ESTADO       RESPUESTA                 REVIEW
-----------------------------------------------------------------------------------------------
16/5_17:30_4e             34662691916          ENVIADO      sin respuesta             -
16/5_17:40_csi            34661826756          ENVIADO      sin respuesta             -
15/5_19:00_4e             34680445843          ENVIADO      POSITIVA                  review enviada
16/5_17:40_csi            34661826756          ENVIADO      POSITIVA                  review enviada

[2026-05-16 19:28:44] POSITIVO | Fotos nuevas: 1 | Envios OK: 8 | Envios FAIL: 0 | Reviews negativas: 0 | Fotos borradas: 1

=== SESIÓN 18:26-19:27 (16/05/2026) ===
RESERVA                   TELÉFONO             ESTADO       RESPUESTA                 REVIEW
-----------------------------------------------------------------------------------------------
16/5_17:30_4e             34662691916          ENVIADO      sin respuesta             -
16/5_17:40_csi            34661826756          ENVIADO      sin respuesta             -
15/5_19:00_4e             34680445843          ENVIADO      POSITIVA                  review enviada
16/5_17:40_csi            34661826756          ENVIADO      POSITIVA                  review enviada

[2026-05-16 19:46:25] POSITIVO | Fotos nuevas: 0 | Envios OK: 8 | Envios FAIL: 0 | Reviews negativas: 0 | Fotos borradas: 0

=== SESIÓN 18:26-19:27 (16/05/2026) ===
RESERVA                   TELÉFONO             ESTADO       RESPUESTA                 REVIEW
-----------------------------------------------------------------------------------------------
16/5_17:30_4e             34662691916          ENVIADO      sin respuesta             -
16/5_17:40_csi            34661826756          ENVIADO      sin respuesta             -
15/5_19:00_4e             34680445843          ENVIADO      POSITIVA                  review enviada
16/5_17:40_csi            34661826756          ENVIADO      POSITIVA                  review enviada

[2026-05-16 20:04:17] POSITIVO | Fotos nuevas: 0 | Envios OK: 8 | Envios FAIL: 0 | Reviews negativas: 0 | Fotos borradas: 0

=== SESIÓN 18:26-20:24 (16/05/2026) ===
RESERVA                   TELÉFONO             ESTADO       RESPUESTA                 REVIEW
-----------------------------------------------------------------------------------------------
16/5_17:30_4e             34662691916          ENVIADO      sin respuesta             -
16/5_17:40_csi            34661826756          ENVIADO      sin respuesta             -
15/5_19:00_4e             34680445843          ENVIADO      POSITIVA                  review enviada
16/5_17:40_csi            34661826756          ENVIADO      POSITIVA                  review enviada
16/5_19:10_csi            34676007933          ENVIADO      sin respuesta             -
16/5_19:10_csi            34676007933          ENVIADO      POSITIVA                  review enviada

[2026-05-16 20:25:44] POSITIVO | Fotos nuevas: 1 | Envios OK: 9 | Envios FAIL: 0 | Reviews negativas: 0 | Fotos borradas: 0

=== SESIÓN 18:26-20:24 (16/05/2026) ===
RESERVA                   TELÉFONO             ESTADO       RESPUESTA                 REVIEW
-----------------------------------------------------------------------------------------------
16/5_17:30_4e             34662691916          ENVIADO      sin respuesta             -
16/5_17:40_csi            34661826756          ENVIADO      sin respuesta             -
15/5_19:00_4e             34680445843          ENVIADO      POSITIVA                  review enviada
16/5_17:40_csi            34661826756          ENVIADO      POSITIVA                  review enviada
16/5_19:10_csi            34676007933          ENVIADO      sin respuesta             -
16/5_19:10_csi            34676007933          ENVIADO      POSITIVA                  review enviada

[2026-05-16 20:43:31] POSITIVO | Fotos nuevas: 0 | Envios OK: 9 | Envios FAIL: 0 | Reviews negativas: 0 | Fotos borradas: 0

=== SESIÓN 18:26-21:00 (16/05/2026) ===
RESERVA                   TELÉFONO             ESTADO       RESPUESTA                 REVIEW
-----------------------------------------------------------------------------------------------
16/5_17:30_4e             34662691916          ENVIADO      sin respuesta             -
16/5_17:40_csi            34661826756          ENVIADO      sin respuesta             -
15/5_19:00_4e             34680445843          ENVIADO      POSITIVA                  review enviada
16/5_17:40_csi            34661826756          ENVIADO      POSITIVA                  review enviada
16/5_19:10_csi            34676007933          ENVIADO      sin respuesta             -
16/5_19:10_csi            34676007933          ENVIADO      POSITIVA                  review enviada
16/5_19:00_4e             34%C2%A0635%C2%A088%C2%A014%C2%A013%E2%80%AC ENVIADO      sin respuesta             -

[2026-05-16 21:04:36] POSITIVO | Fotos nuevas: 1 | Envios OK: 10 | Envios FAIL: 0 | Reviews negativas: 0 | Fotos borradas: 1

=== SESIÓN 18:26-21:00 (16/05/2026) ===
RESERVA                   TELÉFONO             ESTADO       RESPUESTA                 REVIEW
-----------------------------------------------------------------------------------------------
16/5_17:30_4e             34662691916          ENVIADO      sin respuesta             -
16/5_17:40_csi            34661826756          ENVIADO      sin respuesta             -
15/5_19:00_4e             34680445843          ENVIADO      POSITIVA                  review enviada
16/5_17:40_csi            34661826756          ENVIADO      POSITIVA                  review enviada
16/5_19:10_csi            34676007933          ENVIADO      sin respuesta             -
16/5_19:10_csi            34676007933          ENVIADO      POSITIVA                  review enviada
16/5_19:00_4e             34%C2%A0635%C2%A088%C2%A014%C2%A013%E2%80%AC ENVIADO      sin respuesta             -

[2026-05-16 21:23:26] POSITIVO | Fotos nuevas: 0 | Envios OK: 10 | Envios FAIL: 0 | Reviews negativas: 0 | Fotos borradas: 0

=== SESIÓN 18:26-21:42 (16/05/2026) ===
RESERVA                   TELÉFONO             ESTADO       RESPUESTA                 REVIEW
-----------------------------------------------------------------------------------------------
16/5_17:30_4e             34662691916          ENVIADO      sin respuesta             -
16/5_17:40_csi            34661826756          ENVIADO      sin respuesta             -
15/5_19:00_4e             34680445843          ENVIADO      POSITIVA                  review enviada
16/5_17:40_csi            34661826756          ENVIADO      POSITIVA                  review enviada
16/5_19:10_csi            34676007933          ENVIADO      sin respuesta             -
16/5_19:10_csi            34676007933          ENVIADO      POSITIVA                  review enviada
16/5_19:00_4e             34%C2%A0635%C2%A088%C2%A014%C2%A013%E2%80%AC ENVIADO      sin respuesta             -
16/5_19:00_4e             34%C2%A0635%C2%A088%C2%A014%C2%A013%E2%80%AC ENVIADO      POSITIVA                  review enviada

[2026-05-16 21:42:24] POSITIVO | Fotos nuevas: 0 | Envios OK: 10 | Envios FAIL: 0 | Reviews negativas: 0 | Fotos borradas: 0

=== SESIÓN 18:26-21:59 (16/05/2026) ===
RESERVA                   TELÉFONO             ESTADO       RESPUESTA                 REVIEW
-----------------------------------------------------------------------------------------------
16/5_17:30_4e             34662691916          ENVIADO      sin respuesta             -
16/5_17:40_csi            34661826756          ENVIADO      sin respuesta             -
15/5_19:00_4e             34680445843          ENVIADO      POSITIVA                  review enviada
16/5_17:40_csi            34661826756          ENVIADO      POSITIVA                  review enviada
16/5_19:10_csi            34676007933          ENVIADO      sin respuesta             -
16/5_19:10_csi            34676007933          ENVIADO      POSITIVA                  review enviada
16/5_19:00_4e             34%C2%A0635%C2%A088%C2%A014%C2%A013%E2%80%AC ENVIADO      sin respuesta             -
16/5_19:00_4e             34%C2%A0635%C2%A088%C2%A014%C2%A013%E2%80%AC ENVIADO      POSITIVA                  review enviada
16/5_20:40_csi            34670238951          ENVIADO      sin respuesta             -

[2026-05-16 22:03:43] POSITIVO | Fotos nuevas: 1 | Envios OK: 11 | Envios FAIL: 0 | Reviews negativas: 0 | Fotos borradas: 1

=== SESIÓN 18:26-21:59 (16/05/2026) ===
RESERVA                   TELÉFONO             ESTADO       RESPUESTA                 REVIEW
-----------------------------------------------------------------------------------------------
16/5_17:30_4e             34662691916          ENVIADO      sin respuesta             -
16/5_17:40_csi            34661826756          ENVIADO      sin respuesta             -
15/5_19:00_4e             34680445843          ENVIADO      POSITIVA                  review enviada
16/5_17:40_csi            34661826756          ENVIADO      POSITIVA                  review enviada
16/5_19:10_csi            34676007933          ENVIADO      sin respuesta             -
16/5_19:10_csi            34676007933          ENVIADO      POSITIVA                  review enviada
16/5_19:00_4e             34%C2%A0635%C2%A088%C2%A014%C2%A013%E2%80%AC ENVIADO      sin respuesta             -
16/5_19:00_4e             34%C2%A0635%C2%A088%C2%A014%C2%A013%E2%80%AC ENVIADO      POSITIVA                  review enviada
16/5_20:40_csi            34670238951          ENVIADO      sin respuesta             -

[2026-05-16 22:22:17] POSITIVO | Fotos nuevas: 0 | Envios OK: 11 | Envios FAIL: 0 | Reviews negativas: 0 | Fotos borradas: 0

=== SESIÓN 18:26-21:59 (16/05/2026) ===
RESERVA                   TELÉFONO             ESTADO       RESPUESTA                 REVIEW
-----------------------------------------------------------------------------------------------
16/5_17:30_4e             34662691916          ENVIADO      sin respuesta             -
16/5_17:40_csi            34661826756          ENVIADO      sin respuesta             -
15/5_19:00_4e             34680445843          ENVIADO      POSITIVA                  review enviada
16/5_17:40_csi            34661826756          ENVIADO      POSITIVA                  review enviada
16/5_19:10_csi            34676007933          ENVIADO      sin respuesta             -
16/5_19:10_csi            34676007933          ENVIADO      POSITIVA                  review enviada
16/5_19:00_4e             34%C2%A0635%C2%A088%C2%A014%C2%A013%E2%80%AC ENVIADO      sin respuesta             -
16/5_19:00_4e             34%C2%A0635%C2%A088%C2%A014%C2%A013%E2%80%AC ENVIADO      POSITIVA                  review enviada
16/5_20:40_csi            34670238951          ENVIADO      sin respuesta             -

[2026-05-16 22:40:41] POSITIVO | Fotos nuevas: 0 | Envios OK: 11 | Envios FAIL: 0 | Reviews negativas: 0 | Fotos borradas: 0

=== SESIÓN 18:26-21:59 (16/05/2026) ===
RESERVA                   TELÉFONO             ESTADO       RESPUESTA                 REVIEW
-----------------------------------------------------------------------------------------------
16/5_17:30_4e             34662691916          ENVIADO      sin respuesta             -
16/5_17:40_csi            34661826756          ENVIADO      sin respuesta             -
15/5_19:00_4e             34680445843          ENVIADO      POSITIVA                  review enviada
16/5_17:40_csi            34661826756          ENVIADO      POSITIVA                  review enviada
16/5_19:10_csi            34676007933          ENVIADO      sin respuesta             -
16/5_19:10_csi            34676007933          ENVIADO      POSITIVA                  review enviada
16/5_19:00_4e             34%C2%A0635%C2%A088%C2%A014%C2%A013%E2%80%AC ENVIADO      sin respuesta             -
16/5_19:00_4e             34%C2%A0635%C2%A088%C2%A014%C2%A013%E2%80%AC ENVIADO      POSITIVA                  review enviada
16/5_20:40_csi            34670238951          ENVIADO      sin respuesta             -

[2026-05-16 22:59:32] POSITIVO | Fotos nuevas: 0 | Envios OK: 11 | Envios FAIL: 0 | Reviews negativas: 0 | Fotos borradas: 0
