
=== SESIÓN 10:13-10:13 (29/04/2026) ===
RESERVA                   TELÉFONO             ESTADO       RESPUESTA                 REVIEW
-----------------------------------------------------------------------------------------------
25/4_11:30_4e             34%C2%A0674%C2%A055%C2%A021%C2%A033%E2%80%AC ENVIADO      recordatorio FALLIDO (chat_input_not_found) -
25/4_17:40_csi            34%C2%A0675%C2%A077%C2%A080%C2%A073%E2%80%AC ENVIADO      recordatorio FALLIDO (chat_input_not_found) -
26/4_13:10_csi            34681874418          ENVIADO      recordatorio FALLIDO (chat_input_not_found) -

[2026-04-29 10:13:51] POSITIVO | Fotos nuevas: 0 | Envios OK: 0 | Envios FAIL: 0 | Reviews negativas: 0 | Fotos borradas: 0

=== SESIÓN 10:28-10:28 (29/04/2026) ===
RESERVA                   TELÉFONO             ESTADO       RESPUESTA                 REVIEW
-----------------------------------------------------------------------------------------------
25/4_11:30_4e             34%C2%A0674%C2%A055%C2%A021%C2%A033%E2%80%AC ENVIADO      recordatorio FALLIDO (chat_input_not_found) -
25/4_17:40_csi            34%C2%A0675%C2%A077%C2%A080%C2%A073%E2%80%AC ENVIADO      recordatorio FALLIDO (chat_input_not_found) -
26/4_13:10_csi            34681874418          ENVIADO      recordatorio FALLIDO (chat_input_not_found) -

[2026-04-29 10:28:46] POSITIVO | Fotos nuevas: 0 | Envios OK: 0 | Envios FAIL: 0 | Reviews negativas: 0 | Fotos borradas: 0

=== SESIÓN 10:42-10:43 (29/04/2026) ===
RESERVA                   TELÉFONO             ESTADO       RESPUESTA                 REVIEW
-----------------------------------------------------------------------------------------------
25/4_11:30_4e             34%C2%A0674%C2%A055%C2%A021%C2%A033%E2%80%AC ENVIADO      recordatorio FALLIDO (chat_input_not_found) -
25/4_17:40_csi            34%C2%A0675%C2%A077%C2%A080%C2%A073%E2%80%AC ENVIADO      recordatorio FALLIDO (chat_input_not_found) -
26/4_13:10_csi            34681874418          ENVIADO      recordatorio FALLIDO (chat_input_not_found) -

[2026-04-29 10:43:55] POSITIVO | Fotos nuevas: 0 | Envios OK: 0 | Envios FAIL: 0 | Reviews negativas: 0 | Fotos borradas: 0

=== SESIÓN 10:57-10:58 (29/04/2026) ===
RESERVA                   TELÉFONO             ESTADO       RESPUESTA                 REVIEW
-----------------------------------------------------------------------------------------------
25/4_11:30_4e             34%C2%A0674%C2%A055%C2%A021%C2%A033%E2%80%AC ENVIADO      recordatorio FALLIDO (chat_input_not_found) -
25/4_17:40_csi            34%C2%A0675%C2%A077%C2%A080%C2%A073%E2%80%AC ENVIADO      recordatorio FALLIDO (chat_input_not_found) -
26/4_13:10_csi            34681874418          ENVIADO      recordatorio FALLIDO (chat_input_not_found) -

[2026-04-29 10:58:27] POSITIVO | Fotos nuevas: 0 | Envios OK: 0 | Envios FAIL: 0 | Reviews negativas: 0 | Fotos borradas: 0

=== SESIÓN 11:12-11:13 (29/04/2026) ===
RESERVA                   TELÉFONO             ESTADO       RESPUESTA                 REVIEW
-----------------------------------------------------------------------------------------------
25/4_11:30_4e             34%C2%A0674%C2%A055%C2%A021%C2%A033%E2%80%AC ENVIADO      recordatorio FALLIDO (chat_input_not_found) -
25/4_17:40_csi            34%C2%A0675%C2%A077%C2%A080%C2%A073%E2%80%AC ENVIADO      recordatorio FALLIDO (chat_input_not_found) -
26/4_13:10_csi            34681874418          ENVIADO      recordatorio FALLIDO (chat_input_not_found) -

[2026-04-29 11:13:23] POSITIVO | Fotos nuevas: 0 | Envios OK: 0 | Envios FAIL: 0 | Reviews negativas: 0 | Fotos borradas: 0

=== SESIÓN 11:27-11:28 (29/04/2026) ===
RESERVA                   TELÉFONO             ESTADO       RESPUESTA                 REVIEW
-----------------------------------------------------------------------------------------------
25/4_11:30_4e             34%C2%A0674%C2%A055%C2%A021%C2%A033%E2%80%AC ENVIADO      recordatorio FALLIDO (chat_input_not_found) -
25/4_17:40_csi            34%C2%A0675%C2%A077%C2%A080%C2%A073%E2%80%AC ENVIADO      recordatorio FALLIDO (chat_input_not_found) -
26/4_13:10_csi            34681874418          ENVIADO      recordatorio FALLIDO (chat_input_not_found) -

[2026-04-29 11:28:29] POSITIVO | Fotos nuevas: 0 | Envios OK: 0 | Envios FAIL: 0 | Reviews negativas: 0 | Fotos borradas: 0

=== SESIÓN 11:42-11:43 (29/04/2026) ===
RESERVA                   TELÉFONO             ESTADO       RESPUESTA                 REVIEW
-----------------------------------------------------------------------------------------------
25/4_11:30_4e             34%C2%A0674%C2%A055%C2%A021%C2%A033%E2%80%AC ENVIADO      recordatorio FALLIDO (chat_input_not_found) -
25/4_17:40_csi            34%C2%A0675%C2%A077%C2%A080%C2%A073%E2%80%AC ENVIADO      recordatorio FALLIDO (chat_input_not_found) -
26/4_13:10_csi            34681874418          ENVIADO      recordatorio FALLIDO (chat_input_not_found) -

[2026-04-29 11:43:25] POSITIVO | Fotos nuevas: 0 | Envios OK: 0 | Envios FAIL: 0 | Reviews negativas: 0 | Fotos borradas: 0

=== SESIÓN 11:57-11:58 (29/04/2026) ===
RESERVA                   TELÉFONO             ESTADO       RESPUESTA                 REVIEW
-----------------------------------------------------------------------------------------------
25/4_11:30_4e             34%C2%A0674%C2%A055%C2%A021%C2%A033%E2%80%AC ENVIADO      recordatorio FALLIDO (chat_input_not_found) -
25/4_17:40_csi            34%C2%A0675%C2%A077%C2%A080%C2%A073%E2%80%AC ENVIADO      recordatorio FALLIDO (chat_input_not_found) -
26/4_13:10_csi            34681874418          ENVIADO      recordatorio FALLIDO (chat_input_not_found) -

[2026-04-29 11:58:29] POSITIVO | Fotos nuevas: 0 | Envios OK: 0 | Envios FAIL: 0 | Reviews negativas: 0 | Fotos borradas: 0

=== SESIÓN 12:12-12:13 (29/04/2026) ===
RESERVA                   TELÉFONO             ESTADO       RESPUESTA                 REVIEW
-----------------------------------------------------------------------------------------------
25/4_11:30_4e             34%C2%A0674%C2%A055%C2%A021%C2%A033%E2%80%AC ENVIADO      recordatorio FALLIDO (chat_input_not_found) -
25/4_17:40_csi            34%C2%A0675%C2%A077%C2%A080%C2%A073%E2%80%AC ENVIADO      recordatorio FALLIDO (chat_input_not_found) -
26/4_13:10_csi            34681874418          ENVIADO      recordatorio FALLIDO (chat_input_not_found) -

[2026-04-29 12:13:19] POSITIVO | Fotos nuevas: 0 | Envios OK: 0 | Envios FAIL: 0 | Reviews negativas: 0 | Fotos borradas: 0

=== SESIÓN 12:27-12:28 (29/04/2026) ===
RESERVA                   TELÉFONO             ESTADO       RESPUESTA                 REVIEW
-----------------------------------------------------------------------------------------------
25/4_11:30_4e             34%C2%A0674%C2%A055%C2%A021%C2%A033%E2%80%AC ENVIADO      recordatorio FALLIDO (chat_input_not_found) -
25/4_17:40_csi            34%C2%A0675%C2%A077%C2%A080%C2%A073%E2%80%AC ENVIADO      recordatorio FALLIDO (chat_input_not_found) -
26/4_13:10_csi            34681874418          ENVIADO      recordatorio FALLIDO (chat_input_not_found) -

[2026-04-29 12:28:19] POSITIVO | Fotos nuevas: 0 | Envios OK: 0 | Envios FAIL: 0 | Reviews negativas: 0 | Fotos borradas: 0

=== SESIÓN 12:42-12:43 (29/04/2026) ===
RESERVA                   TELÉFONO             ESTADO       RESPUESTA                 REVIEW
-----------------------------------------------------------------------------------------------
25/4_11:30_4e             34%C2%A0674%C2%A055%C2%A021%C2%A033%E2%80%AC ENVIADO      recordatorio FALLIDO (chat_input_not_found) -
25/4_17:40_csi            34%C2%A0675%C2%A077%C2%A080%C2%A073%E2%80%AC ENVIADO      recordatorio FALLIDO (chat_input_not_found) -
26/4_13:10_csi            34681874418          ENVIADO      recordatorio FALLIDO (chat_input_not_found) -

[2026-04-29 12:43:19] POSITIVO | Fotos nuevas: 0 | Envios OK: 0 | Envios FAIL: 0 | Reviews negativas: 0 | Fotos borradas: 0

=== SESIÓN 12:57-12:58 (29/04/2026) ===
RESERVA                   TELÉFONO             ESTADO       RESPUESTA                 REVIEW
-----------------------------------------------------------------------------------------------
25/4_11:30_4e             34%C2%A0674%C2%A055%C2%A021%C2%A033%E2%80%AC ENVIADO      recordatorio FALLIDO (chat_input_not_found) -
25/4_17:40_csi            34%C2%A0675%C2%A077%C2%A080%C2%A073%E2%80%AC ENVIADO      recordatorio FALLIDO (chat_input_not_found) -
26/4_13:10_csi            34681874418          ENVIADO      recordatorio FALLIDO (chat_input_not_found) -

[2026-04-29 12:58:18] POSITIVO | Fotos nuevas: 0 | Envios OK: 0 | Envios FAIL: 0 | Reviews negativas: 0 | Fotos borradas: 0

=== SESIÓN 13:12-13:13 (29/04/2026) ===
RESERVA                   TELÉFONO             ESTADO       RESPUESTA                 REVIEW
-----------------------------------------------------------------------------------------------
25/4_11:30_4e             34%C2%A0674%C2%A055%C2%A021%C2%A033%E2%80%AC ENVIADO      recordatorio FALLIDO (chat_input_not_found) -
25/4_17:40_csi            34%C2%A0675%C2%A077%C2%A080%C2%A073%E2%80%AC ENVIADO      recordatorio FALLIDO (chat_input_not_found) -
26/4_13:10_csi            34681874418          ENVIADO      recordatorio FALLIDO (chat_input_not_found) -

[2026-04-29 13:13:23] POSITIVO | Fotos nuevas: 0 | Envios OK: 0 | Envios FAIL: 0 | Reviews negativas: 0 | Fotos borradas: 0

=== SESIÓN 13:27-13:28 (29/04/2026) ===
RESERVA                   TELÉFONO             ESTADO       RESPUESTA                 REVIEW
-----------------------------------------------------------------------------------------------
25/4_11:30_4e             34%C2%A0674%C2%A055%C2%A021%C2%A033%E2%80%AC ENVIADO      recordatorio FALLIDO (chat_input_not_found) -
25/4_17:40_csi            34%C2%A0675%C2%A077%C2%A080%C2%A073%E2%80%AC ENVIADO      recordatorio FALLIDO (chat_input_not_found) -
26/4_13:10_csi            34681874418          ENVIADO      recordatorio FALLIDO (chat_input_not_found) -

[2026-04-29 13:28:21] POSITIVO | Fotos nuevas: 0 | Envios OK: 0 | Envios FAIL: 0 | Reviews negativas: 0 | Fotos borradas: 0

=== SESIÓN 13:42-13:43 (29/04/2026) ===
RESERVA                   TELÉFONO             ESTADO       RESPUESTA                 REVIEW
-----------------------------------------------------------------------------------------------
25/4_11:30_4e             34%C2%A0674%C2%A055%C2%A021%C2%A033%E2%80%AC ENVIADO      recordatorio FALLIDO (chat_input_not_found) -
25/4_17:40_csi            34%C2%A0675%C2%A077%C2%A080%C2%A073%E2%80%AC ENVIADO      recordatorio FALLIDO (chat_input_not_found) -
26/4_13:10_csi            34681874418          ENVIADO      recordatorio FALLIDO (chat_input_not_found) -

[2026-04-29 13:43:25] POSITIVO | Fotos nuevas: 0 | Envios OK: 0 | Envios FAIL: 0 | Reviews negativas: 0 | Fotos borradas: 0

=== SESIÓN 13:57-13:58 (29/04/2026) ===
RESERVA                   TELÉFONO             ESTADO       RESPUESTA                 REVIEW
-----------------------------------------------------------------------------------------------
25/4_11:30_4e             34%C2%A0674%C2%A055%C2%A021%C2%A033%E2%80%AC ENVIADO      recordatorio FALLIDO (chat_input_not_found) -
25/4_17:40_csi            34%C2%A0675%C2%A077%C2%A080%C2%A073%E2%80%AC ENVIADO      recordatorio FALLIDO (chat_input_not_found) -
26/4_13:10_csi            34681874418          ENVIADO      recordatorio FALLIDO (chat_input_not_found) -

[2026-04-29 13:58:26] POSITIVO | Fotos nuevas: 0 | Envios OK: 0 | Envios FAIL: 0 | Reviews negativas: 0 | Fotos borradas: 0

=== SESIÓN 14:12-14:13 (29/04/2026) ===
RESERVA                   TELÉFONO             ESTADO       RESPUESTA                 REVIEW
-----------------------------------------------------------------------------------------------
25/4_11:30_4e             34%C2%A0674%C2%A055%C2%A021%C2%A033%E2%80%AC ENVIADO      recordatorio FALLIDO (chat_input_not_found) -
25/4_17:40_csi            34%C2%A0675%C2%A077%C2%A080%C2%A073%E2%80%AC ENVIADO      recordatorio FALLIDO (chat_input_not_found) -
26/4_13:10_csi            34681874418          ENVIADO      recordatorio FALLIDO (chat_input_not_found) -

[2026-04-29 14:13:22] POSITIVO | Fotos nuevas: 0 | Envios OK: 0 | Envios FAIL: 0 | Reviews negativas: 0 | Fotos borradas: 0

=== SESIÓN 14:28-14:28 (29/04/2026) ===
RESERVA                   TELÉFONO             ESTADO       RESPUESTA                 REVIEW
-----------------------------------------------------------------------------------------------
25/4_17:40_csi            34%C2%A0675%C2%A077%C2%A080%C2%A073%E2%80%AC ENVIADO      recordatorio FALLIDO (chat_input_not_found) -
26/4_13:10_csi            34681874418          ENVIADO      recordatorio FALLIDO (chat_input_not_found) -

[2026-04-29 14:28:25] POSITIVO | Fotos nuevas: 0 | Envios OK: 0 | Envios FAIL: 0 | Reviews negativas: 0 | Fotos borradas: 0

=== SESIÓN 14:42-14:43 (29/04/2026) ===
RESERVA                   TELÉFONO             ESTADO       RESPUESTA                 REVIEW
-----------------------------------------------------------------------------------------------
25/4_17:40_csi            34%C2%A0675%C2%A077%C2%A080%C2%A073%E2%80%AC ENVIADO      recordatorio FALLIDO (chat_input_not_found) -
26/4_13:10_csi            34681874418          ENVIADO      recordatorio FALLIDO (chat_input_not_found) -

[2026-04-29 14:43:12] POSITIVO | Fotos nuevas: 0 | Envios OK: 0 | Envios FAIL: 0 | Reviews negativas: 0 | Fotos borradas: 0

=== SESIÓN 14:57-14:58 (29/04/2026) ===
RESERVA                   TELÉFONO             ESTADO       RESPUESTA                 REVIEW
-----------------------------------------------------------------------------------------------
25/4_17:40_csi            34%C2%A0675%C2%A077%C2%A080%C2%A073%E2%80%AC ENVIADO      recordatorio FALLIDO (chat_input_not_found) -
26/4_13:10_csi            34681874418          ENVIADO      recordatorio FALLIDO (chat_input_not_found) -

[2026-04-29 14:58:18] POSITIVO | Fotos nuevas: 0 | Envios OK: 0 | Envios FAIL: 0 | Reviews negativas: 0 | Fotos borradas: 0

=== SESIÓN 15:12-15:13 (29/04/2026) ===
RESERVA                   TELÉFONO             ESTADO       RESPUESTA                 REVIEW
-----------------------------------------------------------------------------------------------
25/4_17:40_csi            34%C2%A0675%C2%A077%C2%A080%C2%A073%E2%80%AC ENVIADO      recordatorio FALLIDO (chat_input_not_found) -
26/4_13:10_csi            34681874418          ENVIADO      recordatorio FALLIDO (chat_input_not_found) -

[2026-04-29 15:13:10] POSITIVO | Fotos nuevas: 0 | Envios OK: 0 | Envios FAIL: 0 | Reviews negativas: 0 | Fotos borradas: 0

=== SESIÓN 15:27-15:28 (29/04/2026) ===
RESERVA                   TELÉFONO             ESTADO       RESPUESTA                 REVIEW
-----------------------------------------------------------------------------------------------
25/4_17:40_csi            34%C2%A0675%C2%A077%C2%A080%C2%A073%E2%80%AC ENVIADO      recordatorio FALLIDO (chat_input_not_found) -
26/4_13:10_csi            34681874418          ENVIADO      recordatorio FALLIDO (chat_input_not_found) -

[2026-04-29 15:28:09] POSITIVO | Fotos nuevas: 0 | Envios OK: 0 | Envios FAIL: 0 | Reviews negativas: 0 | Fotos borradas: 0

=== SESIÓN 15:42-15:43 (29/04/2026) ===
RESERVA                   TELÉFONO             ESTADO       RESPUESTA                 REVIEW
-----------------------------------------------------------------------------------------------
25/4_17:40_csi            34%C2%A0675%C2%A077%C2%A080%C2%A073%E2%80%AC ENVIADO      recordatorio FALLIDO (chat_input_not_found) -
26/4_13:10_csi            34681874418          ENVIADO      recordatorio FALLIDO (chat_input_not_found) -

[2026-04-29 15:43:08] POSITIVO | Fotos nuevas: 0 | Envios OK: 0 | Envios FAIL: 0 | Reviews negativas: 0 | Fotos borradas: 0

=== SESIÓN 15:57-15:58 (29/04/2026) ===
RESERVA                   TELÉFONO             ESTADO       RESPUESTA                 REVIEW
-----------------------------------------------------------------------------------------------
25/4_17:40_csi            34%C2%A0675%C2%A077%C2%A080%C2%A073%E2%80%AC ENVIADO      recordatorio FALLIDO (chat_input_not_found) -
26/4_13:10_csi            34681874418          ENVIADO      recordatorio FALLIDO (chat_input_not_found) -

[2026-04-29 15:58:14] POSITIVO | Fotos nuevas: 0 | Envios OK: 0 | Envios FAIL: 0 | Reviews negativas: 0 | Fotos borradas: 0

=== SESIÓN 16:12-16:13 (29/04/2026) ===
RESERVA                   TELÉFONO             ESTADO       RESPUESTA                 REVIEW
-----------------------------------------------------------------------------------------------
25/4_17:40_csi            34%C2%A0675%C2%A077%C2%A080%C2%A073%E2%80%AC ENVIADO      recordatorio FALLIDO (chat_input_not_found) -
26/4_13:10_csi            34681874418          ENVIADO      recordatorio FALLIDO (chat_input_not_found) -

[2026-04-29 16:13:09] POSITIVO | Fotos nuevas: 0 | Envios OK: 0 | Envios FAIL: 0 | Reviews negativas: 0 | Fotos borradas: 0

=== SESIÓN 16:27-16:28 (29/04/2026) ===
RESERVA                   TELÉFONO             ESTADO       RESPUESTA                 REVIEW
-----------------------------------------------------------------------------------------------
25/4_17:40_csi            34%C2%A0675%C2%A077%C2%A080%C2%A073%E2%80%AC ENVIADO      recordatorio FALLIDO (chat_input_not_found) -
26/4_13:10_csi            34681874418          ENVIADO      recordatorio FALLIDO (chat_input_not_found) -

[2026-04-29 16:28:08] POSITIVO | Fotos nuevas: 0 | Envios OK: 0 | Envios FAIL: 0 | Reviews negativas: 0 | Fotos borradas: 0

=== SESIÓN 16:43-16:43 (29/04/2026) ===
RESERVA                   TELÉFONO             ESTADO       RESPUESTA                 REVIEW
-----------------------------------------------------------------------------------------------
25/4_17:40_csi            34%C2%A0675%C2%A077%C2%A080%C2%A073%E2%80%AC ENVIADO      recordatorio FALLIDO (chat_input_not_found) -
26/4_13:10_csi            34681874418          ENVIADO      recordatorio FALLIDO (chat_input_not_found) -

[2026-04-29 16:43:27] POSITIVO | Fotos nuevas: 0 | Envios OK: 0 | Envios FAIL: 0 | Reviews negativas: 0 | Fotos borradas: 0

=== SESIÓN 16:57-16:58 (29/04/2026) ===
RESERVA                   TELÉFONO             ESTADO       RESPUESTA                 REVIEW
-----------------------------------------------------------------------------------------------
25/4_17:40_csi            34%C2%A0675%C2%A077%C2%A080%C2%A073%E2%80%AC ENVIADO      recordatorio FALLIDO (chat_input_not_found) -
26/4_13:10_csi            34681874418          ENVIADO      recordatorio FALLIDO (chat_input_not_found) -

[2026-04-29 16:58:12] POSITIVO | Fotos nuevas: 0 | Envios OK: 0 | Envios FAIL: 0 | Reviews negativas: 0 | Fotos borradas: 0

=== SESIÓN 17:13-17:13 (29/04/2026) ===
RESERVA                   TELÉFONO             ESTADO       RESPUESTA                 REVIEW
-----------------------------------------------------------------------------------------------
25/4_17:40_csi            34%C2%A0675%C2%A077%C2%A080%C2%A073%E2%80%AC ENVIADO      recordatorio FALLIDO (chat_input_not_found) -
26/4_13:10_csi            34681874418          ENVIADO      recordatorio FALLIDO (chat_input_not_found) -

[2026-04-29 17:13:25] POSITIVO | Fotos nuevas: 0 | Envios OK: 0 | Envios FAIL: 0 | Reviews negativas: 0 | Fotos borradas: 0

=== SESIÓN 17:27-17:28 (29/04/2026) ===
RESERVA                   TELÉFONO             ESTADO       RESPUESTA                 REVIEW
-----------------------------------------------------------------------------------------------
25/4_17:40_csi            34%C2%A0675%C2%A077%C2%A080%C2%A073%E2%80%AC ENVIADO      recordatorio FALLIDO (chat_input_not_found) -
26/4_13:10_csi            34681874418          ENVIADO      recordatorio FALLIDO (chat_input_not_found) -

[2026-04-29 17:28:16] POSITIVO | Fotos nuevas: 0 | Envios OK: 0 | Envios FAIL: 0 | Reviews negativas: 0 | Fotos borradas: 0

=== SESIÓN 17:42-17:43 (29/04/2026) ===
RESERVA                   TELÉFONO             ESTADO       RESPUESTA                 REVIEW
-----------------------------------------------------------------------------------------------
25/4_17:40_csi            34%C2%A0675%C2%A077%C2%A080%C2%A073%E2%80%AC ENVIADO      recordatorio FALLIDO (chat_input_not_found) -
26/4_13:10_csi            34681874418          ENVIADO      recordatorio FALLIDO (chat_input_not_found) -

[2026-04-29 17:43:11] POSITIVO | Fotos nuevas: 0 | Envios OK: 0 | Envios FAIL: 0 | Reviews negativas: 0 | Fotos borradas: 0

=== SESIÓN 17:57-17:58 (29/04/2026) ===
RESERVA                   TELÉFONO             ESTADO       RESPUESTA                 REVIEW
-----------------------------------------------------------------------------------------------
25/4_17:40_csi            34%C2%A0675%C2%A077%C2%A080%C2%A073%E2%80%AC ENVIADO      recordatorio FALLIDO (chat_input_not_found) -
26/4_13:10_csi            34681874418          ENVIADO      recordatorio FALLIDO (chat_input_not_found) -

[2026-04-29 17:58:14] POSITIVO | Fotos nuevas: 0 | Envios OK: 0 | Envios FAIL: 0 | Reviews negativas: 0 | Fotos borradas: 0

=== SESIÓN 18:12-18:13 (29/04/2026) ===
RESERVA                   TELÉFONO             ESTADO       RESPUESTA                 REVIEW
-----------------------------------------------------------------------------------------------
25/4_17:40_csi            34%C2%A0675%C2%A077%C2%A080%C2%A073%E2%80%AC ENVIADO      recordatorio FALLIDO (chat_input_not_found) -
26/4_13:10_csi            34681874418          ENVIADO      recordatorio FALLIDO (chat_input_not_found) -

[2026-04-29 18:13:10] POSITIVO | Fotos nuevas: 0 | Envios OK: 0 | Envios FAIL: 0 | Reviews negativas: 0 | Fotos borradas: 0

=== SESIÓN 18:27-18:28 (29/04/2026) ===
RESERVA                   TELÉFONO             ESTADO       RESPUESTA                 REVIEW
-----------------------------------------------------------------------------------------------
25/4_17:40_csi            34%C2%A0675%C2%A077%C2%A080%C2%A073%E2%80%AC ENVIADO      recordatorio FALLIDO (chat_input_not_found) -
26/4_13:10_csi            34681874418          ENVIADO      recordatorio FALLIDO (chat_input_not_found) -

[2026-04-29 18:28:07] POSITIVO | Fotos nuevas: 0 | Envios OK: 0 | Envios FAIL: 0 | Reviews negativas: 0 | Fotos borradas: 0

=== SESIÓN 18:42-18:43 (29/04/2026) ===
RESERVA                   TELÉFONO             ESTADO       RESPUESTA                 REVIEW
-----------------------------------------------------------------------------------------------
25/4_17:40_csi            34%C2%A0675%C2%A077%C2%A080%C2%A073%E2%80%AC ENVIADO      recordatorio FALLIDO (chat_input_not_found) -
26/4_13:10_csi            34681874418          ENVIADO      recordatorio FALLIDO (chat_input_not_found) -

[2026-04-29 18:43:15] POSITIVO | Fotos nuevas: 0 | Envios OK: 0 | Envios FAIL: 0 | Reviews negativas: 0 | Fotos borradas: 0

=== SESIÓN 18:57-18:58 (29/04/2026) ===
RESERVA                   TELÉFONO             ESTADO       RESPUESTA                 REVIEW
-----------------------------------------------------------------------------------------------
25/4_17:40_csi            34%C2%A0675%C2%A077%C2%A080%C2%A073%E2%80%AC ENVIADO      recordatorio FALLIDO (chat_input_not_found) -
26/4_13:10_csi            34681874418          ENVIADO      recordatorio FALLIDO (chat_input_not_found) -

[2026-04-29 18:58:12] POSITIVO | Fotos nuevas: 0 | Envios OK: 0 | Envios FAIL: 0 | Reviews negativas: 0 | Fotos borradas: 0

=== SESIÓN 19:12-19:13 (29/04/2026) ===
RESERVA                   TELÉFONO             ESTADO       RESPUESTA                 REVIEW
-----------------------------------------------------------------------------------------------
25/4_17:40_csi            34%C2%A0675%C2%A077%C2%A080%C2%A073%E2%80%AC ENVIADO      recordatorio FALLIDO (chat_input_not_found) -
26/4_13:10_csi            34681874418          ENVIADO      recordatorio FALLIDO (chat_input_not_found) -

[2026-04-29 19:13:11] POSITIVO | Fotos nuevas: 0 | Envios OK: 0 | Envios FAIL: 0 | Reviews negativas: 0 | Fotos borradas: 0

=== SESIÓN 19:27-19:28 (29/04/2026) ===
RESERVA                   TELÉFONO             ESTADO       RESPUESTA                 REVIEW
-----------------------------------------------------------------------------------------------
25/4_17:40_csi            34%C2%A0675%C2%A077%C2%A080%C2%A073%E2%80%AC ENVIADO      recordatorio FALLIDO (chat_input_not_found) -
26/4_13:10_csi            34681874418          ENVIADO      recordatorio FALLIDO (chat_input_not_found) -

[2026-04-29 19:28:13] POSITIVO | Fotos nuevas: 0 | Envios OK: 0 | Envios FAIL: 0 | Reviews negativas: 0 | Fotos borradas: 0

=== SESIÓN 19:42-19:42 (29/04/2026) ===
RESERVA                   TELÉFONO             ESTADO       RESPUESTA                 REVIEW
-----------------------------------------------------------------------------------------------
26/4_13:10_csi            34681874418          ENVIADO      recordatorio FALLIDO (chat_input_not_found) -

[2026-04-29 19:42:48] POSITIVO | Fotos nuevas: 0 | Envios OK: 0 | Envios FAIL: 0 | Reviews negativas: 0 | Fotos borradas: 0

=== SESIÓN 19:57-19:57 (29/04/2026) ===
RESERVA                   TELÉFONO             ESTADO       RESPUESTA                 REVIEW
-----------------------------------------------------------------------------------------------
26/4_13:10_csi            34681874418          ENVIADO      recordatorio FALLIDO (chat_input_not_found) -

[2026-04-29 19:57:46] POSITIVO | Fotos nuevas: 0 | Envios OK: 0 | Envios FAIL: 0 | Reviews negativas: 0 | Fotos borradas: 0

=== SESIÓN 20:12-20:12 (29/04/2026) ===
RESERVA                   TELÉFONO             ESTADO       RESPUESTA                 REVIEW
-----------------------------------------------------------------------------------------------
26/4_13:10_csi            34681874418          ENVIADO      recordatorio FALLIDO (chat_input_not_found) -

[2026-04-29 20:12:55] POSITIVO | Fotos nuevas: 0 | Envios OK: 0 | Envios FAIL: 0 | Reviews negativas: 0 | Fotos borradas: 0

=== SESIÓN 20:27-20:27 (29/04/2026) ===
RESERVA                   TELÉFONO             ESTADO       RESPUESTA                 REVIEW
-----------------------------------------------------------------------------------------------
26/4_13:10_csi            34681874418          ENVIADO      recordatorio FALLIDO (chat_input_not_found) -

[2026-04-29 20:27:48] POSITIVO | Fotos nuevas: 0 | Envios OK: 0 | Envios FAIL: 0 | Reviews negativas: 0 | Fotos borradas: 0

=== SESIÓN 20:42-20:42 (29/04/2026) ===
RESERVA                   TELÉFONO             ESTADO       RESPUESTA                 REVIEW
-----------------------------------------------------------------------------------------------
26/4_13:10_csi            34681874418          ENVIADO      recordatorio FALLIDO (chat_input_not_found) -

[2026-04-29 20:42:51] POSITIVO | Fotos nuevas: 0 | Envios OK: 0 | Envios FAIL: 0 | Reviews negativas: 0 | Fotos borradas: 0

=== SESIÓN 20:57-20:57 (29/04/2026) ===
RESERVA                   TELÉFONO             ESTADO       RESPUESTA                 REVIEW
-----------------------------------------------------------------------------------------------
26/4_13:10_csi            34681874418          ENVIADO      recordatorio FALLIDO (chat_input_not_found) -

[2026-04-29 20:57:49] POSITIVO | Fotos nuevas: 0 | Envios OK: 0 | Envios FAIL: 0 | Reviews negativas: 0 | Fotos borradas: 0

=== SESIÓN 21:12-21:12 (29/04/2026) ===
RESERVA                   TELÉFONO             ESTADO       RESPUESTA                 REVIEW
-----------------------------------------------------------------------------------------------
26/4_13:10_csi            34681874418          ENVIADO      recordatorio FALLIDO (chat_input_not_found) -

[2026-04-29 21:12:56] POSITIVO | Fotos nuevas: 0 | Envios OK: 0 | Envios FAIL: 0 | Reviews negativas: 0 | Fotos borradas: 0

=== SESIÓN 21:27-21:27 (29/04/2026) ===
RESERVA                   TELÉFONO             ESTADO       RESPUESTA                 REVIEW
-----------------------------------------------------------------------------------------------
26/4_13:10_csi            34681874418          ENVIADO      recordatorio FALLIDO (chat_input_not_found) -

[2026-04-29 21:27:45] POSITIVO | Fotos nuevas: 0 | Envios OK: 0 | Envios FAIL: 0 | Reviews negativas: 0 | Fotos borradas: 0

=== SESIÓN 21:42-21:42 (29/04/2026) ===
RESERVA                   TELÉFONO             ESTADO       RESPUESTA                 REVIEW
-----------------------------------------------------------------------------------------------
26/4_13:10_csi            34681874418          ENVIADO      recordatorio FALLIDO (chat_input_not_found) -

[2026-04-29 21:42:50] POSITIVO | Fotos nuevas: 0 | Envios OK: 0 | Envios FAIL: 0 | Reviews negativas: 0 | Fotos borradas: 0

=== SESIÓN 21:57-21:57 (29/04/2026) ===
RESERVA                   TELÉFONO             ESTADO       RESPUESTA                 REVIEW
-----------------------------------------------------------------------------------------------
26/4_13:10_csi            34681874418          ENVIADO      recordatorio FALLIDO (chat_input_not_found) -

[2026-04-29 21:57:48] POSITIVO | Fotos nuevas: 0 | Envios OK: 0 | Envios FAIL: 0 | Reviews negativas: 0 | Fotos borradas: 0

=== SESIÓN 22:12-22:12 (29/04/2026) ===
RESERVA                   TELÉFONO             ESTADO       RESPUESTA                 REVIEW
-----------------------------------------------------------------------------------------------
26/4_13:10_csi            34681874418          ENVIADO      recordatorio FALLIDO (chat_input_not_found) -

[2026-04-29 22:12:50] POSITIVO | Fotos nuevas: 0 | Envios OK: 0 | Envios FAIL: 0 | Reviews negativas: 0 | Fotos borradas: 0

=== SESIÓN 22:27-22:27 (29/04/2026) ===
RESERVA                   TELÉFONO             ESTADO       RESPUESTA                 REVIEW
-----------------------------------------------------------------------------------------------
26/4_13:10_csi            34681874418          ENVIADO      recordatorio FALLIDO (chat_input_not_found) -

[2026-04-29 22:27:48] POSITIVO | Fotos nuevas: 0 | Envios OK: 0 | Envios FAIL: 0 | Reviews negativas: 0 | Fotos borradas: 0

=== SESIÓN 22:42-22:42 (29/04/2026) ===
RESERVA                   TELÉFONO             ESTADO       RESPUESTA                 REVIEW
-----------------------------------------------------------------------------------------------
26/4_13:10_csi            34681874418          ENVIADO      recordatorio FALLIDO (chat_input_not_found) -

[2026-04-29 22:42:45] POSITIVO | Fotos nuevas: 0 | Envios OK: 0 | Envios FAIL: 0 | Reviews negativas: 0 | Fotos borradas: 0

=== SESIÓN 22:57-22:57 (29/04/2026) ===
RESERVA                   TELÉFONO             ESTADO       RESPUESTA                 REVIEW
-----------------------------------------------------------------------------------------------
26/4_13:10_csi            34681874418          ENVIADO      recordatorio FALLIDO (chat_input_not_found) -

[2026-04-29 22:57:45] POSITIVO | Fotos nuevas: 0 | Envios OK: 0 | Envios FAIL: 0 | Reviews negativas: 0 | Fotos borradas: 0

=== SESIÓN 23:12-23:12 (29/04/2026) ===
RESERVA                   TELÉFONO             ESTADO       RESPUESTA                 REVIEW
-----------------------------------------------------------------------------------------------
26/4_13:10_csi            34681874418          ENVIADO      recordatorio FALLIDO (chat_input_not_found) -

[2026-04-29 23:12:42] POSITIVO | Fotos nuevas: 0 | Envios OK: 0 | Envios FAIL: 0 | Reviews negativas: 0 | Fotos borradas: 0
